2026-05-23 17:04:37 | INFO     | [DB] SQLite 初始化完成: data/MS4wLjABAAAA2FYVN1jBWaTVasx7wXcsK0rCPfSYixt5-J1pUegQIbA/sqlite.db
2026-05-23 17:04:37 | INFO     | [采集] 开始 用户=MS4wLjABAAAA2FYVN1jBWaTVasx7wXcsK0rCPfSYixt5-J1pUegQIbA 类型=作品
2026-05-23 17:04:39 | INFO     | [Cookie] ✓ 验证通过，登录用户: 万年
2026-05-23 17:04:41 | DEBUG    | [采集] API 响应：aweme_list=18, has_more=1, max_cursor=1774778280000
2026-05-23 17:04:47 | INFO     | [DB] SQLite 初始化完成: data/MS4wLjABAAAAWKIRK91nF8hLjuza0KVRL50-lcfNlEPHocsF9hNYzCUag7n4BgIHQaERsfq_NiHR/sqlite.db
2026-05-23 17:04:47 | INFO     | [采集] 开始 用户=MS4wLjABAAAAWKIRK91nF8hLjuza0KVRL50-lcfNlEPHocsF9hNYzCUag7n4BgIHQaERsfq_NiHR 类型=作品
2026-05-23 17:04:48 | INFO     | [Cookie] ✓ 验证通过，登录用户: 万年
2026-05-23 17:04:50 | DEBUG    | [采集] API 响应：aweme_list=18, has_more=1, max_cursor=1767717648000
2026-05-23 17:04:51 | INFO     | [采集] 开始 用户=MS4wLjABAAAA2FYVN1jBWaTVasx7wXcsK0rCPfSYixt5-J1pUegQIbA 类型=评论 视频=10
2026-05-23 17:04:52 | INFO     | [Cookie] ✓ 验证通过，登录用户: 万年
2026-05-23 17:05:05 | INFO     | [采集] 视频 7632818045987846010 采集评论 156 条，新增 0 条
2026-05-23 17:05:16 | INFO     | [采集] 视频 7635406935080662267 采集评论 110 条，新增 0 条
2026-05-23 17:05:23 | INFO     | [采集] 视频 7635743059422300913 采集评论 72 条，新增 0 条
2026-05-23 17:06:02 | INFO     | [采集] 视频 7636323966186272101 采集评论 443 条，新增 0 条
2026-05-23 17:06:08 | INFO     | [采集] 视频 7636715300976772729 采集评论 56 条，新增 0 条
2026-05-23 17:06:21 | INFO     | [采集] 视频 7637077144828541361 采集评论 158 条，新增 0 条
2026-05-23 17:07:42 | INFO     | [存储] CSV 写入 1 条 → data/MS4wLjABAAAA2FYVN1jBWaTVasx7wXcsK0rCPfSYixt5-J1pUegQIbA/2026-05/7637442764778948081/comments.csv
2026-05-23 17:07:42 | INFO     | [存储] DB 写入 1 条 → comments
2026-05-23 17:07:42 | INFO     | [采集] 视频 7637442764778948081 采集评论 896 条，新增 1 条
2026-05-23 17:07:51 | INFO     | [存储] CSV 写入 2 条 → data/MS4wLjABAAAA2FYVN1jBWaTVasx7wXcsK0rCPfSYixt5-J1pUegQIbA/2026-05/7641576232551625701/comments.csv
2026-05-23 17:07:51 | INFO     | [存储] DB 写入 2 条 → comments
2026-05-23 17:07:51 | INFO     | [采集] 视频 7641576232551625701 采集评论 98 条，新增 2 条
2026-05-23 17:07:58 | INFO     | [采集] 视频 7641590546306024549 采集评论 75 条，新增 0 条
2026-05-23 17:08:04 | INFO     | [采集] 视频 7641715202468060145 采集评论 57 条，新增 0 条
2026-05-23 17:08:05 | INFO     | [采集] 开始 用户=MS4wLjABAAAAWKIRK91nF8hLjuza0KVRL50-lcfNlEPHocsF9hNYzCUag7n4BgIHQaERsfq_NiHR 类型=评论 视频=10
2026-05-23 17:08:07 | INFO     | [Cookie] ✓ 验证通过，登录用户: 万年
2026-05-23 17:08:15 | INFO     | [采集] 视频 7611080635616436453 采集评论 73 条，新增 0 条
2026-05-23 17:08:16 | INFO     | [采集] 视频 7612352146415930105 采集评论 12 条，新增 0 条
2026-05-23 17:08:19 | INFO     | [采集] 视频 7612620171912133114 采集评论 26 条，新增 0 条
2026-05-23 17:08:23 | INFO     | [采集] 视频 7622146667216092657 采集评论 25 条，新增 0 条
2026-05-23 17:08:29 | INFO     | [采集] 视频 7626667414588525541 采集评论 42 条，新增 0 条
2026-05-23 17:08:36 | INFO     | [存储] CSV 写入 1 条 → data/MS4wLjABAAAAWKIRK91nF8hLjuza0KVRL50-lcfNlEPHocsF9hNYzCUag7n4BgIHQaERsfq_NiHR/2026-05/7634610238670478449/comments.csv
2026-05-23 17:08:36 | INFO     | [存储] DB 写入 1 条 → comments
2026-05-23 17:08:36 | INFO     | [采集] 视频 7634610238670478449 采集评论 58 条，新增 1 条
2026-05-23 17:08:39 | INFO     | [存储] CSV 写入 1 条 → data/MS4wLjABAAAAWKIRK91nF8hLjuza0KVRL50-lcfNlEPHocsF9hNYzCUag7n4BgIHQaERsfq_NiHR/2026-05/7635491815739632113/comments.csv
2026-05-23 17:08:39 | INFO     | [存储] DB 写入 1 条 → comments
2026-05-23 17:08:39 | INFO     | [采集] 视频 7635491815739632113 采集评论 32 条，新增 1 条
2026-05-23 17:08:53 | INFO     | [采集] 视频 7636438485390804069 采集评论 145 条，新增 0 条
2026-05-23 17:08:55 | INFO     | [采集] 视频 7641891220142813434 采集评论 16 条，新增 0 条
2026-05-23 17:08:58 | INFO     | [存储] CSV 写入 2 条 → data/MS4wLjABAAAAWKIRK91nF8hLjuza0KVRL50-lcfNlEPHocsF9hNYzCUag7n4BgIHQaERsfq_NiHR/2026-05/7642426607324280805/comments.csv
2026-05-23 17:08:58 | INFO     | [存储] DB 写入 2 条 → comments
2026-05-23 17:08:58 | INFO     | [采集] 视频 7642426607324280805 采集评论 35 条，新增 2 条
2026-05-23 17:08:59 | INFO     | [采集] 开始 用户=MS4wLjABAAAA2FYVN1jBWaTVasx7wXcsK0rCPfSYixt5-J1pUegQIbA 类型=回复 评论=93 视频=10
2026-05-23 17:09:00 | INFO     | [Cookie] ✓ 验证通过，登录用户: 万年
2026-05-23 17:09:12 | INFO     | [采集] 视频 7632818045987846010 采集回复 35 条，新增 0 条
2026-05-23 17:09:23 | INFO     | [采集] 视频 7635406935080662267 采集回复 12 条，新增 0 条
2026-05-23 17:09:27 | INFO     | [采集] 视频 7635743059422300913 采集回复 5 条，新增 0 条
2026-05-23 17:09:58 | INFO     | [采集] 视频 7636323966186272101 采集回复 52 条，新增 0 条
2026-05-23 17:10:06 | INFO     | [采集] 视频 7636715300976772729 采集回复 24 条，新增 0 条
2026-05-23 17:10:15 | INFO     | [采集] 视频 7637077144828541361 采集回复 23 条，新增 0 条
2026-05-23 17:11:06 | INFO     | [采集] 视频 7637442764778948081 采集回复 75 条，新增 0 条
2026-05-23 17:11:17 | INFO     | [采集] 视频 7641576232551625701 采集回复 17 条，新增 0 条
2026-05-23 17:11:23 | INFO     | [采集] 视频 7641590546306024549 采集回复 18 条，新增 0 条
2026-05-23 17:11:34 | INFO     | [存储] CSV 写入 1 条 → data/MS4wLjABAAAA2FYVN1jBWaTVasx7wXcsK0rCPfSYixt5-J1pUegQIbA/2026-05/7641715202468060145/replies.csv
2026-05-23 17:11:34 | INFO     | [存储] DB 写入 1 条 → replies
2026-05-23 17:11:34 | INFO     | [采集] 视频 7641715202468060145 采集回复 31 条，新增 1 条
2026-05-23 17:11:36 | INFO     | [采集] 开始 用户=MS4wLjABAAAAWKIRK91nF8hLjuza0KVRL50-lcfNlEPHocsF9hNYzCUag7n4BgIHQaERsfq_NiHR 类型=回复 评论=22 视频=8
2026-05-23 17:11:37 | INFO     | [Cookie] ✓ 验证通过，登录用户: 万年
2026-05-23 17:11:43 | INFO     | [采集] 视频 7611080635616436453 采集回复 15 条，新增 0 条
2026-05-23 17:11:46 | INFO     | [采集] 视频 7612352146415930105 采集回复 3 条，新增 0 条
2026-05-23 17:11:51 | INFO     | [采集] 视频 7612620171912133114 采集回复 6 条，新增 0 条
2026-05-23 17:11:56 | INFO     | [采集] 视频 7626667414588525541 采集回复 6 条，新增 0 条
2026-05-23 17:11:58 | INFO     | [采集] 视频 7634610238670478449 采集回复 1 条，新增 0 条
2026-05-23 17:12:02 | INFO     | [采集] 视频 7635491815739632113 采集回复 3 条，新增 0 条
2026-05-23 17:12:14 | INFO     | [采集] 视频 7636438485390804069 采集回复 19 条，新增 0 条
2026-05-23 17:12:16 | INFO     | [采集] 视频 7642426607324280805 采集回复 2 条，新增 0 条
2026-05-23 17:12:18 | INFO     | [DB] SQLite 连接已关闭: data/MS4wLjABAAAA2FYVN1jBWaTVasx7wXcsK0rCPfSYixt5-J1pUegQIbA/sqlite.db
2026-05-23 17:12:18 | INFO     | [DB] SQLite 连接已关闭: data/MS4wLjABAAAAWKIRK91nF8hLjuza0KVRL50-lcfNlEPHocsF9hNYzCUag7n4BgIHQaERsfq_NiHR/sqlite.db
2026-05-23 17:12:18 | INFO     | [DB] SQLite 连接已关闭: data/MS4wLjABAAAA2FYVN1jBWaTVasx7wXcsK0rCPfSYixt5-J1pUegQIbA/sqlite.db
2026-05-23 17:12:18 | INFO     | [DB] SQLite 连接已关闭: data/MS4wLjABAAAAWKIRK91nF8hLjuza0KVRL50-lcfNlEPHocsF9hNYzCUag7n4BgIHQaERsfq_NiHR/sqlite.db
2026-05-23 17:12:18 | INFO     | [清理] 资源释放完成
