2026-05-16 17:02:18 | INFO     | [DB] SQLite 初始化完成: data/MS4wLjABAAAA2FYVN1jBWaTVasx7wXcsK0rCPfSYixt5-J1pUegQIbA/sqlite.db
2026-05-16 17:02:18 | INFO     | [采集] 开始 用户=MS4wLjABAAAA2FYVN1jBWaTVasx7wXcsK0rCPfSYixt5-J1pUegQIbA 类型=作品
2026-05-16 17:02:20 | INFO     | [Cookie] ✓ 验证通过，登录用户: 万年
2026-05-16 17:02:22 | DEBUG    | [采集] API 响应：aweme_list=18, has_more=1, max_cursor=1773055968000
2026-05-16 17:02:28 | INFO     | [DB] SQLite 初始化完成: data/MS4wLjABAAAAWKIRK91nF8hLjuza0KVRL50-lcfNlEPHocsF9hNYzCUag7n4BgIHQaERsfq_NiHR/sqlite.db
2026-05-16 17:02:28 | INFO     | [采集] 开始 用户=MS4wLjABAAAAWKIRK91nF8hLjuza0KVRL50-lcfNlEPHocsF9hNYzCUag7n4BgIHQaERsfq_NiHR 类型=作品
2026-05-16 17:02:30 | INFO     | [Cookie] ✓ 验证通过，登录用户: 万年
2026-05-16 17:02:31 | DEBUG    | [采集] API 响应：aweme_list=18, has_more=1, max_cursor=1766749449000
2026-05-16 17:02:32 | INFO     | [采集] 开始 用户=MS4wLjABAAAA2FYVN1jBWaTVasx7wXcsK0rCPfSYixt5-J1pUegQIbA 类型=评论 视频=10
2026-05-16 17:02:33 | INFO     | [Cookie] ✓ 验证通过，登录用户: 万年
2026-05-16 17:02:48 | INFO     | [采集] 视频 7629651594590023163 采集评论 183 条，新增 0 条
2026-05-16 17:02:53 | INFO     | [采集] 视频 7631634541144461489 采集评论 52 条，新增 0 条
2026-05-16 17:02:58 | INFO     | [采集] 视频 7632013241091009201 采集评论 38 条，新增 0 条
2026-05-16 17:03:10 | INFO     | [采集] 视频 7632818045987846010 采集评论 157 条，新增 0 条
2026-05-16 17:03:20 | INFO     | [采集] 视频 7635406935080662267 采集评论 112 条，新增 0 条
2026-05-16 17:03:26 | INFO     | [采集] 视频 7635743059422300913 采集评论 72 条，新增 0 条
2026-05-16 17:04:04 | INFO     | [存储] CSV 写入 3 条 → data/MS4wLjABAAAA2FYVN1jBWaTVasx7wXcsK0rCPfSYixt5-J1pUegQIbA/2026-05/7636323966186272101/comments.csv
2026-05-16 17:04:04 | INFO     | [存储] DB 写入 3 条 → comments
2026-05-16 17:04:04 | INFO     | [采集] 视频 7636323966186272101 采集评论 432 条，新增 3 条
2026-05-16 17:04:09 | INFO     | [采集] 视频 7636715300976772729 采集评论 56 条，新增 0 条
2026-05-16 17:04:23 | INFO     | [采集] 视频 7637077144828541361 采集评论 156 条，新增 0 条
2026-05-16 17:05:38 | INFO     | [存储] CSV 写入 5 条 → data/MS4wLjABAAAA2FYVN1jBWaTVasx7wXcsK0rCPfSYixt5-J1pUegQIbA/2026-05/7637442764778948081/comments.csv
2026-05-16 17:05:38 | INFO     | [存储] DB 写入 5 条 → comments
2026-05-16 17:05:38 | INFO     | [采集] 视频 7637442764778948081 采集评论 885 条，新增 5 条
2026-05-16 17:05:39 | INFO     | [采集] 开始 用户=MS4wLjABAAAAWKIRK91nF8hLjuza0KVRL50-lcfNlEPHocsF9hNYzCUag7n4BgIHQaERsfq_NiHR 类型=评论 视频=10
2026-05-16 17:05:41 | INFO     | [Cookie] ✓ 验证通过，登录用户: 万年
2026-05-16 17:05:45 | INFO     | [采集] 视频 7607789805016011505 采集评论 64 条，新增 0 条
2026-05-16 17:05:48 | INFO     | [采集] 视频 7607867103055971003 采集评论 20 条，新增 0 条
2026-05-16 17:05:54 | INFO     | [采集] 视频 7611080635616436453 采集评论 72 条，新增 0 条
2026-05-16 17:05:55 | INFO     | [采集] 视频 7612352146415930105 采集评论 12 条，新增 0 条
2026-05-16 17:05:58 | INFO     | [采集] 视频 7612620171912133114 采集评论 26 条，新增 0 条
2026-05-16 17:06:01 | INFO     | [采集] 视频 7622146667216092657 采集评论 25 条，新增 0 条
2026-05-16 17:06:06 | INFO     | [采集] 视频 7626667414588525541 采集评论 42 条，新增 0 条
2026-05-16 17:06:13 | INFO     | [采集] 视频 7634610238670478449 采集评论 57 条，新增 0 条
2026-05-16 17:06:16 | INFO     | [采集] 视频 7635491815739632113 采集评论 31 条，新增 0 条
2026-05-16 17:06:29 | INFO     | [存储] CSV 写入 2 条 → data/MS4wLjABAAAAWKIRK91nF8hLjuza0KVRL50-lcfNlEPHocsF9hNYzCUag7n4BgIHQaERsfq_NiHR/2026-05/7636438485390804069/comments.csv
2026-05-16 17:06:29 | INFO     | [存储] DB 写入 2 条 → comments
2026-05-16 17:06:29 | INFO     | [采集] 视频 7636438485390804069 采集评论 142 条，新增 2 条
2026-05-16 17:06:30 | INFO     | [采集] 开始 用户=MS4wLjABAAAA2FYVN1jBWaTVasx7wXcsK0rCPfSYixt5-J1pUegQIbA 类型=回复 评论=95 视频=10
2026-05-16 17:06:31 | INFO     | [Cookie] ✓ 验证通过，登录用户: 万年
2026-05-16 17:06:47 | INFO     | [采集] 视频 7629651594590023163 采集回复 35 条，新增 0 条
2026-05-16 17:06:55 | INFO     | [采集] 视频 7631634541144461489 采集回复 17 条，新增 0 条
2026-05-16 17:07:01 | INFO     | [采集] 视频 7632013241091009201 采集回复 9 条，新增 0 条
2026-05-16 17:07:12 | INFO     | [采集] 视频 7632818045987846010 采集回复 35 条，新增 0 条
2026-05-16 17:07:24 | INFO     | [采集] 视频 7635406935080662267 采集回复 12 条，新增 0 条
2026-05-16 17:07:30 | INFO     | [采集] 视频 7635743059422300913 采集回复 5 条，新增 0 条
2026-05-16 17:08:01 | INFO     | [采集] 视频 7636323966186272101 采集回复 52 条，新增 0 条
2026-05-16 17:08:08 | INFO     | [采集] 视频 7636715300976772729 采集回复 24 条，新增 0 条
2026-05-16 17:08:17 | INFO     | [采集] 视频 7637077144828541361 采集回复 23 条，新增 0 条
2026-05-16 17:09:03 | INFO     | [采集] 视频 7637442764778948081 采集回复 75 条，新增 0 条
2026-05-16 17:09:04 | INFO     | [采集] 开始 用户=MS4wLjABAAAAWKIRK91nF8hLjuza0KVRL50-lcfNlEPHocsF9hNYzCUag7n4BgIHQaERsfq_NiHR 类型=回复 评论=30 视频=9
2026-05-16 17:09:06 | INFO     | [Cookie] ✓ 验证通过，登录用户: 万年
2026-05-16 17:09:13 | INFO     | [采集] 视频 7607789805016011505 采集回复 14 条，新增 0 条
2026-05-16 17:09:20 | INFO     | [采集] 视频 7607867103055971003 采集回复 10 条，新增 0 条
2026-05-16 17:09:27 | INFO     | [采集] 视频 7611080635616436453 采集回复 15 条，新增 0 条
2026-05-16 17:09:29 | INFO     | [采集] 视频 7612352146415930105 采集回复 3 条，新增 0 条
2026-05-16 17:09:34 | INFO     | [采集] 视频 7612620171912133114 采集回复 6 条，新增 0 条
2026-05-16 17:09:39 | INFO     | [采集] 视频 7626667414588525541 采集回复 6 条，新增 0 条
2026-05-16 17:09:42 | INFO     | [采集] 视频 7634610238670478449 采集回复 1 条，新增 0 条
2026-05-16 17:09:46 | INFO     | [采集] 视频 7635491815739632113 采集回复 3 条，新增 0 条
2026-05-16 17:09:57 | INFO     | [采集] 视频 7636438485390804069 采集回复 19 条，新增 0 条
2026-05-16 17:09:58 | INFO     | [DB] SQLite 连接已关闭: data/MS4wLjABAAAA2FYVN1jBWaTVasx7wXcsK0rCPfSYixt5-J1pUegQIbA/sqlite.db
2026-05-16 17:09:58 | INFO     | [DB] SQLite 连接已关闭: data/MS4wLjABAAAAWKIRK91nF8hLjuza0KVRL50-lcfNlEPHocsF9hNYzCUag7n4BgIHQaERsfq_NiHR/sqlite.db
2026-05-16 17:09:58 | INFO     | [DB] SQLite 连接已关闭: data/MS4wLjABAAAA2FYVN1jBWaTVasx7wXcsK0rCPfSYixt5-J1pUegQIbA/sqlite.db
2026-05-16 17:09:58 | INFO     | [DB] SQLite 连接已关闭: data/MS4wLjABAAAAWKIRK91nF8hLjuza0KVRL50-lcfNlEPHocsF9hNYzCUag7n4BgIHQaERsfq_NiHR/sqlite.db
2026-05-16 17:09:58 | INFO     | [清理] 资源释放完成
