2026-05-17 17:00:58 | INFO     | [DB] SQLite 初始化完成: data/MS4wLjABAAAA2FYVN1jBWaTVasx7wXcsK0rCPfSYixt5-J1pUegQIbA/sqlite.db
2026-05-17 17:00:58 | INFO     | [采集] 开始 用户=MS4wLjABAAAA2FYVN1jBWaTVasx7wXcsK0rCPfSYixt5-J1pUegQIbA 类型=作品
2026-05-17 17:01:00 | INFO     | [Cookie] ✓ 验证通过，登录用户: 万年
2026-05-17 17:01:02 | DEBUG    | [采集] API 响应：aweme_list=18, has_more=1, max_cursor=1773055968000
2026-05-17 17:01:08 | INFO     | [DB] SQLite 初始化完成: data/MS4wLjABAAAAWKIRK91nF8hLjuza0KVRL50-lcfNlEPHocsF9hNYzCUag7n4BgIHQaERsfq_NiHR/sqlite.db
2026-05-17 17:01:08 | INFO     | [采集] 开始 用户=MS4wLjABAAAAWKIRK91nF8hLjuza0KVRL50-lcfNlEPHocsF9hNYzCUag7n4BgIHQaERsfq_NiHR 类型=作品
2026-05-17 17:01:09 | INFO     | [Cookie] ✓ 验证通过，登录用户: 万年
2026-05-17 17:01:10 | DEBUG    | [采集] API 响应：aweme_list=18, has_more=1, max_cursor=1766749449000
2026-05-17 17:01:11 | INFO     | [采集] 开始 用户=MS4wLjABAAAA2FYVN1jBWaTVasx7wXcsK0rCPfSYixt5-J1pUegQIbA 类型=评论 视频=10
2026-05-17 17:01:12 | INFO     | [Cookie] ✓ 验证通过，登录用户: 万年
2026-05-17 17:01:28 | INFO     | [采集] 视频 7629651594590023163 采集评论 183 条，新增 0 条
2026-05-17 17:01:33 | INFO     | [采集] 视频 7631634541144461489 采集评论 52 条，新增 0 条
2026-05-17 17:01:37 | INFO     | [采集] 视频 7632013241091009201 采集评论 38 条，新增 0 条
2026-05-17 17:01:50 | INFO     | [采集] 视频 7632818045987846010 采集评论 157 条，新增 0 条
2026-05-17 17:02:01 | INFO     | [采集] 视频 7635406935080662267 采集评论 112 条，新增 0 条
2026-05-17 17:02:06 | INFO     | [采集] 视频 7635743059422300913 采集评论 72 条，新增 0 条
2026-05-17 17:02:43 | INFO     | [存储] CSV 写入 3 条 → data/MS4wLjABAAAA2FYVN1jBWaTVasx7wXcsK0rCPfSYixt5-J1pUegQIbA/2026-05/7636323966186272101/comments.csv
2026-05-17 17:02:43 | INFO     | [存储] DB 写入 3 条 → comments
2026-05-17 17:02:43 | INFO     | [采集] 视频 7636323966186272101 采集评论 435 条，新增 3 条
2026-05-17 17:02:49 | INFO     | [采集] 视频 7636715300976772729 采集评论 56 条，新增 0 条
2026-05-17 17:03:03 | INFO     | [采集] 视频 7637077144828541361 采集评论 156 条，新增 0 条
2026-05-17 17:04:16 | INFO     | [存储] CSV 写入 5 条 → data/MS4wLjABAAAA2FYVN1jBWaTVasx7wXcsK0rCPfSYixt5-J1pUegQIbA/2026-05/7637442764778948081/comments.csv
2026-05-17 17:04:16 | INFO     | [存储] DB 写入 5 条 → comments
2026-05-17 17:04:16 | INFO     | [采集] 视频 7637442764778948081 采集评论 892 条，新增 5 条
2026-05-17 17:04:17 | INFO     | [采集] 开始 用户=MS4wLjABAAAAWKIRK91nF8hLjuza0KVRL50-lcfNlEPHocsF9hNYzCUag7n4BgIHQaERsfq_NiHR 类型=评论 视频=10
2026-05-17 17:04:18 | INFO     | [Cookie] ✓ 验证通过，登录用户: 万年
2026-05-17 17:04:23 | INFO     | [采集] 视频 7607789805016011505 采集评论 64 条，新增 0 条
2026-05-17 17:04:26 | INFO     | [采集] 视频 7607867103055971003 采集评论 20 条，新增 0 条
2026-05-17 17:04:32 | INFO     | [采集] 视频 7611080635616436453 采集评论 72 条，新增 0 条
2026-05-17 17:04:33 | INFO     | [采集] 视频 7612352146415930105 采集评论 12 条，新增 0 条
2026-05-17 17:04:36 | INFO     | [采集] 视频 7612620171912133114 采集评论 26 条，新增 0 条
2026-05-17 17:04:39 | INFO     | [采集] 视频 7622146667216092657 采集评论 25 条，新增 0 条
2026-05-17 17:04:44 | INFO     | [采集] 视频 7626667414588525541 采集评论 42 条，新增 0 条
2026-05-17 17:04:49 | INFO     | [采集] 视频 7634610238670478449 采集评论 57 条，新增 0 条
2026-05-17 17:04:53 | INFO     | [采集] 视频 7635491815739632113 采集评论 31 条，新增 0 条
2026-05-17 17:05:05 | INFO     | [存储] CSV 写入 1 条 → data/MS4wLjABAAAAWKIRK91nF8hLjuza0KVRL50-lcfNlEPHocsF9hNYzCUag7n4BgIHQaERsfq_NiHR/2026-05/7636438485390804069/comments.csv
2026-05-17 17:05:05 | INFO     | [存储] DB 写入 1 条 → comments
2026-05-17 17:05:05 | INFO     | [采集] 视频 7636438485390804069 采集评论 142 条，新增 1 条
2026-05-17 17:05:06 | INFO     | [采集] 开始 用户=MS4wLjABAAAA2FYVN1jBWaTVasx7wXcsK0rCPfSYixt5-J1pUegQIbA 类型=回复 评论=95 视频=10
2026-05-17 17:05:07 | INFO     | [Cookie] ✓ 验证通过，登录用户: 万年
2026-05-17 17:05:25 | INFO     | [采集] 视频 7629651594590023163 采集回复 35 条，新增 0 条
2026-05-17 17:05:33 | INFO     | [采集] 视频 7631634541144461489 采集回复 17 条，新增 0 条
2026-05-17 17:05:39 | INFO     | [采集] 视频 7632013241091009201 采集回复 9 条，新增 0 条
2026-05-17 17:05:49 | INFO     | [采集] 视频 7632818045987846010 采集回复 35 条，新增 0 条
2026-05-17 17:05:59 | INFO     | [采集] 视频 7635406935080662267 采集回复 12 条，新增 0 条
2026-05-17 17:06:02 | INFO     | [采集] 视频 7635743059422300913 采集回复 5 条，新增 0 条
2026-05-17 17:06:31 | INFO     | [采集] 视频 7636323966186272101 采集回复 52 条，新增 0 条
2026-05-17 17:06:38 | INFO     | [采集] 视频 7636715300976772729 采集回复 24 条，新增 0 条
2026-05-17 17:06:47 | INFO     | [采集] 视频 7637077144828541361 采集回复 23 条，新增 0 条
2026-05-17 17:07:31 | INFO     | [采集] 视频 7637442764778948081 采集回复 75 条，新增 0 条
2026-05-17 17:07:32 | INFO     | [采集] 开始 用户=MS4wLjABAAAAWKIRK91nF8hLjuza0KVRL50-lcfNlEPHocsF9hNYzCUag7n4BgIHQaERsfq_NiHR 类型=回复 评论=30 视频=9
2026-05-17 17:07:33 | INFO     | [Cookie] ✓ 验证通过，登录用户: 万年
2026-05-17 17:07:40 | INFO     | [采集] 视频 7607789805016011505 采集回复 14 条，新增 0 条
2026-05-17 17:07:47 | INFO     | [采集] 视频 7607867103055971003 采集回复 10 条，新增 0 条
2026-05-17 17:07:53 | INFO     | [采集] 视频 7611080635616436453 采集回复 15 条，新增 0 条
2026-05-17 17:07:55 | INFO     | [采集] 视频 7612352146415930105 采集回复 3 条，新增 0 条
2026-05-17 17:08:01 | INFO     | [采集] 视频 7612620171912133114 采集回复 6 条，新增 0 条
2026-05-17 17:08:05 | INFO     | [采集] 视频 7626667414588525541 采集回复 6 条，新增 0 条
2026-05-17 17:08:07 | INFO     | [采集] 视频 7634610238670478449 采集回复 1 条，新增 0 条
2026-05-17 17:08:12 | INFO     | [采集] 视频 7635491815739632113 采集回复 3 条，新增 0 条
2026-05-17 17:08:22 | INFO     | [采集] 视频 7636438485390804069 采集回复 19 条，新增 0 条
2026-05-17 17:08:23 | INFO     | [DB] SQLite 连接已关闭: data/MS4wLjABAAAA2FYVN1jBWaTVasx7wXcsK0rCPfSYixt5-J1pUegQIbA/sqlite.db
2026-05-17 17:08:23 | INFO     | [DB] SQLite 连接已关闭: data/MS4wLjABAAAAWKIRK91nF8hLjuza0KVRL50-lcfNlEPHocsF9hNYzCUag7n4BgIHQaERsfq_NiHR/sqlite.db
2026-05-17 17:08:23 | INFO     | [DB] SQLite 连接已关闭: data/MS4wLjABAAAA2FYVN1jBWaTVasx7wXcsK0rCPfSYixt5-J1pUegQIbA/sqlite.db
2026-05-17 17:08:23 | INFO     | [DB] SQLite 连接已关闭: data/MS4wLjABAAAAWKIRK91nF8hLjuza0KVRL50-lcfNlEPHocsF9hNYzCUag7n4BgIHQaERsfq_NiHR/sqlite.db
2026-05-17 17:08:23 | INFO     | [清理] 资源释放完成
