2026-05-04 17:44:33 | INFO     | [DB] SQLite 初始化完成: data/MS4wLjABAAAA2FYVN1jBWaTVasx7wXcsK0rCPfSYixt5-J1pUegQIbA/sqlite.db
2026-05-04 17:44:33 | INFO     | [采集] 开始 用户=MS4wLjABAAAA2FYVN1jBWaTVasx7wXcsK0rCPfSYixt5-J1pUegQIbA 类型=作品
2026-05-04 17:44:34 | INFO     | [Cookie] ✓ 验证通过，登录用户: 万年
2026-05-04 17:44:36 | DEBUG    | [采集] API 响应：aweme_list=18, has_more=1, max_cursor=1771323190000
2026-05-04 17:44:37 | INFO     | [存储] CSV 写入 1 条 → data/MS4wLjABAAAA2FYVN1jBWaTVasx7wXcsK0rCPfSYixt5-J1pUegQIbA/videos.csv
2026-05-04 17:44:37 | INFO     | [存储] DB 写入 1 条 → videos
2026-05-04 17:44:42 | INFO     | [DB] SQLite 初始化完成: data/MS4wLjABAAAAWKIRK91nF8hLjuza0KVRL50-lcfNlEPHocsF9hNYzCUag7n4BgIHQaERsfq_NiHR/sqlite.db
2026-05-04 17:44:42 | INFO     | [采集] 开始 用户=MS4wLjABAAAAWKIRK91nF8hLjuza0KVRL50-lcfNlEPHocsF9hNYzCUag7n4BgIHQaERsfq_NiHR 类型=作品
2026-05-04 17:44:44 | INFO     | [Cookie] ✓ 验证通过，登录用户: 万年
2026-05-04 17:44:45 | DEBUG    | [采集] API 响应：aweme_list=18, has_more=1, max_cursor=1766547622000
2026-05-04 17:44:47 | INFO     | [采集] 开始 用户=MS4wLjABAAAA2FYVN1jBWaTVasx7wXcsK0rCPfSYixt5-J1pUegQIbA 类型=评论 视频=10
2026-05-04 17:44:48 | INFO     | [Cookie] ✓ 验证通过，登录用户: 万年
2026-05-04 17:44:55 | INFO     | [采集] 视频 7623179719697457849 采集评论 83 条，新增 0 条
2026-05-04 17:45:01 | INFO     | [采集] 视频 7624581934820144074 采集评论 71 条，新增 0 条
2026-05-04 17:45:14 | INFO     | [采集] 视频 7626441345066862705 采集评论 143 条，新增 0 条
2026-05-04 17:45:22 | INFO     | [采集] 视频 7627558294349234875 采集评论 107 条，新增 0 条
2026-05-04 17:45:40 | INFO     | [存储] CSV 写入 2 条 → data/MS4wLjABAAAA2FYVN1jBWaTVasx7wXcsK0rCPfSYixt5-J1pUegQIbA/2026-04/7629651594590023163/comments.csv
2026-05-04 17:45:40 | INFO     | [存储] DB 写入 2 条 → comments
2026-05-04 17:45:40 | INFO     | [采集] 视频 7629651594590023163 采集评论 183 条，新增 2 条
2026-05-04 17:45:44 | INFO     | [存储] CSV 写入 1 条 → data/MS4wLjABAAAA2FYVN1jBWaTVasx7wXcsK0rCPfSYixt5-J1pUegQIbA/2026-04/7631634541144461489/comments.csv
2026-05-04 17:45:44 | INFO     | [存储] DB 写入 1 条 → comments
2026-05-04 17:45:44 | INFO     | [采集] 视频 7631634541144461489 采集评论 52 条，新增 1 条
2026-05-04 17:45:49 | INFO     | [采集] 视频 7632013241091009201 采集评论 38 条，新增 0 条
2026-05-04 17:46:04 | INFO     | [采集] 视频 7632818045987846010 采集评论 155 条，新增 0 条
2026-05-04 17:46:13 | INFO     | [存储] CSV 写入 7 条 → data/MS4wLjABAAAA2FYVN1jBWaTVasx7wXcsK0rCPfSYixt5-J1pUegQIbA/2026-05/7635406935080662267/comments.csv
2026-05-04 17:46:13 | INFO     | [存储] DB 写入 7 条 → comments
2026-05-04 17:46:13 | INFO     | [采集] 视频 7635406935080662267 采集评论 96 条，新增 7 条
2026-05-04 17:46:19 | INFO     | [存储] CSV 写入 65 条 → data/MS4wLjABAAAA2FYVN1jBWaTVasx7wXcsK0rCPfSYixt5-J1pUegQIbA/2026-05/7635743059422300913/comments.csv
2026-05-04 17:46:19 | INFO     | [存储] DB 写入 65 条 → comments
2026-05-04 17:46:19 | INFO     | [采集] 视频 7635743059422300913 采集评论 65 条，新增 65 条
2026-05-04 17:46:20 | INFO     | [采集] 开始 用户=MS4wLjABAAAAWKIRK91nF8hLjuza0KVRL50-lcfNlEPHocsF9hNYzCUag7n4BgIHQaERsfq_NiHR 类型=评论 视频=10
2026-05-04 17:46:22 | INFO     | [Cookie] ✓ 验证通过，登录用户: 万年
2026-05-04 17:46:24 | INFO     | [采集] 视频 7607127516424664827 采集评论 27 条，新增 0 条
2026-05-04 17:46:30 | INFO     | [采集] 视频 7607789805016011505 采集评论 64 条，新增 0 条
2026-05-04 17:46:34 | INFO     | [采集] 视频 7607867103055971003 采集评论 20 条，新增 0 条
2026-05-04 17:46:39 | INFO     | [采集] 视频 7611080635616436453 采集评论 71 条，新增 0 条
2026-05-04 17:46:41 | INFO     | [采集] 视频 7612352146415930105 采集评论 12 条，新增 0 条
2026-05-04 17:46:44 | INFO     | [采集] 视频 7612620171912133114 采集评论 24 条，新增 0 条
2026-05-04 17:46:47 | INFO     | [采集] 视频 7622146667216092657 采集评论 25 条，新增 0 条
2026-05-04 17:46:52 | INFO     | [采集] 视频 7626667414588525541 采集评论 42 条，新增 0 条
2026-05-04 17:46:56 | INFO     | [存储] CSV 写入 3 条 → data/MS4wLjABAAAAWKIRK91nF8hLjuza0KVRL50-lcfNlEPHocsF9hNYzCUag7n4BgIHQaERsfq_NiHR/2026-05/7634610238670478449/comments.csv
2026-05-04 17:46:57 | INFO     | [存储] DB 写入 3 条 → comments
2026-05-04 17:46:57 | INFO     | [采集] 视频 7634610238670478449 采集评论 54 条，新增 3 条
2026-05-04 17:47:00 | INFO     | [存储] CSV 写入 4 条 → data/MS4wLjABAAAAWKIRK91nF8hLjuza0KVRL50-lcfNlEPHocsF9hNYzCUag7n4BgIHQaERsfq_NiHR/2026-05/7635491815739632113/comments.csv
2026-05-04 17:47:00 | INFO     | [存储] DB 写入 4 条 → comments
2026-05-04 17:47:00 | INFO     | [采集] 视频 7635491815739632113 采集评论 30 条，新增 4 条
2026-05-04 17:47:02 | INFO     | [采集] 开始 用户=MS4wLjABAAAA2FYVN1jBWaTVasx7wXcsK0rCPfSYixt5-J1pUegQIbA 类型=回复 评论=86 视频=10
2026-05-04 17:47:03 | INFO     | [Cookie] ✓ 验证通过，登录用户: 万年
2026-05-04 17:47:27 | INFO     | [采集] 视频 7623179719697457849 采集回复 51 条，新增 0 条
2026-05-04 17:47:45 | INFO     | [采集] 视频 7624581934820144074 采集回复 21 条，新增 0 条
2026-05-04 17:47:59 | INFO     | [采集] 视频 7626441345066862705 采集回复 38 条，新增 0 条
2026-05-04 17:48:22 | INFO     | [采集] 视频 7627558294349234875 采集回复 49 条，新增 0 条
2026-05-04 17:48:41 | INFO     | [采集] 视频 7629651594590023163 采集回复 35 条，新增 0 条
2026-05-04 17:48:50 | INFO     | [采集] 视频 7631634541144461489 采集回复 17 条，新增 0 条
2026-05-04 17:48:56 | INFO     | [采集] 视频 7632013241091009201 采集回复 9 条，新增 0 条
2026-05-04 17:49:08 | INFO     | [存储] CSV 写入 1 条 → data/MS4wLjABAAAA2FYVN1jBWaTVasx7wXcsK0rCPfSYixt5-J1pUegQIbA/2026-04/7632818045987846010/replies.csv
2026-05-04 17:49:08 | INFO     | [存储] DB 写入 1 条 → replies
2026-05-04 17:49:08 | INFO     | [采集] 视频 7632818045987846010 采集回复 34 条，新增 1 条
2026-05-04 17:49:18 | INFO     | [存储] CSV 写入 3 条 → data/MS4wLjABAAAA2FYVN1jBWaTVasx7wXcsK0rCPfSYixt5-J1pUegQIbA/2026-05/7635406935080662267/replies.csv
2026-05-04 17:49:18 | INFO     | [存储] DB 写入 3 条 → replies
2026-05-04 17:49:18 | INFO     | [采集] 视频 7635406935080662267 采集回复 12 条，新增 3 条
2026-05-04 17:49:20 | INFO     | [存储] CSV 写入 2 条 → data/MS4wLjABAAAA2FYVN1jBWaTVasx7wXcsK0rCPfSYixt5-J1pUegQIbA/2026-05/7635743059422300913/replies.csv
2026-05-04 17:49:20 | INFO     | [存储] DB 写入 2 条 → replies
2026-05-04 17:49:20 | INFO     | [采集] 视频 7635743059422300913 采集回复 2 条，新增 2 条
2026-05-04 17:49:21 | INFO     | [采集] 开始 用户=MS4wLjABAAAAWKIRK91nF8hLjuza0KVRL50-lcfNlEPHocsF9hNYzCUag7n4BgIHQaERsfq_NiHR 类型=回复 评论=23 视频=8
2026-05-04 17:49:22 | INFO     | [Cookie] ✓ 验证通过，登录用户: 万年
2026-05-04 17:49:29 | INFO     | [采集] 视频 7607789805016011505 采集回复 14 条，新增 0 条
2026-05-04 17:49:37 | INFO     | [采集] 视频 7607867103055971003 采集回复 10 条，新增 0 条
2026-05-04 17:49:43 | INFO     | [采集] 视频 7611080635616436453 采集回复 15 条，新增 0 条
2026-05-04 17:49:46 | INFO     | [采集] 视频 7612352146415930105 采集回复 3 条，新增 0 条
2026-05-04 17:49:52 | INFO     | [采集] 视频 7612620171912133114 采集回复 6 条，新增 0 条
2026-05-04 17:49:57 | INFO     | [采集] 视频 7626667414588525541 采集回复 6 条，新增 0 条
2026-05-04 17:49:59 | INFO     | [采集] 视频 7634610238670478449 采集回复 1 条，新增 0 条
2026-05-04 17:50:03 | INFO     | [采集] 视频 7635491815739632113 采集回复 3 条，新增 0 条
2026-05-04 17:50:05 | INFO     | [DB] SQLite 连接已关闭: data/MS4wLjABAAAA2FYVN1jBWaTVasx7wXcsK0rCPfSYixt5-J1pUegQIbA/sqlite.db
2026-05-04 17:50:05 | INFO     | [DB] SQLite 连接已关闭: data/MS4wLjABAAAAWKIRK91nF8hLjuza0KVRL50-lcfNlEPHocsF9hNYzCUag7n4BgIHQaERsfq_NiHR/sqlite.db
2026-05-04 17:50:05 | INFO     | [DB] SQLite 连接已关闭: data/MS4wLjABAAAA2FYVN1jBWaTVasx7wXcsK0rCPfSYixt5-J1pUegQIbA/sqlite.db
2026-05-04 17:50:05 | INFO     | [DB] SQLite 连接已关闭: data/MS4wLjABAAAAWKIRK91nF8hLjuza0KVRL50-lcfNlEPHocsF9hNYzCUag7n4BgIHQaERsfq_NiHR/sqlite.db
2026-05-04 17:50:05 | INFO     | [清理] 资源释放完成
