2026-05-10 17:00:08 | INFO     | [DB] SQLite 初始化完成: data/MS4wLjABAAAA2FYVN1jBWaTVasx7wXcsK0rCPfSYixt5-J1pUegQIbA/sqlite.db
2026-05-10 17:00:08 | INFO     | [采集] 开始 用户=MS4wLjABAAAA2FYVN1jBWaTVasx7wXcsK0rCPfSYixt5-J1pUegQIbA 类型=作品
2026-05-10 17:00:10 | INFO     | [Cookie] ✓ 验证通过，登录用户: 万年
2026-05-10 17:00:13 | DEBUG    | [采集] API 响应：aweme_list=18, has_more=1, max_cursor=1773055968000
2026-05-10 17:00:19 | INFO     | [DB] SQLite 初始化完成: data/MS4wLjABAAAAWKIRK91nF8hLjuza0KVRL50-lcfNlEPHocsF9hNYzCUag7n4BgIHQaERsfq_NiHR/sqlite.db
2026-05-10 17:00:19 | INFO     | [采集] 开始 用户=MS4wLjABAAAAWKIRK91nF8hLjuza0KVRL50-lcfNlEPHocsF9hNYzCUag7n4BgIHQaERsfq_NiHR 类型=作品
2026-05-10 17:00:21 | INFO     | [Cookie] ✓ 验证通过，登录用户: 万年
2026-05-10 17:00:22 | DEBUG    | [采集] API 响应：aweme_list=18, has_more=1, max_cursor=1766749449000
2026-05-10 17:00:23 | INFO     | [采集] 开始 用户=MS4wLjABAAAA2FYVN1jBWaTVasx7wXcsK0rCPfSYixt5-J1pUegQIbA 类型=评论 视频=10
2026-05-10 17:00:25 | INFO     | [Cookie] ✓ 验证通过，登录用户: 万年
2026-05-10 17:00:43 | INFO     | [采集] 视频 7629651594590023163 采集评论 184 条，新增 0 条
2026-05-10 17:00:47 | INFO     | [采集] 视频 7631634541144461489 采集评论 52 条，新增 0 条
2026-05-10 17:00:52 | INFO     | [采集] 视频 7632013241091009201 采集评论 38 条，新增 0 条
2026-05-10 17:01:07 | INFO     | [采集] 视频 7632818045987846010 采集评论 157 条，新增 0 条
2026-05-10 17:01:19 | INFO     | [采集] 视频 7635406935080662267 采集评论 112 条，新增 0 条
2026-05-10 17:01:27 | INFO     | [采集] 视频 7635743059422300913 采集评论 73 条，新增 0 条
2026-05-10 17:02:05 | INFO     | [存储] CSV 写入 1 条 → data/MS4wLjABAAAA2FYVN1jBWaTVasx7wXcsK0rCPfSYixt5-J1pUegQIbA/2026-05/7636323966186272101/comments.csv
2026-05-10 17:02:05 | INFO     | [存储] DB 写入 1 条 → comments
2026-05-10 17:02:05 | INFO     | [采集] 视频 7636323966186272101 采集评论 410 条，新增 1 条
2026-05-10 17:02:10 | INFO     | [存储] CSV 写入 1 条 → data/MS4wLjABAAAA2FYVN1jBWaTVasx7wXcsK0rCPfSYixt5-J1pUegQIbA/2026-05/7636715300976772729/comments.csv
2026-05-10 17:02:10 | INFO     | [存储] DB 写入 1 条 → comments
2026-05-10 17:02:10 | INFO     | [采集] 视频 7636715300976772729 采集评论 54 条，新增 1 条
2026-05-10 17:02:24 | INFO     | [存储] CSV 写入 2 条 → data/MS4wLjABAAAA2FYVN1jBWaTVasx7wXcsK0rCPfSYixt5-J1pUegQIbA/2026-05/7637077144828541361/comments.csv
2026-05-10 17:02:24 | INFO     | [存储] DB 写入 2 条 → comments
2026-05-10 17:02:24 | INFO     | [采集] 视频 7637077144828541361 采集评论 152 条，新增 2 条
2026-05-10 17:03:29 | INFO     | [存储] CSV 写入 65 条 → data/MS4wLjABAAAA2FYVN1jBWaTVasx7wXcsK0rCPfSYixt5-J1pUegQIbA/2026-05/7637442764778948081/comments.csv
2026-05-10 17:03:29 | INFO     | [存储] DB 写入 65 条 → comments
2026-05-10 17:03:29 | INFO     | [采集] 视频 7637442764778948081 采集评论 734 条，新增 65 条
2026-05-10 17:03:30 | INFO     | [采集] 开始 用户=MS4wLjABAAAAWKIRK91nF8hLjuza0KVRL50-lcfNlEPHocsF9hNYzCUag7n4BgIHQaERsfq_NiHR 类型=评论 视频=10
2026-05-10 17:03:33 | INFO     | [Cookie] ✓ 验证通过，登录用户: 万年
2026-05-10 17:03:38 | INFO     | [采集] 视频 7607789805016011505 采集评论 64 条，新增 0 条
2026-05-10 17:03:41 | INFO     | [采集] 视频 7607867103055971003 采集评论 20 条，新增 0 条
2026-05-10 17:03:47 | INFO     | [采集] 视频 7611080635616436453 采集评论 72 条，新增 0 条
2026-05-10 17:03:49 | INFO     | [采集] 视频 7612352146415930105 采集评论 12 条，新增 0 条
2026-05-10 17:03:53 | INFO     | [采集] 视频 7612620171912133114 采集评论 26 条，新增 0 条
2026-05-10 17:03:56 | INFO     | [采集] 视频 7622146667216092657 采集评论 25 条，新增 0 条
2026-05-10 17:04:01 | INFO     | [采集] 视频 7626667414588525541 采集评论 42 条，新增 0 条
2026-05-10 17:04:08 | INFO     | [采集] 视频 7634610238670478449 采集评论 56 条，新增 0 条
2026-05-10 17:04:11 | INFO     | [采集] 视频 7635491815739632113 采集评论 31 条，新增 0 条
2026-05-10 17:04:22 | INFO     | [存储] CSV 写入 1 条 → data/MS4wLjABAAAAWKIRK91nF8hLjuza0KVRL50-lcfNlEPHocsF9hNYzCUag7n4BgIHQaERsfq_NiHR/2026-05/7636438485390804069/comments.csv
2026-05-10 17:04:22 | INFO     | [存储] DB 写入 1 条 → comments
2026-05-10 17:04:22 | INFO     | [采集] 视频 7636438485390804069 采集评论 135 条，新增 1 条
2026-05-10 17:04:23 | INFO     | [采集] 开始 用户=MS4wLjABAAAA2FYVN1jBWaTVasx7wXcsK0rCPfSYixt5-J1pUegQIbA 类型=回复 评论=94 视频=10
2026-05-10 17:04:26 | INFO     | [Cookie] ✓ 验证通过，登录用户: 万年
2026-05-10 17:04:45 | INFO     | [采集] 视频 7629651594590023163 采集回复 35 条，新增 0 条
2026-05-10 17:04:53 | INFO     | [采集] 视频 7631634541144461489 采集回复 17 条，新增 0 条
2026-05-10 17:04:59 | INFO     | [采集] 视频 7632013241091009201 采集回复 9 条，新增 0 条
2026-05-10 17:05:11 | INFO     | [采集] 视频 7632818045987846010 采集回复 35 条，新增 0 条
2026-05-10 17:05:21 | INFO     | [采集] 视频 7635406935080662267 采集回复 12 条，新增 0 条
2026-05-10 17:05:25 | INFO     | [采集] 视频 7635743059422300913 采集回复 5 条，新增 0 条
2026-05-10 17:05:58 | INFO     | [采集] 视频 7636323966186272101 采集回复 52 条，新增 0 条
2026-05-10 17:06:06 | INFO     | [采集] 视频 7636715300976772729 采集回复 23 条，新增 0 条
2026-05-10 17:06:15 | INFO     | [存储] CSV 写入 1 条 → data/MS4wLjABAAAA2FYVN1jBWaTVasx7wXcsK0rCPfSYixt5-J1pUegQIbA/2026-05/7637077144828541361/replies.csv
2026-05-10 17:06:15 | INFO     | [存储] DB 写入 1 条 → replies
2026-05-10 17:06:15 | INFO     | [采集] 视频 7637077144828541361 采集回复 23 条，新增 1 条
2026-05-10 17:07:01 | INFO     | [存储] CSV 写入 1 条 → data/MS4wLjABAAAA2FYVN1jBWaTVasx7wXcsK0rCPfSYixt5-J1pUegQIbA/2026-05/7637442764778948081/replies.csv
2026-05-10 17:07:01 | INFO     | [存储] DB 写入 1 条 → replies
2026-05-10 17:07:01 | INFO     | [采集] 视频 7637442764778948081 采集回复 70 条，新增 1 条
2026-05-10 17:07:02 | INFO     | [采集] 开始 用户=MS4wLjABAAAAWKIRK91nF8hLjuza0KVRL50-lcfNlEPHocsF9hNYzCUag7n4BgIHQaERsfq_NiHR 类型=回复 评论=30 视频=9
2026-05-10 17:07:05 | INFO     | [Cookie] ✓ 验证通过，登录用户: 万年
2026-05-10 17:07:12 | INFO     | [采集] 视频 7607789805016011505 采集回复 14 条，新增 0 条
2026-05-10 17:07:18 | INFO     | [采集] 视频 7607867103055971003 采集回复 10 条，新增 0 条
2026-05-10 17:07:25 | INFO     | [采集] 视频 7611080635616436453 采集回复 15 条，新增 0 条
2026-05-10 17:07:27 | INFO     | [采集] 视频 7612352146415930105 采集回复 3 条，新增 0 条
2026-05-10 17:07:33 | INFO     | [采集] 视频 7612620171912133114 采集回复 5 条，新增 0 条
2026-05-10 17:07:38 | INFO     | [采集] 视频 7626667414588525541 采集回复 6 条，新增 0 条
2026-05-10 17:07:41 | INFO     | [采集] 视频 7634610238670478449 采集回复 1 条，新增 0 条
2026-05-10 17:07:45 | INFO     | [采集] 视频 7635491815739632113 采集回复 3 条，新增 0 条
2026-05-10 17:07:56 | INFO     | [采集] 视频 7636438485390804069 采集回复 19 条，新增 0 条
2026-05-10 17:07:57 | INFO     | [DB] SQLite 连接已关闭: data/MS4wLjABAAAA2FYVN1jBWaTVasx7wXcsK0rCPfSYixt5-J1pUegQIbA/sqlite.db
2026-05-10 17:07:57 | INFO     | [DB] SQLite 连接已关闭: data/MS4wLjABAAAAWKIRK91nF8hLjuza0KVRL50-lcfNlEPHocsF9hNYzCUag7n4BgIHQaERsfq_NiHR/sqlite.db
2026-05-10 17:07:57 | INFO     | [DB] SQLite 连接已关闭: data/MS4wLjABAAAA2FYVN1jBWaTVasx7wXcsK0rCPfSYixt5-J1pUegQIbA/sqlite.db
2026-05-10 17:07:57 | INFO     | [DB] SQLite 连接已关闭: data/MS4wLjABAAAAWKIRK91nF8hLjuza0KVRL50-lcfNlEPHocsF9hNYzCUag7n4BgIHQaERsfq_NiHR/sqlite.db
2026-05-10 17:07:57 | INFO     | [清理] 资源释放完成
