2026-05-12 18:03:18 | INFO     | [DB] SQLite 初始化完成: data/MS4wLjABAAAA2FYVN1jBWaTVasx7wXcsK0rCPfSYixt5-J1pUegQIbA/sqlite.db
2026-05-12 18:03:18 | INFO     | [采集] 开始 用户=MS4wLjABAAAA2FYVN1jBWaTVasx7wXcsK0rCPfSYixt5-J1pUegQIbA 类型=作品
2026-05-12 18:03:20 | INFO     | [Cookie] ✓ 验证通过，登录用户: 万年
2026-05-12 18:03:22 | DEBUG    | [采集] API 响应：aweme_list=18, has_more=1, max_cursor=1773055968000
2026-05-12 18:03:28 | INFO     | [DB] SQLite 初始化完成: data/MS4wLjABAAAAWKIRK91nF8hLjuza0KVRL50-lcfNlEPHocsF9hNYzCUag7n4BgIHQaERsfq_NiHR/sqlite.db
2026-05-12 18:03:28 | INFO     | [采集] 开始 用户=MS4wLjABAAAAWKIRK91nF8hLjuza0KVRL50-lcfNlEPHocsF9hNYzCUag7n4BgIHQaERsfq_NiHR 类型=作品
2026-05-12 18:03:29 | INFO     | [Cookie] ✓ 验证通过，登录用户: 万年
2026-05-12 18:03:31 | DEBUG    | [采集] API 响应：aweme_list=18, has_more=1, max_cursor=1766749449000
2026-05-12 18:03:32 | INFO     | [采集] 开始 用户=MS4wLjABAAAA2FYVN1jBWaTVasx7wXcsK0rCPfSYixt5-J1pUegQIbA 类型=评论 视频=10
2026-05-12 18:03:33 | INFO     | [Cookie] ✓ 验证通过，登录用户: 万年
2026-05-12 18:03:50 | INFO     | [采集] 视频 7629651594590023163 采集评论 184 条，新增 0 条
2026-05-12 18:03:54 | INFO     | [采集] 视频 7631634541144461489 采集评论 52 条，新增 0 条
2026-05-12 18:04:00 | INFO     | [采集] 视频 7632013241091009201 采集评论 38 条，新增 0 条
2026-05-12 18:04:15 | INFO     | [采集] 视频 7632818045987846010 采集评论 157 条，新增 0 条
2026-05-12 18:04:25 | INFO     | [采集] 视频 7635406935080662267 采集评论 112 条，新增 0 条
2026-05-12 18:04:33 | INFO     | [采集] 视频 7635743059422300913 采集评论 73 条，新增 0 条
2026-05-12 18:05:08 | INFO     | [存储] CSV 写入 1 条 → data/MS4wLjABAAAA2FYVN1jBWaTVasx7wXcsK0rCPfSYixt5-J1pUegQIbA/2026-05/7636323966186272101/comments.csv
2026-05-12 18:05:08 | INFO     | [存储] DB 写入 1 条 → comments
2026-05-12 18:05:08 | INFO     | [采集] 视频 7636323966186272101 采集评论 420 条，新增 1 条
2026-05-12 18:05:14 | INFO     | [采集] 视频 7636715300976772729 采集评论 55 条，新增 0 条
2026-05-12 18:05:29 | INFO     | [采集] 视频 7637077144828541361 采集评论 153 条，新增 0 条
2026-05-12 18:06:39 | INFO     | [存储] CSV 写入 46 条 → data/MS4wLjABAAAA2FYVN1jBWaTVasx7wXcsK0rCPfSYixt5-J1pUegQIbA/2026-05/7637442764778948081/comments.csv
2026-05-12 18:06:39 | INFO     | [存储] DB 写入 46 条 → comments
2026-05-12 18:06:39 | INFO     | [采集] 视频 7637442764778948081 采集评论 845 条，新增 46 条
2026-05-12 18:06:40 | INFO     | [采集] 开始 用户=MS4wLjABAAAAWKIRK91nF8hLjuza0KVRL50-lcfNlEPHocsF9hNYzCUag7n4BgIHQaERsfq_NiHR 类型=评论 视频=10
2026-05-12 18:06:42 | INFO     | [Cookie] ✓ 验证通过，登录用户: 万年
2026-05-12 18:06:47 | INFO     | [采集] 视频 7607789805016011505 采集评论 64 条，新增 0 条
2026-05-12 18:06:51 | INFO     | [采集] 视频 7607867103055971003 采集评论 20 条，新增 0 条
2026-05-12 18:06:56 | INFO     | [采集] 视频 7611080635616436453 采集评论 72 条，新增 0 条
2026-05-12 18:06:58 | INFO     | [采集] 视频 7612352146415930105 采集评论 12 条，新增 0 条
2026-05-12 18:07:00 | INFO     | [采集] 视频 7612620171912133114 采集评论 26 条，新增 0 条
2026-05-12 18:07:03 | INFO     | [采集] 视频 7622146667216092657 采集评论 25 条，新增 0 条
2026-05-12 18:07:09 | INFO     | [采集] 视频 7626667414588525541 采集评论 42 条，新增 0 条
2026-05-12 18:07:15 | INFO     | [采集] 视频 7634610238670478449 采集评论 57 条，新增 0 条
2026-05-12 18:07:17 | INFO     | [采集] 视频 7635491815739632113 采集评论 31 条，新增 0 条
2026-05-12 18:07:30 | INFO     | [存储] CSV 写入 1 条 → data/MS4wLjABAAAAWKIRK91nF8hLjuza0KVRL50-lcfNlEPHocsF9hNYzCUag7n4BgIHQaERsfq_NiHR/2026-05/7636438485390804069/comments.csv
2026-05-12 18:07:30 | INFO     | [存储] DB 写入 1 条 → comments
2026-05-12 18:07:30 | INFO     | [采集] 视频 7636438485390804069 采集评论 136 条，新增 1 条
2026-05-12 18:07:31 | INFO     | [采集] 开始 用户=MS4wLjABAAAA2FYVN1jBWaTVasx7wXcsK0rCPfSYixt5-J1pUegQIbA 类型=回复 评论=95 视频=10
2026-05-12 18:07:33 | INFO     | [Cookie] ✓ 验证通过，登录用户: 万年
2026-05-12 18:07:50 | INFO     | [采集] 视频 7629651594590023163 采集回复 35 条，新增 0 条
2026-05-12 18:07:58 | INFO     | [采集] 视频 7631634541144461489 采集回复 17 条，新增 0 条
2026-05-12 18:08:10 | INFO     | [采集] 视频 7632013241091009201 采集回复 9 条，新增 0 条
2026-05-12 18:08:21 | INFO     | [采集] 视频 7632818045987846010 采集回复 35 条，新增 0 条
2026-05-12 18:08:31 | INFO     | [采集] 视频 7635406935080662267 采集回复 12 条，新增 0 条
2026-05-12 18:08:35 | INFO     | [采集] 视频 7635743059422300913 采集回复 5 条，新增 0 条
2026-05-12 18:09:05 | INFO     | [采集] 视频 7636323966186272101 采集回复 52 条，新增 0 条
2026-05-12 18:09:11 | INFO     | [存储] CSV 写入 1 条 → data/MS4wLjABAAAA2FYVN1jBWaTVasx7wXcsK0rCPfSYixt5-J1pUegQIbA/2026-05/7636715300976772729/replies.csv
2026-05-12 18:09:11 | INFO     | [存储] DB 写入 1 条 → replies
2026-05-12 18:09:11 | INFO     | [采集] 视频 7636715300976772729 采集回复 24 条，新增 1 条
2026-05-12 18:09:20 | INFO     | [采集] 视频 7637077144828541361 采集回复 23 条，新增 0 条
2026-05-12 18:10:06 | INFO     | [存储] CSV 写入 2 条 → data/MS4wLjABAAAA2FYVN1jBWaTVasx7wXcsK0rCPfSYixt5-J1pUegQIbA/2026-05/7637442764778948081/replies.csv
2026-05-12 18:10:06 | INFO     | [存储] DB 写入 2 条 → replies
2026-05-12 18:10:06 | INFO     | [采集] 视频 7637442764778948081 采集回复 75 条，新增 2 条
2026-05-12 18:10:07 | INFO     | [采集] 开始 用户=MS4wLjABAAAAWKIRK91nF8hLjuza0KVRL50-lcfNlEPHocsF9hNYzCUag7n4BgIHQaERsfq_NiHR 类型=回复 评论=30 视频=9
2026-05-12 18:10:08 | INFO     | [Cookie] ✓ 验证通过，登录用户: 万年
2026-05-12 18:10:15 | INFO     | [采集] 视频 7607789805016011505 采集回复 14 条，新增 0 条
2026-05-12 18:10:21 | INFO     | [采集] 视频 7607867103055971003 采集回复 10 条，新增 0 条
2026-05-12 18:10:27 | INFO     | [采集] 视频 7611080635616436453 采集回复 15 条，新增 0 条
2026-05-12 18:10:30 | INFO     | [采集] 视频 7612352146415930105 采集回复 3 条，新增 0 条
2026-05-12 18:10:35 | INFO     | [采集] 视频 7612620171912133114 采集回复 6 条，新增 0 条
2026-05-12 18:10:40 | INFO     | [采集] 视频 7626667414588525541 采集回复 6 条，新增 0 条
2026-05-12 18:10:43 | INFO     | [采集] 视频 7634610238670478449 采集回复 1 条，新增 0 条
2026-05-12 18:10:47 | INFO     | [采集] 视频 7635491815739632113 采集回复 3 条，新增 0 条
2026-05-12 18:10:59 | INFO     | [存储] CSV 写入 1 条 → data/MS4wLjABAAAAWKIRK91nF8hLjuza0KVRL50-lcfNlEPHocsF9hNYzCUag7n4BgIHQaERsfq_NiHR/2026-05/7636438485390804069/replies.csv
2026-05-12 18:10:59 | INFO     | [存储] DB 写入 1 条 → replies
2026-05-12 18:10:59 | INFO     | [采集] 视频 7636438485390804069 采集回复 20 条，新增 1 条
2026-05-12 18:11:00 | INFO     | [DB] SQLite 连接已关闭: data/MS4wLjABAAAA2FYVN1jBWaTVasx7wXcsK0rCPfSYixt5-J1pUegQIbA/sqlite.db
2026-05-12 18:11:00 | INFO     | [DB] SQLite 连接已关闭: data/MS4wLjABAAAAWKIRK91nF8hLjuza0KVRL50-lcfNlEPHocsF9hNYzCUag7n4BgIHQaERsfq_NiHR/sqlite.db
2026-05-12 18:11:00 | INFO     | [DB] SQLite 连接已关闭: data/MS4wLjABAAAA2FYVN1jBWaTVasx7wXcsK0rCPfSYixt5-J1pUegQIbA/sqlite.db
2026-05-12 18:11:00 | INFO     | [DB] SQLite 连接已关闭: data/MS4wLjABAAAAWKIRK91nF8hLjuza0KVRL50-lcfNlEPHocsF9hNYzCUag7n4BgIHQaERsfq_NiHR/sqlite.db
2026-05-12 18:11:00 | INFO     | [清理] 资源释放完成
