2026-05-20 18:21:37 | INFO     | [DB] SQLite 初始化完成: data/MS4wLjABAAAA2FYVN1jBWaTVasx7wXcsK0rCPfSYixt5-J1pUegQIbA/sqlite.db
2026-05-20 18:21:37 | INFO     | [采集] 开始 用户=MS4wLjABAAAA2FYVN1jBWaTVasx7wXcsK0rCPfSYixt5-J1pUegQIbA 类型=作品
2026-05-20 18:21:39 | INFO     | [Cookie] ✓ 验证通过，登录用户: 万年
2026-05-20 18:21:41 | DEBUG    | [采集] API 响应：aweme_list=18, has_more=1, max_cursor=1774778280000
2026-05-20 18:21:42 | INFO     | [存储] CSV 写入 1 条 → data/MS4wLjABAAAA2FYVN1jBWaTVasx7wXcsK0rCPfSYixt5-J1pUegQIbA/videos.csv
2026-05-20 18:21:42 | INFO     | [存储] DB 写入 1 条 → videos
2026-05-20 18:21:47 | INFO     | [DB] SQLite 初始化完成: data/MS4wLjABAAAAWKIRK91nF8hLjuza0KVRL50-lcfNlEPHocsF9hNYzCUag7n4BgIHQaERsfq_NiHR/sqlite.db
2026-05-20 18:21:47 | INFO     | [采集] 开始 用户=MS4wLjABAAAAWKIRK91nF8hLjuza0KVRL50-lcfNlEPHocsF9hNYzCUag7n4BgIHQaERsfq_NiHR 类型=作品
2026-05-20 18:21:48 | INFO     | [Cookie] ✓ 验证通过，登录用户: 万年
2026-05-20 18:21:50 | DEBUG    | [采集] API 响应：aweme_list=18, has_more=1, max_cursor=1767150503000
2026-05-20 18:21:51 | INFO     | [存储] CSV 写入 1 条 → data/MS4wLjABAAAAWKIRK91nF8hLjuza0KVRL50-lcfNlEPHocsF9hNYzCUag7n4BgIHQaERsfq_NiHR/videos.csv
2026-05-20 18:21:51 | INFO     | [存储] DB 写入 1 条 → videos
2026-05-20 18:21:51 | INFO     | [采集] 开始 用户=MS4wLjABAAAA2FYVN1jBWaTVasx7wXcsK0rCPfSYixt5-J1pUegQIbA 类型=评论 视频=10
2026-05-20 18:21:52 | INFO     | [Cookie] ✓ 验证通过，登录用户: 万年
2026-05-20 18:22:04 | INFO     | [采集] 视频 7632818045987846010 采集评论 157 条，新增 0 条
2026-05-20 18:22:14 | INFO     | [采集] 视频 7635406935080662267 采集评论 112 条，新增 0 条
2026-05-20 18:22:20 | INFO     | [采集] 视频 7635743059422300913 采集评论 72 条，新增 0 条
2026-05-20 18:22:55 | INFO     | [存储] CSV 写入 1 条 → data/MS4wLjABAAAA2FYVN1jBWaTVasx7wXcsK0rCPfSYixt5-J1pUegQIbA/2026-05/7636323966186272101/comments.csv
2026-05-20 18:22:55 | INFO     | [存储] DB 写入 1 条 → comments
2026-05-20 18:22:55 | INFO     | [采集] 视频 7636323966186272101 采集评论 442 条，新增 1 条
2026-05-20 18:23:01 | INFO     | [采集] 视频 7636715300976772729 采集评论 56 条，新增 0 条
2026-05-20 18:23:14 | INFO     | [采集] 视频 7637077144828541361 采集评论 158 条，新增 0 条
2026-05-20 18:24:28 | INFO     | [存储] CSV 写入 1 条 → data/MS4wLjABAAAA2FYVN1jBWaTVasx7wXcsK0rCPfSYixt5-J1pUegQIbA/2026-05/7637442764778948081/comments.csv
2026-05-20 18:24:28 | INFO     | [存储] DB 写入 1 条 → comments
2026-05-20 18:24:28 | INFO     | [采集] 视频 7637442764778948081 采集评论 896 条，新增 1 条
2026-05-20 18:24:37 | INFO     | [存储] CSV 写入 20 条 → data/MS4wLjABAAAA2FYVN1jBWaTVasx7wXcsK0rCPfSYixt5-J1pUegQIbA/2026-05/7641576232551625701/comments.csv
2026-05-20 18:24:37 | INFO     | [存储] DB 写入 20 条 → comments
2026-05-20 18:24:37 | INFO     | [采集] 视频 7641576232551625701 采集评论 93 条，新增 20 条
2026-05-20 18:24:44 | INFO     | [存储] CSV 写入 17 条 → data/MS4wLjABAAAA2FYVN1jBWaTVasx7wXcsK0rCPfSYixt5-J1pUegQIbA/2026-05/7641590546306024549/comments.csv
2026-05-20 18:24:44 | INFO     | [存储] DB 写入 17 条 → comments
2026-05-20 18:24:44 | INFO     | [采集] 视频 7641590546306024549 采集评论 73 条，新增 17 条
2026-05-20 18:24:48 | INFO     | [存储] CSV 写入 53 条 → data/MS4wLjABAAAA2FYVN1jBWaTVasx7wXcsK0rCPfSYixt5-J1pUegQIbA/2026-05/7641715202468060145/comments.csv
2026-05-20 18:24:48 | INFO     | [存储] DB 写入 53 条 → comments
2026-05-20 18:24:48 | INFO     | [采集] 视频 7641715202468060145 采集评论 53 条，新增 53 条
2026-05-20 18:24:48 | INFO     | [采集] 开始 用户=MS4wLjABAAAAWKIRK91nF8hLjuza0KVRL50-lcfNlEPHocsF9hNYzCUag7n4BgIHQaERsfq_NiHR 类型=评论 视频=10
2026-05-20 18:24:50 | INFO     | [Cookie] ✓ 验证通过，登录用户: 万年
2026-05-20 18:24:52 | INFO     | [采集] 视频 7607867103055971003 采集评论 20 条，新增 0 条
2026-05-20 18:24:58 | INFO     | [采集] 视频 7611080635616436453 采集评论 72 条，新增 0 条
2026-05-20 18:25:00 | INFO     | [采集] 视频 7612352146415930105 采集评论 12 条，新增 0 条
2026-05-20 18:25:03 | INFO     | [采集] 视频 7612620171912133114 采集评论 26 条，新增 0 条
2026-05-20 18:25:06 | INFO     | [采集] 视频 7622146667216092657 采集评论 25 条，新增 0 条
2026-05-20 18:25:10 | INFO     | [采集] 视频 7626667414588525541 采集评论 42 条，新增 0 条
2026-05-20 18:25:16 | INFO     | [采集] 视频 7634610238670478449 采集评论 57 条，新增 0 条
2026-05-20 18:25:19 | INFO     | [采集] 视频 7635491815739632113 采集评论 31 条，新增 0 条
2026-05-20 18:25:33 | INFO     | [存储] CSV 写入 1 条 → data/MS4wLjABAAAAWKIRK91nF8hLjuza0KVRL50-lcfNlEPHocsF9hNYzCUag7n4BgIHQaERsfq_NiHR/2026-05/7636438485390804069/comments.csv
2026-05-20 18:25:33 | INFO     | [存储] DB 写入 1 条 → comments
2026-05-20 18:25:33 | INFO     | [采集] 视频 7636438485390804069 采集评论 144 条，新增 1 条
2026-05-20 18:25:35 | INFO     | [存储] CSV 写入 13 条 → data/MS4wLjABAAAAWKIRK91nF8hLjuza0KVRL50-lcfNlEPHocsF9hNYzCUag7n4BgIHQaERsfq_NiHR/2026-05/7641891220142813434/comments.csv
2026-05-20 18:25:35 | INFO     | [存储] DB 写入 13 条 → comments
2026-05-20 18:25:35 | INFO     | [采集] 视频 7641891220142813434 采集评论 13 条，新增 13 条
2026-05-20 18:25:36 | INFO     | [采集] 开始 用户=MS4wLjABAAAA2FYVN1jBWaTVasx7wXcsK0rCPfSYixt5-J1pUegQIbA 类型=回复 评论=93 视频=10
2026-05-20 18:25:37 | INFO     | [Cookie] ✓ 验证通过，登录用户: 万年
2026-05-20 18:25:46 | INFO     | [采集] 视频 7632818045987846010 采集回复 35 条，新增 0 条
2026-05-20 18:25:56 | INFO     | [采集] 视频 7635406935080662267 采集回复 12 条，新增 0 条
2026-05-20 18:26:00 | INFO     | [采集] 视频 7635743059422300913 采集回复 5 条，新增 0 条
2026-05-20 18:26:30 | INFO     | [采集] 视频 7636323966186272101 采集回复 52 条，新增 0 条
2026-05-20 18:26:37 | INFO     | [存储] CSV 写入 1 条 → data/MS4wLjABAAAA2FYVN1jBWaTVasx7wXcsK0rCPfSYixt5-J1pUegQIbA/2026-05/7636715300976772729/replies.csv
2026-05-20 18:26:37 | INFO     | [存储] DB 写入 1 条 → replies
2026-05-20 18:26:37 | INFO     | [采集] 视频 7636715300976772729 采集回复 24 条，新增 1 条
2026-05-20 18:26:46 | INFO     | [采集] 视频 7637077144828541361 采集回复 23 条，新增 0 条
2026-05-20 18:27:30 | INFO     | [采集] 视频 7637442764778948081 采集回复 75 条，新增 0 条
2026-05-20 18:27:43 | INFO     | [存储] CSV 写入 3 条 → data/MS4wLjABAAAA2FYVN1jBWaTVasx7wXcsK0rCPfSYixt5-J1pUegQIbA/2026-05/7641576232551625701/replies.csv
2026-05-20 18:27:43 | INFO     | [存储] DB 写入 3 条 → replies
2026-05-20 18:27:43 | INFO     | [采集] 视频 7641576232551625701 采集回复 16 条，新增 3 条
2026-05-20 18:27:48 | INFO     | [存储] CSV 写入 8 条 → data/MS4wLjABAAAA2FYVN1jBWaTVasx7wXcsK0rCPfSYixt5-J1pUegQIbA/2026-05/7641590546306024549/replies.csv
2026-05-20 18:27:48 | INFO     | [存储] DB 写入 8 条 → replies
2026-05-20 18:27:48 | INFO     | [采集] 视频 7641590546306024549 采集回复 16 条，新增 8 条
2026-05-20 18:27:59 | INFO     | [存储] CSV 写入 29 条 → data/MS4wLjABAAAA2FYVN1jBWaTVasx7wXcsK0rCPfSYixt5-J1pUegQIbA/2026-05/7641715202468060145/replies.csv
2026-05-20 18:27:59 | INFO     | [存储] DB 写入 29 条 → replies
2026-05-20 18:27:59 | INFO     | [采集] 视频 7641715202468060145 采集回复 29 条，新增 29 条
2026-05-20 18:28:00 | INFO     | [采集] 开始 用户=MS4wLjABAAAAWKIRK91nF8hLjuza0KVRL50-lcfNlEPHocsF9hNYzCUag7n4BgIHQaERsfq_NiHR 类型=回复 评论=25 视频=8
2026-05-20 18:28:02 | INFO     | [Cookie] ✓ 验证通过，登录用户: 万年
2026-05-20 18:28:08 | INFO     | [采集] 视频 7607867103055971003 采集回复 10 条，新增 0 条
2026-05-20 18:28:14 | INFO     | [采集] 视频 7611080635616436453 采集回复 15 条，新增 0 条
2026-05-20 18:28:17 | INFO     | [采集] 视频 7612352146415930105 采集回复 3 条，新增 0 条
2026-05-20 18:28:23 | INFO     | [采集] 视频 7612620171912133114 采集回复 6 条，新增 0 条
2026-05-20 18:28:28 | INFO     | [采集] 视频 7626667414588525541 采集回复 6 条，新增 0 条
2026-05-20 18:28:31 | INFO     | [采集] 视频 7634610238670478449 采集回复 1 条，新增 0 条
2026-05-20 18:28:35 | INFO     | [采集] 视频 7635491815739632113 采集回复 3 条，新增 0 条
2026-05-20 18:28:45 | INFO     | [采集] 视频 7636438485390804069 采集回复 19 条，新增 0 条
2026-05-20 18:28:46 | INFO     | [DB] SQLite 连接已关闭: data/MS4wLjABAAAA2FYVN1jBWaTVasx7wXcsK0rCPfSYixt5-J1pUegQIbA/sqlite.db
2026-05-20 18:28:46 | INFO     | [DB] SQLite 连接已关闭: data/MS4wLjABAAAAWKIRK91nF8hLjuza0KVRL50-lcfNlEPHocsF9hNYzCUag7n4BgIHQaERsfq_NiHR/sqlite.db
2026-05-20 18:28:46 | INFO     | [DB] SQLite 连接已关闭: data/MS4wLjABAAAA2FYVN1jBWaTVasx7wXcsK0rCPfSYixt5-J1pUegQIbA/sqlite.db
2026-05-20 18:28:46 | INFO     | [DB] SQLite 连接已关闭: data/MS4wLjABAAAAWKIRK91nF8hLjuza0KVRL50-lcfNlEPHocsF9hNYzCUag7n4BgIHQaERsfq_NiHR/sqlite.db
2026-05-20 18:28:46 | INFO     | [清理] 资源释放完成
