2026-05-19 18:09:14 | INFO     | [DB] SQLite 初始化完成: data/MS4wLjABAAAA2FYVN1jBWaTVasx7wXcsK0rCPfSYixt5-J1pUegQIbA/sqlite.db
2026-05-19 18:09:14 | INFO     | [采集] 开始 用户=MS4wLjABAAAA2FYVN1jBWaTVasx7wXcsK0rCPfSYixt5-J1pUegQIbA 类型=作品
2026-05-19 18:09:16 | INFO     | [Cookie] ✓ 验证通过，登录用户: 万年
2026-05-19 18:09:18 | DEBUG    | [采集] API 响应：aweme_list=18, has_more=1, max_cursor=1774289185000
2026-05-19 18:09:19 | INFO     | [存储] CSV 写入 2 条 → data/MS4wLjABAAAA2FYVN1jBWaTVasx7wXcsK0rCPfSYixt5-J1pUegQIbA/videos.csv
2026-05-19 18:09:19 | INFO     | [存储] DB 写入 2 条 → videos
2026-05-19 18:09:24 | INFO     | [DB] SQLite 初始化完成: data/MS4wLjABAAAAWKIRK91nF8hLjuza0KVRL50-lcfNlEPHocsF9hNYzCUag7n4BgIHQaERsfq_NiHR/sqlite.db
2026-05-19 18:09:24 | INFO     | [采集] 开始 用户=MS4wLjABAAAAWKIRK91nF8hLjuza0KVRL50-lcfNlEPHocsF9hNYzCUag7n4BgIHQaERsfq_NiHR 类型=作品
2026-05-19 18:09:26 | INFO     | [Cookie] ✓ 验证通过，登录用户: 万年
2026-05-19 18:09:27 | DEBUG    | [采集] API 响应：aweme_list=18, has_more=1, max_cursor=1766749449000
2026-05-19 18:09:28 | INFO     | [采集] 开始 用户=MS4wLjABAAAA2FYVN1jBWaTVasx7wXcsK0rCPfSYixt5-J1pUegQIbA 类型=评论 视频=10
2026-05-19 18:09:29 | INFO     | [Cookie] ✓ 验证通过，登录用户: 万年
2026-05-19 18:09:33 | INFO     | [采集] 视频 7632013241091009201 采集评论 38 条，新增 0 条
2026-05-19 18:09:46 | INFO     | [采集] 视频 7632818045987846010 采集评论 157 条，新增 0 条
2026-05-19 18:09:57 | INFO     | [采集] 视频 7635406935080662267 采集评论 112 条，新增 0 条
2026-05-19 18:10:04 | INFO     | [采集] 视频 7635743059422300913 采集评论 72 条，新增 0 条
2026-05-19 18:10:41 | INFO     | [存储] CSV 写入 4 条 → data/MS4wLjABAAAA2FYVN1jBWaTVasx7wXcsK0rCPfSYixt5-J1pUegQIbA/2026-05/7636323966186272101/comments.csv
2026-05-19 18:10:41 | INFO     | [存储] DB 写入 4 条 → comments
2026-05-19 18:10:41 | INFO     | [采集] 视频 7636323966186272101 采集评论 441 条，新增 4 条
2026-05-19 18:10:47 | INFO     | [采集] 视频 7636715300976772729 采集评论 56 条，新增 0 条
2026-05-19 18:11:01 | INFO     | [存储] CSV 写入 1 条 → data/MS4wLjABAAAA2FYVN1jBWaTVasx7wXcsK0rCPfSYixt5-J1pUegQIbA/2026-05/7637077144828541361/comments.csv
2026-05-19 18:11:01 | INFO     | [存储] DB 写入 1 条 → comments
2026-05-19 18:11:01 | INFO     | [采集] 视频 7637077144828541361 采集评论 158 条，新增 1 条
2026-05-19 18:12:16 | INFO     | [存储] CSV 写入 1 条 → data/MS4wLjABAAAA2FYVN1jBWaTVasx7wXcsK0rCPfSYixt5-J1pUegQIbA/2026-05/7637442764778948081/comments.csv
2026-05-19 18:12:16 | INFO     | [存储] DB 写入 1 条 → comments
2026-05-19 18:12:16 | INFO     | [采集] 视频 7637442764778948081 采集评论 895 条，新增 1 条
2026-05-19 18:12:23 | INFO     | [存储] CSV 写入 73 条 → data/MS4wLjABAAAA2FYVN1jBWaTVasx7wXcsK0rCPfSYixt5-J1pUegQIbA/2026-05/7641576232551625701/comments.csv
2026-05-19 18:12:23 | INFO     | [存储] DB 写入 73 条 → comments
2026-05-19 18:12:24 | INFO     | [采集] 视频 7641576232551625701 采集评论 73 条，新增 73 条
2026-05-19 18:12:30 | INFO     | [存储] CSV 写入 56 条 → data/MS4wLjABAAAA2FYVN1jBWaTVasx7wXcsK0rCPfSYixt5-J1pUegQIbA/2026-05/7641590546306024549/comments.csv
2026-05-19 18:12:30 | INFO     | [存储] DB 写入 56 条 → comments
2026-05-19 18:12:30 | INFO     | [采集] 视频 7641590546306024549 采集评论 56 条，新增 56 条
2026-05-19 18:12:31 | INFO     | [采集] 开始 用户=MS4wLjABAAAAWKIRK91nF8hLjuza0KVRL50-lcfNlEPHocsF9hNYzCUag7n4BgIHQaERsfq_NiHR 类型=评论 视频=10
2026-05-19 18:12:33 | INFO     | [Cookie] ✓ 验证通过，登录用户: 万年
2026-05-19 18:12:38 | INFO     | [采集] 视频 7607789805016011505 采集评论 64 条，新增 0 条
2026-05-19 18:12:41 | INFO     | [采集] 视频 7607867103055971003 采集评论 20 条，新增 0 条
2026-05-19 18:12:47 | INFO     | [采集] 视频 7611080635616436453 采集评论 72 条，新增 0 条
2026-05-19 18:12:49 | INFO     | [采集] 视频 7612352146415930105 采集评论 12 条，新增 0 条
2026-05-19 18:12:52 | INFO     | [采集] 视频 7612620171912133114 采集评论 26 条，新增 0 条
2026-05-19 18:12:54 | INFO     | [采集] 视频 7622146667216092657 采集评论 25 条，新增 0 条
2026-05-19 18:12:58 | INFO     | [采集] 视频 7626667414588525541 采集评论 42 条，新增 0 条
2026-05-19 18:13:05 | INFO     | [采集] 视频 7634610238670478449 采集评论 57 条，新增 0 条
2026-05-19 18:13:08 | INFO     | [采集] 视频 7635491815739632113 采集评论 31 条，新增 0 条
2026-05-19 18:13:20 | INFO     | [采集] 视频 7636438485390804069 采集评论 143 条，新增 0 条
2026-05-19 18:13:21 | INFO     | [采集] 开始 用户=MS4wLjABAAAA2FYVN1jBWaTVasx7wXcsK0rCPfSYixt5-J1pUegQIbA 类型=回复 评论=88 视频=10
2026-05-19 18:13:22 | INFO     | [Cookie] ✓ 验证通过，登录用户: 万年
2026-05-19 18:13:26 | INFO     | [采集] 视频 7632013241091009201 采集回复 9 条，新增 0 条
2026-05-19 18:13:38 | INFO     | [采集] 视频 7632818045987846010 采集回复 35 条，新增 0 条
2026-05-19 18:13:48 | INFO     | [采集] 视频 7635406935080662267 采集回复 12 条，新增 0 条
2026-05-19 18:13:51 | INFO     | [采集] 视频 7635743059422300913 采集回复 5 条，新增 0 条
2026-05-19 18:14:21 | INFO     | [采集] 视频 7636323966186272101 采集回复 52 条，新增 0 条
2026-05-19 18:14:28 | INFO     | [采集] 视频 7636715300976772729 采集回复 23 条，新增 0 条
2026-05-19 18:14:36 | INFO     | [采集] 视频 7637077144828541361 采集回复 23 条，新增 0 条
2026-05-19 18:15:24 | INFO     | [采集] 视频 7637442764778948081 采集回复 75 条，新增 0 条
2026-05-19 18:15:36 | INFO     | [存储] CSV 写入 13 条 → data/MS4wLjABAAAA2FYVN1jBWaTVasx7wXcsK0rCPfSYixt5-J1pUegQIbA/2026-05/7641576232551625701/replies.csv
2026-05-19 18:15:36 | INFO     | [存储] DB 写入 13 条 → replies
2026-05-19 18:15:36 | INFO     | [采集] 视频 7641576232551625701 采集回复 13 条，新增 13 条
2026-05-19 18:15:40 | INFO     | [存储] CSV 写入 8 条 → data/MS4wLjABAAAA2FYVN1jBWaTVasx7wXcsK0rCPfSYixt5-J1pUegQIbA/2026-05/7641590546306024549/replies.csv
2026-05-19 18:15:40 | INFO     | [存储] DB 写入 8 条 → replies
2026-05-19 18:15:40 | INFO     | [采集] 视频 7641590546306024549 采集回复 8 条，新增 8 条
2026-05-19 18:15:41 | INFO     | [采集] 开始 用户=MS4wLjABAAAAWKIRK91nF8hLjuza0KVRL50-lcfNlEPHocsF9hNYzCUag7n4BgIHQaERsfq_NiHR 类型=回复 评论=30 视频=9
2026-05-19 18:15:42 | INFO     | [Cookie] ✓ 验证通过，登录用户: 万年
2026-05-19 18:15:50 | INFO     | [采集] 视频 7607789805016011505 采集回复 14 条，新增 0 条
2026-05-19 18:15:57 | INFO     | [采集] 视频 7607867103055971003 采集回复 10 条，新增 0 条
2026-05-19 18:16:04 | INFO     | [采集] 视频 7611080635616436453 采集回复 15 条，新增 0 条
2026-05-19 18:16:06 | INFO     | [采集] 视频 7612352146415930105 采集回复 3 条，新增 0 条
2026-05-19 18:16:11 | INFO     | [采集] 视频 7612620171912133114 采集回复 6 条，新增 0 条
2026-05-19 18:16:16 | INFO     | [采集] 视频 7626667414588525541 采集回复 6 条，新增 0 条
2026-05-19 18:16:19 | INFO     | [采集] 视频 7634610238670478449 采集回复 1 条，新增 0 条
2026-05-19 18:16:23 | INFO     | [采集] 视频 7635491815739632113 采集回复 3 条，新增 0 条
2026-05-19 18:16:34 | INFO     | [采集] 视频 7636438485390804069 采集回复 19 条，新增 0 条
2026-05-19 18:16:35 | INFO     | [DB] SQLite 连接已关闭: data/MS4wLjABAAAA2FYVN1jBWaTVasx7wXcsK0rCPfSYixt5-J1pUegQIbA/sqlite.db
2026-05-19 18:16:35 | INFO     | [DB] SQLite 连接已关闭: data/MS4wLjABAAAAWKIRK91nF8hLjuza0KVRL50-lcfNlEPHocsF9hNYzCUag7n4BgIHQaERsfq_NiHR/sqlite.db
2026-05-19 18:16:35 | INFO     | [DB] SQLite 连接已关闭: data/MS4wLjABAAAA2FYVN1jBWaTVasx7wXcsK0rCPfSYixt5-J1pUegQIbA/sqlite.db
2026-05-19 18:16:35 | INFO     | [DB] SQLite 连接已关闭: data/MS4wLjABAAAAWKIRK91nF8hLjuza0KVRL50-lcfNlEPHocsF9hNYzCUag7n4BgIHQaERsfq_NiHR/sqlite.db
2026-05-19 18:16:35 | INFO     | [清理] 资源释放完成
