2026-05-08 17:23:46 | INFO     | [DB] SQLite 初始化完成: data/MS4wLjABAAAA2FYVN1jBWaTVasx7wXcsK0rCPfSYixt5-J1pUegQIbA/sqlite.db
2026-05-08 17:23:46 | INFO     | [采集] 开始 用户=MS4wLjABAAAA2FYVN1jBWaTVasx7wXcsK0rCPfSYixt5-J1pUegQIbA 类型=作品
2026-05-08 17:23:48 | INFO     | [Cookie] ✓ 验证通过，登录用户: 万年
2026-05-08 17:23:50 | DEBUG    | [采集] API 响应：aweme_list=18, has_more=1, max_cursor=1773055968000
2026-05-08 17:23:51 | INFO     | [存储] CSV 写入 1 条 → data/MS4wLjABAAAA2FYVN1jBWaTVasx7wXcsK0rCPfSYixt5-J1pUegQIbA/videos.csv
2026-05-08 17:23:51 | INFO     | [存储] DB 写入 1 条 → videos
2026-05-08 17:23:56 | INFO     | [DB] SQLite 初始化完成: data/MS4wLjABAAAAWKIRK91nF8hLjuza0KVRL50-lcfNlEPHocsF9hNYzCUag7n4BgIHQaERsfq_NiHR/sqlite.db
2026-05-08 17:23:56 | INFO     | [采集] 开始 用户=MS4wLjABAAAAWKIRK91nF8hLjuza0KVRL50-lcfNlEPHocsF9hNYzCUag7n4BgIHQaERsfq_NiHR 类型=作品
2026-05-08 17:23:58 | INFO     | [Cookie] ✓ 验证通过，登录用户: 万年
2026-05-08 17:23:59 | DEBUG    | [采集] API 响应：aweme_list=18, has_more=1, max_cursor=1766749449000
2026-05-08 17:24:00 | INFO     | [采集] 开始 用户=MS4wLjABAAAA2FYVN1jBWaTVasx7wXcsK0rCPfSYixt5-J1pUegQIbA 类型=评论 视频=10
2026-05-08 17:24:01 | INFO     | [Cookie] ✓ 验证通过，登录用户: 万年
2026-05-08 17:24:18 | INFO     | [存储] CSV 写入 1 条 → data/MS4wLjABAAAA2FYVN1jBWaTVasx7wXcsK0rCPfSYixt5-J1pUegQIbA/2026-04/7629651594590023163/comments.csv
2026-05-08 17:24:18 | INFO     | [存储] DB 写入 1 条 → comments
2026-05-08 17:24:18 | INFO     | [采集] 视频 7629651594590023163 采集评论 184 条，新增 1 条
2026-05-08 17:24:23 | INFO     | [采集] 视频 7631634541144461489 采集评论 52 条，新增 0 条
2026-05-08 17:24:28 | INFO     | [采集] 视频 7632013241091009201 采集评论 38 条，新增 0 条
2026-05-08 17:24:43 | INFO     | [存储] CSV 写入 1 条 → data/MS4wLjABAAAA2FYVN1jBWaTVasx7wXcsK0rCPfSYixt5-J1pUegQIbA/2026-04/7632818045987846010/comments.csv
2026-05-08 17:24:43 | INFO     | [存储] DB 写入 1 条 → comments
2026-05-08 17:24:43 | INFO     | [采集] 视频 7632818045987846010 采集评论 157 条，新增 1 条
2026-05-08 17:24:54 | INFO     | [采集] 视频 7635406935080662267 采集评论 110 条，新增 0 条
2026-05-08 17:25:02 | INFO     | [采集] 视频 7635743059422300913 采集评论 73 条，新增 0 条
2026-05-08 17:25:37 | INFO     | [存储] CSV 写入 11 条 → data/MS4wLjABAAAA2FYVN1jBWaTVasx7wXcsK0rCPfSYixt5-J1pUegQIbA/2026-05/7636323966186272101/comments.csv
2026-05-08 17:25:37 | INFO     | [存储] DB 写入 11 条 → comments
2026-05-08 17:25:37 | INFO     | [采集] 视频 7636323966186272101 采集评论 405 条，新增 11 条
2026-05-08 17:25:42 | INFO     | [存储] CSV 写入 1 条 → data/MS4wLjABAAAA2FYVN1jBWaTVasx7wXcsK0rCPfSYixt5-J1pUegQIbA/2026-05/7636715300976772729/comments.csv
2026-05-08 17:25:42 | INFO     | [存储] DB 写入 1 条 → comments
2026-05-08 17:25:42 | INFO     | [采集] 视频 7636715300976772729 采集评论 53 条，新增 1 条
2026-05-08 17:25:54 | INFO     | [存储] CSV 写入 15 条 → data/MS4wLjABAAAA2FYVN1jBWaTVasx7wXcsK0rCPfSYixt5-J1pUegQIbA/2026-05/7637077144828541361/comments.csv
2026-05-08 17:25:54 | INFO     | [存储] DB 写入 15 条 → comments
2026-05-08 17:25:54 | INFO     | [采集] 视频 7637077144828541361 采集评论 143 条，新增 15 条
2026-05-08 17:26:40 | INFO     | [存储] CSV 写入 529 条 → data/MS4wLjABAAAA2FYVN1jBWaTVasx7wXcsK0rCPfSYixt5-J1pUegQIbA/2026-05/7637442764778948081/comments.csv
2026-05-08 17:26:40 | INFO     | [存储] DB 写入 504 条 → comments
2026-05-08 17:26:40 | INFO     | [采集] 视频 7637442764778948081 采集评论 529 条，新增 529 条
2026-05-08 17:26:41 | INFO     | [采集] 开始 用户=MS4wLjABAAAAWKIRK91nF8hLjuza0KVRL50-lcfNlEPHocsF9hNYzCUag7n4BgIHQaERsfq_NiHR 类型=评论 视频=10
2026-05-08 17:26:43 | INFO     | [Cookie] ✓ 验证通过，登录用户: 万年
2026-05-08 17:26:49 | INFO     | [采集] 视频 7607789805016011505 采集评论 64 条，新增 0 条
2026-05-08 17:26:51 | INFO     | [采集] 视频 7607867103055971003 采集评论 20 条，新增 0 条
2026-05-08 17:26:58 | INFO     | [采集] 视频 7611080635616436453 采集评论 72 条，新增 0 条
2026-05-08 17:26:59 | INFO     | [采集] 视频 7612352146415930105 采集评论 12 条，新增 0 条
2026-05-08 17:27:02 | INFO     | [采集] 视频 7612620171912133114 采集评论 26 条，新增 0 条
2026-05-08 17:27:06 | INFO     | [采集] 视频 7622146667216092657 采集评论 25 条，新增 0 条
2026-05-08 17:27:11 | INFO     | [采集] 视频 7626667414588525541 采集评论 42 条，新增 0 条
2026-05-08 17:27:17 | INFO     | [采集] 视频 7634610238670478449 采集评论 57 条，新增 0 条
2026-05-08 17:27:20 | INFO     | [采集] 视频 7635491815739632113 采集评论 31 条，新增 0 条
2026-05-08 17:27:32 | INFO     | [存储] CSV 写入 6 条 → data/MS4wLjABAAAAWKIRK91nF8hLjuza0KVRL50-lcfNlEPHocsF9hNYzCUag7n4BgIHQaERsfq_NiHR/2026-05/7636438485390804069/comments.csv
2026-05-08 17:27:32 | INFO     | [存储] DB 写入 6 条 → comments
2026-05-08 17:27:32 | INFO     | [采集] 视频 7636438485390804069 采集评论 130 条，新增 6 条
2026-05-08 17:27:33 | INFO     | [采集] 开始 用户=MS4wLjABAAAA2FYVN1jBWaTVasx7wXcsK0rCPfSYixt5-J1pUegQIbA 类型=回复 评论=92 视频=10
2026-05-08 17:27:34 | INFO     | [Cookie] ✓ 验证通过，登录用户: 万年
2026-05-08 17:27:51 | INFO     | [采集] 视频 7629651594590023163 采集回复 35 条，新增 0 条
2026-05-08 17:28:00 | INFO     | [采集] 视频 7631634541144461489 采集回复 17 条，新增 0 条
2026-05-08 17:28:05 | INFO     | [采集] 视频 7632013241091009201 采集回复 9 条，新增 0 条
2026-05-08 17:28:17 | INFO     | [采集] 视频 7632818045987846010 采集回复 35 条，新增 0 条
2026-05-08 17:28:26 | INFO     | [采集] 视频 7635406935080662267 采集回复 12 条，新增 0 条
2026-05-08 17:28:30 | INFO     | [采集] 视频 7635743059422300913 采集回复 5 条，新增 0 条
2026-05-08 17:29:10 | INFO     | [采集] 视频 7636323966186272101 采集回复 52 条，新增 0 条
2026-05-08 17:29:18 | INFO     | [存储] CSV 写入 1 条 → data/MS4wLjABAAAA2FYVN1jBWaTVasx7wXcsK0rCPfSYixt5-J1pUegQIbA/2026-05/7636715300976772729/replies.csv
2026-05-08 17:29:18 | INFO     | [存储] DB 写入 1 条 → replies
2026-05-08 17:29:18 | INFO     | [采集] 视频 7636715300976772729 采集回复 22 条，新增 1 条
2026-05-08 17:29:27 | INFO     | [存储] CSV 写入 1 条 → data/MS4wLjABAAAA2FYVN1jBWaTVasx7wXcsK0rCPfSYixt5-J1pUegQIbA/2026-05/7637077144828541361/replies.csv
2026-05-08 17:29:27 | INFO     | [存储] DB 写入 1 条 → replies
2026-05-08 17:29:27 | INFO     | [采集] 视频 7637077144828541361 采集回复 22 条，新增 1 条
2026-05-08 17:30:12 | INFO     | [存储] CSV 写入 64 条 → data/MS4wLjABAAAA2FYVN1jBWaTVasx7wXcsK0rCPfSYixt5-J1pUegQIbA/2026-05/7637442764778948081/replies.csv
2026-05-08 17:30:12 | INFO     | [存储] DB 写入 56 条 → replies
2026-05-08 17:30:12 | INFO     | [采集] 视频 7637442764778948081 采集回复 64 条，新增 64 条
2026-05-08 17:30:14 | INFO     | [采集] 开始 用户=MS4wLjABAAAAWKIRK91nF8hLjuza0KVRL50-lcfNlEPHocsF9hNYzCUag7n4BgIHQaERsfq_NiHR 类型=回复 评论=30 视频=9
2026-05-08 17:30:16 | INFO     | [Cookie] ✓ 验证通过，登录用户: 万年
2026-05-08 17:30:23 | INFO     | [采集] 视频 7607789805016011505 采集回复 14 条，新增 0 条
2026-05-08 17:30:30 | INFO     | [采集] 视频 7607867103055971003 采集回复 10 条，新增 0 条
2026-05-08 17:30:38 | INFO     | [采集] 视频 7611080635616436453 采集回复 15 条，新增 0 条
2026-05-08 17:30:41 | INFO     | [采集] 视频 7612352146415930105 采集回复 3 条，新增 0 条
2026-05-08 17:30:46 | INFO     | [采集] 视频 7612620171912133114 采集回复 6 条，新增 0 条
2026-05-08 17:30:52 | INFO     | [采集] 视频 7626667414588525541 采集回复 6 条，新增 0 条
2026-05-08 17:30:54 | INFO     | [采集] 视频 7634610238670478449 采集回复 1 条，新增 0 条
2026-05-08 17:30:59 | INFO     | [采集] 视频 7635491815739632113 采集回复 3 条，新增 0 条
2026-05-08 17:31:12 | INFO     | [存储] CSV 写入 1 条 → data/MS4wLjABAAAAWKIRK91nF8hLjuza0KVRL50-lcfNlEPHocsF9hNYzCUag7n4BgIHQaERsfq_NiHR/2026-05/7636438485390804069/replies.csv
2026-05-08 17:31:12 | INFO     | [存储] DB 写入 1 条 → replies
2026-05-08 17:31:12 | INFO     | [采集] 视频 7636438485390804069 采集回复 19 条，新增 1 条
2026-05-08 17:31:13 | INFO     | [DB] SQLite 连接已关闭: data/MS4wLjABAAAA2FYVN1jBWaTVasx7wXcsK0rCPfSYixt5-J1pUegQIbA/sqlite.db
2026-05-08 17:31:13 | INFO     | [DB] SQLite 连接已关闭: data/MS4wLjABAAAAWKIRK91nF8hLjuza0KVRL50-lcfNlEPHocsF9hNYzCUag7n4BgIHQaERsfq_NiHR/sqlite.db
2026-05-08 17:31:13 | INFO     | [DB] SQLite 连接已关闭: data/MS4wLjABAAAA2FYVN1jBWaTVasx7wXcsK0rCPfSYixt5-J1pUegQIbA/sqlite.db
2026-05-08 17:31:13 | INFO     | [DB] SQLite 连接已关闭: data/MS4wLjABAAAAWKIRK91nF8hLjuza0KVRL50-lcfNlEPHocsF9hNYzCUag7n4BgIHQaERsfq_NiHR/sqlite.db
2026-05-08 17:31:13 | INFO     | [清理] 资源释放完成
