2026-05-28 18:38:51 | INFO     | [DB] SQLite 初始化完成: data/MS4wLjABAAAA2FYVN1jBWaTVasx7wXcsK0rCPfSYixt5-J1pUegQIbA/sqlite.db
2026-05-28 18:38:51 | INFO     | [采集] 开始 用户=MS4wLjABAAAA2FYVN1jBWaTVasx7wXcsK0rCPfSYixt5-J1pUegQIbA 类型=作品
2026-05-28 18:38:54 | INFO     | [Cookie] ✓ 验证通过，登录用户: 万年
2026-05-28 18:38:56 | DEBUG    | [采集] API 响应：aweme_list=18, has_more=1, max_cursor=1774909842000
2026-05-28 18:39:01 | INFO     | [DB] SQLite 初始化完成: data/MS4wLjABAAAAWKIRK91nF8hLjuza0KVRL50-lcfNlEPHocsF9hNYzCUag7n4BgIHQaERsfq_NiHR/sqlite.db
2026-05-28 18:39:01 | INFO     | [采集] 开始 用户=MS4wLjABAAAAWKIRK91nF8hLjuza0KVRL50-lcfNlEPHocsF9hNYzCUag7n4BgIHQaERsfq_NiHR 类型=作品
2026-05-28 18:39:04 | INFO     | [Cookie] ✓ 验证通过，登录用户: 万年
2026-05-28 18:39:06 | DEBUG    | [采集] API 响应：aweme_list=18, has_more=1, max_cursor=1767717648000
2026-05-28 18:39:07 | INFO     | [采集] 开始 用户=MS4wLjABAAAA2FYVN1jBWaTVasx7wXcsK0rCPfSYixt5-J1pUegQIbA 类型=评论 视频=10
2026-05-28 18:39:08 | INFO     | [Cookie] ✓ 验证通过，登录用户: 万年
2026-05-28 18:39:19 | INFO     | [采集] 视频 7635406935080662267 采集评论 110 条，新增 0 条
2026-05-28 18:39:26 | INFO     | [采集] 视频 7635743059422300913 采集评论 72 条，新增 0 条
2026-05-28 18:40:08 | INFO     | [存储] CSV 写入 3 条 → data/MS4wLjABAAAA2FYVN1jBWaTVasx7wXcsK0rCPfSYixt5-J1pUegQIbA/2026-05/7636323966186272101/comments.csv
2026-05-28 18:40:08 | INFO     | [存储] DB 写入 3 条 → comments
2026-05-28 18:40:08 | INFO     | [采集] 视频 7636323966186272101 采集评论 448 条，新增 3 条
2026-05-28 18:40:16 | INFO     | [采集] 视频 7636715300976772729 采集评论 56 条，新增 0 条
2026-05-28 18:40:30 | INFO     | [采集] 视频 7637077144828541361 采集评论 158 条，新增 0 条
2026-05-28 18:41:49 | INFO     | [存储] CSV 写入 1 条 → data/MS4wLjABAAAA2FYVN1jBWaTVasx7wXcsK0rCPfSYixt5-J1pUegQIbA/2026-05/7637442764778948081/comments.csv
2026-05-28 18:41:49 | INFO     | [存储] DB 写入 1 条 → comments
2026-05-28 18:41:49 | INFO     | [采集] 视频 7637442764778948081 采集评论 894 条，新增 1 条
2026-05-28 18:42:00 | INFO     | [采集] 视频 7641576232551625701 采集评论 97 条，新增 0 条
2026-05-28 18:42:08 | INFO     | [存储] CSV 写入 1 条 → data/MS4wLjABAAAA2FYVN1jBWaTVasx7wXcsK0rCPfSYixt5-J1pUegQIbA/2026-05/7641590546306024549/comments.csv
2026-05-28 18:42:08 | INFO     | [存储] DB 写入 1 条 → comments
2026-05-28 18:42:08 | INFO     | [采集] 视频 7641590546306024549 采集评论 77 条，新增 1 条
2026-05-28 18:42:15 | INFO     | [存储] CSV 写入 1 条 → data/MS4wLjABAAAA2FYVN1jBWaTVasx7wXcsK0rCPfSYixt5-J1pUegQIbA/2026-05/7641715202468060145/comments.csv
2026-05-28 18:42:15 | INFO     | [存储] DB 写入 1 条 → comments
2026-05-28 18:42:15 | INFO     | [采集] 视频 7641715202468060145 采集评论 61 条，新增 1 条
2026-05-28 18:42:22 | INFO     | [存储] CSV 写入 8 条 → data/MS4wLjABAAAA2FYVN1jBWaTVasx7wXcsK0rCPfSYixt5-J1pUegQIbA/2026-05/7644474619680304241/comments.csv
2026-05-28 18:42:22 | INFO     | [存储] DB 写入 8 条 → comments
2026-05-28 18:42:22 | INFO     | [采集] 视频 7644474619680304241 采集评论 71 条，新增 8 条
2026-05-28 18:42:23 | INFO     | [采集] 开始 用户=MS4wLjABAAAAWKIRK91nF8hLjuza0KVRL50-lcfNlEPHocsF9hNYzCUag7n4BgIHQaERsfq_NiHR 类型=评论 视频=10
2026-05-28 18:42:25 | INFO     | [Cookie] ✓ 验证通过，登录用户: 万年
2026-05-28 18:42:31 | INFO     | [采集] 视频 7611080635616436453 采集评论 73 条，新增 0 条
2026-05-28 18:42:32 | INFO     | [采集] 视频 7612352146415930105 采集评论 12 条，新增 0 条
2026-05-28 18:42:35 | INFO     | [采集] 视频 7612620171912133114 采集评论 26 条，新增 0 条
2026-05-28 18:42:38 | INFO     | [采集] 视频 7622146667216092657 采集评论 25 条，新增 0 条
2026-05-28 18:42:42 | INFO     | [采集] 视频 7626667414588525541 采集评论 42 条，新增 0 条
2026-05-28 18:42:49 | INFO     | [采集] 视频 7634610238670478449 采集评论 58 条，新增 0 条
2026-05-28 18:42:52 | INFO     | [采集] 视频 7635491815739632113 采集评论 32 条，新增 0 条
2026-05-28 18:43:08 | INFO     | [采集] 视频 7636438485390804069 采集评论 146 条，新增 0 条
2026-05-28 18:43:10 | INFO     | [采集] 视频 7641891220142813434 采集评论 16 条，新增 0 条
2026-05-28 18:43:14 | INFO     | [存储] CSV 写入 1 条 → data/MS4wLjABAAAAWKIRK91nF8hLjuza0KVRL50-lcfNlEPHocsF9hNYzCUag7n4BgIHQaERsfq_NiHR/2026-05/7642426607324280805/comments.csv
2026-05-28 18:43:14 | INFO     | [存储] DB 写入 1 条 → comments
2026-05-28 18:43:14 | INFO     | [采集] 视频 7642426607324280805 采集评论 39 条，新增 1 条
2026-05-28 18:43:16 | INFO     | [采集] 开始 用户=MS4wLjABAAAA2FYVN1jBWaTVasx7wXcsK0rCPfSYixt5-J1pUegQIbA 类型=回复 评论=96 视频=10
2026-05-28 18:43:17 | INFO     | [Cookie] ✓ 验证通过，登录用户: 万年
2026-05-28 18:43:26 | INFO     | [采集] 视频 7635406935080662267 采集回复 12 条，新增 0 条
2026-05-28 18:43:31 | INFO     | [采集] 视频 7635743059422300913 采集回复 5 条，新增 0 条
2026-05-28 18:44:05 | INFO     | [采集] 视频 7636323966186272101 采集回复 52 条，新增 0 条
2026-05-28 18:44:12 | INFO     | [采集] 视频 7636715300976772729 采集回复 24 条，新增 0 条
2026-05-28 18:44:21 | INFO     | [采集] 视频 7637077144828541361 采集回复 23 条，新增 0 条
2026-05-28 18:45:16 | INFO     | [采集] 视频 7637442764778948081 采集回复 75 条，新增 0 条
2026-05-28 18:45:29 | INFO     | [采集] 视频 7641576232551625701 采集回复 17 条，新增 0 条
2026-05-28 18:45:34 | INFO     | [采集] 视频 7641590546306024549 采集回复 18 条，新增 0 条
2026-05-28 18:45:45 | INFO     | [采集] 视频 7641715202468060145 采集回复 32 条，新增 0 条
2026-05-28 18:46:03 | INFO     | [存储] CSV 写入 3 条 → data/MS4wLjABAAAA2FYVN1jBWaTVasx7wXcsK0rCPfSYixt5-J1pUegQIbA/2026-05/7644474619680304241/replies.csv
2026-05-28 18:46:03 | INFO     | [存储] DB 写入 3 条 → replies
2026-05-28 18:46:03 | INFO     | [采集] 视频 7644474619680304241 采集回复 19 条，新增 3 条
2026-05-28 18:46:04 | INFO     | [采集] 开始 用户=MS4wLjABAAAAWKIRK91nF8hLjuza0KVRL50-lcfNlEPHocsF9hNYzCUag7n4BgIHQaERsfq_NiHR 类型=回复 评论=22 视频=8
2026-05-28 18:46:05 | INFO     | [Cookie] ✓ 验证通过，登录用户: 万年
2026-05-28 18:46:12 | INFO     | [采集] 视频 7611080635616436453 采集回复 15 条，新增 0 条
2026-05-28 18:46:15 | INFO     | [采集] 视频 7612352146415930105 采集回复 3 条，新增 0 条
2026-05-28 18:46:21 | INFO     | [采集] 视频 7612620171912133114 采集回复 6 条，新增 0 条
2026-05-28 18:46:27 | INFO     | [采集] 视频 7626667414588525541 采集回复 6 条，新增 0 条
2026-05-28 18:46:30 | INFO     | [采集] 视频 7634610238670478449 采集回复 1 条，新增 0 条
2026-05-28 18:46:34 | INFO     | [采集] 视频 7635491815739632113 采集回复 3 条，新增 0 条
2026-05-28 18:46:45 | INFO     | [采集] 视频 7636438485390804069 采集回复 20 条，新增 0 条
2026-05-28 18:46:47 | INFO     | [采集] 视频 7642426607324280805 采集回复 2 条，新增 0 条
2026-05-28 18:46:48 | INFO     | [DB] SQLite 连接已关闭: data/MS4wLjABAAAA2FYVN1jBWaTVasx7wXcsK0rCPfSYixt5-J1pUegQIbA/sqlite.db
2026-05-28 18:46:48 | INFO     | [DB] SQLite 连接已关闭: data/MS4wLjABAAAAWKIRK91nF8hLjuza0KVRL50-lcfNlEPHocsF9hNYzCUag7n4BgIHQaERsfq_NiHR/sqlite.db
2026-05-28 18:46:48 | INFO     | [DB] SQLite 连接已关闭: data/MS4wLjABAAAA2FYVN1jBWaTVasx7wXcsK0rCPfSYixt5-J1pUegQIbA/sqlite.db
2026-05-28 18:46:48 | INFO     | [DB] SQLite 连接已关闭: data/MS4wLjABAAAAWKIRK91nF8hLjuza0KVRL50-lcfNlEPHocsF9hNYzCUag7n4BgIHQaERsfq_NiHR/sqlite.db
2026-05-28 18:46:48 | INFO     | [清理] 资源释放完成
