2026-05-27 18:29:14 | INFO     | [DB] SQLite 初始化完成: data/MS4wLjABAAAA2FYVN1jBWaTVasx7wXcsK0rCPfSYixt5-J1pUegQIbA/sqlite.db
2026-05-27 18:29:14 | INFO     | [采集] 开始 用户=MS4wLjABAAAA2FYVN1jBWaTVasx7wXcsK0rCPfSYixt5-J1pUegQIbA 类型=作品
2026-05-27 18:29:16 | INFO     | [Cookie] ✓ 验证通过，登录用户: 万年
2026-05-27 18:29:18 | DEBUG    | [采集] API 响应：aweme_list=18, has_more=1, max_cursor=1774909842000
2026-05-27 18:29:19 | INFO     | [存储] CSV 写入 1 条 → data/MS4wLjABAAAA2FYVN1jBWaTVasx7wXcsK0rCPfSYixt5-J1pUegQIbA/videos.csv
2026-05-27 18:29:19 | INFO     | [存储] DB 写入 1 条 → videos
2026-05-27 18:29:24 | INFO     | [DB] SQLite 初始化完成: data/MS4wLjABAAAAWKIRK91nF8hLjuza0KVRL50-lcfNlEPHocsF9hNYzCUag7n4BgIHQaERsfq_NiHR/sqlite.db
2026-05-27 18:29:24 | INFO     | [采集] 开始 用户=MS4wLjABAAAAWKIRK91nF8hLjuza0KVRL50-lcfNlEPHocsF9hNYzCUag7n4BgIHQaERsfq_NiHR 类型=作品
2026-05-27 18:29:26 | INFO     | [Cookie] ✓ 验证通过，登录用户: 万年
2026-05-27 18:29:28 | DEBUG    | [采集] API 响应：aweme_list=18, has_more=1, max_cursor=1767717648000
2026-05-27 18:29:29 | INFO     | [采集] 开始 用户=MS4wLjABAAAA2FYVN1jBWaTVasx7wXcsK0rCPfSYixt5-J1pUegQIbA 类型=评论 视频=10
2026-05-27 18:29:31 | INFO     | [Cookie] ✓ 验证通过，登录用户: 万年
2026-05-27 18:29:42 | INFO     | [采集] 视频 7635406935080662267 采集评论 110 条，新增 0 条
2026-05-27 18:29:49 | INFO     | [采集] 视频 7635743059422300913 采集评论 72 条，新增 0 条
2026-05-27 18:30:32 | INFO     | [存储] CSV 写入 1 条 → data/MS4wLjABAAAA2FYVN1jBWaTVasx7wXcsK0rCPfSYixt5-J1pUegQIbA/2026-05/7636323966186272101/comments.csv
2026-05-27 18:30:32 | INFO     | [存储] DB 写入 1 条 → comments
2026-05-27 18:30:32 | INFO     | [采集] 视频 7636323966186272101 采集评论 445 条，新增 1 条
2026-05-27 18:30:38 | INFO     | [采集] 视频 7636715300976772729 采集评论 56 条，新增 0 条
2026-05-27 18:30:52 | INFO     | [采集] 视频 7637077144828541361 采集评论 158 条，新增 0 条
2026-05-27 18:32:13 | INFO     | [存储] CSV 写入 1 条 → data/MS4wLjABAAAA2FYVN1jBWaTVasx7wXcsK0rCPfSYixt5-J1pUegQIbA/2026-05/7637442764778948081/comments.csv
2026-05-27 18:32:13 | INFO     | [存储] DB 写入 1 条 → comments
2026-05-27 18:32:13 | INFO     | [采集] 视频 7637442764778948081 采集评论 893 条，新增 1 条
2026-05-27 18:32:23 | INFO     | [采集] 视频 7641576232551625701 采集评论 97 条，新增 0 条
2026-05-27 18:32:31 | INFO     | [采集] 视频 7641590546306024549 采集评论 76 条，新增 0 条
2026-05-27 18:32:38 | INFO     | [采集] 视频 7641715202468060145 采集评论 60 条，新增 0 条
2026-05-27 18:32:44 | INFO     | [存储] CSV 写入 63 条 → data/MS4wLjABAAAA2FYVN1jBWaTVasx7wXcsK0rCPfSYixt5-J1pUegQIbA/2026-05/7644474619680304241/comments.csv
2026-05-27 18:32:44 | INFO     | [存储] DB 写入 63 条 → comments
2026-05-27 18:32:44 | INFO     | [采集] 视频 7644474619680304241 采集评论 63 条，新增 63 条
2026-05-27 18:32:46 | INFO     | [采集] 开始 用户=MS4wLjABAAAAWKIRK91nF8hLjuza0KVRL50-lcfNlEPHocsF9hNYzCUag7n4BgIHQaERsfq_NiHR 类型=评论 视频=10
2026-05-27 18:32:48 | INFO     | [Cookie] ✓ 验证通过，登录用户: 万年
2026-05-27 18:32:56 | INFO     | [采集] 视频 7611080635616436453 采集评论 73 条，新增 0 条
2026-05-27 18:32:58 | INFO     | [采集] 视频 7612352146415930105 采集评论 12 条，新增 0 条
2026-05-27 18:33:00 | INFO     | [采集] 视频 7612620171912133114 采集评论 26 条，新增 0 条
2026-05-27 18:33:03 | INFO     | [采集] 视频 7622146667216092657 采集评论 25 条，新增 0 条
2026-05-27 18:33:08 | INFO     | [采集] 视频 7626667414588525541 采集评论 42 条，新增 0 条
2026-05-27 18:33:15 | INFO     | [采集] 视频 7634610238670478449 采集评论 58 条，新增 0 条
2026-05-27 18:33:18 | INFO     | [采集] 视频 7635491815739632113 采集评论 32 条，新增 0 条
2026-05-27 18:33:32 | INFO     | [存储] CSV 写入 1 条 → data/MS4wLjABAAAAWKIRK91nF8hLjuza0KVRL50-lcfNlEPHocsF9hNYzCUag7n4BgIHQaERsfq_NiHR/2026-05/7636438485390804069/comments.csv
2026-05-27 18:33:32 | INFO     | [存储] DB 写入 1 条 → comments
2026-05-27 18:33:32 | INFO     | [采集] 视频 7636438485390804069 采集评论 146 条，新增 1 条
2026-05-27 18:33:34 | INFO     | [采集] 视频 7641891220142813434 采集评论 16 条，新增 0 条
2026-05-27 18:33:39 | INFO     | [存储] CSV 写入 1 条 → data/MS4wLjABAAAAWKIRK91nF8hLjuza0KVRL50-lcfNlEPHocsF9hNYzCUag7n4BgIHQaERsfq_NiHR/2026-05/7642426607324280805/comments.csv
2026-05-27 18:33:39 | INFO     | [存储] DB 写入 1 条 → comments
2026-05-27 18:33:39 | INFO     | [采集] 视频 7642426607324280805 采集评论 38 条，新增 1 条
2026-05-27 18:33:40 | INFO     | [采集] 开始 用户=MS4wLjABAAAA2FYVN1jBWaTVasx7wXcsK0rCPfSYixt5-J1pUegQIbA 类型=回复 评论=96 视频=10
2026-05-27 18:33:41 | INFO     | [Cookie] ✓ 验证通过，登录用户: 万年
2026-05-27 18:33:50 | INFO     | [采集] 视频 7635406935080662267 采集回复 12 条，新增 0 条
2026-05-27 18:33:54 | INFO     | [采集] 视频 7635743059422300913 采集回复 5 条，新增 0 条
2026-05-27 18:34:25 | INFO     | [采集] 视频 7636323966186272101 采集回复 52 条，新增 0 条
2026-05-27 18:34:34 | INFO     | [采集] 视频 7636715300976772729 采集回复 24 条，新增 0 条
2026-05-27 18:34:43 | INFO     | [采集] 视频 7637077144828541361 采集回复 23 条，新增 0 条
2026-05-27 18:35:35 | INFO     | [采集] 视频 7637442764778948081 采集回复 75 条，新增 0 条
2026-05-27 18:35:47 | INFO     | [采集] 视频 7641576232551625701 采集回复 17 条，新增 0 条
2026-05-27 18:35:52 | INFO     | [采集] 视频 7641590546306024549 采集回复 18 条，新增 0 条
2026-05-27 18:36:03 | INFO     | [采集] 视频 7641715202468060145 采集回复 32 条，新增 0 条
2026-05-27 18:36:18 | INFO     | [存储] CSV 写入 16 条 → data/MS4wLjABAAAA2FYVN1jBWaTVasx7wXcsK0rCPfSYixt5-J1pUegQIbA/2026-05/7644474619680304241/replies.csv
2026-05-27 18:36:18 | INFO     | [存储] DB 写入 16 条 → replies
2026-05-27 18:36:18 | INFO     | [采集] 视频 7644474619680304241 采集回复 16 条，新增 16 条
2026-05-27 18:36:19 | INFO     | [采集] 开始 用户=MS4wLjABAAAAWKIRK91nF8hLjuza0KVRL50-lcfNlEPHocsF9hNYzCUag7n4BgIHQaERsfq_NiHR 类型=回复 评论=22 视频=8
2026-05-27 18:36:21 | INFO     | [Cookie] ✓ 验证通过，登录用户: 万年
2026-05-27 18:36:26 | INFO     | [采集] 视频 7611080635616436453 采集回复 15 条，新增 0 条
2026-05-27 18:36:29 | INFO     | [采集] 视频 7612352146415930105 采集回复 3 条，新增 0 条
2026-05-27 18:36:35 | INFO     | [采集] 视频 7612620171912133114 采集回复 6 条，新增 0 条
2026-05-27 18:36:41 | INFO     | [采集] 视频 7626667414588525541 采集回复 6 条，新增 0 条
2026-05-27 18:36:44 | INFO     | [采集] 视频 7634610238670478449 采集回复 1 条，新增 0 条
2026-05-27 18:36:48 | INFO     | [采集] 视频 7635491815739632113 采集回复 3 条，新增 0 条
2026-05-27 18:37:00 | INFO     | [采集] 视频 7636438485390804069 采集回复 20 条，新增 0 条
2026-05-27 18:37:02 | INFO     | [采集] 视频 7642426607324280805 采集回复 2 条，新增 0 条
2026-05-27 18:37:03 | INFO     | [DB] SQLite 连接已关闭: data/MS4wLjABAAAA2FYVN1jBWaTVasx7wXcsK0rCPfSYixt5-J1pUegQIbA/sqlite.db
2026-05-27 18:37:03 | INFO     | [DB] SQLite 连接已关闭: data/MS4wLjABAAAAWKIRK91nF8hLjuza0KVRL50-lcfNlEPHocsF9hNYzCUag7n4BgIHQaERsfq_NiHR/sqlite.db
2026-05-27 18:37:03 | INFO     | [DB] SQLite 连接已关闭: data/MS4wLjABAAAA2FYVN1jBWaTVasx7wXcsK0rCPfSYixt5-J1pUegQIbA/sqlite.db
2026-05-27 18:37:03 | INFO     | [DB] SQLite 连接已关闭: data/MS4wLjABAAAAWKIRK91nF8hLjuza0KVRL50-lcfNlEPHocsF9hNYzCUag7n4BgIHQaERsfq_NiHR/sqlite.db
2026-05-27 18:37:03 | INFO     | [清理] 资源释放完成
