2026-05-07 17:51:11 | INFO     | [DB] SQLite 初始化完成: data/MS4wLjABAAAA2FYVN1jBWaTVasx7wXcsK0rCPfSYixt5-J1pUegQIbA/sqlite.db
2026-05-07 17:51:11 | INFO     | [采集] 开始 用户=MS4wLjABAAAA2FYVN1jBWaTVasx7wXcsK0rCPfSYixt5-J1pUegQIbA 类型=作品
2026-05-07 17:51:14 | INFO     | [Cookie] ✓ 验证通过，登录用户: 万年
2026-05-07 17:51:16 | DEBUG    | [采集] API 响应：aweme_list=18, has_more=1, max_cursor=1772528893000
2026-05-07 17:51:17 | INFO     | [存储] CSV 写入 1 条 → data/MS4wLjABAAAA2FYVN1jBWaTVasx7wXcsK0rCPfSYixt5-J1pUegQIbA/videos.csv
2026-05-07 17:51:17 | INFO     | [存储] DB 写入 1 条 → videos
2026-05-07 17:51:22 | INFO     | [DB] SQLite 初始化完成: data/MS4wLjABAAAAWKIRK91nF8hLjuza0KVRL50-lcfNlEPHocsF9hNYzCUag7n4BgIHQaERsfq_NiHR/sqlite.db
2026-05-07 17:51:22 | INFO     | [采集] 开始 用户=MS4wLjABAAAAWKIRK91nF8hLjuza0KVRL50-lcfNlEPHocsF9hNYzCUag7n4BgIHQaERsfq_NiHR 类型=作品
2026-05-07 17:51:24 | INFO     | [Cookie] ✓ 验证通过，登录用户: 万年
2026-05-07 17:51:25 | DEBUG    | [采集] API 响应：aweme_list=18, has_more=1, max_cursor=1766749449000
2026-05-07 17:51:26 | INFO     | [采集] 开始 用户=MS4wLjABAAAA2FYVN1jBWaTVasx7wXcsK0rCPfSYixt5-J1pUegQIbA 类型=评论 视频=10
2026-05-07 17:51:27 | INFO     | [Cookie] ✓ 验证通过，登录用户: 万年
2026-05-07 17:51:35 | INFO     | [采集] 视频 7627558294349234875 采集评论 107 条，新增 0 条
2026-05-07 17:51:52 | INFO     | [采集] 视频 7629651594590023163 采集评论 183 条，新增 0 条
2026-05-07 17:51:57 | INFO     | [采集] 视频 7631634541144461489 采集评论 52 条，新增 0 条
2026-05-07 17:52:01 | INFO     | [采集] 视频 7632013241091009201 采集评论 38 条，新增 0 条
2026-05-07 17:52:14 | INFO     | [存储] CSV 写入 1 条 → data/MS4wLjABAAAA2FYVN1jBWaTVasx7wXcsK0rCPfSYixt5-J1pUegQIbA/2026-04/7632818045987846010/comments.csv
2026-05-07 17:52:14 | INFO     | [存储] DB 写入 1 条 → comments
2026-05-07 17:52:14 | INFO     | [采集] 视频 7632818045987846010 采集评论 156 条，新增 1 条
2026-05-07 17:52:24 | INFO     | [存储] CSV 写入 3 条 → data/MS4wLjABAAAA2FYVN1jBWaTVasx7wXcsK0rCPfSYixt5-J1pUegQIbA/2026-05/7635406935080662267/comments.csv
2026-05-07 17:52:24 | INFO     | [存储] DB 写入 3 条 → comments
2026-05-07 17:52:24 | INFO     | [采集] 视频 7635406935080662267 采集评论 110 条，新增 3 条
2026-05-07 17:52:32 | INFO     | [存储] CSV 写入 1 条 → data/MS4wLjABAAAA2FYVN1jBWaTVasx7wXcsK0rCPfSYixt5-J1pUegQIbA/2026-05/7635743059422300913/comments.csv
2026-05-07 17:52:32 | INFO     | [存储] DB 写入 1 条 → comments
2026-05-07 17:52:32 | INFO     | [采集] 视频 7635743059422300913 采集评论 73 条，新增 1 条
2026-05-07 17:53:06 | INFO     | [存储] CSV 写入 7 条 → data/MS4wLjABAAAA2FYVN1jBWaTVasx7wXcsK0rCPfSYixt5-J1pUegQIbA/2026-05/7636323966186272101/comments.csv
2026-05-07 17:53:06 | INFO     | [存储] DB 写入 7 条 → comments
2026-05-07 17:53:06 | INFO     | [采集] 视频 7636323966186272101 采集评论 395 条，新增 7 条
2026-05-07 17:53:11 | INFO     | [存储] CSV 写入 44 条 → data/MS4wLjABAAAA2FYVN1jBWaTVasx7wXcsK0rCPfSYixt5-J1pUegQIbA/2026-05/7636715300976772729/comments.csv
2026-05-07 17:53:11 | INFO     | [存储] DB 写入 44 条 → comments
2026-05-07 17:53:11 | INFO     | [采集] 视频 7636715300976772729 采集评论 53 条，新增 44 条
2026-05-07 17:53:22 | INFO     | [存储] CSV 写入 129 条 → data/MS4wLjABAAAA2FYVN1jBWaTVasx7wXcsK0rCPfSYixt5-J1pUegQIbA/2026-05/7637077144828541361/comments.csv
2026-05-07 17:53:22 | INFO     | [存储] DB 写入 129 条 → comments
2026-05-07 17:53:22 | INFO     | [采集] 视频 7637077144828541361 采集评论 129 条，新增 129 条
2026-05-07 17:53:23 | INFO     | [采集] 开始 用户=MS4wLjABAAAAWKIRK91nF8hLjuza0KVRL50-lcfNlEPHocsF9hNYzCUag7n4BgIHQaERsfq_NiHR 类型=评论 视频=10
2026-05-07 17:53:25 | INFO     | [Cookie] ✓ 验证通过，登录用户: 万年
2026-05-07 17:53:30 | INFO     | [采集] 视频 7607789805016011505 采集评论 64 条，新增 0 条
2026-05-07 17:53:33 | INFO     | [采集] 视频 7607867103055971003 采集评论 20 条，新增 0 条
2026-05-07 17:53:38 | INFO     | [采集] 视频 7611080635616436453 采集评论 72 条，新增 0 条
2026-05-07 17:53:39 | INFO     | [采集] 视频 7612352146415930105 采集评论 12 条，新增 0 条
2026-05-07 17:53:43 | INFO     | [采集] 视频 7612620171912133114 采集评论 26 条，新增 0 条
2026-05-07 17:53:46 | INFO     | [采集] 视频 7622146667216092657 采集评论 25 条，新增 0 条
2026-05-07 17:53:50 | INFO     | [采集] 视频 7626667414588525541 采集评论 42 条，新增 0 条
2026-05-07 17:53:56 | INFO     | [存储] CSV 写入 1 条 → data/MS4wLjABAAAAWKIRK91nF8hLjuza0KVRL50-lcfNlEPHocsF9hNYzCUag7n4BgIHQaERsfq_NiHR/2026-05/7634610238670478449/comments.csv
2026-05-07 17:53:56 | INFO     | [存储] DB 写入 1 条 → comments
2026-05-07 17:53:56 | INFO     | [采集] 视频 7634610238670478449 采集评论 57 条，新增 1 条
2026-05-07 17:53:59 | INFO     | [采集] 视频 7635491815739632113 采集评论 31 条，新增 0 条
2026-05-07 17:54:11 | INFO     | [存储] CSV 写入 7 条 → data/MS4wLjABAAAAWKIRK91nF8hLjuza0KVRL50-lcfNlEPHocsF9hNYzCUag7n4BgIHQaERsfq_NiHR/2026-05/7636438485390804069/comments.csv
2026-05-07 17:54:11 | INFO     | [存储] DB 写入 7 条 → comments
2026-05-07 17:54:11 | INFO     | [采集] 视频 7636438485390804069 采集评论 130 条，新增 7 条
2026-05-07 17:54:11 | INFO     | [采集] 开始 用户=MS4wLjABAAAA2FYVN1jBWaTVasx7wXcsK0rCPfSYixt5-J1pUegQIbA 类型=回复 评论=79 视频=10
2026-05-07 17:54:12 | INFO     | [Cookie] ✓ 验证通过，登录用户: 万年
2026-05-07 17:54:34 | INFO     | [采集] 视频 7627558294349234875 采集回复 49 条，新增 0 条
2026-05-07 17:54:52 | INFO     | [采集] 视频 7629651594590023163 采集回复 35 条，新增 0 条
2026-05-07 17:55:00 | INFO     | [采集] 视频 7631634541144461489 采集回复 17 条，新增 0 条
2026-05-07 17:55:05 | INFO     | [采集] 视频 7632013241091009201 采集回复 9 条，新增 0 条
2026-05-07 17:55:16 | INFO     | [采集] 视频 7632818045987846010 采集回复 35 条，新增 0 条
2026-05-07 17:55:26 | INFO     | [采集] 视频 7635406935080662267 采集回复 12 条，新增 0 条
2026-05-07 17:55:30 | INFO     | [存储] CSV 写入 1 条 → data/MS4wLjABAAAA2FYVN1jBWaTVasx7wXcsK0rCPfSYixt5-J1pUegQIbA/2026-05/7635743059422300913/replies.csv
2026-05-07 17:55:30 | INFO     | [存储] DB 写入 1 条 → replies
2026-05-07 17:55:30 | INFO     | [采集] 视频 7635743059422300913 采集回复 5 条，新增 1 条
2026-05-07 17:56:00 | INFO     | [存储] CSV 写入 1 条 → data/MS4wLjABAAAA2FYVN1jBWaTVasx7wXcsK0rCPfSYixt5-J1pUegQIbA/2026-05/7636323966186272101/replies.csv
2026-05-07 17:56:00 | INFO     | [存储] DB 写入 1 条 → replies
2026-05-07 17:56:00 | INFO     | [采集] 视频 7636323966186272101 采集回复 52 条，新增 1 条
2026-05-07 17:56:07 | INFO     | [存储] CSV 写入 22 条 → data/MS4wLjABAAAA2FYVN1jBWaTVasx7wXcsK0rCPfSYixt5-J1pUegQIbA/2026-05/7636715300976772729/replies.csv
2026-05-07 17:56:07 | INFO     | [存储] DB 写入 22 条 → replies
2026-05-07 17:56:07 | INFO     | [采集] 视频 7636715300976772729 采集回复 22 条，新增 22 条
2026-05-07 17:56:15 | INFO     | [存储] CSV 写入 21 条 → data/MS4wLjABAAAA2FYVN1jBWaTVasx7wXcsK0rCPfSYixt5-J1pUegQIbA/2026-05/7637077144828541361/replies.csv
2026-05-07 17:56:15 | INFO     | [存储] DB 写入 21 条 → replies
2026-05-07 17:56:15 | INFO     | [采集] 视频 7637077144828541361 采集回复 21 条，新增 21 条
2026-05-07 17:56:16 | INFO     | [采集] 开始 用户=MS4wLjABAAAAWKIRK91nF8hLjuza0KVRL50-lcfNlEPHocsF9hNYzCUag7n4BgIHQaERsfq_NiHR 类型=回复 评论=30 视频=9
2026-05-07 17:56:19 | INFO     | [Cookie] ✓ 验证通过，登录用户: 万年
2026-05-07 17:56:26 | INFO     | [采集] 视频 7607789805016011505 采集回复 14 条，新增 0 条
2026-05-07 17:56:33 | INFO     | [采集] 视频 7607867103055971003 采集回复 10 条，新增 0 条
2026-05-07 17:56:40 | INFO     | [采集] 视频 7611080635616436453 采集回复 15 条，新增 0 条
2026-05-07 17:56:43 | INFO     | [采集] 视频 7612352146415930105 采集回复 3 条，新增 0 条
2026-05-07 17:56:48 | INFO     | [采集] 视频 7612620171912133114 采集回复 6 条，新增 0 条
2026-05-07 17:56:53 | INFO     | [采集] 视频 7626667414588525541 采集回复 6 条，新增 0 条
2026-05-07 17:56:56 | INFO     | [采集] 视频 7634610238670478449 采集回复 1 条，新增 0 条
2026-05-07 17:56:59 | INFO     | [采集] 视频 7635491815739632113 采集回复 3 条，新增 0 条
2026-05-07 17:57:11 | INFO     | [存储] CSV 写入 3 条 → data/MS4wLjABAAAAWKIRK91nF8hLjuza0KVRL50-lcfNlEPHocsF9hNYzCUag7n4BgIHQaERsfq_NiHR/2026-05/7636438485390804069/replies.csv
2026-05-07 17:57:11 | INFO     | [存储] DB 写入 3 条 → replies
2026-05-07 17:57:11 | INFO     | [采集] 视频 7636438485390804069 采集回复 18 条，新增 3 条
2026-05-07 17:57:12 | INFO     | [DB] SQLite 连接已关闭: data/MS4wLjABAAAA2FYVN1jBWaTVasx7wXcsK0rCPfSYixt5-J1pUegQIbA/sqlite.db
2026-05-07 17:57:12 | INFO     | [DB] SQLite 连接已关闭: data/MS4wLjABAAAAWKIRK91nF8hLjuza0KVRL50-lcfNlEPHocsF9hNYzCUag7n4BgIHQaERsfq_NiHR/sqlite.db
2026-05-07 17:57:12 | INFO     | [DB] SQLite 连接已关闭: data/MS4wLjABAAAA2FYVN1jBWaTVasx7wXcsK0rCPfSYixt5-J1pUegQIbA/sqlite.db
2026-05-07 17:57:12 | INFO     | [DB] SQLite 连接已关闭: data/MS4wLjABAAAAWKIRK91nF8hLjuza0KVRL50-lcfNlEPHocsF9hNYzCUag7n4BgIHQaERsfq_NiHR/sqlite.db
2026-05-07 17:57:12 | INFO     | [清理] 资源释放完成
