2026-05-05 17:28:13 | INFO     | [DB] SQLite 初始化完成: data/MS4wLjABAAAA2FYVN1jBWaTVasx7wXcsK0rCPfSYixt5-J1pUegQIbA/sqlite.db
2026-05-05 17:28:13 | INFO     | [采集] 开始 用户=MS4wLjABAAAA2FYVN1jBWaTVasx7wXcsK0rCPfSYixt5-J1pUegQIbA 类型=作品
2026-05-05 17:28:15 | INFO     | [Cookie] ✓ 验证通过，登录用户: 万年
2026-05-05 17:28:17 | DEBUG    | [采集] API 响应：aweme_list=18, has_more=1, max_cursor=1772101940000
2026-05-05 17:28:18 | INFO     | [存储] CSV 写入 1 条 → data/MS4wLjABAAAA2FYVN1jBWaTVasx7wXcsK0rCPfSYixt5-J1pUegQIbA/videos.csv
2026-05-05 17:28:18 | INFO     | [存储] DB 写入 1 条 → videos
2026-05-05 17:28:23 | INFO     | [DB] SQLite 初始化完成: data/MS4wLjABAAAAWKIRK91nF8hLjuza0KVRL50-lcfNlEPHocsF9hNYzCUag7n4BgIHQaERsfq_NiHR/sqlite.db
2026-05-05 17:28:23 | INFO     | [采集] 开始 用户=MS4wLjABAAAAWKIRK91nF8hLjuza0KVRL50-lcfNlEPHocsF9hNYzCUag7n4BgIHQaERsfq_NiHR 类型=作品
2026-05-05 17:28:24 | INFO     | [Cookie] ✓ 验证通过，登录用户: 万年
2026-05-05 17:28:25 | DEBUG    | [采集] API 响应：aweme_list=18, has_more=1, max_cursor=1766749449000
2026-05-05 17:28:26 | INFO     | [存储] CSV 写入 1 条 → data/MS4wLjABAAAAWKIRK91nF8hLjuza0KVRL50-lcfNlEPHocsF9hNYzCUag7n4BgIHQaERsfq_NiHR/videos.csv
2026-05-05 17:28:26 | INFO     | [存储] DB 写入 1 条 → videos
2026-05-05 17:28:26 | INFO     | [采集] 开始 用户=MS4wLjABAAAA2FYVN1jBWaTVasx7wXcsK0rCPfSYixt5-J1pUegQIbA 类型=评论 视频=10
2026-05-05 17:28:27 | INFO     | [Cookie] ✓ 验证通过，登录用户: 万年
2026-05-05 17:28:33 | INFO     | [存储] CSV 写入 1 条 → data/MS4wLjABAAAA2FYVN1jBWaTVasx7wXcsK0rCPfSYixt5-J1pUegQIbA/2026-04/7624581934820144074/comments.csv
2026-05-05 17:28:33 | INFO     | [存储] DB 写入 1 条 → comments
2026-05-05 17:28:33 | INFO     | [采集] 视频 7624581934820144074 采集评论 72 条，新增 1 条
2026-05-05 17:28:46 | INFO     | [采集] 视频 7626441345066862705 采集评论 143 条，新增 0 条
2026-05-05 17:28:56 | INFO     | [采集] 视频 7627558294349234875 采集评论 107 条，新增 0 条
2026-05-05 17:29:14 | INFO     | [采集] 视频 7629651594590023163 采集评论 183 条，新增 0 条
2026-05-05 17:29:18 | INFO     | [采集] 视频 7631634541144461489 采集评论 52 条，新增 0 条
2026-05-05 17:29:23 | INFO     | [采集] 视频 7632013241091009201 采集评论 38 条，新增 0 条
2026-05-05 17:29:38 | INFO     | [采集] 视频 7632818045987846010 采集评论 155 条，新增 0 条
2026-05-05 17:29:47 | INFO     | [存储] CSV 写入 6 条 → data/MS4wLjABAAAA2FYVN1jBWaTVasx7wXcsK0rCPfSYixt5-J1pUegQIbA/2026-05/7635406935080662267/comments.csv
2026-05-05 17:29:47 | INFO     | [存储] DB 写入 6 条 → comments
2026-05-05 17:29:47 | INFO     | [采集] 视频 7635406935080662267 采集评论 102 条，新增 6 条
2026-05-05 17:29:54 | INFO     | [存储] CSV 写入 4 条 → data/MS4wLjABAAAA2FYVN1jBWaTVasx7wXcsK0rCPfSYixt5-J1pUegQIbA/2026-05/7635743059422300913/comments.csv
2026-05-05 17:29:54 | INFO     | [存储] DB 写入 4 条 → comments
2026-05-05 17:29:54 | INFO     | [采集] 视频 7635743059422300913 采集评论 69 条，新增 4 条
2026-05-05 17:30:21 | INFO     | [存储] CSV 写入 316 条 → data/MS4wLjABAAAA2FYVN1jBWaTVasx7wXcsK0rCPfSYixt5-J1pUegQIbA/2026-05/7636323966186272101/comments.csv
2026-05-05 17:30:21 | INFO     | [存储] DB 写入 316 条 → comments
2026-05-05 17:30:21 | INFO     | [采集] 视频 7636323966186272101 采集评论 316 条，新增 316 条
2026-05-05 17:30:22 | INFO     | [采集] 开始 用户=MS4wLjABAAAAWKIRK91nF8hLjuza0KVRL50-lcfNlEPHocsF9hNYzCUag7n4BgIHQaERsfq_NiHR 类型=评论 视频=10
2026-05-05 17:30:23 | INFO     | [Cookie] ✓ 验证通过，登录用户: 万年
2026-05-05 17:30:28 | INFO     | [采集] 视频 7607789805016011505 采集评论 64 条，新增 0 条
2026-05-05 17:30:31 | INFO     | [采集] 视频 7607867103055971003 采集评论 20 条，新增 0 条
2026-05-05 17:30:38 | INFO     | [采集] 视频 7611080635616436453 采集评论 71 条，新增 0 条
2026-05-05 17:30:39 | INFO     | [采集] 视频 7612352146415930105 采集评论 12 条，新增 0 条
2026-05-05 17:30:42 | INFO     | [采集] 视频 7612620171912133114 采集评论 24 条，新增 0 条
2026-05-05 17:30:45 | INFO     | [采集] 视频 7622146667216092657 采集评论 25 条，新增 0 条
2026-05-05 17:30:50 | INFO     | [采集] 视频 7626667414588525541 采集评论 42 条，新增 0 条
2026-05-05 17:30:55 | INFO     | [采集] 视频 7634610238670478449 采集评论 54 条，新增 0 条
2026-05-05 17:30:57 | INFO     | [存储] CSV 写入 1 条 → data/MS4wLjABAAAAWKIRK91nF8hLjuza0KVRL50-lcfNlEPHocsF9hNYzCUag7n4BgIHQaERsfq_NiHR/2026-05/7635491815739632113/comments.csv
2026-05-05 17:30:57 | INFO     | [存储] DB 写入 1 条 → comments
2026-05-05 17:30:57 | INFO     | [采集] 视频 7635491815739632113 采集评论 31 条，新增 1 条
2026-05-05 17:30:59 | INFO     | [存储] CSV 写入 10 条 → data/MS4wLjABAAAAWKIRK91nF8hLjuza0KVRL50-lcfNlEPHocsF9hNYzCUag7n4BgIHQaERsfq_NiHR/2026-05/7636438485390804069/comments.csv
2026-05-05 17:30:59 | INFO     | [存储] DB 写入 10 条 → comments
2026-05-05 17:30:59 | INFO     | [采集] 视频 7636438485390804069 采集评论 10 条，新增 10 条
2026-05-05 17:31:00 | INFO     | [采集] 开始 用户=MS4wLjABAAAA2FYVN1jBWaTVasx7wXcsK0rCPfSYixt5-J1pUegQIbA 类型=回复 评论=89 视频=10
2026-05-05 17:31:01 | INFO     | [Cookie] ✓ 验证通过，登录用户: 万年
2026-05-05 17:31:20 | INFO     | [存储] CSV 写入 1 条 → data/MS4wLjABAAAA2FYVN1jBWaTVasx7wXcsK0rCPfSYixt5-J1pUegQIbA/2026-04/7624581934820144074/replies.csv
2026-05-05 17:31:20 | INFO     | [存储] DB 写入 1 条 → replies
2026-05-05 17:31:20 | INFO     | [采集] 视频 7624581934820144074 采集回复 22 条，新增 1 条
2026-05-05 17:31:33 | INFO     | [采集] 视频 7626441345066862705 采集回复 38 条，新增 0 条
2026-05-05 17:31:58 | INFO     | [采集] 视频 7627558294349234875 采集回复 49 条，新增 0 条
2026-05-05 17:32:17 | INFO     | [采集] 视频 7629651594590023163 采集回复 35 条，新增 0 条
2026-05-05 17:32:26 | INFO     | [采集] 视频 7631634541144461489 采集回复 17 条，新增 0 条
2026-05-05 17:32:32 | INFO     | [采集] 视频 7632013241091009201 采集回复 9 条，新增 0 条
2026-05-05 17:32:43 | INFO     | [采集] 视频 7632818045987846010 采集回复 34 条，新增 0 条
2026-05-05 17:32:51 | INFO     | [采集] 视频 7635406935080662267 采集回复 12 条，新增 0 条
2026-05-05 17:32:54 | INFO     | [采集] 视频 7635743059422300913 采集回复 2 条，新增 0 条
2026-05-05 17:33:23 | INFO     | [存储] CSV 写入 50 条 → data/MS4wLjABAAAA2FYVN1jBWaTVasx7wXcsK0rCPfSYixt5-J1pUegQIbA/2026-05/7636323966186272101/replies.csv
2026-05-05 17:33:23 | INFO     | [存储] DB 写入 50 条 → replies
2026-05-05 17:33:23 | INFO     | [采集] 视频 7636323966186272101 采集回复 50 条，新增 50 条
2026-05-05 17:33:24 | INFO     | [采集] 开始 用户=MS4wLjABAAAAWKIRK91nF8hLjuza0KVRL50-lcfNlEPHocsF9hNYzCUag7n4BgIHQaERsfq_NiHR 类型=回复 评论=23 视频=8
2026-05-05 17:33:26 | INFO     | [Cookie] ✓ 验证通过，登录用户: 万年
2026-05-05 17:33:34 | INFO     | [采集] 视频 7607789805016011505 采集回复 14 条，新增 0 条
2026-05-05 17:33:42 | INFO     | [采集] 视频 7607867103055971003 采集回复 10 条，新增 0 条
2026-05-05 17:33:50 | INFO     | [采集] 视频 7611080635616436453 采集回复 15 条，新增 0 条
2026-05-05 17:33:52 | INFO     | [采集] 视频 7612352146415930105 采集回复 3 条，新增 0 条
2026-05-05 17:33:58 | INFO     | [采集] 视频 7612620171912133114 采集回复 6 条，新增 0 条
2026-05-05 17:34:03 | INFO     | [采集] 视频 7626667414588525541 采集回复 6 条，新增 0 条
2026-05-05 17:34:05 | INFO     | [采集] 视频 7634610238670478449 采集回复 1 条，新增 0 条
2026-05-05 17:34:09 | INFO     | [采集] 视频 7635491815739632113 采集回复 3 条，新增 0 条
2026-05-05 17:34:10 | INFO     | [DB] SQLite 连接已关闭: data/MS4wLjABAAAA2FYVN1jBWaTVasx7wXcsK0rCPfSYixt5-J1pUegQIbA/sqlite.db
2026-05-05 17:34:10 | INFO     | [DB] SQLite 连接已关闭: data/MS4wLjABAAAAWKIRK91nF8hLjuza0KVRL50-lcfNlEPHocsF9hNYzCUag7n4BgIHQaERsfq_NiHR/sqlite.db
2026-05-05 17:34:10 | INFO     | [DB] SQLite 连接已关闭: data/MS4wLjABAAAA2FYVN1jBWaTVasx7wXcsK0rCPfSYixt5-J1pUegQIbA/sqlite.db
2026-05-05 17:34:10 | INFO     | [DB] SQLite 连接已关闭: data/MS4wLjABAAAAWKIRK91nF8hLjuza0KVRL50-lcfNlEPHocsF9hNYzCUag7n4BgIHQaERsfq_NiHR/sqlite.db
2026-05-05 17:34:10 | INFO     | [清理] 资源释放完成
