2026-05-26 18:30:23 | INFO     | [DB] SQLite 初始化完成: data/MS4wLjABAAAA2FYVN1jBWaTVasx7wXcsK0rCPfSYixt5-J1pUegQIbA/sqlite.db
2026-05-26 18:30:23 | INFO     | [采集] 开始 用户=MS4wLjABAAAA2FYVN1jBWaTVasx7wXcsK0rCPfSYixt5-J1pUegQIbA 类型=作品
2026-05-26 18:30:25 | INFO     | [Cookie] ✓ 验证通过，登录用户: 万年
2026-05-26 18:30:27 | DEBUG    | [采集] API 响应：aweme_list=18, has_more=1, max_cursor=1774778280000
2026-05-26 18:30:33 | INFO     | [DB] SQLite 初始化完成: data/MS4wLjABAAAAWKIRK91nF8hLjuza0KVRL50-lcfNlEPHocsF9hNYzCUag7n4BgIHQaERsfq_NiHR/sqlite.db
2026-05-26 18:30:33 | INFO     | [采集] 开始 用户=MS4wLjABAAAAWKIRK91nF8hLjuza0KVRL50-lcfNlEPHocsF9hNYzCUag7n4BgIHQaERsfq_NiHR 类型=作品
2026-05-26 18:30:35 | INFO     | [Cookie] ✓ 验证通过，登录用户: 万年
2026-05-26 18:30:37 | DEBUG    | [采集] API 响应：aweme_list=18, has_more=1, max_cursor=1767717648000
2026-05-26 18:30:38 | INFO     | [采集] 开始 用户=MS4wLjABAAAA2FYVN1jBWaTVasx7wXcsK0rCPfSYixt5-J1pUegQIbA 类型=评论 视频=10
2026-05-26 18:30:39 | INFO     | [Cookie] ✓ 验证通过，登录用户: 万年
2026-05-26 18:30:51 | INFO     | [采集] 视频 7632818045987846010 采集评论 156 条，新增 0 条
2026-05-26 18:31:02 | INFO     | [采集] 视频 7635406935080662267 采集评论 110 条，新增 0 条
2026-05-26 18:31:08 | INFO     | [采集] 视频 7635743059422300913 采集评论 72 条，新增 0 条
2026-05-26 18:31:47 | INFO     | [存储] CSV 写入 2 条 → data/MS4wLjABAAAA2FYVN1jBWaTVasx7wXcsK0rCPfSYixt5-J1pUegQIbA/2026-05/7636323966186272101/comments.csv
2026-05-26 18:31:47 | INFO     | [存储] DB 写入 2 条 → comments
2026-05-26 18:31:47 | INFO     | [采集] 视频 7636323966186272101 采集评论 444 条，新增 2 条
2026-05-26 18:31:53 | INFO     | [采集] 视频 7636715300976772729 采集评论 56 条，新增 0 条
2026-05-26 18:32:06 | INFO     | [采集] 视频 7637077144828541361 采集评论 158 条，新增 0 条
2026-05-26 18:33:20 | INFO     | [采集] 视频 7637442764778948081 采集评论 893 条，新增 0 条
2026-05-26 18:33:29 | INFO     | [采集] 视频 7641576232551625701 采集评论 98 条，新增 0 条
2026-05-26 18:33:37 | INFO     | [采集] 视频 7641590546306024549 采集评论 76 条，新增 0 条
2026-05-26 18:33:42 | INFO     | [存储] CSV 写入 1 条 → data/MS4wLjABAAAA2FYVN1jBWaTVasx7wXcsK0rCPfSYixt5-J1pUegQIbA/2026-05/7641715202468060145/comments.csv
2026-05-26 18:33:42 | INFO     | [存储] DB 写入 1 条 → comments
2026-05-26 18:33:42 | INFO     | [采集] 视频 7641715202468060145 采集评论 60 条，新增 1 条
2026-05-26 18:33:44 | INFO     | [采集] 开始 用户=MS4wLjABAAAAWKIRK91nF8hLjuza0KVRL50-lcfNlEPHocsF9hNYzCUag7n4BgIHQaERsfq_NiHR 类型=评论 视频=10
2026-05-26 18:33:45 | INFO     | [Cookie] ✓ 验证通过，登录用户: 万年
2026-05-26 18:33:51 | INFO     | [采集] 视频 7611080635616436453 采集评论 73 条，新增 0 条
2026-05-26 18:33:53 | INFO     | [采集] 视频 7612352146415930105 采集评论 12 条，新增 0 条
2026-05-26 18:33:56 | INFO     | [采集] 视频 7612620171912133114 采集评论 26 条，新增 0 条
2026-05-26 18:33:59 | INFO     | [采集] 视频 7622146667216092657 采集评论 25 条，新增 0 条
2026-05-26 18:34:03 | INFO     | [采集] 视频 7626667414588525541 采集评论 42 条，新增 0 条
2026-05-26 18:34:10 | INFO     | [采集] 视频 7634610238670478449 采集评论 58 条，新增 0 条
2026-05-26 18:34:13 | INFO     | [采集] 视频 7635491815739632113 采集评论 32 条，新增 0 条
2026-05-26 18:34:26 | INFO     | [采集] 视频 7636438485390804069 采集评论 145 条，新增 0 条
2026-05-26 18:34:27 | INFO     | [采集] 视频 7641891220142813434 采集评论 16 条，新增 0 条
2026-05-26 18:34:32 | INFO     | [采集] 视频 7642426607324280805 采集评论 37 条，新增 0 条
2026-05-26 18:34:33 | INFO     | [采集] 开始 用户=MS4wLjABAAAA2FYVN1jBWaTVasx7wXcsK0rCPfSYixt5-J1pUegQIbA 类型=回复 评论=93 视频=10
2026-05-26 18:34:34 | INFO     | [Cookie] ✓ 验证通过，登录用户: 万年
2026-05-26 18:34:45 | INFO     | [采集] 视频 7632818045987846010 采集回复 35 条，新增 0 条
2026-05-26 18:34:56 | INFO     | [采集] 视频 7635406935080662267 采集回复 12 条，新增 0 条
2026-05-26 18:34:59 | INFO     | [采集] 视频 7635743059422300913 采集回复 5 条，新增 0 条
2026-05-26 18:35:28 | INFO     | [采集] 视频 7636323966186272101 采集回复 52 条，新增 0 条
2026-05-26 18:35:35 | INFO     | [采集] 视频 7636715300976772729 采集回复 24 条，新增 0 条
2026-05-26 18:35:43 | INFO     | [采集] 视频 7637077144828541361 采集回复 23 条，新增 0 条
2026-05-26 18:36:30 | INFO     | [采集] 视频 7637442764778948081 采集回复 75 条，新增 0 条
2026-05-26 18:36:43 | INFO     | [采集] 视频 7641576232551625701 采集回复 17 条，新增 0 条
2026-05-26 18:36:49 | INFO     | [采集] 视频 7641590546306024549 采集回复 18 条，新增 0 条
2026-05-26 18:37:01 | INFO     | [采集] 视频 7641715202468060145 采集回复 32 条，新增 0 条
2026-05-26 18:37:02 | INFO     | [采集] 开始 用户=MS4wLjABAAAAWKIRK91nF8hLjuza0KVRL50-lcfNlEPHocsF9hNYzCUag7n4BgIHQaERsfq_NiHR 类型=回复 评论=22 视频=8
2026-05-26 18:37:04 | INFO     | [Cookie] ✓ 验证通过，登录用户: 万年
2026-05-26 18:37:09 | INFO     | [采集] 视频 7611080635616436453 采集回复 15 条，新增 0 条
2026-05-26 18:37:11 | INFO     | [采集] 视频 7612352146415930105 采集回复 3 条，新增 0 条
2026-05-26 18:37:17 | INFO     | [采集] 视频 7612620171912133114 采集回复 6 条，新增 0 条
2026-05-26 18:37:22 | INFO     | [采集] 视频 7626667414588525541 采集回复 6 条，新增 0 条
2026-05-26 18:37:24 | INFO     | [采集] 视频 7634610238670478449 采集回复 1 条，新增 0 条
2026-05-26 18:37:28 | INFO     | [采集] 视频 7635491815739632113 采集回复 3 条，新增 0 条
2026-05-26 18:37:39 | INFO     | [存储] CSV 写入 1 条 → data/MS4wLjABAAAAWKIRK91nF8hLjuza0KVRL50-lcfNlEPHocsF9hNYzCUag7n4BgIHQaERsfq_NiHR/2026-05/7636438485390804069/replies.csv
2026-05-26 18:37:39 | INFO     | [存储] DB 写入 1 条 → replies
2026-05-26 18:37:39 | INFO     | [采集] 视频 7636438485390804069 采集回复 20 条，新增 1 条
2026-05-26 18:37:42 | INFO     | [采集] 视频 7642426607324280805 采集回复 2 条，新增 0 条
2026-05-26 18:37:43 | INFO     | [DB] SQLite 连接已关闭: data/MS4wLjABAAAA2FYVN1jBWaTVasx7wXcsK0rCPfSYixt5-J1pUegQIbA/sqlite.db
2026-05-26 18:37:43 | INFO     | [DB] SQLite 连接已关闭: data/MS4wLjABAAAAWKIRK91nF8hLjuza0KVRL50-lcfNlEPHocsF9hNYzCUag7n4BgIHQaERsfq_NiHR/sqlite.db
2026-05-26 18:37:43 | INFO     | [DB] SQLite 连接已关闭: data/MS4wLjABAAAA2FYVN1jBWaTVasx7wXcsK0rCPfSYixt5-J1pUegQIbA/sqlite.db
2026-05-26 18:37:43 | INFO     | [DB] SQLite 连接已关闭: data/MS4wLjABAAAAWKIRK91nF8hLjuza0KVRL50-lcfNlEPHocsF9hNYzCUag7n4BgIHQaERsfq_NiHR/sqlite.db
2026-05-26 18:37:43 | INFO     | [清理] 资源释放完成
