2026-05-06 17:45:05 | INFO     | [DB] SQLite 初始化完成: data/MS4wLjABAAAA2FYVN1jBWaTVasx7wXcsK0rCPfSYixt5-J1pUegQIbA/sqlite.db
2026-05-06 17:45:05 | INFO     | [采集] 开始 用户=MS4wLjABAAAA2FYVN1jBWaTVasx7wXcsK0rCPfSYixt5-J1pUegQIbA 类型=作品
2026-05-06 17:45:07 | INFO     | [Cookie] ✓ 验证通过，登录用户: 万年
2026-05-06 17:45:09 | DEBUG    | [采集] API 响应：aweme_list=18, has_more=1, max_cursor=1772527643000
2026-05-06 17:45:09 | INFO     | [存储] CSV 写入 1 条 → data/MS4wLjABAAAA2FYVN1jBWaTVasx7wXcsK0rCPfSYixt5-J1pUegQIbA/videos.csv
2026-05-06 17:45:09 | INFO     | [存储] DB 写入 1 条 → videos
2026-05-06 17:45:14 | INFO     | [DB] SQLite 初始化完成: data/MS4wLjABAAAAWKIRK91nF8hLjuza0KVRL50-lcfNlEPHocsF9hNYzCUag7n4BgIHQaERsfq_NiHR/sqlite.db
2026-05-06 17:45:14 | INFO     | [采集] 开始 用户=MS4wLjABAAAAWKIRK91nF8hLjuza0KVRL50-lcfNlEPHocsF9hNYzCUag7n4BgIHQaERsfq_NiHR 类型=作品
2026-05-06 17:45:16 | INFO     | [Cookie] ✓ 验证通过，登录用户: 万年
2026-05-06 17:45:17 | DEBUG    | [采集] API 响应：aweme_list=18, has_more=1, max_cursor=1766749449000
2026-05-06 17:45:18 | INFO     | [采集] 开始 用户=MS4wLjABAAAA2FYVN1jBWaTVasx7wXcsK0rCPfSYixt5-J1pUegQIbA 类型=评论 视频=10
2026-05-06 17:45:19 | INFO     | [Cookie] ✓ 验证通过，登录用户: 万年
2026-05-06 17:45:30 | INFO     | [采集] 视频 7626441345066862705 采集评论 143 条，新增 0 条
2026-05-06 17:45:39 | INFO     | [采集] 视频 7627558294349234875 采集评论 107 条，新增 0 条
2026-05-06 17:45:55 | INFO     | [采集] 视频 7629651594590023163 采集评论 183 条，新增 0 条
2026-05-06 17:46:00 | INFO     | [采集] 视频 7631634541144461489 采集评论 52 条，新增 0 条
2026-05-06 17:46:04 | INFO     | [采集] 视频 7632013241091009201 采集评论 38 条，新增 0 条
2026-05-06 17:46:17 | INFO     | [采集] 视频 7632818045987846010 采集评论 155 条，新增 0 条
2026-05-06 17:46:25 | INFO     | [存储] CSV 写入 5 条 → data/MS4wLjABAAAA2FYVN1jBWaTVasx7wXcsK0rCPfSYixt5-J1pUegQIbA/2026-05/7635406935080662267/comments.csv
2026-05-06 17:46:25 | INFO     | [存储] DB 写入 5 条 → comments
2026-05-06 17:46:25 | INFO     | [采集] 视频 7635406935080662267 采集评论 107 条，新增 5 条
2026-05-06 17:46:32 | INFO     | [存储] CSV 写入 3 条 → data/MS4wLjABAAAA2FYVN1jBWaTVasx7wXcsK0rCPfSYixt5-J1pUegQIbA/2026-05/7635743059422300913/comments.csv
2026-05-06 17:46:32 | INFO     | [存储] DB 写入 3 条 → comments
2026-05-06 17:46:32 | INFO     | [采集] 视频 7635743059422300913 采集评论 72 条，新增 3 条
2026-05-06 17:47:04 | INFO     | [存储] CSV 写入 75 条 → data/MS4wLjABAAAA2FYVN1jBWaTVasx7wXcsK0rCPfSYixt5-J1pUegQIbA/2026-05/7636323966186272101/comments.csv
2026-05-06 17:47:04 | INFO     | [存储] DB 写入 75 条 → comments
2026-05-06 17:47:04 | INFO     | [采集] 视频 7636323966186272101 采集评论 389 条，新增 75 条
2026-05-06 17:47:05 | INFO     | [存储] CSV 写入 9 条 → data/MS4wLjABAAAA2FYVN1jBWaTVasx7wXcsK0rCPfSYixt5-J1pUegQIbA/2026-05/7636715300976772729/comments.csv
2026-05-06 17:47:05 | INFO     | [存储] DB 写入 9 条 → comments
2026-05-06 17:47:05 | INFO     | [采集] 视频 7636715300976772729 采集评论 9 条，新增 9 条
2026-05-06 17:47:06 | INFO     | [采集] 开始 用户=MS4wLjABAAAAWKIRK91nF8hLjuza0KVRL50-lcfNlEPHocsF9hNYzCUag7n4BgIHQaERsfq_NiHR 类型=评论 视频=10
2026-05-06 17:47:09 | INFO     | [Cookie] ✓ 验证通过，登录用户: 万年
2026-05-06 17:47:14 | INFO     | [采集] 视频 7607789805016011505 采集评论 64 条，新增 0 条
2026-05-06 17:47:17 | INFO     | [采集] 视频 7607867103055971003 采集评论 20 条，新增 0 条
2026-05-06 17:47:23 | INFO     | [存储] CSV 写入 1 条 → data/MS4wLjABAAAAWKIRK91nF8hLjuza0KVRL50-lcfNlEPHocsF9hNYzCUag7n4BgIHQaERsfq_NiHR/2026-02/7611080635616436453/comments.csv
2026-05-06 17:47:23 | INFO     | [存储] DB 写入 1 条 → comments
2026-05-06 17:47:23 | INFO     | [采集] 视频 7611080635616436453 采集评论 72 条，新增 1 条
2026-05-06 17:47:25 | INFO     | [采集] 视频 7612352146415930105 采集评论 12 条，新增 0 条
2026-05-06 17:47:28 | INFO     | [存储] CSV 写入 2 条 → data/MS4wLjABAAAAWKIRK91nF8hLjuza0KVRL50-lcfNlEPHocsF9hNYzCUag7n4BgIHQaERsfq_NiHR/2026-03/7612620171912133114/comments.csv
2026-05-06 17:47:28 | INFO     | [存储] DB 写入 2 条 → comments
2026-05-06 17:47:28 | INFO     | [采集] 视频 7612620171912133114 采集评论 26 条，新增 2 条
2026-05-06 17:47:32 | INFO     | [采集] 视频 7622146667216092657 采集评论 25 条，新增 0 条
2026-05-06 17:47:36 | INFO     | [采集] 视频 7626667414588525541 采集评论 42 条，新增 0 条
2026-05-06 17:47:42 | INFO     | [存储] CSV 写入 2 条 → data/MS4wLjABAAAAWKIRK91nF8hLjuza0KVRL50-lcfNlEPHocsF9hNYzCUag7n4BgIHQaERsfq_NiHR/2026-05/7634610238670478449/comments.csv
2026-05-06 17:47:42 | INFO     | [存储] DB 写入 2 条 → comments
2026-05-06 17:47:42 | INFO     | [采集] 视频 7634610238670478449 采集评论 56 条，新增 2 条
2026-05-06 17:47:45 | INFO     | [采集] 视频 7635491815739632113 采集评论 31 条，新增 0 条
2026-05-06 17:47:55 | INFO     | [存储] CSV 写入 114 条 → data/MS4wLjABAAAAWKIRK91nF8hLjuza0KVRL50-lcfNlEPHocsF9hNYzCUag7n4BgIHQaERsfq_NiHR/2026-05/7636438485390804069/comments.csv
2026-05-06 17:47:55 | INFO     | [存储] DB 写入 114 条 → comments
2026-05-06 17:47:55 | INFO     | [采集] 视频 7636438485390804069 采集评论 123 条，新增 114 条
2026-05-06 17:47:56 | INFO     | [采集] 开始 用户=MS4wLjABAAAA2FYVN1jBWaTVasx7wXcsK0rCPfSYixt5-J1pUegQIbA 类型=回复 评论=79 视频=9
2026-05-06 17:47:59 | INFO     | [Cookie] ✓ 验证通过，登录用户: 万年
2026-05-06 17:48:12 | INFO     | [采集] 视频 7626441345066862705 采集回复 38 条，新增 0 条
2026-05-06 17:48:34 | INFO     | [采集] 视频 7627558294349234875 采集回复 49 条，新增 0 条
2026-05-06 17:48:52 | INFO     | [采集] 视频 7629651594590023163 采集回复 35 条，新增 0 条
2026-05-06 17:49:01 | INFO     | [采集] 视频 7631634541144461489 采集回复 17 条，新增 0 条
2026-05-06 17:49:07 | INFO     | [采集] 视频 7632013241091009201 采集回复 9 条，新增 0 条
2026-05-06 17:49:19 | INFO     | [存储] CSV 写入 1 条 → data/MS4wLjABAAAA2FYVN1jBWaTVasx7wXcsK0rCPfSYixt5-J1pUegQIbA/2026-04/7632818045987846010/replies.csv
2026-05-06 17:49:19 | INFO     | [存储] DB 写入 1 条 → replies
2026-05-06 17:49:19 | INFO     | [采集] 视频 7632818045987846010 采集回复 35 条，新增 1 条
2026-05-06 17:49:29 | INFO     | [采集] 视频 7635406935080662267 采集回复 12 条，新增 0 条
2026-05-06 17:49:33 | INFO     | [存储] CSV 写入 2 条 → data/MS4wLjABAAAA2FYVN1jBWaTVasx7wXcsK0rCPfSYixt5-J1pUegQIbA/2026-05/7635743059422300913/replies.csv
2026-05-06 17:49:33 | INFO     | [存储] DB 写入 2 条 → replies
2026-05-06 17:49:33 | INFO     | [采集] 视频 7635743059422300913 采集回复 4 条，新增 2 条
2026-05-06 17:50:05 | INFO     | [存储] CSV 写入 6 条 → data/MS4wLjABAAAA2FYVN1jBWaTVasx7wXcsK0rCPfSYixt5-J1pUegQIbA/2026-05/7636323966186272101/replies.csv
2026-05-06 17:50:05 | INFO     | [存储] DB 写入 6 条 → replies
2026-05-06 17:50:05 | INFO     | [采集] 视频 7636323966186272101 采集回复 55 条，新增 6 条
2026-05-06 17:50:05 | INFO     | [采集] 开始 用户=MS4wLjABAAAAWKIRK91nF8hLjuza0KVRL50-lcfNlEPHocsF9hNYzCUag7n4BgIHQaERsfq_NiHR 类型=回复 评论=29 视频=9
2026-05-06 17:50:07 | INFO     | [Cookie] ✓ 验证通过，登录用户: 万年
2026-05-06 17:50:14 | INFO     | [采集] 视频 7607789805016011505 采集回复 14 条，新增 0 条
2026-05-06 17:50:20 | INFO     | [采集] 视频 7607867103055971003 采集回复 10 条，新增 0 条
2026-05-06 17:50:27 | INFO     | [采集] 视频 7611080635616436453 采集回复 15 条，新增 0 条
2026-05-06 17:50:29 | INFO     | [采集] 视频 7612352146415930105 采集回复 3 条，新增 0 条
2026-05-06 17:50:34 | INFO     | [采集] 视频 7612620171912133114 采集回复 6 条，新增 0 条
2026-05-06 17:50:39 | INFO     | [采集] 视频 7626667414588525541 采集回复 6 条，新增 0 条
2026-05-06 17:50:42 | INFO     | [采集] 视频 7634610238670478449 采集回复 1 条，新增 0 条
2026-05-06 17:50:45 | INFO     | [采集] 视频 7635491815739632113 采集回复 3 条，新增 0 条
2026-05-06 17:50:55 | INFO     | [存储] CSV 写入 15 条 → data/MS4wLjABAAAAWKIRK91nF8hLjuza0KVRL50-lcfNlEPHocsF9hNYzCUag7n4BgIHQaERsfq_NiHR/2026-05/7636438485390804069/replies.csv
2026-05-06 17:50:55 | INFO     | [存储] DB 写入 15 条 → replies
2026-05-06 17:50:55 | INFO     | [采集] 视频 7636438485390804069 采集回复 15 条，新增 15 条
2026-05-06 17:50:56 | INFO     | [DB] SQLite 连接已关闭: data/MS4wLjABAAAA2FYVN1jBWaTVasx7wXcsK0rCPfSYixt5-J1pUegQIbA/sqlite.db
2026-05-06 17:50:56 | INFO     | [DB] SQLite 连接已关闭: data/MS4wLjABAAAAWKIRK91nF8hLjuza0KVRL50-lcfNlEPHocsF9hNYzCUag7n4BgIHQaERsfq_NiHR/sqlite.db
2026-05-06 17:50:56 | INFO     | [DB] SQLite 连接已关闭: data/MS4wLjABAAAA2FYVN1jBWaTVasx7wXcsK0rCPfSYixt5-J1pUegQIbA/sqlite.db
2026-05-06 17:50:56 | INFO     | [DB] SQLite 连接已关闭: data/MS4wLjABAAAAWKIRK91nF8hLjuza0KVRL50-lcfNlEPHocsF9hNYzCUag7n4BgIHQaERsfq_NiHR/sqlite.db
2026-05-06 17:50:56 | INFO     | [清理] 资源释放完成
