2026-05-21 18:10:52 | 0s | [INIT] 日志文件: /home/runner/work/DouyinComment/DouyinComment/scripts/../logs/migrate/migrate_20260521_181052.log
2026-05-21 18:10:52 | 0s | ======================================================================
2026-05-21 18:10:52 | 0s |   [INIT] 抖音资源 → HF Bucket 迁移（v3）
2026-05-21 18:10:52 | 0s |   [INIT] 数据目录:    /home/runner/work/DouyinComment/DouyinComment/scripts/../data
2026-05-21 18:10:52 | 0s |   [INIT] 日志目录:    /home/runner/work/DouyinComment/DouyinComment/scripts/../logs/migrate
2026-05-21 18:10:52 | 0s |   [INIT] 作者过滤:    all
2026-05-21 18:10:52 | 0s |   [INIT] 限制表:      全部
2026-05-21 18:10:52 | 0s |   [INIT] 限制字段:    全部
2026-05-21 18:10:52 | 0s |   [INIT] 最大任务数:  不限
2026-05-21 18:10:52 | 0s |   [INIT] 批次大小:    20
2026-05-21 18:10:52 | 0s |   [INIT] 并发数:      6
2026-05-21 18:10:52 | 0s |   [INIT] Dry-run:     否
2026-05-21 18:10:52 | 0s |   [INIT] Direct:      是
2026-05-21 18:10:52 | 0s | ======================================================================
2026-05-21 18:10:52 | 0s | 
  [SCAN] 已选择 2 个数据库:
2026-05-21 18:10:52 | 0s |   [SCAN] 📁 MS4wLjABAAAA2FYVN1jBWaTVasx7wXcsK0rCPfSY... (videos=408, comments=97239, replies=21215, 44.4 MB)
2026-05-21 18:10:52 | 0s |   [SCAN] 📁 MS4wLjABAAAAWKIRK91nF8hLjuza0KVRL50-lcfN... (videos=150, comments=8169, replies=1945, 4.0 MB)
2026-05-21 18:10:52 | 0s | 
--- HEIF 格式检测 ---
2026-05-21 18:10:52 | 0s | ✅ pillow-heif 已就绪
2026-05-21 18:10:52 | 0s | 
--- 验证 Cookie ---
2026-05-21 18:10:53 | 1s | ✅ Cookie 有效，用户: 万年
2026-05-21 18:10:53 | 1s | 
──────────────────────────────────────────────────────────────────────
2026-05-21 18:10:53 | 1s |   [SCAN] 📁 作者: MS4wLjABAAAA2FYVN1jBWaTVasx7wXcsK0rCPfSY...
2026-05-21 18:10:53 | 1s |   [SCAN] 📄 数据库: /home/runner/work/DouyinComment/DouyinComment/scripts/../data/MS4wLjABAAAA2FYVN1jBWaTVasx7wXcsK0rCPfSYixt5-J1pUegQIbA/sqlite.db
2026-05-21 18:10:53 | 1s | ──────────────────────────────────────────────────────────────────────
2026-05-21 18:10:53 | 1s |   [SCAN] 总 task 数: 21
2026-05-21 18:10:53 | 1s |     comment_avatar: 8
2026-05-21 18:10:53 | 1s |     comment_image: 2
2026-05-21 18:10:53 | 1s |     comment_sticker: 5
2026-05-21 18:10:53 | 1s |     reply_avatar: 4
2026-05-21 18:10:53 | 1s |     reply_image: 1
2026-05-21 18:10:53 | 1s |     reply_sticker: 1
2026-05-21 18:10:53 | 1s |   [SCAN] 唯一分组: 20，去重节省: 1 次下载
2026-05-21 18:10:53 | 1s |   [BATCH] aweme_id 数: 9，分 1 批处理
2026-05-21 18:10:53 | 1s | 
  [BATCH] 📦 批次 1/1: 9 个 aweme_id, 20 个 URL
2026-05-21 18:10:53 | 1s |   [BATCH] direct 模式: 直接使用原始 URL 21 个
2026-05-21 18:10:54 | 2s |   [DL] ⚠️  HTTP 403: https://p9-sign.douyinpic.com/obj/tos-cn-o-0812/okAuAfyyBAD0iA5Zadi8vNEj7BBIigGQ...
2026-05-21 18:10:54 | 2s |   [DL] ❌ 下载失败，最后尝试的 URL: https://p9-sign.douyinpic.com/obj/tos-cn-o-0812/okAuAfyyBAD0iA5Zadi8vNEj7BBIigGQyVYEkA?lk3s=7b078dd2&x-expires=1776960000&x-signature=PGcNQ%2BFbEbGoPQbhPvr5GppjCr0%3D&from=2064092626&s=sticker_comment&se=false&sc=sticker_heif&biz_tag=aweme_comment&l=202604231846140F73B10722ECAAC2EAB9
2026-05-21 18:10:54 | 2s |   [FAIL] 下载失败 | https://p9-sign.douyinpic.com/obj/tos-cn-o-0812/okAuAfyyBAD0iA5Zadi8vNEj7BBIigGQyVYEkA?lk3s=7b078dd2 | 原因=所有CDN均失败
2026-05-21 18:10:54 | 2s |   [FAIL] 下载失败 | replies.id=21178 api_type=reply_sticker | 表=replies | aweme=7631634541144461489 | 字段=sticker | 原因=下载失败
2026-05-21 18:10:55 | 3s |   [DL] ⚠️  HTTP 403: https://p26-sign.douyinpic.com/tos-cn-i-p14lwwcsbr/bd6e2809edac430686f01de210250...
2026-05-21 18:10:55 | 3s |   [DL] ⚠️  HTTP 403: https://p26-sign.douyinpic.com/tos-cn-i-p14lwwcsbr/8021ec5dcc93470b9ff105110e288...
2026-05-21 18:10:56 | 3s |   [DL] ⚠️  HTTP 403: https://p5-ex-gddgtc-sign.douyinpic.com/obj/douyin-user-image-file/8c8844d242627...
2026-05-21 18:10:56 | 3s |   [DL] ❌ 下载失败，最后尝试的 URL: https://p5-ex-gddgtc-sign.douyinpic.com/obj/douyin-user-image-file/8c8844d242627c599d1e61a6c3f3f7a3?lk3s=7b078dd2&x-expires=1776938400&x-signature=3mPhXzM1XGYjiux88h2FMYLDAV0%3D&from=2064092626&s=sticker_comment&se=false&sc=sticker_heif&biz_tag=aweme_comment&l=20260422172351E72952BBBF2BB254ED0C
2026-05-21 18:10:56 | 3s |   [FAIL] 下载失败 | https://p5-ex-gddgtc-sign.douyinpic.com/obj/douyin-user-image-file/8c8844d242627c599d1e61a6c3f3f7a3? | 原因=所有CDN均失败
2026-05-21 18:10:56 | 3s |   [FAIL] 下载失败 | comments.id=85194 api_type=comment_sticker | 表=comments | aweme=7560954743410675002 | 字段=sticker | 原因=下载失败
2026-05-21 18:10:56 | 3s |   [DL] ⚠️  HTTP 403: https://p3-sign.douyinpic.com/tos-cn-i-p14lwwcsbr/8021ec5dcc93470b9ff105110e288c...
2026-05-21 18:10:56 | 3s |   [DL] ⚠️  HTTP 403: https://p3-sign.douyinpic.com/tos-cn-i-p14lwwcsbr/bd6e2809edac430686f01de210250c...
2026-05-21 18:10:56 | 3s |   [DL] ⚠️  HTTP 403: https://p3-sign.douyinpic.com/tos-cn-i-p14lwwcsbr/e2a2935810aa4b8b87c5d164afb794...
2026-05-21 18:10:56 | 4s |   [DL] ⚠️  HTTP 403: https://p26-sign.douyinpic.com/obj/tos-cn-o-0812/o0cguteHAroyvOClx6QCAktcgDQdIAe...
2026-05-21 18:10:56 | 4s |   [DL] ❌ 下载失败，最后尝试的 URL: https://p26-sign.douyinpic.com/obj/tos-cn-o-0812/o0cguteHAroyvOClx6QCAktcgDQdIAelAHA8bn?lk3s=7b078dd2&x-expires=1776931200&x-signature=QKrJNCwSi5qhER7JuGxca4eE%2BkU%3D&from=2064092626&s=sticker_comment&se=false&sc=sticker_heif&biz_tag=aweme_comment&l=20260422155917D4AC69AC509C06719605
2026-05-21 18:10:56 | 4s |   [FAIL] 下载失败 | https://p26-sign.douyinpic.com/obj/tos-cn-o-0812/o0cguteHAroyvOClx6QCAktcgDQdIAelAHA8bn?lk3s=7b078dd | 原因=所有CDN均失败
2026-05-21 18:10:56 | 4s |   [FAIL] 下载失败 | comments.id=46997 api_type=comment_sticker | 表=comments | aweme=7456483966602841403 | 字段=sticker | 原因=下载失败
2026-05-21 18:10:56 | 4s |   [DL] ⚠️  HTTP 403: https://p5-ex-gddgtc-sign.douyinpic.com/tos-cn-i-p14lwwcsbr/bd6e2809edac430686f0...
2026-05-21 18:10:56 | 4s |   [DL] ⚠️  HTTP 403: https://p5-ex-gddgtc-sign.douyinpic.com/tos-cn-i-p14lwwcsbr/8021ec5dcc93470b9ff1...
2026-05-21 18:10:57 | 4s |   [DL] ⚠️  HTTP 403: https://p5-ex-gddgtc-sign.douyinpic.com/tos-cn-i-p14lwwcsbr/e2a2935810aa4b8b87c5...
2026-05-21 18:10:57 | 5s |   [DL] ⚠️  HTTP 403: https://p5-ex-gddgtc-sign.douyinpic.com/obj/tos-cn-o-0812/osMbEYFxAgCM8ORMAADAIj...
2026-05-21 18:10:57 | 5s |   [DL] ❌ 下载失败，最后尝试的 URL: https://p5-ex-gddgtc-sign.douyinpic.com/obj/tos-cn-o-0812/osMbEYFxAgCM8ORMAADAIjDlxCpgaCAyAGEff0?lk3s=7b078dd2&x-expires=1776938400&x-signature=a4s4ivW6IB1r42X4peH3NFRD5VE%3D&from=2064092626&s=sticker_comment&se=false&sc=sticker_heif&biz_tag=aweme_comment&l=202604221741241AE6C93B5D9DF35359FD
2026-05-21 18:10:57 | 5s |   [FAIL] 下载失败 | https://p5-ex-gddgtc-sign.douyinpic.com/obj/tos-cn-o-0812/osMbEYFxAgCM8ORMAADAIjDlxCpgaCAyAGEff0?lk3 | 原因=所有CDN均失败
2026-05-21 18:10:57 | 5s |   [FAIL] 下载失败 | comments.id=90723 api_type=comment_sticker | 表=comments | aweme=7575874445581119665 | 字段=sticker | 原因=下载失败
2026-05-21 18:10:57 | 5s |   [DL] ⚠️  HTTP 403: https://p26-sign.douyinpic.com/tos-cn-i-p14lwwcsbr/bd6e2809edac430686f01de210250...
2026-05-21 18:10:57 | 5s |   [DL] ❌ 下载失败，最后尝试的 URL: https://p26-sign.douyinpic.com/tos-cn-i-p14lwwcsbr/bd6e2809edac430686f01de210250cd4~tplv-p14lwwcsbr-7.jpeg?lk3s=7b078dd2&x-expires=1776934800&x-signature=p%2Bv%2Bj6Fggg8zWPl3wQ3A17jcSSY%3D&from=2064092626&se=false&sc=image&biz_tag=aweme_comment&l=20260422160926C47854014D9E4955E272
2026-05-21 18:10:57 | 5s |   [FAIL] 下载失败 | https://p26-sign.douyinpic.com/tos-cn-i-p14lwwcsbr/bd6e2809edac430686f01de210250cd4~tplv-p14lwwcsbr- | 原因=所有CDN均失败
2026-05-21 18:10:57 | 5s |   [FAIL] 下载失败 | comments.id=55094 api_type=comment_image | 表=comments | aweme=7476411176209976636 | 字段=image_list | 原因=下载失败
2026-05-21 18:10:57 | 5s |   [DL] ⚠️  HTTP 403: https://p26-sign.douyinpic.com/tos-cn-i-p14lwwcsbr/8021ec5dcc93470b9ff105110e288...
2026-05-21 18:10:57 | 5s |   [DL] ❌ 下载失败，最后尝试的 URL: https://p26-sign.douyinpic.com/tos-cn-i-p14lwwcsbr/8021ec5dcc93470b9ff105110e288cd7~tplv-p14lwwcsbr-7.jpeg?lk3s=7b078dd2&x-expires=1776952800&x-signature=D0%2F%2FSdYFxQfL5G1DpuWnnoFVNZI%3D&from=2064092626&se=false&sc=image&biz_tag=aweme_comment&l=20260422213043620A31DAC0379774BAE8
2026-05-21 18:10:57 | 5s |   [FAIL] 下载失败 | https://p26-sign.douyinpic.com/tos-cn-i-p14lwwcsbr/8021ec5dcc93470b9ff105110e288cd7~tplv-p14lwwcsbr- | 原因=所有CDN均失败
2026-05-21 18:10:57 | 5s |   [FAIL] 下载失败 | replies.id=18126 api_type=reply_image | 表=replies | aweme=7560954743410675002 | 字段=image_list | 原因=下载失败
2026-05-21 18:10:58 | 5s |   [DL] ⚠️  HTTP 403: https://p11-sign.douyinpic.com/tos-cn-i-p14lwwcsbr/e2a2935810aa4b8b87c5d164afb79...
2026-05-21 18:10:58 | 5s |   [DL] ⚠️  HTTP 403: https://p3-sign.douyinpic.com/tos-cn-i-p14lwwcsbr/e2a2935810aa4b8b87c5d164afb794...
2026-05-21 18:10:58 | 5s |   [DL] ❌ 下载失败，最后尝试的 URL: https://p3-sign.douyinpic.com/tos-cn-i-p14lwwcsbr/e2a2935810aa4b8b87c5d164afb7945e~tplv-p14lwwcsbr-7.jpeg?lk3s=7b078dd2&x-expires=1776938400&x-signature=sJh8%2BJ1%2Bwp2D6rGewepcZnCJYjA%3D&from=2064092626&se=false&sc=image&biz_tag=aweme_comment&l=20260422172339C383647A97FC9F534DAE
2026-05-21 18:10:58 | 5s |   [FAIL] 下载失败 | https://p3-sign.douyinpic.com/tos-cn-i-p14lwwcsbr/e2a2935810aa4b8b87c5d164afb7945e~tplv-p14lwwcsbr-7 | 原因=所有CDN均失败
2026-05-21 18:10:58 | 5s |   [FAIL] 下载失败 | comments.id=85119 api_type=comment_image | 表=comments | aweme=7560954743410675002 | 字段=image_list | 原因=下载失败
2026-05-21 18:11:04 | 11s |   [UPLOAD] ↑ MS4wLjABAAAA2FYVN1jBWaTVasx7wXcsK0rCPfSYixt5-J1pUegQIbA/avatars/962600695ac46fbdc9df274fefd56b47.jpeg
2026-05-21 18:11:04 | 11s |   [UPLOAD] ↑ MS4wLjABAAAA2FYVN1jBWaTVasx7wXcsK0rCPfSYixt5-J1pUegQIbA/avatars/2c5249ecf0c2ecd9e8beb59a860ed060.jpeg
2026-05-21 18:11:04 | 11s |   [UPLOAD] ↑ MS4wLjABAAAA2FYVN1jBWaTVasx7wXcsK0rCPfSYixt5-J1pUegQIbA/avatars/f8a4dd5089147ece25877feff8332f05.jpeg
2026-05-21 18:11:04 | 11s |   [UPLOAD] ↑ MS4wLjABAAAA2FYVN1jBWaTVasx7wXcsK0rCPfSYixt5-J1pUegQIbA/avatars/5d9732b0f7c27fccda33b06d100dc69a.jpeg
2026-05-21 18:11:04 | 11s |   [UPLOAD] ↑ MS4wLjABAAAA2FYVN1jBWaTVasx7wXcsK0rCPfSYixt5-J1pUegQIbA/avatars/94ce0d7d3cb25bbb9cdd3aa73e50fe1c.jpeg
2026-05-21 18:11:04 | 11s |   [UPLOAD] ↑ MS4wLjABAAAA2FYVN1jBWaTVasx7wXcsK0rCPfSYixt5-J1pUegQIbA/avatars/2acdead6960f970b78463f763f516980.jpeg
2026-05-21 18:11:04 | 11s |   [UPLOAD] ↑ MS4wLjABAAAA2FYVN1jBWaTVasx7wXcsK0rCPfSYixt5-J1pUegQIbA/avatars/eb9a44d869256038b355067d7a0dffec.jpeg
2026-05-21 18:11:04 | 11s |   [UPLOAD] ↑ MS4wLjABAAAA2FYVN1jBWaTVasx7wXcsK0rCPfSYixt5-J1pUegQIbA/avatars/79923ff4eb0014c67a8befa85fbaf307.jpeg
2026-05-21 18:11:04 | 11s |   [UPLOAD] ↑ MS4wLjABAAAA2FYVN1jBWaTVasx7wXcsK0rCPfSYixt5-J1pUegQIbA/stickers/4396965138f6eb96a0df1ea1b5b09312.webp
2026-05-21 18:11:04 | 11s |   [UPLOAD] ↑ MS4wLjABAAAA2FYVN1jBWaTVasx7wXcsK0rCPfSYixt5-J1pUegQIbA/avatars/656388c6e15a31d1c44fc7b033a22316.jpeg
2026-05-21 18:11:04 | 11s |   [UPLOAD] ↑ MS4wLjABAAAA2FYVN1jBWaTVasx7wXcsK0rCPfSYixt5-J1pUegQIbA/avatars/aa94d29dd6077606dd0d76285470864f.jpeg
2026-05-21 18:11:04 | 11s |   [UPLOAD] ↑ MS4wLjABAAAA2FYVN1jBWaTVasx7wXcsK0rCPfSYixt5-J1pUegQIbA/avatars/60b8bd5e3a0e91c891e3599b58bdc2ca.jpeg
2026-05-21 18:11:04 | 11s |   [DB] 📝 待更新: 13 行
2026-05-21 18:11:04 | 11s |   [DB] ✅ commit 成功: 13 行已写入
2026-05-21 18:11:18 | 25s |   [UPLOAD] ↑ MS4wLjABAAAA2FYVN1jBWaTVasx7wXcsK0rCPfSYixt5-J1pUegQIbA/stickers/6dfc6cfa0901ac2a6a42832d182aa467.png
2026-05-21 18:11:18 | 25s |   [DB] 📝 待更新: 1 行
2026-05-21 18:11:18 | 25s |   [DB] ✅ commit 成功: 1 行已写入
2026-05-21 18:11:18 | 25s |   [BATCH] ✅ 批次完成，已提交 20/20 个 URL，耗时 24.4s
2026-05-21 18:11:18 | 25s | 
  [OK] 作者完成: 上传 13，更新 14 行，HEIC 转换 0，失败 7
2026-05-21 18:11:18 | 25s | 
──────────────────────────────────────────────────────────────────────
2026-05-21 18:11:18 | 25s |   [SCAN] 📁 作者: MS4wLjABAAAAWKIRK91nF8hLjuza0KVRL50-lcfN...
2026-05-21 18:11:18 | 25s |   [SCAN] 📄 数据库: /home/runner/work/DouyinComment/DouyinComment/scripts/../data/MS4wLjABAAAAWKIRK91nF8hLjuza0KVRL50-lcfNlEPHocsF9hNYzCUag7n4BgIHQaERsfq_NiHR/sqlite.db
2026-05-21 18:11:18 | 25s | ──────────────────────────────────────────────────────────────────────
2026-05-21 18:11:18 | 25s |   [SCAN] 总 task 数: 6
2026-05-21 18:11:18 | 25s |     comment_avatar: 4
2026-05-21 18:11:18 | 25s |     comment_sticker: 2
2026-05-21 18:11:18 | 25s |   [SCAN] 唯一分组: 6，去重节省: 0 次下载
2026-05-21 18:11:18 | 25s |   [BATCH] aweme_id 数: 2，分 1 批处理
2026-05-21 18:11:18 | 25s | 
  [BATCH] 📦 批次 1/1: 2 个 aweme_id, 6 个 URL
2026-05-21 18:11:18 | 25s |   [BATCH] direct 模式: 直接使用原始 URL 6 个
2026-05-21 18:11:20 | 27s |   [UPLOAD] ↑ MS4wLjABAAAAWKIRK91nF8hLjuza0KVRL50-lcfNlEPHocsF9hNYzCUag7n4BgIHQaERsfq_NiHR/stickers/f29bac1376b0d3f3ae727ca2614857c4.jpg
2026-05-21 18:11:20 | 27s |   [UPLOAD] ↑ MS4wLjABAAAAWKIRK91nF8hLjuza0KVRL50-lcfNlEPHocsF9hNYzCUag7n4BgIHQaERsfq_NiHR/stickers/55862697587838549ffc04f3c7dae3c7.webp
2026-05-21 18:11:20 | 27s |   [UPLOAD] ↑ MS4wLjABAAAAWKIRK91nF8hLjuza0KVRL50-lcfNlEPHocsF9hNYzCUag7n4BgIHQaERsfq_NiHR/avatars/c10af4078cc33a765c557c64ece26851.jpeg
2026-05-21 18:11:20 | 27s |   [UPLOAD] ↑ MS4wLjABAAAAWKIRK91nF8hLjuza0KVRL50-lcfNlEPHocsF9hNYzCUag7n4BgIHQaERsfq_NiHR/avatars/10cd252c0c8c1989581f3f27567270a3.jpeg
2026-05-21 18:11:20 | 27s |   [UPLOAD] ↑ MS4wLjABAAAAWKIRK91nF8hLjuza0KVRL50-lcfNlEPHocsF9hNYzCUag7n4BgIHQaERsfq_NiHR/avatars/9509fe0537d504b3e6f5b65b18f52852.jpeg
2026-05-21 18:11:20 | 27s |   [UPLOAD] ↑ MS4wLjABAAAAWKIRK91nF8hLjuza0KVRL50-lcfNlEPHocsF9hNYzCUag7n4BgIHQaERsfq_NiHR/avatars/f4eb1dd889ef276b5dbb49f6f6b7ecb1.jpeg
2026-05-21 18:11:20 | 27s |   [DB] 📝 待更新: 6 行
2026-05-21 18:11:20 | 27s |   [DB] ✅ commit 成功: 6 行已写入
2026-05-21 18:11:20 | 27s |   [BATCH] ✅ 批次完成，已提交 6/6 个 URL，耗时 1.8s
2026-05-21 18:11:20 | 27s | 
  [OK] 作者完成: 上传 6，更新 6 行，HEIC 转换 0，失败 0
2026-05-21 18:11:20 | 27s | 
2026-05-21 18:11:20 | 27s | ======================================================================
2026-05-21 18:11:20 | 27s |   全部完成
2026-05-21 18:11:20 | 27s | ======================================================================
2026-05-21 18:11:20 | 27s |   作者数:        2
2026-05-21 18:11:20 | 27s |   总 task:       27
2026-05-21 18:11:20 | 27s |   上传成功:      19
2026-05-21 18:11:20 | 27s |   更新行数:      20
2026-05-21 18:11:20 | 27s |   HEIC 转换:     0
2026-05-21 18:11:20 | 27s |   失败:          7
2026-05-21 18:11:20 | 27s |   总耗时:        28s (27s)
2026-05-21 18:11:20 | 27s | ======================================================================
2026-05-21 18:11:20 | 27s | 
──────────────────────────────────────────────────────────────────────
2026-05-21 18:11:20 | 27s |   失败汇总 (共 14 项)
2026-05-21 18:11:20 | 27s | ──────────────────────────────────────────────────────────────────────
2026-05-21 18:11:20 | 27s |     下载失败: 14
2026-05-21 18:11:20 | 27s |     • 下载失败 | https://p9-sign.douyinpic.com/obj/tos-cn-o-0812/okAuAfyyBAD0iA5Zadi8vNEj7BBIigGQyVYEkA?lk3s=7b078dd2 | 所有CDN均失败
2026-05-21 18:11:20 | 27s |     • 下载失败 | replies.id=21178 api_type=reply_sticker | 下载失败
2026-05-21 18:11:20 | 27s |     • 下载失败 | https://p5-ex-gddgtc-sign.douyinpic.com/obj/douyin-user-image-file/8c8844d242627c599d1e61a6c3f3f7a3? | 所有CDN均失败
2026-05-21 18:11:20 | 27s |     • 下载失败 | comments.id=85194 api_type=comment_sticker | 下载失败
2026-05-21 18:11:20 | 27s |     • 下载失败 | https://p26-sign.douyinpic.com/obj/tos-cn-o-0812/o0cguteHAroyvOClx6QCAktcgDQdIAelAHA8bn?lk3s=7b078dd | 所有CDN均失败
2026-05-21 18:11:20 | 27s |     • 下载失败 | comments.id=46997 api_type=comment_sticker | 下载失败
2026-05-21 18:11:20 | 27s |     • 下载失败 | https://p5-ex-gddgtc-sign.douyinpic.com/obj/tos-cn-o-0812/osMbEYFxAgCM8ORMAADAIjDlxCpgaCAyAGEff0?lk3 | 所有CDN均失败
2026-05-21 18:11:20 | 27s |     • 下载失败 | comments.id=90723 api_type=comment_sticker | 下载失败
2026-05-21 18:11:20 | 27s |     • 下载失败 | https://p26-sign.douyinpic.com/tos-cn-i-p14lwwcsbr/bd6e2809edac430686f01de210250cd4~tplv-p14lwwcsbr- | 所有CDN均失败
2026-05-21 18:11:20 | 27s |     • 下载失败 | comments.id=55094 api_type=comment_image | 下载失败
2026-05-21 18:11:20 | 27s |     • 下载失败 | https://p26-sign.douyinpic.com/tos-cn-i-p14lwwcsbr/8021ec5dcc93470b9ff105110e288cd7~tplv-p14lwwcsbr- | 所有CDN均失败
2026-05-21 18:11:20 | 27s |     • 下载失败 | replies.id=18126 api_type=reply_image | 下载失败
2026-05-21 18:11:20 | 27s |     • 下载失败 | https://p3-sign.douyinpic.com/tos-cn-i-p14lwwcsbr/e2a2935810aa4b8b87c5d164afb7945e~tplv-p14lwwcsbr-7 | 所有CDN均失败
2026-05-21 18:11:20 | 27s |     • 下载失败 | comments.id=85119 api_type=comment_image | 下载失败
2026-05-21 18:11:20 | 27s | ──────────────────────────────────────────────────────────────────────
