2026-05-15 17:51:59 | 0s | [INIT] 日志文件: /home/runner/work/DouyinComment/DouyinComment/scripts/../logs/migrate/migrate_20260515_175159.log
2026-05-15 17:51:59 | 0s | ======================================================================
2026-05-15 17:51:59 | 0s |   [INIT] 抖音资源 → HF Bucket 迁移（v3）
2026-05-15 17:51:59 | 0s |   [INIT] 数据目录:    /home/runner/work/DouyinComment/DouyinComment/scripts/../data
2026-05-15 17:51:59 | 0s |   [INIT] 日志目录:    /home/runner/work/DouyinComment/DouyinComment/scripts/../logs/migrate
2026-05-15 17:51:59 | 0s |   [INIT] 作者过滤:    all
2026-05-15 17:51:59 | 0s |   [INIT] 限制表:      全部
2026-05-15 17:51:59 | 0s |   [INIT] 限制字段:    全部
2026-05-15 17:51:59 | 0s |   [INIT] 最大任务数:  不限
2026-05-15 17:51:59 | 0s |   [INIT] 批次大小:    20
2026-05-15 17:51:59 | 0s |   [INIT] 并发数:      6
2026-05-15 17:51:59 | 0s |   [INIT] Dry-run:     否
2026-05-15 17:51:59 | 0s |   [INIT] Direct:      是
2026-05-15 17:51:59 | 0s | ======================================================================
2026-05-15 17:51:59 | 0s | 
  [SCAN] 已选择 2 个数据库:
2026-05-15 17:51:59 | 0s |   [SCAN] 📁 MS4wLjABAAAA2FYVN1jBWaTVasx7wXcsK0rCPfSY... (videos=405, comments=96984, replies=21149, 44.3 MB)
2026-05-15 17:51:59 | 0s |   [SCAN] 📁 MS4wLjABAAAAWKIRK91nF8hLjuza0KVRL50-lcfN... (videos=149, comments=8147, replies=1945, 4.0 MB)
2026-05-15 17:51:59 | 0s | 
--- HEIF 格式检测 ---
2026-05-15 17:51:59 | 0s | ✅ pillow-heif 已就绪
2026-05-15 17:51:59 | 0s | 
--- 验证 Cookie ---
2026-05-15 17:52:01 | 2s | ✅ Cookie 有效，用户: 万年
2026-05-15 17:52:01 | 2s | 
──────────────────────────────────────────────────────────────────────
2026-05-15 17:52:01 | 2s |   [SCAN] 📁 作者: MS4wLjABAAAA2FYVN1jBWaTVasx7wXcsK0rCPfSY...
2026-05-15 17:52:01 | 2s |   [SCAN] 📄 数据库: /home/runner/work/DouyinComment/DouyinComment/scripts/../data/MS4wLjABAAAA2FYVN1jBWaTVasx7wXcsK0rCPfSYixt5-J1pUegQIbA/sqlite.db
2026-05-15 17:52:01 | 2s | ──────────────────────────────────────────────────────────────────────
2026-05-15 17:52:01 | 2s |   [SCAN] 总 task 数: 26
2026-05-15 17:52:01 | 2s |     comment_avatar: 19
2026-05-15 17:52:01 | 2s |     comment_image: 2
2026-05-15 17:52:01 | 2s |     comment_sticker: 3
2026-05-15 17:52:01 | 2s |     reply_image: 1
2026-05-15 17:52:01 | 2s |     reply_sticker: 1
2026-05-15 17:52:01 | 2s |   [SCAN] 唯一分组: 26，去重节省: 0 次下载
2026-05-15 17:52:01 | 2s |   [BATCH] aweme_id 数: 8，分 1 批处理
2026-05-15 17:52:01 | 2s | 
  [BATCH] 📦 批次 1/1: 8 个 aweme_id, 26 个 URL
2026-05-15 17:52:01 | 2s |   [BATCH] direct 模式: 直接使用原始 URL 26 个
2026-05-15 17:52:02 | 3s |   [DL] ⚠️  HTTP 403: https://p9-sign.douyinpic.com/obj/tos-cn-o-0812/okAuAfyyBAD0iA5Zadi8vNEj7BBIigGQ...
2026-05-15 17:52:02 | 3s |   [DL] ❌ 下载失败，最后尝试的 URL: https://p9-sign.douyinpic.com/obj/tos-cn-o-0812/okAuAfyyBAD0iA5Zadi8vNEj7BBIigGQyVYEkA?lk3s=7b078dd2&x-expires=1776960000&x-signature=PGcNQ%2BFbEbGoPQbhPvr5GppjCr0%3D&from=2064092626&s=sticker_comment&se=false&sc=sticker_heif&biz_tag=aweme_comment&l=202604231846140F73B10722ECAAC2EAB9
2026-05-15 17:52:02 | 3s |   [FAIL] 下载失败 | https://p9-sign.douyinpic.com/obj/tos-cn-o-0812/okAuAfyyBAD0iA5Zadi8vNEj7BBIigGQyVYEkA?lk3s=7b078dd2 | 原因=所有CDN均失败
2026-05-15 17:52:02 | 3s |   [FAIL] 下载失败 | replies.id=21178 api_type=reply_sticker | 表=replies | aweme=7631634541144461489 | 字段=sticker | 原因=下载失败
2026-05-15 17:52:03 | 4s |   [DL] ⚠️  HTTP 403: https://p5-ex-gddgtc-sign.douyinpic.com/obj/douyin-user-image-file/8c8844d242627...
2026-05-15 17:52:03 | 4s |   [DL] ❌ 下载失败，最后尝试的 URL: https://p5-ex-gddgtc-sign.douyinpic.com/obj/douyin-user-image-file/8c8844d242627c599d1e61a6c3f3f7a3?lk3s=7b078dd2&x-expires=1776938400&x-signature=3mPhXzM1XGYjiux88h2FMYLDAV0%3D&from=2064092626&s=sticker_comment&se=false&sc=sticker_heif&biz_tag=aweme_comment&l=20260422172351E72952BBBF2BB254ED0C
2026-05-15 17:52:03 | 4s |   [FAIL] 下载失败 | https://p5-ex-gddgtc-sign.douyinpic.com/obj/douyin-user-image-file/8c8844d242627c599d1e61a6c3f3f7a3? | 原因=所有CDN均失败
2026-05-15 17:52:03 | 4s |   [FAIL] 下载失败 | comments.id=85194 api_type=comment_sticker | 表=comments | aweme=7560954743410675002 | 字段=sticker | 原因=下载失败
2026-05-15 17:52:04 | 4s |   [DL] ⚠️  HTTP 403: https://p3-sign.douyinpic.com/tos-cn-i-p14lwwcsbr/e2a2935810aa4b8b87c5d164afb794...
2026-05-15 17:52:04 | 5s |   [DL] ⚠️  HTTP 403: https://p5-ex-gddgtc-sign.douyinpic.com/obj/tos-cn-o-0812/osMbEYFxAgCM8ORMAADAIj...
2026-05-15 17:52:04 | 5s |   [DL] ❌ 下载失败，最后尝试的 URL: https://p5-ex-gddgtc-sign.douyinpic.com/obj/tos-cn-o-0812/osMbEYFxAgCM8ORMAADAIjDlxCpgaCAyAGEff0?lk3s=7b078dd2&x-expires=1776938400&x-signature=a4s4ivW6IB1r42X4peH3NFRD5VE%3D&from=2064092626&s=sticker_comment&se=false&sc=sticker_heif&biz_tag=aweme_comment&l=202604221741241AE6C93B5D9DF35359FD
2026-05-15 17:52:04 | 5s |   [FAIL] 下载失败 | https://p5-ex-gddgtc-sign.douyinpic.com/obj/tos-cn-o-0812/osMbEYFxAgCM8ORMAADAIjDlxCpgaCAyAGEff0?lk3 | 原因=所有CDN均失败
2026-05-15 17:52:04 | 5s |   [FAIL] 下载失败 | comments.id=90723 api_type=comment_sticker | 表=comments | aweme=7575874445581119665 | 字段=sticker | 原因=下载失败
2026-05-15 17:52:04 | 5s |   [DL] ⚠️  HTTP 403: https://p26-sign.douyinpic.com/tos-cn-i-p14lwwcsbr/bd6e2809edac430686f01de210250...
2026-05-15 17:52:04 | 5s |   [DL] ⚠️  HTTP 403: https://p26-sign.douyinpic.com/obj/tos-cn-o-0812/o0cguteHAroyvOClx6QCAktcgDQdIAe...
2026-05-15 17:52:04 | 5s |   [DL] ❌ 下载失败，最后尝试的 URL: https://p26-sign.douyinpic.com/obj/tos-cn-o-0812/o0cguteHAroyvOClx6QCAktcgDQdIAelAHA8bn?lk3s=7b078dd2&x-expires=1776931200&x-signature=QKrJNCwSi5qhER7JuGxca4eE%2BkU%3D&from=2064092626&s=sticker_comment&se=false&sc=sticker_heif&biz_tag=aweme_comment&l=20260422155917D4AC69AC509C06719605
2026-05-15 17:52:04 | 5s |   [FAIL] 下载失败 | https://p26-sign.douyinpic.com/obj/tos-cn-o-0812/o0cguteHAroyvOClx6QCAktcgDQdIAelAHA8bn?lk3s=7b078dd | 原因=所有CDN均失败
2026-05-15 17:52:04 | 5s |   [FAIL] 下载失败 | comments.id=46997 api_type=comment_sticker | 表=comments | aweme=7456483966602841403 | 字段=sticker | 原因=下载失败
2026-05-15 17:52:04 | 5s |   [DL] ⚠️  HTTP 403: https://p3-sign.douyinpic.com/tos-cn-i-p14lwwcsbr/bd6e2809edac430686f01de210250c...
2026-05-15 17:52:05 | 6s |   [DL] ⚠️  HTTP 403: https://p5-ex-gddgtc-sign.douyinpic.com/tos-cn-i-p14lwwcsbr/e2a2935810aa4b8b87c5...
2026-05-15 17:52:05 | 6s |   [DL] ⚠️  HTTP 403: https://p5-ex-gddgtc-sign.douyinpic.com/tos-cn-i-p14lwwcsbr/bd6e2809edac430686f0...
2026-05-15 17:52:05 | 6s |   [DL] ⚠️  HTTP 403: https://p26-sign.douyinpic.com/tos-cn-i-p14lwwcsbr/8021ec5dcc93470b9ff105110e288...
2026-05-15 17:52:06 | 7s |   [DL] ⚠️  HTTP 403: https://p3-sign.douyinpic.com/tos-cn-i-p14lwwcsbr/8021ec5dcc93470b9ff105110e288c...
2026-05-15 17:52:06 | 7s |   [DL] ⚠️  HTTP 403: https://p11-sign.douyinpic.com/tos-cn-i-p14lwwcsbr/e2a2935810aa4b8b87c5d164afb79...
2026-05-15 17:52:06 | 7s |   [DL] ⚠️  HTTP 403: https://p3-sign.douyinpic.com/tos-cn-i-p14lwwcsbr/e2a2935810aa4b8b87c5d164afb794...
2026-05-15 17:52:06 | 7s |   [DL] ❌ 下载失败，最后尝试的 URL: https://p3-sign.douyinpic.com/tos-cn-i-p14lwwcsbr/e2a2935810aa4b8b87c5d164afb7945e~tplv-p14lwwcsbr-7.jpeg?lk3s=7b078dd2&x-expires=1776938400&x-signature=sJh8%2BJ1%2Bwp2D6rGewepcZnCJYjA%3D&from=2064092626&se=false&sc=image&biz_tag=aweme_comment&l=20260422172339C383647A97FC9F534DAE
2026-05-15 17:52:06 | 7s |   [FAIL] 下载失败 | https://p3-sign.douyinpic.com/tos-cn-i-p14lwwcsbr/e2a2935810aa4b8b87c5d164afb7945e~tplv-p14lwwcsbr-7 | 原因=所有CDN均失败
2026-05-15 17:52:06 | 7s |   [FAIL] 下载失败 | comments.id=85119 api_type=comment_image | 表=comments | aweme=7560954743410675002 | 字段=image_list | 原因=下载失败
2026-05-15 17:52:06 | 7s |   [DL] ⚠️  HTTP 403: https://p26-sign.douyinpic.com/tos-cn-i-p14lwwcsbr/bd6e2809edac430686f01de210250...
2026-05-15 17:52:06 | 7s |   [DL] ❌ 下载失败，最后尝试的 URL: https://p26-sign.douyinpic.com/tos-cn-i-p14lwwcsbr/bd6e2809edac430686f01de210250cd4~tplv-p14lwwcsbr-7.jpeg?lk3s=7b078dd2&x-expires=1776934800&x-signature=p%2Bv%2Bj6Fggg8zWPl3wQ3A17jcSSY%3D&from=2064092626&se=false&sc=image&biz_tag=aweme_comment&l=20260422160926C47854014D9E4955E272
2026-05-15 17:52:06 | 7s |   [FAIL] 下载失败 | https://p26-sign.douyinpic.com/tos-cn-i-p14lwwcsbr/bd6e2809edac430686f01de210250cd4~tplv-p14lwwcsbr- | 原因=所有CDN均失败
2026-05-15 17:52:06 | 7s |   [FAIL] 下载失败 | comments.id=55094 api_type=comment_image | 表=comments | aweme=7476411176209976636 | 字段=image_list | 原因=下载失败
2026-05-15 17:52:06 | 7s |   [DL] ⚠️  HTTP 403: https://p5-ex-gddgtc-sign.douyinpic.com/tos-cn-i-p14lwwcsbr/8021ec5dcc93470b9ff1...
2026-05-15 17:52:08 | 9s |   [DL] ⚠️  HTTP 403: https://p26-sign.douyinpic.com/tos-cn-i-p14lwwcsbr/8021ec5dcc93470b9ff105110e288...
2026-05-15 17:52:08 | 9s |   [DL] ❌ 下载失败，最后尝试的 URL: https://p26-sign.douyinpic.com/tos-cn-i-p14lwwcsbr/8021ec5dcc93470b9ff105110e288cd7~tplv-p14lwwcsbr-7.jpeg?lk3s=7b078dd2&x-expires=1776952800&x-signature=D0%2F%2FSdYFxQfL5G1DpuWnnoFVNZI%3D&from=2064092626&se=false&sc=image&biz_tag=aweme_comment&l=20260422213043620A31DAC0379774BAE8
2026-05-15 17:52:08 | 9s |   [FAIL] 下载失败 | https://p26-sign.douyinpic.com/tos-cn-i-p14lwwcsbr/8021ec5dcc93470b9ff105110e288cd7~tplv-p14lwwcsbr- | 原因=所有CDN均失败
2026-05-15 17:52:08 | 9s |   [FAIL] 下载失败 | replies.id=18126 api_type=reply_image | 表=replies | aweme=7560954743410675002 | 字段=image_list | 原因=下载失败
2026-05-15 17:52:08 | 9s |   [UPLOAD] ↑ MS4wLjABAAAA2FYVN1jBWaTVasx7wXcsK0rCPfSYixt5-J1pUegQIbA/avatars/e7ec5211f72459ee1a925b9f271be617.jpeg
2026-05-15 17:52:08 | 9s |   [UPLOAD] ↑ MS4wLjABAAAA2FYVN1jBWaTVasx7wXcsK0rCPfSYixt5-J1pUegQIbA/avatars/99b122575682360e8de0cce1f009e2d2.jpeg
2026-05-15 17:52:08 | 9s |   [UPLOAD] ↑ MS4wLjABAAAA2FYVN1jBWaTVasx7wXcsK0rCPfSYixt5-J1pUegQIbA/avatars/7e6060ab33fbed3d00def5486f69f9d9.jpeg
2026-05-15 17:52:08 | 9s |   [UPLOAD] ↑ MS4wLjABAAAA2FYVN1jBWaTVasx7wXcsK0rCPfSYixt5-J1pUegQIbA/avatars/13a12c029d5977965a3657c78c92c02f.jpeg
2026-05-15 17:52:08 | 9s |   [UPLOAD] ↑ MS4wLjABAAAA2FYVN1jBWaTVasx7wXcsK0rCPfSYixt5-J1pUegQIbA/avatars/55836d1d4fa36888182d67191106aa5b.jpeg
2026-05-15 17:52:08 | 9s |   [UPLOAD] ↑ MS4wLjABAAAA2FYVN1jBWaTVasx7wXcsK0rCPfSYixt5-J1pUegQIbA/avatars/4ac86d79907ce1783183a063ac5e76fc.jpeg
2026-05-15 17:52:08 | 9s |   [UPLOAD] ↑ MS4wLjABAAAA2FYVN1jBWaTVasx7wXcsK0rCPfSYixt5-J1pUegQIbA/avatars/69541992a0f50bdf230eac6ca39ae2bc.jpeg
2026-05-15 17:52:08 | 9s |   [UPLOAD] ↑ MS4wLjABAAAA2FYVN1jBWaTVasx7wXcsK0rCPfSYixt5-J1pUegQIbA/avatars/02797f125e85bebd1be5153e521370f6.jpeg
2026-05-15 17:52:08 | 9s |   [UPLOAD] ↑ MS4wLjABAAAA2FYVN1jBWaTVasx7wXcsK0rCPfSYixt5-J1pUegQIbA/avatars/04ddac417b02ab367ad65c6888457684.jpeg
2026-05-15 17:52:08 | 9s |   [UPLOAD] ↑ MS4wLjABAAAA2FYVN1jBWaTVasx7wXcsK0rCPfSYixt5-J1pUegQIbA/avatars/7d87b6ed0622a4ffd8dc414e6d0f4c69.jpeg
2026-05-15 17:52:08 | 9s |   [UPLOAD] ↑ MS4wLjABAAAA2FYVN1jBWaTVasx7wXcsK0rCPfSYixt5-J1pUegQIbA/avatars/daca5a44c0be536f70465f73ac99ad38.jpeg
2026-05-15 17:52:08 | 9s |   [UPLOAD] ↑ MS4wLjABAAAA2FYVN1jBWaTVasx7wXcsK0rCPfSYixt5-J1pUegQIbA/avatars/99ecb2cbd7a633c4a27dc86d216c520b.jpeg
2026-05-15 17:52:08 | 9s |   [UPLOAD] ↑ MS4wLjABAAAA2FYVN1jBWaTVasx7wXcsK0rCPfSYixt5-J1pUegQIbA/avatars/c3f8e3dab136e82cc8b9a512630ae4bd.jpeg
2026-05-15 17:52:08 | 9s |   [UPLOAD] ↑ MS4wLjABAAAA2FYVN1jBWaTVasx7wXcsK0rCPfSYixt5-J1pUegQIbA/avatars/d12cdd693abb85abe2ec61b99b6cb23e.jpeg
2026-05-15 17:52:08 | 9s |   [UPLOAD] ↑ MS4wLjABAAAA2FYVN1jBWaTVasx7wXcsK0rCPfSYixt5-J1pUegQIbA/avatars/670ce334c866639af2615407e87eee98.jpeg
2026-05-15 17:52:08 | 9s |   [UPLOAD] ↑ MS4wLjABAAAA2FYVN1jBWaTVasx7wXcsK0rCPfSYixt5-J1pUegQIbA/avatars/14f8773d28b1f6211aef6f258a5de50e.jpeg
2026-05-15 17:52:08 | 9s |   [UPLOAD] ↑ MS4wLjABAAAA2FYVN1jBWaTVasx7wXcsK0rCPfSYixt5-J1pUegQIbA/avatars/39e82f63c4e306b823c0dd6ef4e82076.jpeg
2026-05-15 17:52:08 | 9s |   [UPLOAD] ↑ MS4wLjABAAAA2FYVN1jBWaTVasx7wXcsK0rCPfSYixt5-J1pUegQIbA/avatars/22fb0332aaafec7a1fa6c0072ef54c35.jpeg
2026-05-15 17:52:08 | 9s |   [UPLOAD] ↑ MS4wLjABAAAA2FYVN1jBWaTVasx7wXcsK0rCPfSYixt5-J1pUegQIbA/avatars/a65d1a0d22e920c5b6cc8fd1f531cbca.jpeg
2026-05-15 17:52:08 | 9s |   [DB] 📝 待更新: 19 行
2026-05-15 17:52:08 | 9s |   [DB] ✅ commit 成功: 19 行已写入
2026-05-15 17:52:08 | 9s |   [BATCH] ✅ 批次完成，已提交 26/26 个 URL，耗时 7.3s
2026-05-15 17:52:08 | 9s | 
  [OK] 作者完成: 上传 19，更新 19 行，HEIC 转换 0，失败 7
2026-05-15 17:52:08 | 9s | 
──────────────────────────────────────────────────────────────────────
2026-05-15 17:52:08 | 9s |   [SCAN] 📁 作者: MS4wLjABAAAAWKIRK91nF8hLjuza0KVRL50-lcfN...
2026-05-15 17:52:08 | 9s |   [SCAN] 📄 数据库: /home/runner/work/DouyinComment/DouyinComment/scripts/../data/MS4wLjABAAAAWKIRK91nF8hLjuza0KVRL50-lcfNlEPHocsF9hNYzCUag7n4BgIHQaERsfq_NiHR/sqlite.db
2026-05-15 17:52:08 | 9s | ──────────────────────────────────────────────────────────────────────
2026-05-15 17:52:08 | 9s |   [SCAN] 总 task 数: 2
2026-05-15 17:52:08 | 9s |     comment_avatar: 2
2026-05-15 17:52:08 | 9s |   [SCAN] 唯一分组: 2，去重节省: 0 次下载
2026-05-15 17:52:08 | 9s |   [BATCH] aweme_id 数: 1，分 1 批处理
2026-05-15 17:52:08 | 9s | 
  [BATCH] 📦 批次 1/1: 1 个 aweme_id, 2 个 URL
2026-05-15 17:52:08 | 9s |   [BATCH] direct 模式: 直接使用原始 URL 2 个
2026-05-15 17:52:10 | 10s |   [UPLOAD] ↑ MS4wLjABAAAAWKIRK91nF8hLjuza0KVRL50-lcfNlEPHocsF9hNYzCUag7n4BgIHQaERsfq_NiHR/avatars/4bf52fd8a106df8bb80d20867c5c8160.jpeg
2026-05-15 17:52:10 | 10s |   [UPLOAD] ↑ MS4wLjABAAAAWKIRK91nF8hLjuza0KVRL50-lcfNlEPHocsF9hNYzCUag7n4BgIHQaERsfq_NiHR/avatars/56e78a3e95adc0d51f5c27a2f8739a40.jpeg
2026-05-15 17:52:10 | 10s |   [DB] 📝 待更新: 2 行
2026-05-15 17:52:10 | 10s |   [DB] ✅ commit 成功: 2 行已写入
2026-05-15 17:52:10 | 10s |   [BATCH] ✅ 批次完成，已提交 2/2 个 URL，耗时 1.1s
2026-05-15 17:52:10 | 10s | 
  [OK] 作者完成: 上传 2，更新 2 行，HEIC 转换 0，失败 0
2026-05-15 17:52:10 | 10s | 
2026-05-15 17:52:10 | 10s | ======================================================================
2026-05-15 17:52:10 | 10s |   全部完成
2026-05-15 17:52:10 | 10s | ======================================================================
2026-05-15 17:52:10 | 10s |   作者数:        2
2026-05-15 17:52:10 | 10s |   总 task:       28
2026-05-15 17:52:10 | 10s |   上传成功:      21
2026-05-15 17:52:10 | 10s |   更新行数:      21
2026-05-15 17:52:10 | 10s |   HEIC 转换:     0
2026-05-15 17:52:10 | 10s |   失败:          7
2026-05-15 17:52:10 | 10s |   总耗时:        11s (10s)
2026-05-15 17:52:10 | 10s | ======================================================================
2026-05-15 17:52:10 | 10s | 
──────────────────────────────────────────────────────────────────────
2026-05-15 17:52:10 | 10s |   失败汇总 (共 14 项)
2026-05-15 17:52:10 | 10s | ──────────────────────────────────────────────────────────────────────
2026-05-15 17:52:10 | 10s |     下载失败: 14
2026-05-15 17:52:10 | 10s |     • 下载失败 | https://p9-sign.douyinpic.com/obj/tos-cn-o-0812/okAuAfyyBAD0iA5Zadi8vNEj7BBIigGQyVYEkA?lk3s=7b078dd2 | 所有CDN均失败
2026-05-15 17:52:10 | 10s |     • 下载失败 | replies.id=21178 api_type=reply_sticker | 下载失败
2026-05-15 17:52:10 | 10s |     • 下载失败 | https://p5-ex-gddgtc-sign.douyinpic.com/obj/douyin-user-image-file/8c8844d242627c599d1e61a6c3f3f7a3? | 所有CDN均失败
2026-05-15 17:52:10 | 10s |     • 下载失败 | comments.id=85194 api_type=comment_sticker | 下载失败
2026-05-15 17:52:10 | 10s |     • 下载失败 | https://p5-ex-gddgtc-sign.douyinpic.com/obj/tos-cn-o-0812/osMbEYFxAgCM8ORMAADAIjDlxCpgaCAyAGEff0?lk3 | 所有CDN均失败
2026-05-15 17:52:10 | 10s |     • 下载失败 | comments.id=90723 api_type=comment_sticker | 下载失败
2026-05-15 17:52:10 | 10s |     • 下载失败 | https://p26-sign.douyinpic.com/obj/tos-cn-o-0812/o0cguteHAroyvOClx6QCAktcgDQdIAelAHA8bn?lk3s=7b078dd | 所有CDN均失败
2026-05-15 17:52:10 | 10s |     • 下载失败 | comments.id=46997 api_type=comment_sticker | 下载失败
2026-05-15 17:52:10 | 10s |     • 下载失败 | https://p3-sign.douyinpic.com/tos-cn-i-p14lwwcsbr/e2a2935810aa4b8b87c5d164afb7945e~tplv-p14lwwcsbr-7 | 所有CDN均失败
2026-05-15 17:52:10 | 10s |     • 下载失败 | comments.id=85119 api_type=comment_image | 下载失败
2026-05-15 17:52:10 | 10s |     • 下载失败 | https://p26-sign.douyinpic.com/tos-cn-i-p14lwwcsbr/bd6e2809edac430686f01de210250cd4~tplv-p14lwwcsbr- | 所有CDN均失败
2026-05-15 17:52:10 | 10s |     • 下载失败 | comments.id=55094 api_type=comment_image | 下载失败
2026-05-15 17:52:10 | 10s |     • 下载失败 | https://p26-sign.douyinpic.com/tos-cn-i-p14lwwcsbr/8021ec5dcc93470b9ff105110e288cd7~tplv-p14lwwcsbr- | 所有CDN均失败
2026-05-15 17:52:10 | 10s |     • 下载失败 | replies.id=18126 api_type=reply_image | 下载失败
2026-05-15 17:52:10 | 10s | ──────────────────────────────────────────────────────────────────────
