2026-05-08 17:31:13 | 0s | [INIT] 日志文件: /home/runner/work/DouyinComment/DouyinComment/scripts/../logs/migrate/migrate_20260508_173113.log
2026-05-08 17:31:13 | 0s | ======================================================================
2026-05-08 17:31:13 | 0s |   [INIT] 抖音资源 → HF Bucket 迁移（v3）
2026-05-08 17:31:13 | 0s |   [INIT] 数据目录:    /home/runner/work/DouyinComment/DouyinComment/scripts/../data
2026-05-08 17:31:13 | 0s |   [INIT] 日志目录:    /home/runner/work/DouyinComment/DouyinComment/scripts/../logs/migrate
2026-05-08 17:31:13 | 0s |   [INIT] 作者过滤:    all
2026-05-08 17:31:13 | 0s |   [INIT] 限制表:      全部
2026-05-08 17:31:13 | 0s |   [INIT] 限制字段:    全部
2026-05-08 17:31:13 | 0s |   [INIT] 最大任务数:  不限
2026-05-08 17:31:13 | 0s |   [INIT] 批次大小:    20
2026-05-08 17:31:13 | 0s |   [INIT] 并发数:      6
2026-05-08 17:31:13 | 0s |   [INIT] Dry-run:     否
2026-05-08 17:31:13 | 0s |   [INIT] Direct:      是
2026-05-08 17:31:13 | 0s | ======================================================================
2026-05-08 17:31:13 | 0s | 
  [SCAN] 已选择 2 个数据库:
2026-05-08 17:31:13 | 0s |   [SCAN] 📁 MS4wLjABAAAA2FYVN1jBWaTVasx7wXcsK0rCPfSY... (videos=405, comments=96631, replies=21135, 44.2 MB)
2026-05-08 17:31:13 | 0s |   [SCAN] 📁 MS4wLjABAAAAWKIRK91nF8hLjuza0KVRL50-lcfN... (videos=149, comments=8135, replies=1944, 4.0 MB)
2026-05-08 17:31:13 | 0s | 
--- HEIF 格式检测 ---
2026-05-08 17:31:13 | 0s | ✅ pillow-heif 已就绪
2026-05-08 17:31:13 | 0s | 
--- 验证 Cookie ---
2026-05-08 17:31:15 | 2s | ✅ Cookie 有效，用户: 万年
2026-05-08 17:31:15 | 2s | 
──────────────────────────────────────────────────────────────────────
2026-05-08 17:31:15 | 2s |   [SCAN] 📁 作者: MS4wLjABAAAA2FYVN1jBWaTVasx7wXcsK0rCPfSY...
2026-05-08 17:31:15 | 2s |   [SCAN] 📄 数据库: /home/runner/work/DouyinComment/DouyinComment/scripts/../data/MS4wLjABAAAA2FYVN1jBWaTVasx7wXcsK0rCPfSYixt5-J1pUegQIbA/sqlite.db
2026-05-08 17:31:15 | 2s | ──────────────────────────────────────────────────────────────────────
2026-05-08 17:31:16 | 2s |   [SCAN] 总 task 数: 621
2026-05-08 17:31:16 | 2s |     comment_avatar: 533
2026-05-08 17:31:16 | 2s |     comment_image: 14
2026-05-08 17:31:16 | 2s |     comment_sticker: 11
2026-05-08 17:31:16 | 2s |     origin_cover: 1
2026-05-08 17:31:16 | 2s |     reply_avatar: 58
2026-05-08 17:31:16 | 2s |     reply_image: 1
2026-05-08 17:31:16 | 2s |     reply_sticker: 2
2026-05-08 17:31:16 | 2s |     video: 1
2026-05-08 17:31:16 | 2s |   [SCAN] 唯一分组: 563，去重节省: 58 次下载
2026-05-08 17:31:16 | 2s |   [BATCH] aweme_id 数: 12，分 1 批处理
2026-05-08 17:31:16 | 2s | 
  [BATCH] 📦 批次 1/1: 12 个 aweme_id, 563 个 URL
2026-05-08 17:31:16 | 2s |   [BATCH] direct 模式: 直接使用原始 URL 621 个
2026-05-08 17:31:19 | 5s |   [DL] ⚠️  HTTP 403: https://p5-ex-gddgtc-sign.douyinpic.com/obj/tos-cn-o-0812/osMbEYFxAgCM8ORMAADAIj...
2026-05-08 17:31:19 | 5s |   [DL] ❌ 下载失败，最后尝试的 URL: https://p5-ex-gddgtc-sign.douyinpic.com/obj/tos-cn-o-0812/osMbEYFxAgCM8ORMAADAIjDlxCpgaCAyAGEff0?lk3s=7b078dd2&x-expires=1776938400&x-signature=a4s4ivW6IB1r42X4peH3NFRD5VE%3D&from=2064092626&s=sticker_comment&se=false&sc=sticker_heif&biz_tag=aweme_comment&l=202604221741241AE6C93B5D9DF35359FD
2026-05-08 17:31:19 | 5s |   [FAIL] 下载失败 | https://p5-ex-gddgtc-sign.douyinpic.com/obj/tos-cn-o-0812/osMbEYFxAgCM8ORMAADAIjDlxCpgaCAyAGEff0?lk3 | 原因=所有CDN均失败
2026-05-08 17:31:19 | 5s |   [FAIL] 下载失败 | comments.id=90723 api_type=comment_sticker | 表=comments | aweme=7575874445581119665 | 字段=sticker | 原因=下载失败
2026-05-08 17:31:22 | 8s |   [UPLOAD] ↑ MS4wLjABAAAA2FYVN1jBWaTVasx7wXcsK0rCPfSYixt5-J1pUegQIbA/avatars/a02aba4995896db3b8806847c30a9d1f.jpeg
2026-05-08 17:31:22 | 8s |   [UPLOAD] ↑ MS4wLjABAAAA2FYVN1jBWaTVasx7wXcsK0rCPfSYixt5-J1pUegQIbA/avatars/4e07aa431b7d1e6f6e2f822cea74dcd5.jpeg
2026-05-08 17:31:22 | 8s |   [UPLOAD] ↑ MS4wLjABAAAA2FYVN1jBWaTVasx7wXcsK0rCPfSYixt5-J1pUegQIbA/avatars/0d1f5c99a86e55073a06da722acd655b.jpeg
2026-05-08 17:31:22 | 8s |   [UPLOAD] ↑ MS4wLjABAAAA2FYVN1jBWaTVasx7wXcsK0rCPfSYixt5-J1pUegQIbA/avatars/e6cab8bd6e800586771471c0c0bb7f77.jpeg
2026-05-08 17:31:22 | 8s |   [UPLOAD] ↑ MS4wLjABAAAA2FYVN1jBWaTVasx7wXcsK0rCPfSYixt5-J1pUegQIbA/avatars/1e1e448f52029a61ebb3addc1ba3ab22.jpeg
2026-05-08 17:31:22 | 8s |   [UPLOAD] ↑ MS4wLjABAAAA2FYVN1jBWaTVasx7wXcsK0rCPfSYixt5-J1pUegQIbA/avatars/c1f74f2768ddbbe9e9b6a16596cb64de.jpeg
2026-05-08 17:31:22 | 8s |   [UPLOAD] ↑ MS4wLjABAAAA2FYVN1jBWaTVasx7wXcsK0rCPfSYixt5-J1pUegQIbA/avatars/735cf61fbd78e099de5fba55262cd8a3.jpeg
2026-05-08 17:31:22 | 8s |   [UPLOAD] ↑ MS4wLjABAAAA2FYVN1jBWaTVasx7wXcsK0rCPfSYixt5-J1pUegQIbA/avatars/a9a45a1bdd3591a01e0e9b471064b435.jpeg
2026-05-08 17:31:22 | 8s |   [UPLOAD] ↑ MS4wLjABAAAA2FYVN1jBWaTVasx7wXcsK0rCPfSYixt5-J1pUegQIbA/avatars/1c6c92ba2092ac0de4b84b6a2df676e8.jpeg
2026-05-08 17:31:22 | 8s |   [UPLOAD] ↑ MS4wLjABAAAA2FYVN1jBWaTVasx7wXcsK0rCPfSYixt5-J1pUegQIbA/avatars/830487ed736079845370332f1f41d422.jpeg
2026-05-08 17:31:22 | 8s |   [UPLOAD] ↑ MS4wLjABAAAA2FYVN1jBWaTVasx7wXcsK0rCPfSYixt5-J1pUegQIbA/avatars/932b2060ea21bf2c0a26480ab543bb76.jpeg
2026-05-08 17:31:22 | 8s |   [UPLOAD] ↑ MS4wLjABAAAA2FYVN1jBWaTVasx7wXcsK0rCPfSYixt5-J1pUegQIbA/avatars/0e388aaf89f89659a3b7c2257c72193f.jpeg
2026-05-08 17:31:22 | 8s |   [UPLOAD] ↑ MS4wLjABAAAA2FYVN1jBWaTVasx7wXcsK0rCPfSYixt5-J1pUegQIbA/avatars/a8a0752365cdb746bce77e2e86ccccb3.jpeg
2026-05-08 17:31:22 | 8s |   [UPLOAD] ↑ MS4wLjABAAAA2FYVN1jBWaTVasx7wXcsK0rCPfSYixt5-J1pUegQIbA/avatars/741d65217602eb15a12009d84c0a9cdf.jpeg
2026-05-08 17:31:22 | 8s |   [UPLOAD] ↑ MS4wLjABAAAA2FYVN1jBWaTVasx7wXcsK0rCPfSYixt5-J1pUegQIbA/avatars/9b4f3491a88f23c4794eec2c5554f2ad.jpeg
2026-05-08 17:31:22 | 8s |   [UPLOAD] ↑ MS4wLjABAAAA2FYVN1jBWaTVasx7wXcsK0rCPfSYixt5-J1pUegQIbA/avatars/772c21d9a4e0b50a00f1c64c2b115487.jpeg
2026-05-08 17:31:22 | 8s |   [UPLOAD] ↑ MS4wLjABAAAA2FYVN1jBWaTVasx7wXcsK0rCPfSYixt5-J1pUegQIbA/avatars/afe8ff81664939203a707f47b4aed2cc.jpeg
2026-05-08 17:31:22 | 8s |   [UPLOAD] ↑ MS4wLjABAAAA2FYVN1jBWaTVasx7wXcsK0rCPfSYixt5-J1pUegQIbA/avatars/71905abd75492d0a7d9ae9bd92366807.jpeg
2026-05-08 17:31:22 | 8s |   [UPLOAD] ↑ MS4wLjABAAAA2FYVN1jBWaTVasx7wXcsK0rCPfSYixt5-J1pUegQIbA/avatars/5ea574ed3a4456b8ea9901eefa394d2a.jpeg
2026-05-08 17:31:22 | 8s |   [UPLOAD] ↑ MS4wLjABAAAA2FYVN1jBWaTVasx7wXcsK0rCPfSYixt5-J1pUegQIbA/avatars/c95a6dd6b570085a772c96d289bf8ef8.jpeg
2026-05-08 17:31:22 | 8s |   [UPLOAD] ↑ MS4wLjABAAAA2FYVN1jBWaTVasx7wXcsK0rCPfSYixt5-J1pUegQIbA/avatars/ea816329096b904467b2931ac3b9ce00.jpeg
2026-05-08 17:31:22 | 8s |   [UPLOAD] ↑ MS4wLjABAAAA2FYVN1jBWaTVasx7wXcsK0rCPfSYixt5-J1pUegQIbA/avatars/181f7ae672d2645f2d5626d3be407a64.jpeg
2026-05-08 17:31:22 | 8s |   [UPLOAD] ↑ MS4wLjABAAAA2FYVN1jBWaTVasx7wXcsK0rCPfSYixt5-J1pUegQIbA/avatars/aee36b60ce96cc003eda0a9c007c29e6.jpeg
2026-05-08 17:31:22 | 8s |   [UPLOAD] ↑ MS4wLjABAAAA2FYVN1jBWaTVasx7wXcsK0rCPfSYixt5-J1pUegQIbA/avatars/e0a4ad1dc3ef4033c11f46e81372be7f.jpeg
2026-05-08 17:31:22 | 8s |   [UPLOAD] ↑ MS4wLjABAAAA2FYVN1jBWaTVasx7wXcsK0rCPfSYixt5-J1pUegQIbA/avatars/7f656b01db555794cc9a4e37a5619819.jpeg
2026-05-08 17:31:22 | 8s |   [UPLOAD] ↑ MS4wLjABAAAA2FYVN1jBWaTVasx7wXcsK0rCPfSYixt5-J1pUegQIbA/avatars/8be5c6a8f349c25e7795276fb979f1d0.jpeg
2026-05-08 17:31:22 | 8s |   [UPLOAD] ↑ MS4wLjABAAAA2FYVN1jBWaTVasx7wXcsK0rCPfSYixt5-J1pUegQIbA/avatars/eb507ebf8be3fa7cd236636587cbd073.jpeg
2026-05-08 17:31:22 | 8s |   [UPLOAD] ↑ MS4wLjABAAAA2FYVN1jBWaTVasx7wXcsK0rCPfSYixt5-J1pUegQIbA/avatars/194884acc42b54221e99714582e69138.jpeg
2026-05-08 17:31:22 | 8s |   [UPLOAD] ↑ MS4wLjABAAAA2FYVN1jBWaTVasx7wXcsK0rCPfSYixt5-J1pUegQIbA/avatars/de1b2ec3674c92fb2d175416e5e66374.jpeg
2026-05-08 17:31:22 | 8s |   [UPLOAD] ↑ MS4wLjABAAAA2FYVN1jBWaTVasx7wXcsK0rCPfSYixt5-J1pUegQIbA/avatars/7c92846d7e6dcccacd4a80b02d8c0966.jpeg
2026-05-08 17:31:22 | 8s |   [UPLOAD] ↑ MS4wLjABAAAA2FYVN1jBWaTVasx7wXcsK0rCPfSYixt5-J1pUegQIbA/avatars/f2ed6383761ff24e40986dde47054c88.jpeg
2026-05-08 17:31:22 | 8s |   [UPLOAD] ↑ MS4wLjABAAAA2FYVN1jBWaTVasx7wXcsK0rCPfSYixt5-J1pUegQIbA/avatars/71b5766204c30ccc38e3e5e3fbfde5e3.jpeg
2026-05-08 17:31:22 | 8s |   [UPLOAD] ↑ MS4wLjABAAAA2FYVN1jBWaTVasx7wXcsK0rCPfSYixt5-J1pUegQIbA/avatars/3b9ea67337e3d4c39aeb401229efcbef.jpeg
2026-05-08 17:31:22 | 8s |   [UPLOAD] ↑ MS4wLjABAAAA2FYVN1jBWaTVasx7wXcsK0rCPfSYixt5-J1pUegQIbA/avatars/cf7ab5e527dbe4b085c72d5ebdf135aa.jpeg
2026-05-08 17:31:22 | 8s |   [UPLOAD] ↑ MS4wLjABAAAA2FYVN1jBWaTVasx7wXcsK0rCPfSYixt5-J1pUegQIbA/avatars/8f8898d1cc0c89fb852da9200013c349.jpeg
2026-05-08 17:31:22 | 8s |   [UPLOAD] ↑ MS4wLjABAAAA2FYVN1jBWaTVasx7wXcsK0rCPfSYixt5-J1pUegQIbA/avatars/9ce18d9697f3097d8f0c6b642a75f4fd.jpeg
2026-05-08 17:31:22 | 8s |   [UPLOAD] ↑ MS4wLjABAAAA2FYVN1jBWaTVasx7wXcsK0rCPfSYixt5-J1pUegQIbA/avatars/782a411c5db8e5fa547a3e09fdbbfde3.jpeg
2026-05-08 17:31:22 | 8s |   [UPLOAD] ↑ MS4wLjABAAAA2FYVN1jBWaTVasx7wXcsK0rCPfSYixt5-J1pUegQIbA/avatars/e31f7213e6d1b9f33a44102d81a5aa51.jpeg
2026-05-08 17:31:22 | 8s |   [UPLOAD] ↑ MS4wLjABAAAA2FYVN1jBWaTVasx7wXcsK0rCPfSYixt5-J1pUegQIbA/avatars/c5591afc7e579ef17587de121d0c703d.jpeg
2026-05-08 17:31:22 | 8s |   [UPLOAD] ↑ MS4wLjABAAAA2FYVN1jBWaTVasx7wXcsK0rCPfSYixt5-J1pUegQIbA/avatars/0b23ba345c5262c952f98d75b7621e54.jpeg
2026-05-08 17:31:22 | 8s |   [UPLOAD] ↑ MS4wLjABAAAA2FYVN1jBWaTVasx7wXcsK0rCPfSYixt5-J1pUegQIbA/avatars/b09e24571d0f1ed4e44741fec75cc7c9.jpeg
2026-05-08 17:31:22 | 8s |   [UPLOAD] ↑ MS4wLjABAAAA2FYVN1jBWaTVasx7wXcsK0rCPfSYixt5-J1pUegQIbA/avatars/5dcf55ee7b4c13b9ac1bbbc539ee7c53.jpeg
2026-05-08 17:31:22 | 8s |   [UPLOAD] ↑ MS4wLjABAAAA2FYVN1jBWaTVasx7wXcsK0rCPfSYixt5-J1pUegQIbA/avatars/65f6e06e4d6554c48592d4f1e2dd429b.jpeg
2026-05-08 17:31:22 | 8s |   [UPLOAD] ↑ MS4wLjABAAAA2FYVN1jBWaTVasx7wXcsK0rCPfSYixt5-J1pUegQIbA/avatars/4ba6c3429ddad715345573397fa56a75.jpeg
2026-05-08 17:31:22 | 8s |   [UPLOAD] ↑ MS4wLjABAAAA2FYVN1jBWaTVasx7wXcsK0rCPfSYixt5-J1pUegQIbA/avatars/ca5cb94438c7c244b53cd1effac2fd0c.jpeg
2026-05-08 17:31:22 | 8s |   [UPLOAD] ↑ MS4wLjABAAAA2FYVN1jBWaTVasx7wXcsK0rCPfSYixt5-J1pUegQIbA/avatars/01c311a41541d6f832e18e115f3b2c2e.jpeg
2026-05-08 17:31:22 | 8s |   [UPLOAD] ↑ MS4wLjABAAAA2FYVN1jBWaTVasx7wXcsK0rCPfSYixt5-J1pUegQIbA/avatars/4d88bd71add6c6530eec2c829d4928d3.jpeg
2026-05-08 17:31:22 | 8s |   [UPLOAD] ↑ MS4wLjABAAAA2FYVN1jBWaTVasx7wXcsK0rCPfSYixt5-J1pUegQIbA/avatars/0e37755247ecf94ac082141b98cb2703.jpeg
2026-05-08 17:31:22 | 8s |   [UPLOAD] ↑ MS4wLjABAAAA2FYVN1jBWaTVasx7wXcsK0rCPfSYixt5-J1pUegQIbA/avatars/4f3f3cdf7e2b038c023c89267a56fcbc.jpeg
2026-05-08 17:31:22 | 8s |   [UPLOAD] ↑ MS4wLjABAAAA2FYVN1jBWaTVasx7wXcsK0rCPfSYixt5-J1pUegQIbA/avatars/d2495144afdf84ca338394a7c52ab1ea.jpeg
2026-05-08 17:31:22 | 8s |   [DB] 📝 待更新: 50 行
2026-05-08 17:31:22 | 8s |   [DB] ✅ commit 成功: 50 行已写入
2026-05-08 17:31:26 | 12s |   [UPLOAD] ↑ MS4wLjABAAAA2FYVN1jBWaTVasx7wXcsK0rCPfSYixt5-J1pUegQIbA/avatars/f67e1ffaa7a382fa7cac530cc597b4cb.jpeg
2026-05-08 17:31:26 | 12s |   [UPLOAD] ↑ MS4wLjABAAAA2FYVN1jBWaTVasx7wXcsK0rCPfSYixt5-J1pUegQIbA/avatars/726fcb0f31c1d4ea475b9f5848b68167.jpeg
2026-05-08 17:31:26 | 12s |   [UPLOAD] ↑ MS4wLjABAAAA2FYVN1jBWaTVasx7wXcsK0rCPfSYixt5-J1pUegQIbA/images/aa9b2da9cefa19301133761621c536ff.jpg
2026-05-08 17:31:26 | 12s |   [UPLOAD] ↑ MS4wLjABAAAA2FYVN1jBWaTVasx7wXcsK0rCPfSYixt5-J1pUegQIbA/avatars/e1126bba7da0b2b8d7436cd7f956640c.jpeg
2026-05-08 17:31:26 | 12s |   [UPLOAD] ↑ MS4wLjABAAAA2FYVN1jBWaTVasx7wXcsK0rCPfSYixt5-J1pUegQIbA/stickers/b90cf1b859a0a1e9ba98aaf13ea13283.jpg
2026-05-08 17:31:26 | 12s |   [UPLOAD] ↑ MS4wLjABAAAA2FYVN1jBWaTVasx7wXcsK0rCPfSYixt5-J1pUegQIbA/avatars/32c52a81c7b5a6917ca6da5e54023450.jpeg
2026-05-08 17:31:26 | 12s |   [UPLOAD] ↑ MS4wLjABAAAA2FYVN1jBWaTVasx7wXcsK0rCPfSYixt5-J1pUegQIbA/avatars/eb728d4ae8b76cea0ddd86d5606805e3.jpeg
2026-05-08 17:31:26 | 12s |   [UPLOAD] ↑ MS4wLjABAAAA2FYVN1jBWaTVasx7wXcsK0rCPfSYixt5-J1pUegQIbA/avatars/24ded3b7557b63307dbe154940428102.jpeg
2026-05-08 17:31:26 | 12s |   [UPLOAD] ↑ MS4wLjABAAAA2FYVN1jBWaTVasx7wXcsK0rCPfSYixt5-J1pUegQIbA/avatars/bc7f999305d4155c38cbf1d946450edc.jpeg
2026-05-08 17:31:26 | 12s |   [UPLOAD] ↑ MS4wLjABAAAA2FYVN1jBWaTVasx7wXcsK0rCPfSYixt5-J1pUegQIbA/avatars/5ac65ae676dd75e33565100f898ebf3b.jpeg
2026-05-08 17:31:26 | 12s |   [UPLOAD] ↑ MS4wLjABAAAA2FYVN1jBWaTVasx7wXcsK0rCPfSYixt5-J1pUegQIbA/avatars/3bf837184fa4933e6b612af7566bdf3a.jpeg
2026-05-08 17:31:26 | 12s |   [UPLOAD] ↑ MS4wLjABAAAA2FYVN1jBWaTVasx7wXcsK0rCPfSYixt5-J1pUegQIbA/avatars/e32622db456681dc3f79ebfa0016b7fc.jpeg
2026-05-08 17:31:26 | 12s |   [UPLOAD] ↑ MS4wLjABAAAA2FYVN1jBWaTVasx7wXcsK0rCPfSYixt5-J1pUegQIbA/avatars/92caac0b443fcc8d1eb9981024cad75d.jpeg
2026-05-08 17:31:26 | 12s |   [UPLOAD] ↑ MS4wLjABAAAA2FYVN1jBWaTVasx7wXcsK0rCPfSYixt5-J1pUegQIbA/avatars/fe6ece694c9b84f01880d874de77a8fd.jpeg
2026-05-08 17:31:26 | 12s |   [UPLOAD] ↑ MS4wLjABAAAA2FYVN1jBWaTVasx7wXcsK0rCPfSYixt5-J1pUegQIbA/avatars/1c6536cc67eb552febe2a7868f3eb8ea.jpeg
2026-05-08 17:31:26 | 12s |   [UPLOAD] ↑ MS4wLjABAAAA2FYVN1jBWaTVasx7wXcsK0rCPfSYixt5-J1pUegQIbA/avatars/dfb919017d0aad658e7fea24757ff938.jpeg
2026-05-08 17:31:26 | 12s |   [UPLOAD] ↑ MS4wLjABAAAA2FYVN1jBWaTVasx7wXcsK0rCPfSYixt5-J1pUegQIbA/avatars/77d4b3a26854432a30ef4a480a854925.jpeg
2026-05-08 17:31:26 | 12s |   [UPLOAD] ↑ MS4wLjABAAAA2FYVN1jBWaTVasx7wXcsK0rCPfSYixt5-J1pUegQIbA/avatars/aeee65097857834651d20187007664cd.jpeg
2026-05-08 17:31:26 | 12s |   [UPLOAD] ↑ MS4wLjABAAAA2FYVN1jBWaTVasx7wXcsK0rCPfSYixt5-J1pUegQIbA/avatars/914275394ea5edd450f1edaaea487e29.jpeg
2026-05-08 17:31:26 | 12s |   [UPLOAD] ↑ MS4wLjABAAAA2FYVN1jBWaTVasx7wXcsK0rCPfSYixt5-J1pUegQIbA/avatars/0ac62cbc08b52536b13e1e89902f3343.jpeg
2026-05-08 17:31:26 | 12s |   [UPLOAD] ↑ MS4wLjABAAAA2FYVN1jBWaTVasx7wXcsK0rCPfSYixt5-J1pUegQIbA/avatars/71eefdf83200ddf80035c70096a5a699.jpeg
2026-05-08 17:31:26 | 12s |   [UPLOAD] ↑ MS4wLjABAAAA2FYVN1jBWaTVasx7wXcsK0rCPfSYixt5-J1pUegQIbA/avatars/707010a7a7c2319963304cd58e80de18.jpeg
2026-05-08 17:31:26 | 12s |   [UPLOAD] ↑ MS4wLjABAAAA2FYVN1jBWaTVasx7wXcsK0rCPfSYixt5-J1pUegQIbA/avatars/95155781a49800ad6e056cfbe984feca.jpeg
2026-05-08 17:31:26 | 12s |   [UPLOAD] ↑ MS4wLjABAAAA2FYVN1jBWaTVasx7wXcsK0rCPfSYixt5-J1pUegQIbA/avatars/b0816ceccfbf9fe07693d2b65e02e7b1.jpeg
2026-05-08 17:31:26 | 12s |   [UPLOAD] ↑ MS4wLjABAAAA2FYVN1jBWaTVasx7wXcsK0rCPfSYixt5-J1pUegQIbA/avatars/b5779b0fd539711f05b837b2560e075c.jpeg
2026-05-08 17:31:26 | 12s |   [UPLOAD] ↑ MS4wLjABAAAA2FYVN1jBWaTVasx7wXcsK0rCPfSYixt5-J1pUegQIbA/avatars/5f70338a94bcbb4e97f2b754250d0851.jpeg
2026-05-08 17:31:26 | 12s |   [UPLOAD] ↑ MS4wLjABAAAA2FYVN1jBWaTVasx7wXcsK0rCPfSYixt5-J1pUegQIbA/avatars/0cc8b777ec581c0c669c4f3d6f8158c1.jpeg
2026-05-08 17:31:26 | 12s |   [UPLOAD] ↑ MS4wLjABAAAA2FYVN1jBWaTVasx7wXcsK0rCPfSYixt5-J1pUegQIbA/avatars/aa40978d1381749562418c451d5ea842.jpeg
2026-05-08 17:31:26 | 12s |   [UPLOAD] ↑ MS4wLjABAAAA2FYVN1jBWaTVasx7wXcsK0rCPfSYixt5-J1pUegQIbA/avatars/92e2f60a931e67b295bad393f17b959d.jpeg
2026-05-08 17:31:26 | 12s |   [UPLOAD] ↑ MS4wLjABAAAA2FYVN1jBWaTVasx7wXcsK0rCPfSYixt5-J1pUegQIbA/avatars/b58e2ffcca81f75e6b031fc9dbe6ca41.jpeg
2026-05-08 17:31:26 | 12s |   [UPLOAD] ↑ MS4wLjABAAAA2FYVN1jBWaTVasx7wXcsK0rCPfSYixt5-J1pUegQIbA/avatars/d11c25b21489313418d2bf314e3af985.jpeg
2026-05-08 17:31:26 | 12s |   [UPLOAD] ↑ MS4wLjABAAAA2FYVN1jBWaTVasx7wXcsK0rCPfSYixt5-J1pUegQIbA/avatars/49b9b7140cdb87308d5559c033ba77d9.jpeg
2026-05-08 17:31:26 | 12s |   [UPLOAD] ↑ MS4wLjABAAAA2FYVN1jBWaTVasx7wXcsK0rCPfSYixt5-J1pUegQIbA/avatars/3cc9bbcbc663dc0daebd74a030bd34fc.jpeg
2026-05-08 17:31:26 | 12s |   [UPLOAD] ↑ MS4wLjABAAAA2FYVN1jBWaTVasx7wXcsK0rCPfSYixt5-J1pUegQIbA/avatars/98e422fa76f8468e9d2e7f2a750354d6.jpeg
2026-05-08 17:31:26 | 12s |   [UPLOAD] ↑ MS4wLjABAAAA2FYVN1jBWaTVasx7wXcsK0rCPfSYixt5-J1pUegQIbA/avatars/f703ecdb9d26fdd00456c8bcc6ee74b2.jpeg
2026-05-08 17:31:26 | 12s |   [UPLOAD] ↑ MS4wLjABAAAA2FYVN1jBWaTVasx7wXcsK0rCPfSYixt5-J1pUegQIbA/avatars/777cbac0cca666e6f095b34546b8ffb2.jpeg
2026-05-08 17:31:26 | 12s |   [UPLOAD] ↑ MS4wLjABAAAA2FYVN1jBWaTVasx7wXcsK0rCPfSYixt5-J1pUegQIbA/avatars/a0fe50ffc27c4d984ba8b84f1411446b.jpeg
2026-05-08 17:31:26 | 12s |   [UPLOAD] ↑ MS4wLjABAAAA2FYVN1jBWaTVasx7wXcsK0rCPfSYixt5-J1pUegQIbA/avatars/768b0a1a10705fb67fe4f7a1a6676bdf.jpeg
2026-05-08 17:31:26 | 12s |   [UPLOAD] ↑ MS4wLjABAAAA2FYVN1jBWaTVasx7wXcsK0rCPfSYixt5-J1pUegQIbA/avatars/b1836ffb9c19b34dbdd1515eb77a2c5e.jpeg
2026-05-08 17:31:26 | 12s |   [UPLOAD] ↑ MS4wLjABAAAA2FYVN1jBWaTVasx7wXcsK0rCPfSYixt5-J1pUegQIbA/avatars/3d213f039aa7d146acc896eff0cae81a.jpeg
2026-05-08 17:31:26 | 12s |   [UPLOAD] ↑ MS4wLjABAAAA2FYVN1jBWaTVasx7wXcsK0rCPfSYixt5-J1pUegQIbA/avatars/58a9f5264d4fe4ee1ae8ebf5d4ebbbbb.jpeg
2026-05-08 17:31:26 | 12s |   [UPLOAD] ↑ MS4wLjABAAAA2FYVN1jBWaTVasx7wXcsK0rCPfSYixt5-J1pUegQIbA/avatars/c7bae754cf62c1dc8af9577391677145.jpeg
2026-05-08 17:31:26 | 12s |   [UPLOAD] ↑ MS4wLjABAAAA2FYVN1jBWaTVasx7wXcsK0rCPfSYixt5-J1pUegQIbA/avatars/a589ced18527eff0f40e645ea761ff95.jpeg
2026-05-08 17:31:26 | 12s |   [UPLOAD] ↑ MS4wLjABAAAA2FYVN1jBWaTVasx7wXcsK0rCPfSYixt5-J1pUegQIbA/avatars/36e93520f23bd81fba67212955d7a10e.jpeg
2026-05-08 17:31:26 | 12s |   [UPLOAD] ↑ MS4wLjABAAAA2FYVN1jBWaTVasx7wXcsK0rCPfSYixt5-J1pUegQIbA/avatars/3b0f9fe805a911631780b8ff534b1e11.jpeg
2026-05-08 17:31:26 | 12s |   [UPLOAD] ↑ MS4wLjABAAAA2FYVN1jBWaTVasx7wXcsK0rCPfSYixt5-J1pUegQIbA/avatars/bb79c377e56e8b4ebd3fa509b0d14972.jpeg
2026-05-08 17:31:26 | 12s |   [UPLOAD] ↑ MS4wLjABAAAA2FYVN1jBWaTVasx7wXcsK0rCPfSYixt5-J1pUegQIbA/avatars/63a07e293d8dab12d5d7523405da30ae.jpeg
2026-05-08 17:31:26 | 12s |   [UPLOAD] ↑ MS4wLjABAAAA2FYVN1jBWaTVasx7wXcsK0rCPfSYixt5-J1pUegQIbA/avatars/3e1ae4c29fac9d1626a61ede862064b1.jpeg
2026-05-08 17:31:26 | 12s |   [UPLOAD] ↑ MS4wLjABAAAA2FYVN1jBWaTVasx7wXcsK0rCPfSYixt5-J1pUegQIbA/avatars/71d776ffb697ee4fc082c0dc051fc785.jpeg
2026-05-08 17:31:26 | 12s |   [UPLOAD] ↑ MS4wLjABAAAA2FYVN1jBWaTVasx7wXcsK0rCPfSYixt5-J1pUegQIbA/avatars/3466b785c8aa3bf7002828d017664754.jpeg
2026-05-08 17:31:26 | 12s |   [DB] 📝 待更新: 57 行
2026-05-08 17:31:26 | 12s |   [DB] ✅ commit 成功: 57 行已写入
2026-05-08 17:31:30 | 17s |   [UPLOAD] ↑ MS4wLjABAAAA2FYVN1jBWaTVasx7wXcsK0rCPfSYixt5-J1pUegQIbA/avatars/7d4fea2f7d6ae6360c7944e7cd81945d.jpeg
2026-05-08 17:31:30 | 17s |   [UPLOAD] ↑ MS4wLjABAAAA2FYVN1jBWaTVasx7wXcsK0rCPfSYixt5-J1pUegQIbA/avatars/12454fc057149d94a91b5b1a90515067.jpeg
2026-05-08 17:31:30 | 17s |   [UPLOAD] ↑ MS4wLjABAAAA2FYVN1jBWaTVasx7wXcsK0rCPfSYixt5-J1pUegQIbA/avatars/089715fa495a97d2174c8618af52b214.jpeg
2026-05-08 17:31:30 | 17s |   [UPLOAD] ↑ MS4wLjABAAAA2FYVN1jBWaTVasx7wXcsK0rCPfSYixt5-J1pUegQIbA/avatars/eb29848f967db0d05f4e116c317c4e16.jpeg
2026-05-08 17:31:30 | 17s |   [UPLOAD] ↑ MS4wLjABAAAA2FYVN1jBWaTVasx7wXcsK0rCPfSYixt5-J1pUegQIbA/avatars/d760ad5d5688108a4cf71a868d8bd0bc.jpeg
2026-05-08 17:31:30 | 17s |   [UPLOAD] ↑ MS4wLjABAAAA2FYVN1jBWaTVasx7wXcsK0rCPfSYixt5-J1pUegQIbA/avatars/a556f937a17a0f380e6c49468161f98b.jpeg
2026-05-08 17:31:30 | 17s |   [UPLOAD] ↑ MS4wLjABAAAA2FYVN1jBWaTVasx7wXcsK0rCPfSYixt5-J1pUegQIbA/avatars/302f8013e6d5f6e703c879460122acbf.jpeg
2026-05-08 17:31:30 | 17s |   [UPLOAD] ↑ MS4wLjABAAAA2FYVN1jBWaTVasx7wXcsK0rCPfSYixt5-J1pUegQIbA/avatars/d79ce5dc77a8c7ff1366eaa0cd963ca2.jpeg
2026-05-08 17:31:30 | 17s |   [UPLOAD] ↑ MS4wLjABAAAA2FYVN1jBWaTVasx7wXcsK0rCPfSYixt5-J1pUegQIbA/avatars/5a3b55c0249c7913f685bd2b1cbdf29c.jpeg
2026-05-08 17:31:30 | 17s |   [UPLOAD] ↑ MS4wLjABAAAA2FYVN1jBWaTVasx7wXcsK0rCPfSYixt5-J1pUegQIbA/avatars/6fa1bde43cf14d737c73d66815db1768.jpeg
2026-05-08 17:31:30 | 17s |   [UPLOAD] ↑ MS4wLjABAAAA2FYVN1jBWaTVasx7wXcsK0rCPfSYixt5-J1pUegQIbA/avatars/209a055c092857b75b3ad5675b39e8aa.jpeg
2026-05-08 17:31:30 | 17s |   [UPLOAD] ↑ MS4wLjABAAAA2FYVN1jBWaTVasx7wXcsK0rCPfSYixt5-J1pUegQIbA/avatars/4a1a2a1fe95b5ebbb70d76fffb10603c.jpeg
2026-05-08 17:31:30 | 17s |   [UPLOAD] ↑ MS4wLjABAAAA2FYVN1jBWaTVasx7wXcsK0rCPfSYixt5-J1pUegQIbA/avatars/3e5ebb91390b88b8045ebe23a83e6f87.jpeg
2026-05-08 17:31:30 | 17s |   [UPLOAD] ↑ MS4wLjABAAAA2FYVN1jBWaTVasx7wXcsK0rCPfSYixt5-J1pUegQIbA/avatars/b755e4355c39b9c20719d852da2e4d5b.jpeg
2026-05-08 17:31:30 | 17s |   [UPLOAD] ↑ MS4wLjABAAAA2FYVN1jBWaTVasx7wXcsK0rCPfSYixt5-J1pUegQIbA/avatars/748ef677f79e0cf7b621782889c9aa3b.jpeg
2026-05-08 17:31:30 | 17s |   [UPLOAD] ↑ MS4wLjABAAAA2FYVN1jBWaTVasx7wXcsK0rCPfSYixt5-J1pUegQIbA/avatars/88edb139fbff66aed768d7245ef4fcf1.jpeg
2026-05-08 17:31:30 | 17s |   [UPLOAD] ↑ MS4wLjABAAAA2FYVN1jBWaTVasx7wXcsK0rCPfSYixt5-J1pUegQIbA/avatars/d49444edac78187f74fc17aa27efde94.jpeg
2026-05-08 17:31:30 | 17s |   [UPLOAD] ↑ MS4wLjABAAAA2FYVN1jBWaTVasx7wXcsK0rCPfSYixt5-J1pUegQIbA/avatars/2017aeb68b523b652f18bb10e5464094.jpeg
2026-05-08 17:31:30 | 17s |   [UPLOAD] ↑ MS4wLjABAAAA2FYVN1jBWaTVasx7wXcsK0rCPfSYixt5-J1pUegQIbA/avatars/0b97ed6c01ff08f72e6b806ad56029b7.jpeg
2026-05-08 17:31:30 | 17s |   [UPLOAD] ↑ MS4wLjABAAAA2FYVN1jBWaTVasx7wXcsK0rCPfSYixt5-J1pUegQIbA/avatars/a6b381b3646f593fd867c1c760eaddd7.jpeg
2026-05-08 17:31:30 | 17s |   [UPLOAD] ↑ MS4wLjABAAAA2FYVN1jBWaTVasx7wXcsK0rCPfSYixt5-J1pUegQIbA/avatars/67982d5aaf661892764b72e2de8eaca1.jpeg
2026-05-08 17:31:30 | 17s |   [UPLOAD] ↑ MS4wLjABAAAA2FYVN1jBWaTVasx7wXcsK0rCPfSYixt5-J1pUegQIbA/avatars/f28e78f958a97614a57a5849b8d4a3cf.jpeg
2026-05-08 17:31:30 | 17s |   [UPLOAD] ↑ MS4wLjABAAAA2FYVN1jBWaTVasx7wXcsK0rCPfSYixt5-J1pUegQIbA/avatars/9b5b6aa6d58514d29fc9cd8ed950b39c.jpeg
2026-05-08 17:31:30 | 17s |   [UPLOAD] ↑ MS4wLjABAAAA2FYVN1jBWaTVasx7wXcsK0rCPfSYixt5-J1pUegQIbA/avatars/77296dfada2d80b5b7fe61eb0af980cf.jpeg
2026-05-08 17:31:30 | 17s |   [UPLOAD] ↑ MS4wLjABAAAA2FYVN1jBWaTVasx7wXcsK0rCPfSYixt5-J1pUegQIbA/avatars/3d25ebdd627aa8f4dc1b793e652aa5a6.jpeg
2026-05-08 17:31:30 | 17s |   [UPLOAD] ↑ MS4wLjABAAAA2FYVN1jBWaTVasx7wXcsK0rCPfSYixt5-J1pUegQIbA/avatars/9f9779321e6f74cdbaf7fc5a22c6de9d.jpeg
2026-05-08 17:31:30 | 17s |   [UPLOAD] ↑ MS4wLjABAAAA2FYVN1jBWaTVasx7wXcsK0rCPfSYixt5-J1pUegQIbA/avatars/97edfa314df5a5270e5e615500418df1.jpeg
2026-05-08 17:31:30 | 17s |   [UPLOAD] ↑ MS4wLjABAAAA2FYVN1jBWaTVasx7wXcsK0rCPfSYixt5-J1pUegQIbA/avatars/56c3e8b6ba678368334c2da3e340d7ca.jpeg
2026-05-08 17:31:30 | 17s |   [UPLOAD] ↑ MS4wLjABAAAA2FYVN1jBWaTVasx7wXcsK0rCPfSYixt5-J1pUegQIbA/avatars/e3ce435c79b22ce6e12d0eed98269d5f.jpeg
2026-05-08 17:31:30 | 17s |   [UPLOAD] ↑ MS4wLjABAAAA2FYVN1jBWaTVasx7wXcsK0rCPfSYixt5-J1pUegQIbA/avatars/94f49b6aa4dec8779181b7a1a6030753.jpeg
2026-05-08 17:31:30 | 17s |   [UPLOAD] ↑ MS4wLjABAAAA2FYVN1jBWaTVasx7wXcsK0rCPfSYixt5-J1pUegQIbA/avatars/9cc028d269fdb6a8194f55b1c7696df2.jpeg
2026-05-08 17:31:30 | 17s |   [UPLOAD] ↑ MS4wLjABAAAA2FYVN1jBWaTVasx7wXcsK0rCPfSYixt5-J1pUegQIbA/avatars/b3d449b8a764799bdf8320594adee664.jpeg
2026-05-08 17:31:30 | 17s |   [UPLOAD] ↑ MS4wLjABAAAA2FYVN1jBWaTVasx7wXcsK0rCPfSYixt5-J1pUegQIbA/avatars/a744d5f210d491c37782dce50658deb8.jpeg
2026-05-08 17:31:30 | 17s |   [UPLOAD] ↑ MS4wLjABAAAA2FYVN1jBWaTVasx7wXcsK0rCPfSYixt5-J1pUegQIbA/avatars/2cee0e268c1c8d4aba01a0bc852379d2.jpeg
2026-05-08 17:31:30 | 17s |   [UPLOAD] ↑ MS4wLjABAAAA2FYVN1jBWaTVasx7wXcsK0rCPfSYixt5-J1pUegQIbA/avatars/ba93ad7593cc4bc54b67b764b8fba786.jpeg
2026-05-08 17:31:30 | 17s |   [UPLOAD] ↑ MS4wLjABAAAA2FYVN1jBWaTVasx7wXcsK0rCPfSYixt5-J1pUegQIbA/avatars/a62ebf4095f06b1adc16175ba6fd3999.jpeg
2026-05-08 17:31:30 | 17s |   [UPLOAD] ↑ MS4wLjABAAAA2FYVN1jBWaTVasx7wXcsK0rCPfSYixt5-J1pUegQIbA/avatars/03a389d82d08f25b873403e74ebb483a.jpeg
2026-05-08 17:31:30 | 17s |   [UPLOAD] ↑ MS4wLjABAAAA2FYVN1jBWaTVasx7wXcsK0rCPfSYixt5-J1pUegQIbA/avatars/52ca0e4d8a1a2ceeedc1e3841789062f.jpeg
2026-05-08 17:31:30 | 17s |   [UPLOAD] ↑ MS4wLjABAAAA2FYVN1jBWaTVasx7wXcsK0rCPfSYixt5-J1pUegQIbA/avatars/789dba48eeef7331e59fe201240a3ae7.jpeg
2026-05-08 17:31:30 | 17s |   [UPLOAD] ↑ MS4wLjABAAAA2FYVN1jBWaTVasx7wXcsK0rCPfSYixt5-J1pUegQIbA/avatars/501f08dbf840e9a7e5376c0246ab4249.jpeg
2026-05-08 17:31:30 | 17s |   [UPLOAD] ↑ MS4wLjABAAAA2FYVN1jBWaTVasx7wXcsK0rCPfSYixt5-J1pUegQIbA/avatars/2b428a2891edb3af26d16ef60ba437b6.jpeg
2026-05-08 17:31:30 | 17s |   [UPLOAD] ↑ MS4wLjABAAAA2FYVN1jBWaTVasx7wXcsK0rCPfSYixt5-J1pUegQIbA/avatars/10bf6b768597e9823bcdc5538dd2d48e.jpeg
2026-05-08 17:31:30 | 17s |   [UPLOAD] ↑ MS4wLjABAAAA2FYVN1jBWaTVasx7wXcsK0rCPfSYixt5-J1pUegQIbA/avatars/b6ee804d8eab6f8a3a07781234d53bf6.jpeg
2026-05-08 17:31:30 | 17s |   [UPLOAD] ↑ MS4wLjABAAAA2FYVN1jBWaTVasx7wXcsK0rCPfSYixt5-J1pUegQIbA/stickers/e9e049acb97fe46e8863b6470f51b68e.gif
2026-05-08 17:31:30 | 17s |   [UPLOAD] ↑ MS4wLjABAAAA2FYVN1jBWaTVasx7wXcsK0rCPfSYixt5-J1pUegQIbA/avatars/e358d79c2b682c8c99906dafa24ed666.jpeg
2026-05-08 17:31:30 | 17s |   [UPLOAD] ↑ MS4wLjABAAAA2FYVN1jBWaTVasx7wXcsK0rCPfSYixt5-J1pUegQIbA/avatars/33af10b160e1e30e5632c91893b189cd.jpeg
2026-05-08 17:31:30 | 17s |   [UPLOAD] ↑ MS4wLjABAAAA2FYVN1jBWaTVasx7wXcsK0rCPfSYixt5-J1pUegQIbA/avatars/2b5cd03e3ed3d24cbb2b1779bc620ee8.jpeg
2026-05-08 17:31:30 | 17s |   [UPLOAD] ↑ MS4wLjABAAAA2FYVN1jBWaTVasx7wXcsK0rCPfSYixt5-J1pUegQIbA/avatars/4309df8c65ffbc440c8e568f49e816e4.jpeg
2026-05-08 17:31:30 | 17s |   [UPLOAD] ↑ MS4wLjABAAAA2FYVN1jBWaTVasx7wXcsK0rCPfSYixt5-J1pUegQIbA/avatars/4bfc984f36c65c3a37c182ed27876ea3.jpeg
2026-05-08 17:31:30 | 17s |   [UPLOAD] ↑ MS4wLjABAAAA2FYVN1jBWaTVasx7wXcsK0rCPfSYixt5-J1pUegQIbA/avatars/25401acfeae81896445036e26d71b8f2.jpeg
2026-05-08 17:31:30 | 17s |   [DB] 📝 待更新: 64 行
2026-05-08 17:31:30 | 17s |   [DB] ✅ commit 成功: 64 行已写入
2026-05-08 17:31:37 | 23s |   [UPLOAD] ↑ MS4wLjABAAAA2FYVN1jBWaTVasx7wXcsK0rCPfSYixt5-J1pUegQIbA/avatars/7a9802fb154b2d1e883abbde60e6a461.jpeg
2026-05-08 17:31:37 | 23s |   [UPLOAD] ↑ MS4wLjABAAAA2FYVN1jBWaTVasx7wXcsK0rCPfSYixt5-J1pUegQIbA/avatars/76504da4c63df6b49f2be131f199526e.jpeg
2026-05-08 17:31:37 | 23s |   [UPLOAD] ↑ MS4wLjABAAAA2FYVN1jBWaTVasx7wXcsK0rCPfSYixt5-J1pUegQIbA/avatars/00f77a1c0e1ab61d1a9ef870d8fe3a78.jpeg
2026-05-08 17:31:37 | 23s |   [UPLOAD] ↑ MS4wLjABAAAA2FYVN1jBWaTVasx7wXcsK0rCPfSYixt5-J1pUegQIbA/avatars/a67447c001f7caee00e10ffba0266920.jpeg
2026-05-08 17:31:37 | 23s |   [UPLOAD] ↑ MS4wLjABAAAA2FYVN1jBWaTVasx7wXcsK0rCPfSYixt5-J1pUegQIbA/avatars/8a8e323b0d7482bc79728d9fdf502c64.jpeg
2026-05-08 17:31:37 | 23s |   [UPLOAD] ↑ MS4wLjABAAAA2FYVN1jBWaTVasx7wXcsK0rCPfSYixt5-J1pUegQIbA/avatars/d7f34f4292aaa4c15c59526688d4c187.jpeg
2026-05-08 17:31:37 | 23s |   [UPLOAD] ↑ MS4wLjABAAAA2FYVN1jBWaTVasx7wXcsK0rCPfSYixt5-J1pUegQIbA/avatars/48c9e72a22fa205b3bdd7789cee55241.jpeg
2026-05-08 17:31:37 | 23s |   [UPLOAD] ↑ MS4wLjABAAAA2FYVN1jBWaTVasx7wXcsK0rCPfSYixt5-J1pUegQIbA/avatars/663d6cba8e6f584b4af97a4e53b442ab.jpeg
2026-05-08 17:31:37 | 23s |   [UPLOAD] ↑ MS4wLjABAAAA2FYVN1jBWaTVasx7wXcsK0rCPfSYixt5-J1pUegQIbA/avatars/4ffde3b63e3a26831a22e1cb01c400e2.jpeg
2026-05-08 17:31:37 | 23s |   [UPLOAD] ↑ MS4wLjABAAAA2FYVN1jBWaTVasx7wXcsK0rCPfSYixt5-J1pUegQIbA/avatars/1d09aaa075503ada4091b942b3699a29.jpeg
2026-05-08 17:31:37 | 23s |   [UPLOAD] ↑ MS4wLjABAAAA2FYVN1jBWaTVasx7wXcsK0rCPfSYixt5-J1pUegQIbA/stickers/91daa3f86a01ada3127013e645481415.gif
2026-05-08 17:31:37 | 23s |   [UPLOAD] ↑ MS4wLjABAAAA2FYVN1jBWaTVasx7wXcsK0rCPfSYixt5-J1pUegQIbA/avatars/2f0c1d624595a7527daa35a19cf309de.jpeg
2026-05-08 17:31:37 | 23s |   [UPLOAD] ↑ MS4wLjABAAAA2FYVN1jBWaTVasx7wXcsK0rCPfSYixt5-J1pUegQIbA/avatars/92da36851fb45787c1d8d0e1f78d08e2.jpeg
2026-05-08 17:31:37 | 23s |   [UPLOAD] ↑ MS4wLjABAAAA2FYVN1jBWaTVasx7wXcsK0rCPfSYixt5-J1pUegQIbA/avatars/3dbefc7dbca9138c53546431deacd8ee.jpeg
2026-05-08 17:31:37 | 23s |   [UPLOAD] ↑ MS4wLjABAAAA2FYVN1jBWaTVasx7wXcsK0rCPfSYixt5-J1pUegQIbA/avatars/4785636438d154ac6cc40a37871eabb4.jpeg
2026-05-08 17:31:37 | 23s |   [UPLOAD] ↑ MS4wLjABAAAA2FYVN1jBWaTVasx7wXcsK0rCPfSYixt5-J1pUegQIbA/avatars/6d8a9954eeb701f8cb52f78e057279ae.jpeg
2026-05-08 17:31:37 | 23s |   [UPLOAD] ↑ MS4wLjABAAAA2FYVN1jBWaTVasx7wXcsK0rCPfSYixt5-J1pUegQIbA/avatars/71e0e70a66cae89ac86769a1750dcaf5.jpeg
2026-05-08 17:31:37 | 23s |   [UPLOAD] ↑ MS4wLjABAAAA2FYVN1jBWaTVasx7wXcsK0rCPfSYixt5-J1pUegQIbA/avatars/eeab0d51072608bb85cbfcbcfd736f6c.jpeg
2026-05-08 17:31:37 | 23s |   [UPLOAD] ↑ MS4wLjABAAAA2FYVN1jBWaTVasx7wXcsK0rCPfSYixt5-J1pUegQIbA/avatars/22cc238b261b81436564465f8801bb34.jpeg
2026-05-08 17:31:37 | 23s |   [UPLOAD] ↑ MS4wLjABAAAA2FYVN1jBWaTVasx7wXcsK0rCPfSYixt5-J1pUegQIbA/avatars/91012fbc6e4da33cc8d96335ccc8f11c.jpeg
2026-05-08 17:31:37 | 23s |   [UPLOAD] ↑ MS4wLjABAAAA2FYVN1jBWaTVasx7wXcsK0rCPfSYixt5-J1pUegQIbA/avatars/407c289589480dcb5f8dbf76c7608b96.jpeg
2026-05-08 17:31:37 | 23s |   [UPLOAD] ↑ MS4wLjABAAAA2FYVN1jBWaTVasx7wXcsK0rCPfSYixt5-J1pUegQIbA/avatars/e6296a4dcbe0d760c04e61f290d9cc90.jpeg
2026-05-08 17:31:37 | 23s |   [UPLOAD] ↑ MS4wLjABAAAA2FYVN1jBWaTVasx7wXcsK0rCPfSYixt5-J1pUegQIbA/avatars/676ccef08143fb121c53dad0cac3350b.jpeg
2026-05-08 17:31:37 | 23s |   [UPLOAD] ↑ MS4wLjABAAAA2FYVN1jBWaTVasx7wXcsK0rCPfSYixt5-J1pUegQIbA/avatars/a89810847d813016c49dfbad3b3d365b.jpeg
2026-05-08 17:31:37 | 23s |   [UPLOAD] ↑ MS4wLjABAAAA2FYVN1jBWaTVasx7wXcsK0rCPfSYixt5-J1pUegQIbA/avatars/a3b86118228320f9c170f49a0e899e88.jpeg
2026-05-08 17:31:37 | 23s |   [UPLOAD] ↑ MS4wLjABAAAA2FYVN1jBWaTVasx7wXcsK0rCPfSYixt5-J1pUegQIbA/avatars/ef88f7c2e96b74fa2a3c4458c7fce94d.jpeg
2026-05-08 17:31:37 | 23s |   [UPLOAD] ↑ MS4wLjABAAAA2FYVN1jBWaTVasx7wXcsK0rCPfSYixt5-J1pUegQIbA/stickers/ef1e8a409cfe92211f48b10442994325.webp
2026-05-08 17:31:37 | 23s |   [UPLOAD] ↑ MS4wLjABAAAA2FYVN1jBWaTVasx7wXcsK0rCPfSYixt5-J1pUegQIbA/avatars/c1df7fd9a2aff7d474791a2a23811759.jpeg
2026-05-08 17:31:37 | 23s |   [UPLOAD] ↑ MS4wLjABAAAA2FYVN1jBWaTVasx7wXcsK0rCPfSYixt5-J1pUegQIbA/avatars/95c75ca180f7153f8de16e6d1f1b3ac0.jpeg
2026-05-08 17:31:37 | 23s |   [UPLOAD] ↑ MS4wLjABAAAA2FYVN1jBWaTVasx7wXcsK0rCPfSYixt5-J1pUegQIbA/avatars/a61b12035a3a90cf61ef7988f6f30a8f.jpeg
2026-05-08 17:31:37 | 23s |   [UPLOAD] ↑ MS4wLjABAAAA2FYVN1jBWaTVasx7wXcsK0rCPfSYixt5-J1pUegQIbA/avatars/ab0a410d797ada3651deeea6cc614114.jpeg
2026-05-08 17:31:37 | 23s |   [UPLOAD] ↑ MS4wLjABAAAA2FYVN1jBWaTVasx7wXcsK0rCPfSYixt5-J1pUegQIbA/avatars/852b46bd25df2157d9bf4043cf27d368.jpeg
2026-05-08 17:31:37 | 23s |   [UPLOAD] ↑ MS4wLjABAAAA2FYVN1jBWaTVasx7wXcsK0rCPfSYixt5-J1pUegQIbA/avatars/68a3bf6b173e0b6dac19ec23b972dff2.jpeg
2026-05-08 17:31:37 | 23s |   [UPLOAD] ↑ MS4wLjABAAAA2FYVN1jBWaTVasx7wXcsK0rCPfSYixt5-J1pUegQIbA/avatars/ee5e6218b802d703380a2e34d614b2b7.jpeg
2026-05-08 17:31:37 | 23s |   [UPLOAD] ↑ MS4wLjABAAAA2FYVN1jBWaTVasx7wXcsK0rCPfSYixt5-J1pUegQIbA/avatars/6371619735965a4c3cf327956e8434b2.jpeg
2026-05-08 17:31:37 | 23s |   [UPLOAD] ↑ MS4wLjABAAAA2FYVN1jBWaTVasx7wXcsK0rCPfSYixt5-J1pUegQIbA/avatars/182f3f1fce3d2b78080314df843e4e8d.jpeg
2026-05-08 17:31:37 | 23s |   [UPLOAD] ↑ MS4wLjABAAAA2FYVN1jBWaTVasx7wXcsK0rCPfSYixt5-J1pUegQIbA/avatars/f9552c41fdbbac49f54eb49b9a9db1b5.jpeg
2026-05-08 17:31:37 | 23s |   [UPLOAD] ↑ MS4wLjABAAAA2FYVN1jBWaTVasx7wXcsK0rCPfSYixt5-J1pUegQIbA/avatars/c3178dc6144512a5fdc7059383a10f3c.jpeg
2026-05-08 17:31:37 | 23s |   [UPLOAD] ↑ MS4wLjABAAAA2FYVN1jBWaTVasx7wXcsK0rCPfSYixt5-J1pUegQIbA/avatars/64426c03508539049dc8a736a219744c.jpeg
2026-05-08 17:31:37 | 23s |   [UPLOAD] ↑ MS4wLjABAAAA2FYVN1jBWaTVasx7wXcsK0rCPfSYixt5-J1pUegQIbA/images/6d515986c943cf84d87066baa55f505e.jpg
2026-05-08 17:31:37 | 23s |   [UPLOAD] ↑ MS4wLjABAAAA2FYVN1jBWaTVasx7wXcsK0rCPfSYixt5-J1pUegQIbA/avatars/3423691ec0973009e3262f0e2020742a.jpeg
2026-05-08 17:31:37 | 23s |   [UPLOAD] ↑ MS4wLjABAAAA2FYVN1jBWaTVasx7wXcsK0rCPfSYixt5-J1pUegQIbA/avatars/3648a8e1d80878843aacbcab71770904.jpeg
2026-05-08 17:31:37 | 23s |   [UPLOAD] ↑ MS4wLjABAAAA2FYVN1jBWaTVasx7wXcsK0rCPfSYixt5-J1pUegQIbA/avatars/0c79903c7d73b359cdf5933ffbc0b1e2.jpeg
2026-05-08 17:31:37 | 23s |   [UPLOAD] ↑ MS4wLjABAAAA2FYVN1jBWaTVasx7wXcsK0rCPfSYixt5-J1pUegQIbA/videos/bb2565ce3081ab426d4b1d0915d178b6.mp4
2026-05-08 17:31:37 | 23s |   [UPLOAD] ↑ MS4wLjABAAAA2FYVN1jBWaTVasx7wXcsK0rCPfSYixt5-J1pUegQIbA/avatars/76a4ee4c8d9dc955d1227c972becc99f.jpeg
2026-05-08 17:31:37 | 23s |   [UPLOAD] ↑ MS4wLjABAAAA2FYVN1jBWaTVasx7wXcsK0rCPfSYixt5-J1pUegQIbA/avatars/4d200992ab96bfdb458e43e009bc5528.jpeg
2026-05-08 17:31:37 | 23s |   [UPLOAD] ↑ MS4wLjABAAAA2FYVN1jBWaTVasx7wXcsK0rCPfSYixt5-J1pUegQIbA/avatars/656388c6e15a31d1c44fc7b033a22316.jpeg
2026-05-08 17:31:37 | 23s |   [UPLOAD] ↑ MS4wLjABAAAA2FYVN1jBWaTVasx7wXcsK0rCPfSYixt5-J1pUegQIbA/avatars/f2e5e02d79e1fa1b4f9d37f28e908007.jpeg
2026-05-08 17:31:37 | 23s |   [UPLOAD] ↑ MS4wLjABAAAA2FYVN1jBWaTVasx7wXcsK0rCPfSYixt5-J1pUegQIbA/avatars/c1c0f9b5252c6835bada6a49ce4e9322.jpeg
2026-05-08 17:31:37 | 23s |   [UPLOAD] ↑ MS4wLjABAAAA2FYVN1jBWaTVasx7wXcsK0rCPfSYixt5-J1pUegQIbA/avatars/7aa0f02e7b0755ce3b2a1a1728c2afa3.jpeg
2026-05-08 17:31:37 | 23s |   [DB] 📝 待更新: 67 行
2026-05-08 17:31:37 | 23s |   [DB] ✅ commit 成功: 67 行已写入
2026-05-08 17:31:39 | 25s |   [DL] ⚠️  HTTP 403: https://p26-sign.douyinpic.com/tos-cn-i-p14lwwcsbr/8021ec5dcc93470b9ff105110e288...
2026-05-08 17:31:39 | 25s |   [DL] ⚠️  HTTP 403: https://p3-sign.douyinpic.com/tos-cn-i-p14lwwcsbr/8021ec5dcc93470b9ff105110e288c...
2026-05-08 17:31:39 | 25s |   [DL] ⚠️  HTTP 403: https://p5-ex-gddgtc-sign.douyinpic.com/tos-cn-i-p14lwwcsbr/8021ec5dcc93470b9ff1...
2026-05-08 17:31:40 | 26s |   [DL] ⚠️  HTTP 403: https://p26-sign.douyinpic.com/tos-cn-i-p14lwwcsbr/8021ec5dcc93470b9ff105110e288...
2026-05-08 17:31:40 | 26s |   [DL] ❌ 下载失败，最后尝试的 URL: https://p26-sign.douyinpic.com/tos-cn-i-p14lwwcsbr/8021ec5dcc93470b9ff105110e288cd7~tplv-p14lwwcsbr-7.jpeg?lk3s=7b078dd2&x-expires=1776952800&x-signature=D0%2F%2FSdYFxQfL5G1DpuWnnoFVNZI%3D&from=2064092626&se=false&sc=image&biz_tag=aweme_comment&l=20260422213043620A31DAC0379774BAE8
2026-05-08 17:31:40 | 26s |   [FAIL] 下载失败 | https://p26-sign.douyinpic.com/tos-cn-i-p14lwwcsbr/8021ec5dcc93470b9ff105110e288cd7~tplv-p14lwwcsbr- | 原因=所有CDN均失败
2026-05-08 17:31:40 | 26s |   [FAIL] 下载失败 | replies.id=18126 api_type=reply_image | 表=replies | aweme=7560954743410675002 | 字段=image_list | 原因=下载失败
2026-05-08 17:31:41 | 28s |   [UPLOAD] ↑ MS4wLjABAAAA2FYVN1jBWaTVasx7wXcsK0rCPfSYixt5-J1pUegQIbA/avatars/449e9aac6b47b8604374721e8a87d6e5.jpeg
2026-05-08 17:31:41 | 28s |   [UPLOAD] ↑ MS4wLjABAAAA2FYVN1jBWaTVasx7wXcsK0rCPfSYixt5-J1pUegQIbA/avatars/97a3393984b45cf4982951174fa6e944.jpeg
2026-05-08 17:31:41 | 28s |   [UPLOAD] ↑ MS4wLjABAAAA2FYVN1jBWaTVasx7wXcsK0rCPfSYixt5-J1pUegQIbA/avatars/f29dbbbe1c4635fe931b3c023e798d5a.jpeg
2026-05-08 17:31:41 | 28s |   [UPLOAD] ↑ MS4wLjABAAAA2FYVN1jBWaTVasx7wXcsK0rCPfSYixt5-J1pUegQIbA/images/cd2427da95f706d69a7743fd953b2f88.jpg
2026-05-08 17:31:41 | 28s |   [UPLOAD] ↑ MS4wLjABAAAA2FYVN1jBWaTVasx7wXcsK0rCPfSYixt5-J1pUegQIbA/images/5c8be03d40d4f4807d0d96c1b07df379.jpg
2026-05-08 17:31:41 | 28s |   [UPLOAD] ↑ MS4wLjABAAAA2FYVN1jBWaTVasx7wXcsK0rCPfSYixt5-J1pUegQIbA/avatars/65534d2398779705749f0e3dba517dd2.jpeg
2026-05-08 17:31:41 | 28s |   [UPLOAD] ↑ MS4wLjABAAAA2FYVN1jBWaTVasx7wXcsK0rCPfSYixt5-J1pUegQIbA/avatars/3a04d07b161330bc164d9eb015b0d765.jpeg
2026-05-08 17:31:41 | 28s |   [UPLOAD] ↑ MS4wLjABAAAA2FYVN1jBWaTVasx7wXcsK0rCPfSYixt5-J1pUegQIbA/avatars/84d0760e04b7365896e0faabe560a17e.jpeg
2026-05-08 17:31:41 | 28s |   [UPLOAD] ↑ MS4wLjABAAAA2FYVN1jBWaTVasx7wXcsK0rCPfSYixt5-J1pUegQIbA/avatars/fe107c7ffad29b9cf505ca2415de7a88.jpeg
2026-05-08 17:31:41 | 28s |   [UPLOAD] ↑ MS4wLjABAAAA2FYVN1jBWaTVasx7wXcsK0rCPfSYixt5-J1pUegQIbA/avatars/b08a49cd57bdf3702c12cdfb430ded30.jpeg
2026-05-08 17:31:41 | 28s |   [UPLOAD] ↑ MS4wLjABAAAA2FYVN1jBWaTVasx7wXcsK0rCPfSYixt5-J1pUegQIbA/avatars/109aebf3b52021ca1abbc1659ab413b7.jpeg
2026-05-08 17:31:41 | 28s |   [UPLOAD] ↑ MS4wLjABAAAA2FYVN1jBWaTVasx7wXcsK0rCPfSYixt5-J1pUegQIbA/avatars/9fbf27954cf886ede1f5da9e410caf8f.jpeg
2026-05-08 17:31:41 | 28s |   [UPLOAD] ↑ MS4wLjABAAAA2FYVN1jBWaTVasx7wXcsK0rCPfSYixt5-J1pUegQIbA/avatars/20b17690d1c2f5d3c5dfa3aa519f5525.jpeg
2026-05-08 17:31:41 | 28s |   [UPLOAD] ↑ MS4wLjABAAAA2FYVN1jBWaTVasx7wXcsK0rCPfSYixt5-J1pUegQIbA/avatars/0a8e6290200aaac103b70ac4708c62bd.jpeg
2026-05-08 17:31:41 | 28s |   [UPLOAD] ↑ MS4wLjABAAAA2FYVN1jBWaTVasx7wXcsK0rCPfSYixt5-J1pUegQIbA/avatars/d1c3469980d3ef99e4aba8928b7e4879.jpeg
2026-05-08 17:31:41 | 28s |   [UPLOAD] ↑ MS4wLjABAAAA2FYVN1jBWaTVasx7wXcsK0rCPfSYixt5-J1pUegQIbA/avatars/3ffd3b32048a50f1b8b774616f5a43af.jpeg
2026-05-08 17:31:41 | 28s |   [UPLOAD] ↑ MS4wLjABAAAA2FYVN1jBWaTVasx7wXcsK0rCPfSYixt5-J1pUegQIbA/avatars/cec23ea16c56a04977551d11573b88fe.jpeg
2026-05-08 17:31:41 | 28s |   [UPLOAD] ↑ MS4wLjABAAAA2FYVN1jBWaTVasx7wXcsK0rCPfSYixt5-J1pUegQIbA/avatars/26d9649d548d4e4445e3d3e6d0477612.jpeg
2026-05-08 17:31:41 | 28s |   [UPLOAD] ↑ MS4wLjABAAAA2FYVN1jBWaTVasx7wXcsK0rCPfSYixt5-J1pUegQIbA/avatars/90be468ed80cd010b5a28e7f75658d6c.jpeg
2026-05-08 17:31:41 | 28s |   [UPLOAD] ↑ MS4wLjABAAAA2FYVN1jBWaTVasx7wXcsK0rCPfSYixt5-J1pUegQIbA/avatars/b68ec8c003930f49ecd44901e7d7e922.jpeg
2026-05-08 17:31:41 | 28s |   [UPLOAD] ↑ MS4wLjABAAAA2FYVN1jBWaTVasx7wXcsK0rCPfSYixt5-J1pUegQIbA/avatars/69c7b35657415c6e2568c180877cc80e.jpeg
2026-05-08 17:31:41 | 28s |   [UPLOAD] ↑ MS4wLjABAAAA2FYVN1jBWaTVasx7wXcsK0rCPfSYixt5-J1pUegQIbA/avatars/91e40400a5c3694087f712eb3d7126f5.jpeg
2026-05-08 17:31:41 | 28s |   [UPLOAD] ↑ MS4wLjABAAAA2FYVN1jBWaTVasx7wXcsK0rCPfSYixt5-J1pUegQIbA/avatars/4e3e6165b27c55327e990fdfaa4332e2.jpeg
2026-05-08 17:31:41 | 28s |   [UPLOAD] ↑ MS4wLjABAAAA2FYVN1jBWaTVasx7wXcsK0rCPfSYixt5-J1pUegQIbA/avatars/e3493fe465f2fd43cc0565148fc41518.jpeg
2026-05-08 17:31:41 | 28s |   [UPLOAD] ↑ MS4wLjABAAAA2FYVN1jBWaTVasx7wXcsK0rCPfSYixt5-J1pUegQIbA/avatars/5329b9c9585c11fefb8051d82bd2f899.jpeg
2026-05-08 17:31:41 | 28s |   [UPLOAD] ↑ MS4wLjABAAAA2FYVN1jBWaTVasx7wXcsK0rCPfSYixt5-J1pUegQIbA/avatars/42c5f13fefaa401cfee320691c6cd7bd.jpeg
2026-05-08 17:31:41 | 28s |   [UPLOAD] ↑ MS4wLjABAAAA2FYVN1jBWaTVasx7wXcsK0rCPfSYixt5-J1pUegQIbA/avatars/19070ebe38cd12b039851f00940aa129.jpeg
2026-05-08 17:31:41 | 28s |   [UPLOAD] ↑ MS4wLjABAAAA2FYVN1jBWaTVasx7wXcsK0rCPfSYixt5-J1pUegQIbA/avatars/ca2d902d3c1f81ca00c9c591e9996d4c.jpeg
2026-05-08 17:31:41 | 28s |   [UPLOAD] ↑ MS4wLjABAAAA2FYVN1jBWaTVasx7wXcsK0rCPfSYixt5-J1pUegQIbA/avatars/ea75c506e5d88f833359ea32b9d6dfbd.jpeg
2026-05-08 17:31:41 | 28s |   [UPLOAD] ↑ MS4wLjABAAAA2FYVN1jBWaTVasx7wXcsK0rCPfSYixt5-J1pUegQIbA/avatars/92232202e6e9b86c5269508ec8e25c6c.jpeg
2026-05-08 17:31:41 | 28s |   [UPLOAD] ↑ MS4wLjABAAAA2FYVN1jBWaTVasx7wXcsK0rCPfSYixt5-J1pUegQIbA/avatars/13f9052da641b6c492c28ccc2166a297.jpeg
2026-05-08 17:31:41 | 28s |   [UPLOAD] ↑ MS4wLjABAAAA2FYVN1jBWaTVasx7wXcsK0rCPfSYixt5-J1pUegQIbA/avatars/b5f0431cb2fd552d79727f69db9995cb.jpeg
2026-05-08 17:31:41 | 28s |   [UPLOAD] ↑ MS4wLjABAAAA2FYVN1jBWaTVasx7wXcsK0rCPfSYixt5-J1pUegQIbA/avatars/4e15250d09af9889d1c3c6bc7381229a.jpeg
2026-05-08 17:31:41 | 28s |   [UPLOAD] ↑ MS4wLjABAAAA2FYVN1jBWaTVasx7wXcsK0rCPfSYixt5-J1pUegQIbA/avatars/5ce79f31e8536b951a3bc8d31d0b3cd8.jpeg
2026-05-08 17:31:41 | 28s |   [UPLOAD] ↑ MS4wLjABAAAA2FYVN1jBWaTVasx7wXcsK0rCPfSYixt5-J1pUegQIbA/avatars/6abe7b257139e152889e9d43e10529df.jpeg
2026-05-08 17:31:41 | 28s |   [UPLOAD] ↑ MS4wLjABAAAA2FYVN1jBWaTVasx7wXcsK0rCPfSYixt5-J1pUegQIbA/avatars/5fa08312fdc3079393362575f0402a5d.jpeg
2026-05-08 17:31:41 | 28s |   [UPLOAD] ↑ MS4wLjABAAAA2FYVN1jBWaTVasx7wXcsK0rCPfSYixt5-J1pUegQIbA/avatars/ba56500b9df67a644afff9228afdd334.jpeg
2026-05-08 17:31:41 | 28s |   [UPLOAD] ↑ MS4wLjABAAAA2FYVN1jBWaTVasx7wXcsK0rCPfSYixt5-J1pUegQIbA/avatars/f49e1d3e5939e3c140e34d0aeb7c3710.jpeg
2026-05-08 17:31:41 | 28s |   [UPLOAD] ↑ MS4wLjABAAAA2FYVN1jBWaTVasx7wXcsK0rCPfSYixt5-J1pUegQIbA/avatars/58edd8a6768425558752020153a4fab5.jpeg
2026-05-08 17:31:41 | 28s |   [UPLOAD] ↑ MS4wLjABAAAA2FYVN1jBWaTVasx7wXcsK0rCPfSYixt5-J1pUegQIbA/avatars/05b0246b04e44972ae60019c50a05068.jpeg
2026-05-08 17:31:41 | 28s |   [UPLOAD] ↑ MS4wLjABAAAA2FYVN1jBWaTVasx7wXcsK0rCPfSYixt5-J1pUegQIbA/avatars/79b9d8babc718784623479f62ef7c0bf.jpeg
2026-05-08 17:31:41 | 28s |   [UPLOAD] ↑ MS4wLjABAAAA2FYVN1jBWaTVasx7wXcsK0rCPfSYixt5-J1pUegQIbA/avatars/4bdc13850c8217db428d2e14d0881b8e.jpeg
2026-05-08 17:31:41 | 28s |   [UPLOAD] ↑ MS4wLjABAAAA2FYVN1jBWaTVasx7wXcsK0rCPfSYixt5-J1pUegQIbA/avatars/146949cd3059780ef0bbe88005510fc8.jpeg
2026-05-08 17:31:41 | 28s |   [UPLOAD] ↑ MS4wLjABAAAA2FYVN1jBWaTVasx7wXcsK0rCPfSYixt5-J1pUegQIbA/avatars/1b666592fa68ee7630a81a60692c205b.jpeg
2026-05-08 17:31:41 | 28s |   [UPLOAD] ↑ MS4wLjABAAAA2FYVN1jBWaTVasx7wXcsK0rCPfSYixt5-J1pUegQIbA/avatars/b81c84e64205b9b67908a09b555a466c.jpeg
2026-05-08 17:31:41 | 28s |   [UPLOAD] ↑ MS4wLjABAAAA2FYVN1jBWaTVasx7wXcsK0rCPfSYixt5-J1pUegQIbA/avatars/56971d04aa9db1463464fdf258473e63.jpeg
2026-05-08 17:31:41 | 28s |   [UPLOAD] ↑ MS4wLjABAAAA2FYVN1jBWaTVasx7wXcsK0rCPfSYixt5-J1pUegQIbA/avatars/9f104482cc0362daf14d6e72eafc8fab.jpeg
2026-05-08 17:31:41 | 28s |   [UPLOAD] ↑ MS4wLjABAAAA2FYVN1jBWaTVasx7wXcsK0rCPfSYixt5-J1pUegQIbA/avatars/82ef5cc4126be6837a091147a6bc412e.jpeg
2026-05-08 17:31:41 | 28s |   [UPLOAD] ↑ MS4wLjABAAAA2FYVN1jBWaTVasx7wXcsK0rCPfSYixt5-J1pUegQIbA/avatars/db8c2e097615cc5d2eeed20e854ab636.jpeg
2026-05-08 17:31:41 | 28s |   [UPLOAD] ↑ MS4wLjABAAAA2FYVN1jBWaTVasx7wXcsK0rCPfSYixt5-J1pUegQIbA/avatars/854d773baefb23847dc2018c42177cee.jpeg
2026-05-08 17:31:41 | 28s |   [DB] 📝 待更新: 53 行
2026-05-08 17:31:41 | 28s |   [DB] ✅ commit 成功: 53 行已写入
2026-05-08 17:31:43 | 30s |   [DL] ⚠️  HTTP 403: https://p26-sign.douyinpic.com/obj/tos-cn-o-0812/o0cguteHAroyvOClx6QCAktcgDQdIAe...
2026-05-08 17:31:43 | 30s |   [DL] ❌ 下载失败，最后尝试的 URL: https://p26-sign.douyinpic.com/obj/tos-cn-o-0812/o0cguteHAroyvOClx6QCAktcgDQdIAelAHA8bn?lk3s=7b078dd2&x-expires=1776931200&x-signature=QKrJNCwSi5qhER7JuGxca4eE%2BkU%3D&from=2064092626&s=sticker_comment&se=false&sc=sticker_heif&biz_tag=aweme_comment&l=20260422155917D4AC69AC509C06719605
2026-05-08 17:31:43 | 30s |   [FAIL] 下载失败 | https://p26-sign.douyinpic.com/obj/tos-cn-o-0812/o0cguteHAroyvOClx6QCAktcgDQdIAelAHA8bn?lk3s=7b078dd | 原因=所有CDN均失败
2026-05-08 17:31:43 | 30s |   [FAIL] 下载失败 | comments.id=46997 api_type=comment_sticker | 表=comments | aweme=7456483966602841403 | 字段=sticker | 原因=下载失败
2026-05-08 17:31:46 | 32s |   [UPLOAD] ↑ MS4wLjABAAAA2FYVN1jBWaTVasx7wXcsK0rCPfSYixt5-J1pUegQIbA/avatars/5708425257b7ebd437271f7ac414d489.jpeg
2026-05-08 17:31:46 | 32s |   [UPLOAD] ↑ MS4wLjABAAAA2FYVN1jBWaTVasx7wXcsK0rCPfSYixt5-J1pUegQIbA/avatars/31f28a29016c83433ba91edf58e1c343.jpeg
2026-05-08 17:31:46 | 32s |   [UPLOAD] ↑ MS4wLjABAAAA2FYVN1jBWaTVasx7wXcsK0rCPfSYixt5-J1pUegQIbA/avatars/c4f834eaf007d71b2e6c4caca2132bd5.jpeg
2026-05-08 17:31:46 | 32s |   [UPLOAD] ↑ MS4wLjABAAAA2FYVN1jBWaTVasx7wXcsK0rCPfSYixt5-J1pUegQIbA/avatars/5a5a310bb43f007dd194ff7d3424dce9.jpeg
2026-05-08 17:31:46 | 32s |   [UPLOAD] ↑ MS4wLjABAAAA2FYVN1jBWaTVasx7wXcsK0rCPfSYixt5-J1pUegQIbA/images/8af1922f4d9cf0d7399fcb58cdcb2c91.jpg
2026-05-08 17:31:46 | 32s |   [UPLOAD] ↑ MS4wLjABAAAA2FYVN1jBWaTVasx7wXcsK0rCPfSYixt5-J1pUegQIbA/avatars/2415c61773a24e4d5f13e38f9bab682d.jpeg
2026-05-08 17:31:46 | 32s |   [UPLOAD] ↑ MS4wLjABAAAA2FYVN1jBWaTVasx7wXcsK0rCPfSYixt5-J1pUegQIbA/avatars/1e8bcb39a52b2efce7e155e99c3b147c.jpeg
2026-05-08 17:31:46 | 32s |   [UPLOAD] ↑ MS4wLjABAAAA2FYVN1jBWaTVasx7wXcsK0rCPfSYixt5-J1pUegQIbA/avatars/74256d35df01517794f86e9ecfacdb6c.jpeg
2026-05-08 17:31:46 | 32s |   [UPLOAD] ↑ MS4wLjABAAAA2FYVN1jBWaTVasx7wXcsK0rCPfSYixt5-J1pUegQIbA/avatars/c9832f20d68c81faefdab10703831125.jpeg
2026-05-08 17:31:46 | 32s |   [UPLOAD] ↑ MS4wLjABAAAA2FYVN1jBWaTVasx7wXcsK0rCPfSYixt5-J1pUegQIbA/avatars/1904ec7cded783a0ed280a478d47dfda.jpeg
2026-05-08 17:31:46 | 32s |   [UPLOAD] ↑ MS4wLjABAAAA2FYVN1jBWaTVasx7wXcsK0rCPfSYixt5-J1pUegQIbA/avatars/894612e43c5253f44b0c64d456756ebc.jpeg
2026-05-08 17:31:46 | 32s |   [UPLOAD] ↑ MS4wLjABAAAA2FYVN1jBWaTVasx7wXcsK0rCPfSYixt5-J1pUegQIbA/avatars/ccc76276809550e1c22108b772d78093.jpeg
2026-05-08 17:31:46 | 32s |   [UPLOAD] ↑ MS4wLjABAAAA2FYVN1jBWaTVasx7wXcsK0rCPfSYixt5-J1pUegQIbA/avatars/30ca5eaa91c7a6759148f835b7dd2f18.jpeg
2026-05-08 17:31:46 | 32s |   [UPLOAD] ↑ MS4wLjABAAAA2FYVN1jBWaTVasx7wXcsK0rCPfSYixt5-J1pUegQIbA/avatars/04ddac417b02ab367ad65c6888457684.jpeg
2026-05-08 17:31:46 | 32s |   [UPLOAD] ↑ MS4wLjABAAAA2FYVN1jBWaTVasx7wXcsK0rCPfSYixt5-J1pUegQIbA/avatars/824ec458125efab476fcce3e8788564b.jpeg
2026-05-08 17:31:46 | 32s |   [UPLOAD] ↑ MS4wLjABAAAA2FYVN1jBWaTVasx7wXcsK0rCPfSYixt5-J1pUegQIbA/avatars/fe0ef2cd3c7e7a567ab8615c050f1989.jpeg
2026-05-08 17:31:46 | 32s |   [UPLOAD] ↑ MS4wLjABAAAA2FYVN1jBWaTVasx7wXcsK0rCPfSYixt5-J1pUegQIbA/avatars/608019af14b43b92a84174ef798b692c.jpeg
2026-05-08 17:31:46 | 32s |   [UPLOAD] ↑ MS4wLjABAAAA2FYVN1jBWaTVasx7wXcsK0rCPfSYixt5-J1pUegQIbA/avatars/c8583769812cf97c057cc37ad8efa8e3.jpeg
2026-05-08 17:31:46 | 32s |   [UPLOAD] ↑ MS4wLjABAAAA2FYVN1jBWaTVasx7wXcsK0rCPfSYixt5-J1pUegQIbA/avatars/a146e553b6bf8e3d98a349dc6ed10139.jpeg
2026-05-08 17:31:46 | 32s |   [UPLOAD] ↑ MS4wLjABAAAA2FYVN1jBWaTVasx7wXcsK0rCPfSYixt5-J1pUegQIbA/avatars/6263d83226e201af37432a6dae3f14f1.jpeg
2026-05-08 17:31:46 | 32s |   [UPLOAD] ↑ MS4wLjABAAAA2FYVN1jBWaTVasx7wXcsK0rCPfSYixt5-J1pUegQIbA/avatars/fb547efdc581d89f20d89f1df7ac2cae.jpeg
2026-05-08 17:31:46 | 32s |   [UPLOAD] ↑ MS4wLjABAAAA2FYVN1jBWaTVasx7wXcsK0rCPfSYixt5-J1pUegQIbA/avatars/3c67bf4fa8e4a403c53bf8ff08de53c6.jpeg
2026-05-08 17:31:46 | 32s |   [UPLOAD] ↑ MS4wLjABAAAA2FYVN1jBWaTVasx7wXcsK0rCPfSYixt5-J1pUegQIbA/avatars/663d6cba8e6f584b4af97a4e53b442ab.jpeg
2026-05-08 17:31:46 | 32s |   [UPLOAD] ↑ MS4wLjABAAAA2FYVN1jBWaTVasx7wXcsK0rCPfSYixt5-J1pUegQIbA/avatars/6cecc72ded1846732bdf8107159aa564.jpeg
2026-05-08 17:31:46 | 32s |   [UPLOAD] ↑ MS4wLjABAAAA2FYVN1jBWaTVasx7wXcsK0rCPfSYixt5-J1pUegQIbA/avatars/4b016b5ceb24e4ff1dd08fe6ddfee06d.jpeg
2026-05-08 17:31:46 | 32s |   [UPLOAD] ↑ MS4wLjABAAAA2FYVN1jBWaTVasx7wXcsK0rCPfSYixt5-J1pUegQIbA/avatars/c8ee37b5c0ee49dc3026b4cc497126ea.jpeg
2026-05-08 17:31:46 | 32s |   [UPLOAD] ↑ MS4wLjABAAAA2FYVN1jBWaTVasx7wXcsK0rCPfSYixt5-J1pUegQIbA/avatars/7722f21bd9f2aa1683c62dfbbe6cbc0d.jpeg
2026-05-08 17:31:46 | 32s |   [UPLOAD] ↑ MS4wLjABAAAA2FYVN1jBWaTVasx7wXcsK0rCPfSYixt5-J1pUegQIbA/avatars/189e129826d2abab352d523e1c97bcac.jpeg
2026-05-08 17:31:46 | 32s |   [UPLOAD] ↑ MS4wLjABAAAA2FYVN1jBWaTVasx7wXcsK0rCPfSYixt5-J1pUegQIbA/avatars/7ca62ada9daf8204293370f570d1f2bc.jpeg
2026-05-08 17:31:46 | 32s |   [UPLOAD] ↑ MS4wLjABAAAA2FYVN1jBWaTVasx7wXcsK0rCPfSYixt5-J1pUegQIbA/avatars/dcd8e5adba6f7429ade95bd17733fde1.jpeg
2026-05-08 17:31:46 | 32s |   [UPLOAD] ↑ MS4wLjABAAAA2FYVN1jBWaTVasx7wXcsK0rCPfSYixt5-J1pUegQIbA/avatars/3f46856b843bd7a7780aac59c4d7c188.jpeg
2026-05-08 17:31:46 | 32s |   [UPLOAD] ↑ MS4wLjABAAAA2FYVN1jBWaTVasx7wXcsK0rCPfSYixt5-J1pUegQIbA/avatars/81d93cac6fab59c168db156e25437783.jpeg
2026-05-08 17:31:46 | 32s |   [UPLOAD] ↑ MS4wLjABAAAA2FYVN1jBWaTVasx7wXcsK0rCPfSYixt5-J1pUegQIbA/avatars/19aa82c903eefcaca81bdb453a5c227e.jpeg
2026-05-08 17:31:46 | 32s |   [UPLOAD] ↑ MS4wLjABAAAA2FYVN1jBWaTVasx7wXcsK0rCPfSYixt5-J1pUegQIbA/avatars/3d3367e67c2e9e17d3147cf0c1dd2424.jpeg
2026-05-08 17:31:46 | 32s |   [UPLOAD] ↑ MS4wLjABAAAA2FYVN1jBWaTVasx7wXcsK0rCPfSYixt5-J1pUegQIbA/avatars/811eaf838f1c22f796022f3319190e3a.jpeg
2026-05-08 17:31:46 | 32s |   [UPLOAD] ↑ MS4wLjABAAAA2FYVN1jBWaTVasx7wXcsK0rCPfSYixt5-J1pUegQIbA/avatars/bb18f3d3d27f62d0e851faf9f48f3eaf.jpeg
2026-05-08 17:31:46 | 32s |   [UPLOAD] ↑ MS4wLjABAAAA2FYVN1jBWaTVasx7wXcsK0rCPfSYixt5-J1pUegQIbA/avatars/e94d46a09c3443cc54ccddc2d34f3164.jpeg
2026-05-08 17:31:46 | 32s |   [UPLOAD] ↑ MS4wLjABAAAA2FYVN1jBWaTVasx7wXcsK0rCPfSYixt5-J1pUegQIbA/avatars/69f158e91565e091822cc50fbd64e4d2.jpeg
2026-05-08 17:31:46 | 32s |   [UPLOAD] ↑ MS4wLjABAAAA2FYVN1jBWaTVasx7wXcsK0rCPfSYixt5-J1pUegQIbA/avatars/f1dcf207a0860fbe14a625665e02f650.jpeg
2026-05-08 17:31:46 | 32s |   [UPLOAD] ↑ MS4wLjABAAAA2FYVN1jBWaTVasx7wXcsK0rCPfSYixt5-J1pUegQIbA/avatars/339f672ee3d23cb9b95eddfaa5db7036.jpeg
2026-05-08 17:31:46 | 32s |   [UPLOAD] ↑ MS4wLjABAAAA2FYVN1jBWaTVasx7wXcsK0rCPfSYixt5-J1pUegQIbA/avatars/f5168de0360a7682df41d16aae23e249.jpeg
2026-05-08 17:31:46 | 32s |   [UPLOAD] ↑ MS4wLjABAAAA2FYVN1jBWaTVasx7wXcsK0rCPfSYixt5-J1pUegQIbA/stickers/3e99865c2e0b9f59335c94936ed266f4.gif
2026-05-08 17:31:46 | 32s |   [UPLOAD] ↑ MS4wLjABAAAA2FYVN1jBWaTVasx7wXcsK0rCPfSYixt5-J1pUegQIbA/avatars/da3d5397cbd7ff8a5bf70e8a9f06f634.jpeg
2026-05-08 17:31:46 | 32s |   [UPLOAD] ↑ MS4wLjABAAAA2FYVN1jBWaTVasx7wXcsK0rCPfSYixt5-J1pUegQIbA/avatars/b6ae729b3d29cac88a3ebe6e5d9c8ed7.jpeg
2026-05-08 17:31:46 | 32s |   [UPLOAD] ↑ MS4wLjABAAAA2FYVN1jBWaTVasx7wXcsK0rCPfSYixt5-J1pUegQIbA/avatars/9d6054044d92139a27b862eca61bbe60.jpeg
2026-05-08 17:31:46 | 32s |   [UPLOAD] ↑ MS4wLjABAAAA2FYVN1jBWaTVasx7wXcsK0rCPfSYixt5-J1pUegQIbA/avatars/2934c178912b1b41a606f23ce9ccbdcf.jpeg
2026-05-08 17:31:46 | 32s |   [UPLOAD] ↑ MS4wLjABAAAA2FYVN1jBWaTVasx7wXcsK0rCPfSYixt5-J1pUegQIbA/avatars/9db5cfcfc438d969183ec5ae7690ca3b.jpeg
2026-05-08 17:31:46 | 32s |   [UPLOAD] ↑ MS4wLjABAAAA2FYVN1jBWaTVasx7wXcsK0rCPfSYixt5-J1pUegQIbA/avatars/f8b4c85840d199dc0e4bd440b30c3141.jpeg
2026-05-08 17:31:46 | 32s |   [UPLOAD] ↑ MS4wLjABAAAA2FYVN1jBWaTVasx7wXcsK0rCPfSYixt5-J1pUegQIbA/avatars/ba75570f056044ecacd3771fd463432f.jpeg
2026-05-08 17:31:46 | 32s |   [UPLOAD] ↑ MS4wLjABAAAA2FYVN1jBWaTVasx7wXcsK0rCPfSYixt5-J1pUegQIbA/avatars/0cdb45fce5b9b326e25c18ab1261c4d4.jpeg
2026-05-08 17:31:46 | 32s |   [DB] 📝 待更新: 50 行
2026-05-08 17:31:46 | 32s |   [DB] ✅ commit 成功: 50 行已写入
2026-05-08 17:31:47 | 34s |   [DL] ⚠️  HTTP 403: https://p3-sign.douyinpic.com/tos-cn-i-p14lwwcsbr/e2a2935810aa4b8b87c5d164afb794...
2026-05-08 17:31:48 | 35s |   [DL] ⚠️  HTTP 403: https://p9-sign.douyinpic.com/obj/tos-cn-o-0812/okAuAfyyBAD0iA5Zadi8vNEj7BBIigGQ...
2026-05-08 17:31:48 | 35s |   [DL] ❌ 下载失败，最后尝试的 URL: https://p9-sign.douyinpic.com/obj/tos-cn-o-0812/okAuAfyyBAD0iA5Zadi8vNEj7BBIigGQyVYEkA?lk3s=7b078dd2&x-expires=1776960000&x-signature=PGcNQ%2BFbEbGoPQbhPvr5GppjCr0%3D&from=2064092626&s=sticker_comment&se=false&sc=sticker_heif&biz_tag=aweme_comment&l=202604231846140F73B10722ECAAC2EAB9
2026-05-08 17:31:48 | 35s |   [FAIL] 下载失败 | https://p9-sign.douyinpic.com/obj/tos-cn-o-0812/okAuAfyyBAD0iA5Zadi8vNEj7BBIigGQyVYEkA?lk3s=7b078dd2 | 原因=所有CDN均失败
2026-05-08 17:31:48 | 35s |   [FAIL] 下载失败 | replies.id=21178 api_type=reply_sticker | 表=replies | aweme=7631634541144461489 | 字段=sticker | 原因=下载失败
2026-05-08 17:31:49 | 35s |   [DL] ⚠️  HTTP 403: https://p5-ex-gddgtc-sign.douyinpic.com/tos-cn-i-p14lwwcsbr/e2a2935810aa4b8b87c5...
2026-05-08 17:31:51 | 37s |   [UPLOAD] ↑ MS4wLjABAAAA2FYVN1jBWaTVasx7wXcsK0rCPfSYixt5-J1pUegQIbA/avatars/eb50324bb4e5727bc0e6b1e5760c3a75.jpeg
2026-05-08 17:31:51 | 37s |   [UPLOAD] ↑ MS4wLjABAAAA2FYVN1jBWaTVasx7wXcsK0rCPfSYixt5-J1pUegQIbA/avatars/fd3e1763eb224077bfa72b57e46ee636.jpeg
2026-05-08 17:31:51 | 37s |   [UPLOAD] ↑ MS4wLjABAAAA2FYVN1jBWaTVasx7wXcsK0rCPfSYixt5-J1pUegQIbA/avatars/acc38e4bf3cc123bcaa0b50e622accb2.jpeg
2026-05-08 17:31:51 | 37s |   [UPLOAD] ↑ MS4wLjABAAAA2FYVN1jBWaTVasx7wXcsK0rCPfSYixt5-J1pUegQIbA/avatars/af579c9629821015ce05c521010ac297.jpeg
2026-05-08 17:31:51 | 37s |   [UPLOAD] ↑ MS4wLjABAAAA2FYVN1jBWaTVasx7wXcsK0rCPfSYixt5-J1pUegQIbA/avatars/0434252b4c9453c62585bb9050edcb81.jpeg
2026-05-08 17:31:51 | 37s |   [UPLOAD] ↑ MS4wLjABAAAA2FYVN1jBWaTVasx7wXcsK0rCPfSYixt5-J1pUegQIbA/avatars/35d4bd439ab1dae2f04b2c4828c7014f.jpeg
2026-05-08 17:31:51 | 37s |   [UPLOAD] ↑ MS4wLjABAAAA2FYVN1jBWaTVasx7wXcsK0rCPfSYixt5-J1pUegQIbA/avatars/df3c662d5ee50c92ceb154ae5a3138c2.jpeg
2026-05-08 17:31:51 | 37s |   [UPLOAD] ↑ MS4wLjABAAAA2FYVN1jBWaTVasx7wXcsK0rCPfSYixt5-J1pUegQIbA/avatars/68770536c253992706455fec5b662d0d.jpeg
2026-05-08 17:31:51 | 37s |   [UPLOAD] ↑ MS4wLjABAAAA2FYVN1jBWaTVasx7wXcsK0rCPfSYixt5-J1pUegQIbA/avatars/a5aaad6558cb4a618c8744d4b6657673.jpeg
2026-05-08 17:31:51 | 37s |   [UPLOAD] ↑ MS4wLjABAAAA2FYVN1jBWaTVasx7wXcsK0rCPfSYixt5-J1pUegQIbA/avatars/702b7d8b919a15c3bb49bcb1279f235a.jpeg
2026-05-08 17:31:51 | 37s |   [UPLOAD] ↑ MS4wLjABAAAA2FYVN1jBWaTVasx7wXcsK0rCPfSYixt5-J1pUegQIbA/avatars/ac1dce4a3737bb0a8817d2f11624437e.jpeg
2026-05-08 17:31:51 | 37s |   [UPLOAD] ↑ MS4wLjABAAAA2FYVN1jBWaTVasx7wXcsK0rCPfSYixt5-J1pUegQIbA/avatars/536f6bf0f7890d25dc1e8e9ce603e64c.jpeg
2026-05-08 17:31:51 | 37s |   [UPLOAD] ↑ MS4wLjABAAAA2FYVN1jBWaTVasx7wXcsK0rCPfSYixt5-J1pUegQIbA/avatars/71e5a8c67bdfd9ba278de24e01ea1b58.jpeg
2026-05-08 17:31:51 | 37s |   [UPLOAD] ↑ MS4wLjABAAAA2FYVN1jBWaTVasx7wXcsK0rCPfSYixt5-J1pUegQIbA/avatars/270f4ac4d10ffcc16719711b68977f2e.jpeg
2026-05-08 17:31:51 | 37s |   [UPLOAD] ↑ MS4wLjABAAAA2FYVN1jBWaTVasx7wXcsK0rCPfSYixt5-J1pUegQIbA/avatars/3f58d4bfcb82a3258354a730fbbb7389.jpeg
2026-05-08 17:31:51 | 37s |   [UPLOAD] ↑ MS4wLjABAAAA2FYVN1jBWaTVasx7wXcsK0rCPfSYixt5-J1pUegQIbA/avatars/027bffdfbb59e73ad6d68a0e15dd0005.jpeg
2026-05-08 17:31:51 | 37s |   [UPLOAD] ↑ MS4wLjABAAAA2FYVN1jBWaTVasx7wXcsK0rCPfSYixt5-J1pUegQIbA/avatars/3de912be37a40de8778d2e3cbae7701d.jpeg
2026-05-08 17:31:51 | 37s |   [UPLOAD] ↑ MS4wLjABAAAA2FYVN1jBWaTVasx7wXcsK0rCPfSYixt5-J1pUegQIbA/avatars/d64d0c9b13b884c56a3f6e03e3f7cd2c.jpeg
2026-05-08 17:31:51 | 37s |   [UPLOAD] ↑ MS4wLjABAAAA2FYVN1jBWaTVasx7wXcsK0rCPfSYixt5-J1pUegQIbA/avatars/77f90b5006fb6826417562306f0ac182.jpeg
2026-05-08 17:31:51 | 37s |   [UPLOAD] ↑ MS4wLjABAAAA2FYVN1jBWaTVasx7wXcsK0rCPfSYixt5-J1pUegQIbA/avatars/3bdc3303e5fa28cb1f435c8e8dd5ecbc.jpeg
2026-05-08 17:31:51 | 37s |   [UPLOAD] ↑ MS4wLjABAAAA2FYVN1jBWaTVasx7wXcsK0rCPfSYixt5-J1pUegQIbA/avatars/c426c30a18f2ab190beeac8632fca692.jpeg
2026-05-08 17:31:51 | 37s |   [UPLOAD] ↑ MS4wLjABAAAA2FYVN1jBWaTVasx7wXcsK0rCPfSYixt5-J1pUegQIbA/avatars/ffb0e045525352663067ec1f66864522.jpeg
2026-05-08 17:31:51 | 37s |   [UPLOAD] ↑ MS4wLjABAAAA2FYVN1jBWaTVasx7wXcsK0rCPfSYixt5-J1pUegQIbA/avatars/379ad6645fab40378fd6d1dbd2495bd7.jpeg
2026-05-08 17:31:51 | 37s |   [UPLOAD] ↑ MS4wLjABAAAA2FYVN1jBWaTVasx7wXcsK0rCPfSYixt5-J1pUegQIbA/avatars/4753fe78eb40b77efc372222d2a25d37.jpeg
2026-05-08 17:31:51 | 37s |   [UPLOAD] ↑ MS4wLjABAAAA2FYVN1jBWaTVasx7wXcsK0rCPfSYixt5-J1pUegQIbA/avatars/48bd2f6eab06205359ae679adf78b330.jpeg
2026-05-08 17:31:51 | 37s |   [UPLOAD] ↑ MS4wLjABAAAA2FYVN1jBWaTVasx7wXcsK0rCPfSYixt5-J1pUegQIbA/avatars/8597382f5cd87ccd4d383d134075f05a.jpeg
2026-05-08 17:31:51 | 37s |   [UPLOAD] ↑ MS4wLjABAAAA2FYVN1jBWaTVasx7wXcsK0rCPfSYixt5-J1pUegQIbA/avatars/40e82c80809a2824fba6fd7e7a804622.jpeg
2026-05-08 17:31:51 | 37s |   [UPLOAD] ↑ MS4wLjABAAAA2FYVN1jBWaTVasx7wXcsK0rCPfSYixt5-J1pUegQIbA/avatars/4882fb503d5064103bcdc0f69e82af88.jpeg
2026-05-08 17:31:51 | 37s |   [UPLOAD] ↑ MS4wLjABAAAA2FYVN1jBWaTVasx7wXcsK0rCPfSYixt5-J1pUegQIbA/avatars/91f3c752bd0c81d9ef4d309eb0914a7d.jpeg
2026-05-08 17:31:51 | 37s |   [UPLOAD] ↑ MS4wLjABAAAA2FYVN1jBWaTVasx7wXcsK0rCPfSYixt5-J1pUegQIbA/avatars/6043fbd4b9019822264b6aa8864270ab.jpeg
2026-05-08 17:31:51 | 37s |   [UPLOAD] ↑ MS4wLjABAAAA2FYVN1jBWaTVasx7wXcsK0rCPfSYixt5-J1pUegQIbA/avatars/b5a2630303c7ad4d639c01ed571cb088.jpeg
2026-05-08 17:31:51 | 37s |   [UPLOAD] ↑ MS4wLjABAAAA2FYVN1jBWaTVasx7wXcsK0rCPfSYixt5-J1pUegQIbA/avatars/32755cbbb56f85d6dabfc000d4bf898a.jpeg
2026-05-08 17:31:51 | 37s |   [UPLOAD] ↑ MS4wLjABAAAA2FYVN1jBWaTVasx7wXcsK0rCPfSYixt5-J1pUegQIbA/avatars/6714ba9d980b775dac15f0d737cf2dbf.jpeg
2026-05-08 17:31:51 | 37s |   [UPLOAD] ↑ MS4wLjABAAAA2FYVN1jBWaTVasx7wXcsK0rCPfSYixt5-J1pUegQIbA/avatars/8a0f211a0c394d0c6f90eddcf6696db5.jpeg
2026-05-08 17:31:51 | 37s |   [UPLOAD] ↑ MS4wLjABAAAA2FYVN1jBWaTVasx7wXcsK0rCPfSYixt5-J1pUegQIbA/avatars/5464b78c8c217ddd21d79d78a60fd662.jpeg
2026-05-08 17:31:51 | 37s |   [UPLOAD] ↑ MS4wLjABAAAA2FYVN1jBWaTVasx7wXcsK0rCPfSYixt5-J1pUegQIbA/avatars/f405b8e433eb616506c291a52c06db77.jpg
2026-05-08 17:31:51 | 37s |   [UPLOAD] ↑ MS4wLjABAAAA2FYVN1jBWaTVasx7wXcsK0rCPfSYixt5-J1pUegQIbA/avatars/687c239f08bc3e7637c8df83981534d3.jpeg
2026-05-08 17:31:51 | 37s |   [UPLOAD] ↑ MS4wLjABAAAA2FYVN1jBWaTVasx7wXcsK0rCPfSYixt5-J1pUegQIbA/avatars/11ea03207047a822d8c3abd4eaa9a017.jpeg
2026-05-08 17:31:51 | 37s |   [UPLOAD] ↑ MS4wLjABAAAA2FYVN1jBWaTVasx7wXcsK0rCPfSYixt5-J1pUegQIbA/avatars/07614f0b3937e97bfe6ca7f7ded34acd.jpeg
2026-05-08 17:31:51 | 37s |   [UPLOAD] ↑ MS4wLjABAAAA2FYVN1jBWaTVasx7wXcsK0rCPfSYixt5-J1pUegQIbA/avatars/910b701389f5c5dfb51c7677a26cd71a.jpeg
2026-05-08 17:31:51 | 37s |   [UPLOAD] ↑ MS4wLjABAAAA2FYVN1jBWaTVasx7wXcsK0rCPfSYixt5-J1pUegQIbA/avatars/e98b71e49c7f20adc24b2adaa35d2d3d.jpeg
2026-05-08 17:31:51 | 37s |   [UPLOAD] ↑ MS4wLjABAAAA2FYVN1jBWaTVasx7wXcsK0rCPfSYixt5-J1pUegQIbA/avatars/fa5e0164efe947e52ac02d0a5dc3a373.jpeg
2026-05-08 17:31:51 | 37s |   [UPLOAD] ↑ MS4wLjABAAAA2FYVN1jBWaTVasx7wXcsK0rCPfSYixt5-J1pUegQIbA/avatars/2f5ffd6d9d0a047f2bc55651d63e73ac.jpeg
2026-05-08 17:31:51 | 37s |   [UPLOAD] ↑ MS4wLjABAAAA2FYVN1jBWaTVasx7wXcsK0rCPfSYixt5-J1pUegQIbA/avatars/a94affecfec14b41a348940e6a624242.jpeg
2026-05-08 17:31:51 | 37s |   [UPLOAD] ↑ MS4wLjABAAAA2FYVN1jBWaTVasx7wXcsK0rCPfSYixt5-J1pUegQIbA/images/2721d353ac5d57b3080924be0f20d575.jpg
2026-05-08 17:31:51 | 37s |   [UPLOAD] ↑ MS4wLjABAAAA2FYVN1jBWaTVasx7wXcsK0rCPfSYixt5-J1pUegQIbA/avatars/5d71e0f0ccad706457fcc8ee5e7144c9.jpeg
2026-05-08 17:31:51 | 37s |   [UPLOAD] ↑ MS4wLjABAAAA2FYVN1jBWaTVasx7wXcsK0rCPfSYixt5-J1pUegQIbA/avatars/b2e23c4da47bbebc7868e8776e5b71e0.jpeg
2026-05-08 17:31:51 | 37s |   [UPLOAD] ↑ MS4wLjABAAAA2FYVN1jBWaTVasx7wXcsK0rCPfSYixt5-J1pUegQIbA/avatars/5bc7b16632017a0c6b03b9143073ac53.jpeg
2026-05-08 17:31:51 | 37s |   [UPLOAD] ↑ MS4wLjABAAAA2FYVN1jBWaTVasx7wXcsK0rCPfSYixt5-J1pUegQIbA/avatars/4a32dd656b71cc5f71189c2fb0e51dfe.jpeg
2026-05-08 17:31:51 | 37s |   [UPLOAD] ↑ MS4wLjABAAAA2FYVN1jBWaTVasx7wXcsK0rCPfSYixt5-J1pUegQIbA/avatars/eb71a3b7ba5062281c62475181543c61.jpeg
2026-05-08 17:31:51 | 37s |   [DB] 📝 待更新: 51 行
2026-05-08 17:31:51 | 37s |   [DB] ✅ commit 成功: 51 行已写入
2026-05-08 17:31:57 | 43s |   [DL] ⚠️  HTTP 403: https://p26-sign.douyinpic.com/tos-cn-i-p14lwwcsbr/bd6e2809edac430686f01de210250...
2026-05-08 17:31:57 | 43s |   [DL] ⚠️  HTTP 403: https://p3-sign.douyinpic.com/tos-cn-i-p14lwwcsbr/bd6e2809edac430686f01de210250c...
2026-05-08 17:31:58 | 44s |   [UPLOAD] ↑ MS4wLjABAAAA2FYVN1jBWaTVasx7wXcsK0rCPfSYixt5-J1pUegQIbA/avatars/73bd8b991a569a920c53b385d1e25809.jpeg
2026-05-08 17:31:58 | 44s |   [UPLOAD] ↑ MS4wLjABAAAA2FYVN1jBWaTVasx7wXcsK0rCPfSYixt5-J1pUegQIbA/avatars/33f636b17623c021321328048474abc6.jpeg
2026-05-08 17:31:58 | 44s |   [UPLOAD] ↑ MS4wLjABAAAA2FYVN1jBWaTVasx7wXcsK0rCPfSYixt5-J1pUegQIbA/avatars/2819a5761ffb042436efc332b5595123.jpeg
2026-05-08 17:31:58 | 44s |   [UPLOAD] ↑ MS4wLjABAAAA2FYVN1jBWaTVasx7wXcsK0rCPfSYixt5-J1pUegQIbA/avatars/462a727cdcb84662fa630be8262ba49d.jpeg
2026-05-08 17:31:58 | 44s |   [UPLOAD] ↑ MS4wLjABAAAA2FYVN1jBWaTVasx7wXcsK0rCPfSYixt5-J1pUegQIbA/avatars/90f9be516bcfbeefc6fd83dae86f98fa.jpeg
2026-05-08 17:31:58 | 44s |   [UPLOAD] ↑ MS4wLjABAAAA2FYVN1jBWaTVasx7wXcsK0rCPfSYixt5-J1pUegQIbA/avatars/08f91adcd2a5dc3bf723efe25b036dbe.jpeg
2026-05-08 17:31:58 | 44s |   [UPLOAD] ↑ MS4wLjABAAAA2FYVN1jBWaTVasx7wXcsK0rCPfSYixt5-J1pUegQIbA/avatars/b6604f923f135f8105edd0b22fcb58ff.jpeg
2026-05-08 17:31:58 | 44s |   [UPLOAD] ↑ MS4wLjABAAAA2FYVN1jBWaTVasx7wXcsK0rCPfSYixt5-J1pUegQIbA/avatars/f1721f3a0660c05d0348ec2720c38fa8.jpeg
2026-05-08 17:31:58 | 44s |   [UPLOAD] ↑ MS4wLjABAAAA2FYVN1jBWaTVasx7wXcsK0rCPfSYixt5-J1pUegQIbA/avatars/9601d52cf5c27e02b9c342b589778693.jpeg
2026-05-08 17:31:58 | 44s |   [UPLOAD] ↑ MS4wLjABAAAA2FYVN1jBWaTVasx7wXcsK0rCPfSYixt5-J1pUegQIbA/avatars/b860400253bbfa3ff713fdc4e7d78a17.jpeg
2026-05-08 17:31:58 | 44s |   [UPLOAD] ↑ MS4wLjABAAAA2FYVN1jBWaTVasx7wXcsK0rCPfSYixt5-J1pUegQIbA/avatars/ca6c473456a534cd2ef72ecd5547a9d6.jpeg
2026-05-08 17:31:58 | 44s |   [UPLOAD] ↑ MS4wLjABAAAA2FYVN1jBWaTVasx7wXcsK0rCPfSYixt5-J1pUegQIbA/avatars/1d3fe3e3cb4a2d011695aa5c16b6edb5.jpeg
2026-05-08 17:31:58 | 44s |   [UPLOAD] ↑ MS4wLjABAAAA2FYVN1jBWaTVasx7wXcsK0rCPfSYixt5-J1pUegQIbA/avatars/94784b05da4f78d423362ec14f04e72b.jpeg
2026-05-08 17:31:58 | 44s |   [UPLOAD] ↑ MS4wLjABAAAA2FYVN1jBWaTVasx7wXcsK0rCPfSYixt5-J1pUegQIbA/avatars/0a8bc27c3c2572ddb27ddbbc9dce5192.jpeg
2026-05-08 17:31:58 | 44s |   [UPLOAD] ↑ MS4wLjABAAAA2FYVN1jBWaTVasx7wXcsK0rCPfSYixt5-J1pUegQIbA/avatars/ce00de8a03e4c8ae3067f49a4a4b4432.jpeg
2026-05-08 17:31:58 | 44s |   [UPLOAD] ↑ MS4wLjABAAAA2FYVN1jBWaTVasx7wXcsK0rCPfSYixt5-J1pUegQIbA/avatars/d059dacac6333866c9ed5078e3abaf55.jpeg
2026-05-08 17:31:58 | 44s |   [UPLOAD] ↑ MS4wLjABAAAA2FYVN1jBWaTVasx7wXcsK0rCPfSYixt5-J1pUegQIbA/avatars/b0ef23261f716d72bb66313f9bf32844.jpeg
2026-05-08 17:31:58 | 44s |   [UPLOAD] ↑ MS4wLjABAAAA2FYVN1jBWaTVasx7wXcsK0rCPfSYixt5-J1pUegQIbA/avatars/e4cc662cbbb98a018868f0db10dc9418.jpeg
2026-05-08 17:31:58 | 44s |   [UPLOAD] ↑ MS4wLjABAAAA2FYVN1jBWaTVasx7wXcsK0rCPfSYixt5-J1pUegQIbA/stickers/2af08d716f3157d4b36315fe5cc619fe.gif
2026-05-08 17:31:58 | 44s |   [UPLOAD] ↑ MS4wLjABAAAA2FYVN1jBWaTVasx7wXcsK0rCPfSYixt5-J1pUegQIbA/avatars/0a532aed3e38bb6b317af419cd8ab72a.jpeg
2026-05-08 17:31:58 | 44s |   [UPLOAD] ↑ MS4wLjABAAAA2FYVN1jBWaTVasx7wXcsK0rCPfSYixt5-J1pUegQIbA/avatars/03e9d44cfcf0e4bd2cafe3e796c92274.jpeg
2026-05-08 17:31:58 | 44s |   [UPLOAD] ↑ MS4wLjABAAAA2FYVN1jBWaTVasx7wXcsK0rCPfSYixt5-J1pUegQIbA/avatars/e1b1789f52a5230208298e9a22d06388.jpeg
2026-05-08 17:31:58 | 44s |   [UPLOAD] ↑ MS4wLjABAAAA2FYVN1jBWaTVasx7wXcsK0rCPfSYixt5-J1pUegQIbA/avatars/e93687b87b54ebc3de4172482f3fef87.jpeg
2026-05-08 17:31:58 | 44s |   [UPLOAD] ↑ MS4wLjABAAAA2FYVN1jBWaTVasx7wXcsK0rCPfSYixt5-J1pUegQIbA/avatars/ced7f9d865fb2378cb3284a14e978f5c.jpeg
2026-05-08 17:31:58 | 44s |   [UPLOAD] ↑ MS4wLjABAAAA2FYVN1jBWaTVasx7wXcsK0rCPfSYixt5-J1pUegQIbA/avatars/11c00ac650b745b1e0dbc8566d378696.jpeg
2026-05-08 17:31:58 | 44s |   [UPLOAD] ↑ MS4wLjABAAAA2FYVN1jBWaTVasx7wXcsK0rCPfSYixt5-J1pUegQIbA/avatars/ab931237ce414f1fb06c440e5c204375.jpeg
2026-05-08 17:31:58 | 44s |   [UPLOAD] ↑ MS4wLjABAAAA2FYVN1jBWaTVasx7wXcsK0rCPfSYixt5-J1pUegQIbA/avatars/52c3da7709ec1f736d5464182529a4b8.jpeg
2026-05-08 17:31:58 | 44s |   [UPLOAD] ↑ MS4wLjABAAAA2FYVN1jBWaTVasx7wXcsK0rCPfSYixt5-J1pUegQIbA/avatars/32939cf1d80be9c4401fca52d1b00eed.jpeg
2026-05-08 17:31:58 | 44s |   [UPLOAD] ↑ MS4wLjABAAAA2FYVN1jBWaTVasx7wXcsK0rCPfSYixt5-J1pUegQIbA/avatars/33cae65159aed142796b8e6067cea0b5.jpeg
2026-05-08 17:31:58 | 44s |   [UPLOAD] ↑ MS4wLjABAAAA2FYVN1jBWaTVasx7wXcsK0rCPfSYixt5-J1pUegQIbA/avatars/2b23df984d19eccb7666e34e0e1f2d3c.jpeg
2026-05-08 17:31:58 | 44s |   [UPLOAD] ↑ MS4wLjABAAAA2FYVN1jBWaTVasx7wXcsK0rCPfSYixt5-J1pUegQIbA/avatars/955252827cb34f1c5079ad339ec00674.jpeg
2026-05-08 17:31:58 | 44s |   [UPLOAD] ↑ MS4wLjABAAAA2FYVN1jBWaTVasx7wXcsK0rCPfSYixt5-J1pUegQIbA/avatars/c740c88dd51d06fe4b5ec814cca32751.jpeg
2026-05-08 17:31:58 | 44s |   [UPLOAD] ↑ MS4wLjABAAAA2FYVN1jBWaTVasx7wXcsK0rCPfSYixt5-J1pUegQIbA/avatars/b2f44ab30e2a6e1f2ffa70c53a0e78a4.jpeg
2026-05-08 17:31:58 | 44s |   [UPLOAD] ↑ MS4wLjABAAAA2FYVN1jBWaTVasx7wXcsK0rCPfSYixt5-J1pUegQIbA/images/d95deacbdaf2bdc9e345b35219ef1764.jpg
2026-05-08 17:31:58 | 44s |   [UPLOAD] ↑ MS4wLjABAAAA2FYVN1jBWaTVasx7wXcsK0rCPfSYixt5-J1pUegQIbA/images/ff5137d1b16e016f546a0d22c61cb525.png
2026-05-08 17:31:58 | 44s |   [UPLOAD] ↑ MS4wLjABAAAA2FYVN1jBWaTVasx7wXcsK0rCPfSYixt5-J1pUegQIbA/avatars/ef7e65b0db91ed6eaafa88397b885d8d.jpeg
2026-05-08 17:31:58 | 44s |   [UPLOAD] ↑ MS4wLjABAAAA2FYVN1jBWaTVasx7wXcsK0rCPfSYixt5-J1pUegQIbA/avatars/6066a69f7ecea179ece6f609a4bb31f8.jpeg
2026-05-08 17:31:58 | 44s |   [UPLOAD] ↑ MS4wLjABAAAA2FYVN1jBWaTVasx7wXcsK0rCPfSYixt5-J1pUegQIbA/avatars/a753c048586329d01fc461829c4ed8e5.jpeg
2026-05-08 17:31:58 | 44s |   [UPLOAD] ↑ MS4wLjABAAAA2FYVN1jBWaTVasx7wXcsK0rCPfSYixt5-J1pUegQIbA/avatars/b7cf472b4850f950f5d7fa58fe0be497.jpeg
2026-05-08 17:31:58 | 44s |   [UPLOAD] ↑ MS4wLjABAAAA2FYVN1jBWaTVasx7wXcsK0rCPfSYixt5-J1pUegQIbA/avatars/116123061467be50e1ce2d31880a0a7f.jpeg
2026-05-08 17:31:58 | 44s |   [UPLOAD] ↑ MS4wLjABAAAA2FYVN1jBWaTVasx7wXcsK0rCPfSYixt5-J1pUegQIbA/avatars/0ab231e10bc343771468270864659863.jpeg
2026-05-08 17:31:58 | 44s |   [UPLOAD] ↑ MS4wLjABAAAA2FYVN1jBWaTVasx7wXcsK0rCPfSYixt5-J1pUegQIbA/avatars/123858ac1026888db0486b7886580655.jpeg
2026-05-08 17:31:58 | 44s |   [UPLOAD] ↑ MS4wLjABAAAA2FYVN1jBWaTVasx7wXcsK0rCPfSYixt5-J1pUegQIbA/avatars/d550abe5982e6684e0a8b51fc5f88e96.jpeg
2026-05-08 17:31:58 | 44s |   [UPLOAD] ↑ MS4wLjABAAAA2FYVN1jBWaTVasx7wXcsK0rCPfSYixt5-J1pUegQIbA/avatars/83b1f7842cddb066d02b2806083ff41c.jpeg
2026-05-08 17:31:58 | 44s |   [UPLOAD] ↑ MS4wLjABAAAA2FYVN1jBWaTVasx7wXcsK0rCPfSYixt5-J1pUegQIbA/avatars/a8671afb85b5f888a982f323a497ca83.jpeg
2026-05-08 17:31:58 | 44s |   [UPLOAD] ↑ MS4wLjABAAAA2FYVN1jBWaTVasx7wXcsK0rCPfSYixt5-J1pUegQIbA/avatars/72ae6868cd48a50f144ac5564ce57770.jpeg
2026-05-08 17:31:58 | 44s |   [UPLOAD] ↑ MS4wLjABAAAA2FYVN1jBWaTVasx7wXcsK0rCPfSYixt5-J1pUegQIbA/avatars/fc62ccb8db5e3843fc36ac5f27be7ee4.jpeg
2026-05-08 17:31:58 | 44s |   [UPLOAD] ↑ MS4wLjABAAAA2FYVN1jBWaTVasx7wXcsK0rCPfSYixt5-J1pUegQIbA/avatars/a7e4de4be79d25d15c36e4d2c949c50a.jpeg
2026-05-08 17:31:58 | 44s |   [UPLOAD] ↑ MS4wLjABAAAA2FYVN1jBWaTVasx7wXcsK0rCPfSYixt5-J1pUegQIbA/avatars/8df3c607bf1a68c93d9d533993419cef.jpeg
2026-05-08 17:31:58 | 44s |   [UPLOAD] ↑ MS4wLjABAAAA2FYVN1jBWaTVasx7wXcsK0rCPfSYixt5-J1pUegQIbA/avatars/ecd91f6cbc4ce61bc938b8eec34ea7e1.jpeg
2026-05-08 17:31:58 | 44s |   [DB] 📝 待更新: 55 行
2026-05-08 17:31:58 | 44s |   [DB] ✅ commit 成功: 55 行已写入
2026-05-08 17:31:58 | 45s |   [DL] ⚠️  HTTP 403: https://p5-ex-gddgtc-sign.douyinpic.com/tos-cn-i-p14lwwcsbr/bd6e2809edac430686f0...
2026-05-08 17:31:58 | 45s |   [DL] ⚠️  HTTP 403: https://p26-sign.douyinpic.com/tos-cn-i-p14lwwcsbr/bd6e2809edac430686f01de210250...
2026-05-08 17:31:58 | 45s |   [DL] ❌ 下载失败，最后尝试的 URL: https://p26-sign.douyinpic.com/tos-cn-i-p14lwwcsbr/bd6e2809edac430686f01de210250cd4~tplv-p14lwwcsbr-7.jpeg?lk3s=7b078dd2&x-expires=1776934800&x-signature=p%2Bv%2Bj6Fggg8zWPl3wQ3A17jcSSY%3D&from=2064092626&se=false&sc=image&biz_tag=aweme_comment&l=20260422160926C47854014D9E4955E272
2026-05-08 17:31:58 | 45s |   [FAIL] 下载失败 | https://p26-sign.douyinpic.com/tos-cn-i-p14lwwcsbr/bd6e2809edac430686f01de210250cd4~tplv-p14lwwcsbr- | 原因=所有CDN均失败
2026-05-08 17:31:58 | 45s |   [FAIL] 下载失败 | comments.id=55094 api_type=comment_image | 表=comments | aweme=7476411176209976636 | 字段=image_list | 原因=下载失败
2026-05-08 17:32:00 | 47s |   [DL] ⚠️  HTTP 403: https://p5-ex-gddgtc-sign.douyinpic.com/obj/douyin-user-image-file/8c8844d242627...
2026-05-08 17:32:00 | 47s |   [DL] ❌ 下载失败，最后尝试的 URL: https://p5-ex-gddgtc-sign.douyinpic.com/obj/douyin-user-image-file/8c8844d242627c599d1e61a6c3f3f7a3?lk3s=7b078dd2&x-expires=1776938400&x-signature=3mPhXzM1XGYjiux88h2FMYLDAV0%3D&from=2064092626&s=sticker_comment&se=false&sc=sticker_heif&biz_tag=aweme_comment&l=20260422172351E72952BBBF2BB254ED0C
2026-05-08 17:32:00 | 47s |   [FAIL] 下载失败 | https://p5-ex-gddgtc-sign.douyinpic.com/obj/douyin-user-image-file/8c8844d242627c599d1e61a6c3f3f7a3? | 原因=所有CDN均失败
2026-05-08 17:32:00 | 47s |   [FAIL] 下载失败 | comments.id=85194 api_type=comment_sticker | 表=comments | aweme=7560954743410675002 | 字段=sticker | 原因=下载失败
2026-05-08 17:32:04 | 50s |   [UPLOAD] ↑ MS4wLjABAAAA2FYVN1jBWaTVasx7wXcsK0rCPfSYixt5-J1pUegQIbA/avatars/c5868572d8b709cd7d4e3a0f9e383f0b.jpeg
2026-05-08 17:32:04 | 50s |   [UPLOAD] ↑ MS4wLjABAAAA2FYVN1jBWaTVasx7wXcsK0rCPfSYixt5-J1pUegQIbA/avatars/c289be694fa091f5e7c6d7cd6432360d.jpeg
2026-05-08 17:32:04 | 50s |   [UPLOAD] ↑ MS4wLjABAAAA2FYVN1jBWaTVasx7wXcsK0rCPfSYixt5-J1pUegQIbA/avatars/995aa37704672187fc4c3fd63ee6837c.jpeg
2026-05-08 17:32:04 | 50s |   [UPLOAD] ↑ MS4wLjABAAAA2FYVN1jBWaTVasx7wXcsK0rCPfSYixt5-J1pUegQIbA/avatars/d593eaae0a32af0b7b369afccfad9a13.jpeg
2026-05-08 17:32:04 | 50s |   [UPLOAD] ↑ MS4wLjABAAAA2FYVN1jBWaTVasx7wXcsK0rCPfSYixt5-J1pUegQIbA/avatars/4318ee853ef9a26e0fadfe5b1e4a8e95.jpeg
2026-05-08 17:32:04 | 50s |   [UPLOAD] ↑ MS4wLjABAAAA2FYVN1jBWaTVasx7wXcsK0rCPfSYixt5-J1pUegQIbA/avatars/bed914663041becb6d9d6f8836021ffe.jpeg
2026-05-08 17:32:04 | 50s |   [UPLOAD] ↑ MS4wLjABAAAA2FYVN1jBWaTVasx7wXcsK0rCPfSYixt5-J1pUegQIbA/avatars/a27ed062d157d80dd2372d659738e79d.jpeg
2026-05-08 17:32:04 | 50s |   [UPLOAD] ↑ MS4wLjABAAAA2FYVN1jBWaTVasx7wXcsK0rCPfSYixt5-J1pUegQIbA/avatars/3a3becd29e0e6b6fb9b5fc7a328ffcb5.jpeg
2026-05-08 17:32:04 | 50s |   [UPLOAD] ↑ MS4wLjABAAAA2FYVN1jBWaTVasx7wXcsK0rCPfSYixt5-J1pUegQIbA/avatars/639b98457d9b1952b3dc60ac474b16c1.jpeg
2026-05-08 17:32:04 | 50s |   [UPLOAD] ↑ MS4wLjABAAAA2FYVN1jBWaTVasx7wXcsK0rCPfSYixt5-J1pUegQIbA/avatars/329242913a637a786a1f33e4aa9bc0bb.jpeg
2026-05-08 17:32:04 | 50s |   [UPLOAD] ↑ MS4wLjABAAAA2FYVN1jBWaTVasx7wXcsK0rCPfSYixt5-J1pUegQIbA/avatars/b1b792ea083a62ac2f81ab87279dc4f8.jpeg
2026-05-08 17:32:04 | 50s |   [UPLOAD] ↑ MS4wLjABAAAA2FYVN1jBWaTVasx7wXcsK0rCPfSYixt5-J1pUegQIbA/avatars/037621fce9dc56507ce16bad736191eb.jpeg
2026-05-08 17:32:04 | 50s |   [UPLOAD] ↑ MS4wLjABAAAA2FYVN1jBWaTVasx7wXcsK0rCPfSYixt5-J1pUegQIbA/avatars/caf90404b3809697ec7eae2e682b6bbd.jpeg
2026-05-08 17:32:04 | 50s |   [UPLOAD] ↑ MS4wLjABAAAA2FYVN1jBWaTVasx7wXcsK0rCPfSYixt5-J1pUegQIbA/avatars/e72878f97b5a823d55f7ad002e3a78b9.jpeg
2026-05-08 17:32:04 | 50s |   [UPLOAD] ↑ MS4wLjABAAAA2FYVN1jBWaTVasx7wXcsK0rCPfSYixt5-J1pUegQIbA/avatars/f3a7925b7b147484d9513e513ab9b689.jpeg
2026-05-08 17:32:04 | 50s |   [UPLOAD] ↑ MS4wLjABAAAA2FYVN1jBWaTVasx7wXcsK0rCPfSYixt5-J1pUegQIbA/images/29dd83a183d654f57b7e9874c703d611.jpg
2026-05-08 17:32:04 | 50s |   [UPLOAD] ↑ MS4wLjABAAAA2FYVN1jBWaTVasx7wXcsK0rCPfSYixt5-J1pUegQIbA/avatars/167bd42cc1f47fb8e1b5cd658bbeef5e.jpeg
2026-05-08 17:32:04 | 50s |   [UPLOAD] ↑ MS4wLjABAAAA2FYVN1jBWaTVasx7wXcsK0rCPfSYixt5-J1pUegQIbA/avatars/091bca36ab71ab5e5561b253a93ddf6f.jpeg
2026-05-08 17:32:04 | 50s |   [UPLOAD] ↑ MS4wLjABAAAA2FYVN1jBWaTVasx7wXcsK0rCPfSYixt5-J1pUegQIbA/avatars/c72afffa65422d4c2503da6255e8588d.jpeg
2026-05-08 17:32:04 | 50s |   [UPLOAD] ↑ MS4wLjABAAAA2FYVN1jBWaTVasx7wXcsK0rCPfSYixt5-J1pUegQIbA/avatars/9e5e80e147ec92b52dc558c12d049c83.jpeg
2026-05-08 17:32:04 | 50s |   [UPLOAD] ↑ MS4wLjABAAAA2FYVN1jBWaTVasx7wXcsK0rCPfSYixt5-J1pUegQIbA/avatars/e90ef6ea8a7406bbe517886a8e73ae40.jpeg
2026-05-08 17:32:04 | 50s |   [UPLOAD] ↑ MS4wLjABAAAA2FYVN1jBWaTVasx7wXcsK0rCPfSYixt5-J1pUegQIbA/avatars/601ceb9aff5aaaebddf54d982430ca15.jpeg
2026-05-08 17:32:04 | 50s |   [UPLOAD] ↑ MS4wLjABAAAA2FYVN1jBWaTVasx7wXcsK0rCPfSYixt5-J1pUegQIbA/avatars/39c408e66ddeaca8f9e38c0b9128d229.jpeg
2026-05-08 17:32:04 | 50s |   [UPLOAD] ↑ MS4wLjABAAAA2FYVN1jBWaTVasx7wXcsK0rCPfSYixt5-J1pUegQIbA/avatars/4c570cdfccb7dd86700eeff0345b0c4f.jpeg
2026-05-08 17:32:04 | 50s |   [UPLOAD] ↑ MS4wLjABAAAA2FYVN1jBWaTVasx7wXcsK0rCPfSYixt5-J1pUegQIbA/avatars/8bbb303c02f0e7386f347dec2a57a8dd.jpeg
2026-05-08 17:32:04 | 50s |   [UPLOAD] ↑ MS4wLjABAAAA2FYVN1jBWaTVasx7wXcsK0rCPfSYixt5-J1pUegQIbA/avatars/4eff74385189f8b958631038c156c9c3.jpeg
2026-05-08 17:32:04 | 50s |   [UPLOAD] ↑ MS4wLjABAAAA2FYVN1jBWaTVasx7wXcsK0rCPfSYixt5-J1pUegQIbA/avatars/e73bcb686c7028b989d79d40fe1a45d7.jpeg
2026-05-08 17:32:04 | 50s |   [UPLOAD] ↑ MS4wLjABAAAA2FYVN1jBWaTVasx7wXcsK0rCPfSYixt5-J1pUegQIbA/avatars/05990b2dfa65ec63da308c06f125846b.jpeg
2026-05-08 17:32:04 | 50s |   [UPLOAD] ↑ MS4wLjABAAAA2FYVN1jBWaTVasx7wXcsK0rCPfSYixt5-J1pUegQIbA/avatars/8d88d60de9d2fcbef2dad143bc4b0369.jpeg
2026-05-08 17:32:04 | 50s |   [UPLOAD] ↑ MS4wLjABAAAA2FYVN1jBWaTVasx7wXcsK0rCPfSYixt5-J1pUegQIbA/avatars/53e7ea5eb478350f0e6732c407ff4014.jpeg
2026-05-08 17:32:04 | 50s |   [UPLOAD] ↑ MS4wLjABAAAA2FYVN1jBWaTVasx7wXcsK0rCPfSYixt5-J1pUegQIbA/avatars/ad6097f48efdb3aa9b4b72cbb9f75777.jpeg
2026-05-08 17:32:04 | 50s |   [UPLOAD] ↑ MS4wLjABAAAA2FYVN1jBWaTVasx7wXcsK0rCPfSYixt5-J1pUegQIbA/avatars/e2612e160a830a474bf3512831bfe40b.jpeg
2026-05-08 17:32:04 | 50s |   [UPLOAD] ↑ MS4wLjABAAAA2FYVN1jBWaTVasx7wXcsK0rCPfSYixt5-J1pUegQIbA/avatars/4cc537a8df8f03a18832e1298d2f1486.jpeg
2026-05-08 17:32:04 | 50s |   [UPLOAD] ↑ MS4wLjABAAAA2FYVN1jBWaTVasx7wXcsK0rCPfSYixt5-J1pUegQIbA/avatars/de6074817bd30ed02efedbecf7f1e84d.jpeg
2026-05-08 17:32:04 | 50s |   [UPLOAD] ↑ MS4wLjABAAAA2FYVN1jBWaTVasx7wXcsK0rCPfSYixt5-J1pUegQIbA/avatars/81dedd1471bf1700d8d9c099f26a7cd6.jpeg
2026-05-08 17:32:04 | 50s |   [UPLOAD] ↑ MS4wLjABAAAA2FYVN1jBWaTVasx7wXcsK0rCPfSYixt5-J1pUegQIbA/avatars/dbd35a395821df7bd6fa61dbaa41683b.jpeg
2026-05-08 17:32:04 | 50s |   [UPLOAD] ↑ MS4wLjABAAAA2FYVN1jBWaTVasx7wXcsK0rCPfSYixt5-J1pUegQIbA/avatars/8372945560cfa06908f155db9563e6f7.jpeg
2026-05-08 17:32:04 | 50s |   [UPLOAD] ↑ MS4wLjABAAAA2FYVN1jBWaTVasx7wXcsK0rCPfSYixt5-J1pUegQIbA/avatars/52700ebc4254625854e75cd935b983a3.jpeg
2026-05-08 17:32:04 | 50s |   [UPLOAD] ↑ MS4wLjABAAAA2FYVN1jBWaTVasx7wXcsK0rCPfSYixt5-J1pUegQIbA/avatars/5df3ff21046617b3c1cc715aab44ffea.jpeg
2026-05-08 17:32:04 | 50s |   [UPLOAD] ↑ MS4wLjABAAAA2FYVN1jBWaTVasx7wXcsK0rCPfSYixt5-J1pUegQIbA/avatars/5cc500c74fa64e6f820ebc67b7594fa4.jpeg
2026-05-08 17:32:04 | 50s |   [UPLOAD] ↑ MS4wLjABAAAA2FYVN1jBWaTVasx7wXcsK0rCPfSYixt5-J1pUegQIbA/avatars/e3207d1190cc9110126e73298642381e.jpeg
2026-05-08 17:32:04 | 50s |   [UPLOAD] ↑ MS4wLjABAAAA2FYVN1jBWaTVasx7wXcsK0rCPfSYixt5-J1pUegQIbA/avatars/938974e8cc1adbc19701731cc1f8ca9e.jpeg
2026-05-08 17:32:04 | 50s |   [UPLOAD] ↑ MS4wLjABAAAA2FYVN1jBWaTVasx7wXcsK0rCPfSYixt5-J1pUegQIbA/avatars/9e9f7c5a9c456ab88fb1d60317d4e2e1.jpeg
2026-05-08 17:32:04 | 50s |   [UPLOAD] ↑ MS4wLjABAAAA2FYVN1jBWaTVasx7wXcsK0rCPfSYixt5-J1pUegQIbA/avatars/2473c8847d4dab5185dc701bc54bd226.jpeg
2026-05-08 17:32:04 | 50s |   [UPLOAD] ↑ MS4wLjABAAAA2FYVN1jBWaTVasx7wXcsK0rCPfSYixt5-J1pUegQIbA/avatars/abf4e5a34b40c07f1efd0a14001817bb.jpeg
2026-05-08 17:32:04 | 50s |   [UPLOAD] ↑ MS4wLjABAAAA2FYVN1jBWaTVasx7wXcsK0rCPfSYixt5-J1pUegQIbA/avatars/2ca4d613bea51ace765a67ac7fb62e9f.jpeg
2026-05-08 17:32:04 | 50s |   [UPLOAD] ↑ MS4wLjABAAAA2FYVN1jBWaTVasx7wXcsK0rCPfSYixt5-J1pUegQIbA/avatars/5ea05611e0425b7a8d64e967b8345e99.jpeg
2026-05-08 17:32:04 | 50s |   [UPLOAD] ↑ MS4wLjABAAAA2FYVN1jBWaTVasx7wXcsK0rCPfSYixt5-J1pUegQIbA/avatars/cf79a47b4ada19f1085feb28a666ea13.jpeg
2026-05-08 17:32:04 | 50s |   [UPLOAD] ↑ MS4wLjABAAAA2FYVN1jBWaTVasx7wXcsK0rCPfSYixt5-J1pUegQIbA/avatars/642218bc209105b1ac0fbbcecf14d18b.jpeg
2026-05-08 17:32:04 | 50s |   [UPLOAD] ↑ MS4wLjABAAAA2FYVN1jBWaTVasx7wXcsK0rCPfSYixt5-J1pUegQIbA/avatars/7e889c3aa8d0e4a75590c348c1a87813.jpeg
2026-05-08 17:32:04 | 50s |   [DB] 📝 待更新: 52 行
2026-05-08 17:32:04 | 50s |   [DB] ✅ commit 成功: 52 行已写入
2026-05-08 17:32:08 | 55s |   [DL] ⚠️  HTTP 403: https://p3-sign.douyinpic.com/tos-cn-i-p14lwwcsbr/76d17b1c6935419b88c5ecf2b492dc...
2026-05-08 17:32:10 | 56s |   [UPLOAD] ↑ MS4wLjABAAAA2FYVN1jBWaTVasx7wXcsK0rCPfSYixt5-J1pUegQIbA/avatars/c83eceeafc6b0f72ad95e2d2107bb0f1.jpeg
2026-05-08 17:32:10 | 56s |   [UPLOAD] ↑ MS4wLjABAAAA2FYVN1jBWaTVasx7wXcsK0rCPfSYixt5-J1pUegQIbA/avatars/1696b035930f31b8fa4263e8af6703b6.jpeg
2026-05-08 17:32:10 | 56s |   [UPLOAD] ↑ MS4wLjABAAAA2FYVN1jBWaTVasx7wXcsK0rCPfSYixt5-J1pUegQIbA/avatars/945fbcb8075743dda391b1352da7433a.jpeg
2026-05-08 17:32:10 | 56s |   [UPLOAD] ↑ MS4wLjABAAAA2FYVN1jBWaTVasx7wXcsK0rCPfSYixt5-J1pUegQIbA/avatars/4cebd464af99f3f490417aabc0b704c5.jpeg
2026-05-08 17:32:10 | 56s |   [UPLOAD] ↑ MS4wLjABAAAA2FYVN1jBWaTVasx7wXcsK0rCPfSYixt5-J1pUegQIbA/avatars/c75e86a957dc2963c6ab473c3c197941.jpeg
2026-05-08 17:32:10 | 56s |   [UPLOAD] ↑ MS4wLjABAAAA2FYVN1jBWaTVasx7wXcsK0rCPfSYixt5-J1pUegQIbA/avatars/008e45c2defa7bed57749cac813ce447.jpeg
2026-05-08 17:32:10 | 56s |   [UPLOAD] ↑ MS4wLjABAAAA2FYVN1jBWaTVasx7wXcsK0rCPfSYixt5-J1pUegQIbA/avatars/14f100b2c5f6020618f07f93580e84d6.jpeg
2026-05-08 17:32:10 | 56s |   [UPLOAD] ↑ MS4wLjABAAAA2FYVN1jBWaTVasx7wXcsK0rCPfSYixt5-J1pUegQIbA/avatars/17472ad392a0a0650899e1c79a048be1.jpeg
2026-05-08 17:32:10 | 56s |   [UPLOAD] ↑ MS4wLjABAAAA2FYVN1jBWaTVasx7wXcsK0rCPfSYixt5-J1pUegQIbA/avatars/8d93c0b656dcb1b8ca44a77585d66357.jpeg
2026-05-08 17:32:10 | 56s |   [UPLOAD] ↑ MS4wLjABAAAA2FYVN1jBWaTVasx7wXcsK0rCPfSYixt5-J1pUegQIbA/avatars/45d06108aa829217d4c2c6366c5ca91e.jpeg
2026-05-08 17:32:10 | 56s |   [UPLOAD] ↑ MS4wLjABAAAA2FYVN1jBWaTVasx7wXcsK0rCPfSYixt5-J1pUegQIbA/avatars/58aab77724d9badd8a261c889c3cc7b1.jpeg
2026-05-08 17:32:10 | 56s |   [UPLOAD] ↑ MS4wLjABAAAA2FYVN1jBWaTVasx7wXcsK0rCPfSYixt5-J1pUegQIbA/avatars/19daadc975f464a736f4a82edee9a225.jpeg
2026-05-08 17:32:10 | 56s |   [UPLOAD] ↑ MS4wLjABAAAA2FYVN1jBWaTVasx7wXcsK0rCPfSYixt5-J1pUegQIbA/avatars/19a404044eb9eaa23ee3785c1448fd35.jpeg
2026-05-08 17:32:10 | 56s |   [UPLOAD] ↑ MS4wLjABAAAA2FYVN1jBWaTVasx7wXcsK0rCPfSYixt5-J1pUegQIbA/avatars/4690b62cc648a3e2ec8d72b417232a50.jpeg
2026-05-08 17:32:10 | 56s |   [UPLOAD] ↑ MS4wLjABAAAA2FYVN1jBWaTVasx7wXcsK0rCPfSYixt5-J1pUegQIbA/avatars/3e8f6d67ba1e5fdc5606cf3b31cd8202.jpeg
2026-05-08 17:32:10 | 56s |   [UPLOAD] ↑ MS4wLjABAAAA2FYVN1jBWaTVasx7wXcsK0rCPfSYixt5-J1pUegQIbA/avatars/91b0d3edc06da71ddc0172771c2002f6.jpeg
2026-05-08 17:32:10 | 56s |   [UPLOAD] ↑ MS4wLjABAAAA2FYVN1jBWaTVasx7wXcsK0rCPfSYixt5-J1pUegQIbA/avatars/cfa0a01c2e6b945254ce8e61662afc5d.jpeg
2026-05-08 17:32:10 | 56s |   [UPLOAD] ↑ MS4wLjABAAAA2FYVN1jBWaTVasx7wXcsK0rCPfSYixt5-J1pUegQIbA/avatars/22e8c63c7ddfa064c5ba9beb7911ab0b.jpeg
2026-05-08 17:32:10 | 56s |   [UPLOAD] ↑ MS4wLjABAAAA2FYVN1jBWaTVasx7wXcsK0rCPfSYixt5-J1pUegQIbA/avatars/7279882ec22feb09db914b42fccac840.jpeg
2026-05-08 17:32:10 | 56s |   [UPLOAD] ↑ MS4wLjABAAAA2FYVN1jBWaTVasx7wXcsK0rCPfSYixt5-J1pUegQIbA/avatars/aee24fab073f963d888811d23b755c26.jpeg
2026-05-08 17:32:10 | 56s |   [UPLOAD] ↑ MS4wLjABAAAA2FYVN1jBWaTVasx7wXcsK0rCPfSYixt5-J1pUegQIbA/avatars/b9e229ea8f2c31b6a9580ac4b84e36e4.jpeg
2026-05-08 17:32:10 | 56s |   [UPLOAD] ↑ MS4wLjABAAAA2FYVN1jBWaTVasx7wXcsK0rCPfSYixt5-J1pUegQIbA/avatars/c96e9009495e4905fd519fa41c761255.jpeg
2026-05-08 17:32:10 | 56s |   [UPLOAD] ↑ MS4wLjABAAAA2FYVN1jBWaTVasx7wXcsK0rCPfSYixt5-J1pUegQIbA/avatars/2094270b969f11dd0078818ccb5f596a.jpeg
2026-05-08 17:32:10 | 56s |   [UPLOAD] ↑ MS4wLjABAAAA2FYVN1jBWaTVasx7wXcsK0rCPfSYixt5-J1pUegQIbA/avatars/11ec9096996549d5b4c5cd20050d7126.jpeg
2026-05-08 17:32:10 | 56s |   [UPLOAD] ↑ MS4wLjABAAAA2FYVN1jBWaTVasx7wXcsK0rCPfSYixt5-J1pUegQIbA/avatars/abd9893d408f24d8a242e70dd964acd6.jpeg
2026-05-08 17:32:10 | 56s |   [UPLOAD] ↑ MS4wLjABAAAA2FYVN1jBWaTVasx7wXcsK0rCPfSYixt5-J1pUegQIbA/avatars/7f490c1429ce93f550d01501d16f9289.jpeg
2026-05-08 17:32:10 | 56s |   [UPLOAD] ↑ MS4wLjABAAAA2FYVN1jBWaTVasx7wXcsK0rCPfSYixt5-J1pUegQIbA/avatars/fcfdc2c97d385445a2355efe5a00de32.jpeg
2026-05-08 17:32:10 | 56s |   [UPLOAD] ↑ MS4wLjABAAAA2FYVN1jBWaTVasx7wXcsK0rCPfSYixt5-J1pUegQIbA/avatars/d0d74c1a77b9da03ebfacae3d2889d03.jpeg
2026-05-08 17:32:10 | 56s |   [UPLOAD] ↑ MS4wLjABAAAA2FYVN1jBWaTVasx7wXcsK0rCPfSYixt5-J1pUegQIbA/avatars/6436a1a7cb4d35fa1f8fda7c8ef76524.jpeg
2026-05-08 17:32:10 | 56s |   [UPLOAD] ↑ MS4wLjABAAAA2FYVN1jBWaTVasx7wXcsK0rCPfSYixt5-J1pUegQIbA/avatars/4e88ac091ab8dc7d8c2394ac547748c1.jpeg
2026-05-08 17:32:10 | 56s |   [UPLOAD] ↑ MS4wLjABAAAA2FYVN1jBWaTVasx7wXcsK0rCPfSYixt5-J1pUegQIbA/avatars/69541992a0f50bdf230eac6ca39ae2bc.jpeg
2026-05-08 17:32:10 | 56s |   [UPLOAD] ↑ MS4wLjABAAAA2FYVN1jBWaTVasx7wXcsK0rCPfSYixt5-J1pUegQIbA/avatars/4b02c5e76e0bc44d168542f1cea661b3.jpeg
2026-05-08 17:32:10 | 56s |   [UPLOAD] ↑ MS4wLjABAAAA2FYVN1jBWaTVasx7wXcsK0rCPfSYixt5-J1pUegQIbA/avatars/9b12ca780a153f44c8318c5935c17612.jpeg
2026-05-08 17:32:10 | 56s |   [UPLOAD] ↑ MS4wLjABAAAA2FYVN1jBWaTVasx7wXcsK0rCPfSYixt5-J1pUegQIbA/avatars/50fe6337f0c720f59c74aa9e58a8d9af.jpeg
2026-05-08 17:32:10 | 56s |   [UPLOAD] ↑ MS4wLjABAAAA2FYVN1jBWaTVasx7wXcsK0rCPfSYixt5-J1pUegQIbA/stickers/968fb3a06f432429e4114f7eea98ebdf.jpg
2026-05-08 17:32:10 | 56s |   [UPLOAD] ↑ MS4wLjABAAAA2FYVN1jBWaTVasx7wXcsK0rCPfSYixt5-J1pUegQIbA/avatars/69328bc328a7d076adf128b6a6fcc822.jpeg
2026-05-08 17:32:10 | 56s |   [UPLOAD] ↑ MS4wLjABAAAA2FYVN1jBWaTVasx7wXcsK0rCPfSYixt5-J1pUegQIbA/avatars/b12bc8f71a8067a41dfd0cb0374318fe.jpeg
2026-05-08 17:32:10 | 56s |   [UPLOAD] ↑ MS4wLjABAAAA2FYVN1jBWaTVasx7wXcsK0rCPfSYixt5-J1pUegQIbA/avatars/39b4edda5b89240e049eed247281a502.jpeg
2026-05-08 17:32:10 | 56s |   [UPLOAD] ↑ MS4wLjABAAAA2FYVN1jBWaTVasx7wXcsK0rCPfSYixt5-J1pUegQIbA/avatars/aa46277d64074bbfa10d717672fe8405.jpeg
2026-05-08 17:32:10 | 56s |   [UPLOAD] ↑ MS4wLjABAAAA2FYVN1jBWaTVasx7wXcsK0rCPfSYixt5-J1pUegQIbA/avatars/1a8ce6ac3b4ef706ed583243eb186ff3.jpeg
2026-05-08 17:32:10 | 56s |   [UPLOAD] ↑ MS4wLjABAAAA2FYVN1jBWaTVasx7wXcsK0rCPfSYixt5-J1pUegQIbA/avatars/36599b05a9df659cd135ff06e12cc644.jpeg
2026-05-08 17:32:10 | 56s |   [UPLOAD] ↑ MS4wLjABAAAA2FYVN1jBWaTVasx7wXcsK0rCPfSYixt5-J1pUegQIbA/avatars/34d68d14b47442fe3f4a28242930e1d7.jpeg
2026-05-08 17:32:10 | 56s |   [UPLOAD] ↑ MS4wLjABAAAA2FYVN1jBWaTVasx7wXcsK0rCPfSYixt5-J1pUegQIbA/avatars/3d5073d957a61904eb10768c7fff91d9.jpeg
2026-05-08 17:32:10 | 56s |   [UPLOAD] ↑ MS4wLjABAAAA2FYVN1jBWaTVasx7wXcsK0rCPfSYixt5-J1pUegQIbA/avatars/cd5b2f2961b8da6c12e9914cce4a4aee.jpeg
2026-05-08 17:32:10 | 56s |   [UPLOAD] ↑ MS4wLjABAAAA2FYVN1jBWaTVasx7wXcsK0rCPfSYixt5-J1pUegQIbA/avatars/b269ef97defdea7f7cc8c183a60a2169.jpeg
2026-05-08 17:32:10 | 56s |   [UPLOAD] ↑ MS4wLjABAAAA2FYVN1jBWaTVasx7wXcsK0rCPfSYixt5-J1pUegQIbA/avatars/877896dfdc225650d4456a1544e3136d.jpeg
2026-05-08 17:32:10 | 56s |   [UPLOAD] ↑ MS4wLjABAAAA2FYVN1jBWaTVasx7wXcsK0rCPfSYixt5-J1pUegQIbA/avatars/0131c7ba27c327062c3b88c87acac922.jpeg
2026-05-08 17:32:10 | 56s |   [UPLOAD] ↑ MS4wLjABAAAA2FYVN1jBWaTVasx7wXcsK0rCPfSYixt5-J1pUegQIbA/avatars/085098ddeed3ac6c3e76480d36560f8c.jpeg
2026-05-08 17:32:10 | 56s |   [UPLOAD] ↑ MS4wLjABAAAA2FYVN1jBWaTVasx7wXcsK0rCPfSYixt5-J1pUegQIbA/avatars/e7ee97c8986b14fcc35875b083353bd0.jpeg
2026-05-08 17:32:10 | 56s |   [UPLOAD] ↑ MS4wLjABAAAA2FYVN1jBWaTVasx7wXcsK0rCPfSYixt5-J1pUegQIbA/avatars/44ba4826c4fa62f7524ce6877ea2ae84.jpeg
2026-05-08 17:32:10 | 56s |   [DB] 📝 待更新: 55 行
2026-05-08 17:32:10 | 56s |   [DB] ✅ commit 成功: 55 行已写入
2026-05-08 17:32:10 | 57s |   [DL] ⚠️  HTTP 403: https://p26-sign.douyinpic.com/tos-cn-i-p14lwwcsbr/76d17b1c6935419b88c5ecf2b492d...
2026-05-08 17:32:11 | 57s |   [DL] ⚠️  HTTP 403: https://p11-sign.douyinpic.com/tos-cn-i-p14lwwcsbr/76d17b1c6935419b88c5ecf2b492d...
2026-05-08 17:32:11 | 57s |   [DL] ⚠️  HTTP 403: https://p3-sign.douyinpic.com/tos-cn-i-p14lwwcsbr/76d17b1c6935419b88c5ecf2b492dc...
2026-05-08 17:32:11 | 57s |   [DL] ❌ 下载失败，最后尝试的 URL: https://p3-sign.douyinpic.com/tos-cn-i-p14lwwcsbr/76d17b1c6935419b88c5ecf2b492dc71~tplv-p14lwwcsbr-7.jpeg?lk3s=7b078dd2&x-expires=1776931200&x-signature=NWZGJ6ZKNFu0oyaJ6zURxW6uW0Y%3D&from=2064092626&se=false&sc=image&biz_tag=aweme_comment&l=2026042215463186EC7CAE905A3B6CC9BC
2026-05-08 17:32:11 | 57s |   [FAIL] 下载失败 | https://p3-sign.douyinpic.com/tos-cn-i-p14lwwcsbr/76d17b1c6935419b88c5ecf2b492dc71~tplv-p14lwwcsbr-7 | 原因=所有CDN均失败
2026-05-08 17:32:11 | 57s |   [FAIL] 下载失败 | comments.id=36794 api_type=comment_image | 表=comments | aweme=7429276471669083451 | 字段=image_list | 原因=下载失败
2026-05-08 17:32:17 | 1m03s |   [UPLOAD] ↑ MS4wLjABAAAA2FYVN1jBWaTVasx7wXcsK0rCPfSYixt5-J1pUegQIbA/stickers/d39b1bfbd365bb8fe40461f4d7497596.gif
2026-05-08 17:32:17 | 1m03s |   [UPLOAD] ↑ MS4wLjABAAAA2FYVN1jBWaTVasx7wXcsK0rCPfSYixt5-J1pUegQIbA/avatars/6c22087d4fbc2248a6a107329da73ec8.jpeg
2026-05-08 17:32:17 | 1m03s |   [UPLOAD] ↑ MS4wLjABAAAA2FYVN1jBWaTVasx7wXcsK0rCPfSYixt5-J1pUegQIbA/avatars/0e384aa84b59b1a9c2a27513d9b191c8.jpeg
2026-05-08 17:32:17 | 1m03s |   [UPLOAD] ↑ MS4wLjABAAAA2FYVN1jBWaTVasx7wXcsK0rCPfSYixt5-J1pUegQIbA/avatars/2d95ccb37b422b61b534551ea2b2677f.jpeg
2026-05-08 17:32:17 | 1m03s |   [UPLOAD] ↑ MS4wLjABAAAA2FYVN1jBWaTVasx7wXcsK0rCPfSYixt5-J1pUegQIbA/avatars/59b7e29e3c43eb02763d3d01f67845cc.jpeg
2026-05-08 17:32:17 | 1m03s |   [UPLOAD] ↑ MS4wLjABAAAA2FYVN1jBWaTVasx7wXcsK0rCPfSYixt5-J1pUegQIbA/avatars/ea55d681738ebd5f134b5ff172c45cbd.jpeg
2026-05-08 17:32:17 | 1m03s |   [UPLOAD] ↑ MS4wLjABAAAA2FYVN1jBWaTVasx7wXcsK0rCPfSYixt5-J1pUegQIbA/avatars/b1f696dc1f5b7f6905f37a1f80c87f68.jpeg
2026-05-08 17:32:17 | 1m03s |   [UPLOAD] ↑ MS4wLjABAAAA2FYVN1jBWaTVasx7wXcsK0rCPfSYixt5-J1pUegQIbA/avatars/38c7a24e38c4361d8df2b95b807a8697.jpeg
2026-05-08 17:32:17 | 1m03s |   [UPLOAD] ↑ MS4wLjABAAAA2FYVN1jBWaTVasx7wXcsK0rCPfSYixt5-J1pUegQIbA/avatars/9a6bf3cd724f0bdd5b968f4bb2f5c13f.jpeg
2026-05-08 17:32:17 | 1m03s |   [UPLOAD] ↑ MS4wLjABAAAA2FYVN1jBWaTVasx7wXcsK0rCPfSYixt5-J1pUegQIbA/avatars/326d1d0c67ab7a88bf315bd8e91035e1.jpeg
2026-05-08 17:32:17 | 1m03s |   [UPLOAD] ↑ MS4wLjABAAAA2FYVN1jBWaTVasx7wXcsK0rCPfSYixt5-J1pUegQIbA/avatars/8b0283292146a27ec926ac6c49eb0cf4.jpeg
2026-05-08 17:32:17 | 1m03s |   [UPLOAD] ↑ MS4wLjABAAAA2FYVN1jBWaTVasx7wXcsK0rCPfSYixt5-J1pUegQIbA/avatars/3d8f99ee762ef78ba5a70a0f305a1373.jpeg
2026-05-08 17:32:17 | 1m03s |   [UPLOAD] ↑ MS4wLjABAAAA2FYVN1jBWaTVasx7wXcsK0rCPfSYixt5-J1pUegQIbA/images/bb9f53e58d7c9e0e90410307d1fe9ec3.jpg
2026-05-08 17:32:17 | 1m03s |   [UPLOAD] ↑ MS4wLjABAAAA2FYVN1jBWaTVasx7wXcsK0rCPfSYixt5-J1pUegQIbA/images/8e7bb91c1d7de951ee038fced1ba6d8a.jpg
2026-05-08 17:32:17 | 1m03s |   [UPLOAD] ↑ MS4wLjABAAAA2FYVN1jBWaTVasx7wXcsK0rCPfSYixt5-J1pUegQIbA/avatars/6733740b6c13d522e6ce4607a67ec2bb.jpeg
2026-05-08 17:32:17 | 1m03s |   [UPLOAD] ↑ MS4wLjABAAAA2FYVN1jBWaTVasx7wXcsK0rCPfSYixt5-J1pUegQIbA/avatars/0847bf0ff630c939d91d4c5b119ca0f5.jpeg
2026-05-08 17:32:17 | 1m03s |   [UPLOAD] ↑ MS4wLjABAAAA2FYVN1jBWaTVasx7wXcsK0rCPfSYixt5-J1pUegQIbA/avatars/9b57ab6bc9f481b0172735e8cbfd1f66.jpeg
2026-05-08 17:32:17 | 1m03s |   [UPLOAD] ↑ MS4wLjABAAAA2FYVN1jBWaTVasx7wXcsK0rCPfSYixt5-J1pUegQIbA/thumbs/c35a1b5ad5e9d0ed2087c2febf9023f0.jpeg
2026-05-08 17:32:17 | 1m03s |   [UPLOAD] ↑ MS4wLjABAAAA2FYVN1jBWaTVasx7wXcsK0rCPfSYixt5-J1pUegQIbA/avatars/ba5311f7396fbf442393c8a9e9194527.jpeg
2026-05-08 17:32:17 | 1m03s |   [UPLOAD] ↑ MS4wLjABAAAA2FYVN1jBWaTVasx7wXcsK0rCPfSYixt5-J1pUegQIbA/avatars/a9f1b01315f041ac02161e35e9a1dcc1.jpeg
2026-05-08 17:32:17 | 1m03s |   [UPLOAD] ↑ MS4wLjABAAAA2FYVN1jBWaTVasx7wXcsK0rCPfSYixt5-J1pUegQIbA/avatars/5557c91462b09fb2b8af22569a3b6ea3.jpeg
2026-05-08 17:32:17 | 1m03s |   [UPLOAD] ↑ MS4wLjABAAAA2FYVN1jBWaTVasx7wXcsK0rCPfSYixt5-J1pUegQIbA/avatars/e5e6eb9d73a5d89f9b437305ad58c249.jpeg
2026-05-08 17:32:17 | 1m03s |   [UPLOAD] ↑ MS4wLjABAAAA2FYVN1jBWaTVasx7wXcsK0rCPfSYixt5-J1pUegQIbA/avatars/5abf027c4491383fd4074ed5b76bcc19.jpeg
2026-05-08 17:32:17 | 1m03s |   [UPLOAD] ↑ MS4wLjABAAAA2FYVN1jBWaTVasx7wXcsK0rCPfSYixt5-J1pUegQIbA/avatars/df02522f6c99745bdd5e0f9dd988aeeb.jpeg
2026-05-08 17:32:17 | 1m03s |   [UPLOAD] ↑ MS4wLjABAAAA2FYVN1jBWaTVasx7wXcsK0rCPfSYixt5-J1pUegQIbA/avatars/7d51eb8a212f04c67c2c031166672656.jpeg
2026-05-08 17:32:17 | 1m03s |   [UPLOAD] ↑ MS4wLjABAAAA2FYVN1jBWaTVasx7wXcsK0rCPfSYixt5-J1pUegQIbA/avatars/ed2ef615e17202c302fe689e5555cd49.jpeg
2026-05-08 17:32:17 | 1m03s |   [UPLOAD] ↑ MS4wLjABAAAA2FYVN1jBWaTVasx7wXcsK0rCPfSYixt5-J1pUegQIbA/avatars/1ed8a4ae55a8d688d661b38b440dde2e.jpeg
2026-05-08 17:32:17 | 1m03s |   [UPLOAD] ↑ MS4wLjABAAAA2FYVN1jBWaTVasx7wXcsK0rCPfSYixt5-J1pUegQIbA/avatars/14a5be600db0829b2b203b3254f6c58e.jpeg
2026-05-08 17:32:17 | 1m03s |   [UPLOAD] ↑ MS4wLjABAAAA2FYVN1jBWaTVasx7wXcsK0rCPfSYixt5-J1pUegQIbA/avatars/7c9786f324bbbde3e318dad739d7d209.jpeg
2026-05-08 17:32:17 | 1m03s |   [UPLOAD] ↑ MS4wLjABAAAA2FYVN1jBWaTVasx7wXcsK0rCPfSYixt5-J1pUegQIbA/avatars/43a8b5c31f3daece796e4d5357f9da5c.jpeg
2026-05-08 17:32:17 | 1m03s |   [UPLOAD] ↑ MS4wLjABAAAA2FYVN1jBWaTVasx7wXcsK0rCPfSYixt5-J1pUegQIbA/avatars/7964a4616123153e233eb76532d3af03.jpeg
2026-05-08 17:32:17 | 1m03s |   [UPLOAD] ↑ MS4wLjABAAAA2FYVN1jBWaTVasx7wXcsK0rCPfSYixt5-J1pUegQIbA/avatars/f9a529e3bbae5ff79a9a9c82831df9f5.jpeg
2026-05-08 17:32:17 | 1m03s |   [UPLOAD] ↑ MS4wLjABAAAA2FYVN1jBWaTVasx7wXcsK0rCPfSYixt5-J1pUegQIbA/avatars/b07ecc677ff18fba70eff6d71538c67c.jpeg
2026-05-08 17:32:17 | 1m03s |   [UPLOAD] ↑ MS4wLjABAAAA2FYVN1jBWaTVasx7wXcsK0rCPfSYixt5-J1pUegQIbA/avatars/87f6774f5bcc6951632221b2cab6d49a.jpeg
2026-05-08 17:32:17 | 1m03s |   [UPLOAD] ↑ MS4wLjABAAAA2FYVN1jBWaTVasx7wXcsK0rCPfSYixt5-J1pUegQIbA/avatars/925410d38bf27cc91d1c61c9d4702f25.jpeg
2026-05-08 17:32:17 | 1m03s |   [UPLOAD] ↑ MS4wLjABAAAA2FYVN1jBWaTVasx7wXcsK0rCPfSYixt5-J1pUegQIbA/avatars/ad40a3dcdbfccd696516c00422570930.jpeg
2026-05-08 17:32:17 | 1m03s |   [UPLOAD] ↑ MS4wLjABAAAA2FYVN1jBWaTVasx7wXcsK0rCPfSYixt5-J1pUegQIbA/avatars/7df50d6796945f7e5ad183e146a12be4.jpeg
2026-05-08 17:32:17 | 1m03s |   [UPLOAD] ↑ MS4wLjABAAAA2FYVN1jBWaTVasx7wXcsK0rCPfSYixt5-J1pUegQIbA/avatars/51121ccae9c2d23af136d27fa3bf677e.jpeg
2026-05-08 17:32:17 | 1m03s |   [UPLOAD] ↑ MS4wLjABAAAA2FYVN1jBWaTVasx7wXcsK0rCPfSYixt5-J1pUegQIbA/avatars/9cc6bd8595dd09b1a3e189b8e003eadf.jpeg
2026-05-08 17:32:17 | 1m03s |   [UPLOAD] ↑ MS4wLjABAAAA2FYVN1jBWaTVasx7wXcsK0rCPfSYixt5-J1pUegQIbA/avatars/7136c4379a8095318dc74485a15a74c1.jpeg
2026-05-08 17:32:17 | 1m03s |   [UPLOAD] ↑ MS4wLjABAAAA2FYVN1jBWaTVasx7wXcsK0rCPfSYixt5-J1pUegQIbA/avatars/760785b539b18cdde41af81b84931abc.jpeg
2026-05-08 17:32:17 | 1m03s |   [UPLOAD] ↑ MS4wLjABAAAA2FYVN1jBWaTVasx7wXcsK0rCPfSYixt5-J1pUegQIbA/avatars/325ff4cd0e243a8c3d03d017f4961d86.jpeg
2026-05-08 17:32:17 | 1m03s |   [UPLOAD] ↑ MS4wLjABAAAA2FYVN1jBWaTVasx7wXcsK0rCPfSYixt5-J1pUegQIbA/avatars/d051701701171c5c2c4b08cc08dbec60.jpeg
2026-05-08 17:32:17 | 1m03s |   [UPLOAD] ↑ MS4wLjABAAAA2FYVN1jBWaTVasx7wXcsK0rCPfSYixt5-J1pUegQIbA/avatars/e10b7b775afc4738fc137de1e6bdbb7c.jpeg
2026-05-08 17:32:17 | 1m03s |   [UPLOAD] ↑ MS4wLjABAAAA2FYVN1jBWaTVasx7wXcsK0rCPfSYixt5-J1pUegQIbA/avatars/b62b176ef2cff85438f973328137ed00.jpeg
2026-05-08 17:32:17 | 1m03s |   [UPLOAD] ↑ MS4wLjABAAAA2FYVN1jBWaTVasx7wXcsK0rCPfSYixt5-J1pUegQIbA/avatars/e3a71657d68c4a4933bcb993985bddbb.jpeg
2026-05-08 17:32:17 | 1m03s |   [UPLOAD] ↑ MS4wLjABAAAA2FYVN1jBWaTVasx7wXcsK0rCPfSYixt5-J1pUegQIbA/avatars/a2b5c083a4df8559ac10530cbec5847a.jpeg
2026-05-08 17:32:17 | 1m03s |   [UPLOAD] ↑ MS4wLjABAAAA2FYVN1jBWaTVasx7wXcsK0rCPfSYixt5-J1pUegQIbA/avatars/99f3ca5d1ce1e3a6b5d923d920224b7e.jpeg
2026-05-08 17:32:17 | 1m03s |   [UPLOAD] ↑ MS4wLjABAAAA2FYVN1jBWaTVasx7wXcsK0rCPfSYixt5-J1pUegQIbA/avatars/0881d919f9c585728b23c1843d9c6b2c.jpeg
2026-05-08 17:32:17 | 1m03s |   [UPLOAD] ↑ MS4wLjABAAAA2FYVN1jBWaTVasx7wXcsK0rCPfSYixt5-J1pUegQIbA/avatars/6485950301401b3faa7621987e39fee0.jpeg
2026-05-08 17:32:17 | 1m03s |   [DB] 📝 待更新: 54 行
2026-05-08 17:32:17 | 1m03s |   [DB] ✅ commit 成功: 54 行已写入
2026-05-08 17:32:19 | 1m05s |   [DL] ⚠️  网络错误 (ConnectTimeout): https://p11-sign.douyinpic.com/tos-cn-i-p14lwwcsbr/e2a2935810aa4b8b87c5d164afb79...
2026-05-08 17:32:22 | 1m09s |   [UPLOAD] ↑ MS4wLjABAAAA2FYVN1jBWaTVasx7wXcsK0rCPfSYixt5-J1pUegQIbA/avatars/3dc63ed050b2e090cd3f634f5160eb4c.jpeg
2026-05-08 17:32:22 | 1m09s |   [UPLOAD] ↑ MS4wLjABAAAA2FYVN1jBWaTVasx7wXcsK0rCPfSYixt5-J1pUegQIbA/avatars/3d880beae4f007c6eedfaf982ebfcb93.jpeg
2026-05-08 17:32:22 | 1m09s |   [UPLOAD] ↑ MS4wLjABAAAA2FYVN1jBWaTVasx7wXcsK0rCPfSYixt5-J1pUegQIbA/avatars/efff49d3b1ca3a82eb6c0571613d0d6c.jpeg
2026-05-08 17:32:22 | 1m09s |   [UPLOAD] ↑ MS4wLjABAAAA2FYVN1jBWaTVasx7wXcsK0rCPfSYixt5-J1pUegQIbA/avatars/f213367d9b724bc6e73838724f16a6df.jpeg
2026-05-08 17:32:22 | 1m09s |   [DB] 📝 待更新: 4 行
2026-05-08 17:32:22 | 1m09s |   [DB] ✅ commit 成功: 4 行已写入
2026-05-08 17:32:30 | 1m16s |   [DL] ⚠️  网络错误 (ConnectTimeout): https://p11-sign.douyinpic.com/obj/tos-cn-o-0812/o8F7UAAi0AA9Q0l4B7iiQaBlZnAY6vA...
2026-05-08 17:32:36 | 1m23s |   [UPLOAD] ↑ MS4wLjABAAAA2FYVN1jBWaTVasx7wXcsK0rCPfSYixt5-J1pUegQIbA/stickers/73ef94d84997fa996c17f6389e8ba240.webp
2026-05-08 17:32:36 | 1m23s |   [DB] 📝 待更新: 1 行
2026-05-08 17:32:36 | 1m23s |   [DB] ✅ commit 成功: 1 行已写入
2026-05-08 17:32:50 | 1m36s |   [DL] ⚠️  网络错误 (ConnectTimeout): https://p11-sign.douyinpic.com/tos-cn-i-p14lwwcsbr/e2a2935810aa4b8b87c5d164afb79...
2026-05-08 17:32:52 | 1m38s |   [DL] ⚠️  HTTP 403: https://p11-sign.douyinpic.com/tos-cn-i-p14lwwcsbr/e2a2935810aa4b8b87c5d164afb79...
2026-05-08 17:32:52 | 1m39s |   [DL] ⚠️  HTTP 403: https://p3-sign.douyinpic.com/tos-cn-i-p14lwwcsbr/e2a2935810aa4b8b87c5d164afb794...
2026-05-08 17:32:52 | 1m39s |   [DL] ❌ 下载失败，最后尝试的 URL: https://p3-sign.douyinpic.com/tos-cn-i-p14lwwcsbr/e2a2935810aa4b8b87c5d164afb7945e~tplv-p14lwwcsbr-7.jpeg?lk3s=7b078dd2&x-expires=1776938400&x-signature=sJh8%2BJ1%2Bwp2D6rGewepcZnCJYjA%3D&from=2064092626&se=false&sc=image&biz_tag=aweme_comment&l=20260422172339C383647A97FC9F534DAE
2026-05-08 17:32:52 | 1m39s |   [FAIL] 下载失败 | https://p3-sign.douyinpic.com/tos-cn-i-p14lwwcsbr/e2a2935810aa4b8b87c5d164afb7945e~tplv-p14lwwcsbr-7 | 原因=所有CDN均失败
2026-05-08 17:32:52 | 1m39s |   [FAIL] 下载失败 | comments.id=85119 api_type=comment_image | 表=comments | aweme=7560954743410675002 | 字段=image_list | 原因=下载失败
2026-05-08 17:32:52 | 1m39s |   [BATCH] ✅ 批次完成，已提交 563/563 个 URL，耗时 96.4s
2026-05-08 17:32:52 | 1m39s | 
  [OK] 作者完成: 上传 555，更新 613 行，HEIC 转换 0，失败 8
2026-05-08 17:32:52 | 1m39s | 
──────────────────────────────────────────────────────────────────────
2026-05-08 17:32:52 | 1m39s |   [SCAN] 📁 作者: MS4wLjABAAAAWKIRK91nF8hLjuza0KVRL50-lcfN...
2026-05-08 17:32:52 | 1m39s |   [SCAN] 📄 数据库: /home/runner/work/DouyinComment/DouyinComment/scripts/../data/MS4wLjABAAAAWKIRK91nF8hLjuza0KVRL50-lcfNlEPHocsF9hNYzCUag7n4BgIHQaERsfq_NiHR/sqlite.db
2026-05-08 17:32:52 | 1m39s | ──────────────────────────────────────────────────────────────────────
2026-05-08 17:32:52 | 1m39s |   [SCAN] 总 task 数: 8
2026-05-08 17:32:52 | 1m39s |     comment_avatar: 6
2026-05-08 17:32:52 | 1m39s |     comment_image: 1
2026-05-08 17:32:52 | 1m39s |     reply_avatar: 1
2026-05-08 17:32:52 | 1m39s |   [SCAN] 唯一分组: 8，去重节省: 0 次下载
2026-05-08 17:32:52 | 1m39s |   [BATCH] aweme_id 数: 1，分 1 批处理
2026-05-08 17:32:52 | 1m39s | 
  [BATCH] 📦 批次 1/1: 1 个 aweme_id, 8 个 URL
2026-05-08 17:32:52 | 1m39s |   [BATCH] direct 模式: 直接使用原始 URL 8 个
2026-05-08 17:32:59 | 1m45s |   [UPLOAD] ↑ MS4wLjABAAAAWKIRK91nF8hLjuza0KVRL50-lcfNlEPHocsF9hNYzCUag7n4BgIHQaERsfq_NiHR/avatars/5620dbed5543b1e48a054692b374133c.jpeg
2026-05-08 17:32:59 | 1m45s |   [UPLOAD] ↑ MS4wLjABAAAAWKIRK91nF8hLjuza0KVRL50-lcfNlEPHocsF9hNYzCUag7n4BgIHQaERsfq_NiHR/avatars/86c3d01a4d5fc9eb7f3bbad94c3b03ee.jpeg
2026-05-08 17:32:59 | 1m45s |   [UPLOAD] ↑ MS4wLjABAAAAWKIRK91nF8hLjuza0KVRL50-lcfNlEPHocsF9hNYzCUag7n4BgIHQaERsfq_NiHR/avatars/c394412c871c73b4e1d72f62da4e35e6.jpeg
2026-05-08 17:32:59 | 1m45s |   [UPLOAD] ↑ MS4wLjABAAAAWKIRK91nF8hLjuza0KVRL50-lcfNlEPHocsF9hNYzCUag7n4BgIHQaERsfq_NiHR/avatars/a76872d95aefc21815dbf86b2003f1b8.jpeg
2026-05-08 17:32:59 | 1m45s |   [UPLOAD] ↑ MS4wLjABAAAAWKIRK91nF8hLjuza0KVRL50-lcfNlEPHocsF9hNYzCUag7n4BgIHQaERsfq_NiHR/avatars/2f0c1d624595a7527daa35a19cf309de.jpeg
2026-05-08 17:32:59 | 1m45s |   [UPLOAD] ↑ MS4wLjABAAAAWKIRK91nF8hLjuza0KVRL50-lcfNlEPHocsF9hNYzCUag7n4BgIHQaERsfq_NiHR/avatars/a3b1d7d49b810f946b57dc7e6213b610.jpeg
2026-05-08 17:32:59 | 1m45s |   [UPLOAD] ↑ MS4wLjABAAAAWKIRK91nF8hLjuza0KVRL50-lcfNlEPHocsF9hNYzCUag7n4BgIHQaERsfq_NiHR/avatars/1e6daa5bbf2f0ebaf46dc4af5da011e1.jpeg
2026-05-08 17:32:59 | 1m45s |   [DB] 📝 待更新: 7 行
2026-05-08 17:32:59 | 1m45s |   [DB] ✅ commit 成功: 7 行已写入
2026-05-08 17:33:22 | 2m09s |   [DL] ⚠️  网络错误 (ConnectTimeout): https://p11-sign.douyinpic.com/tos-cn-i-p14lwwcsbr/37522d12b8c24d1eae220cc7cec24...
2026-05-08 17:33:26 | 2m12s |   [UPLOAD] ↑ MS4wLjABAAAAWKIRK91nF8hLjuza0KVRL50-lcfNlEPHocsF9hNYzCUag7n4BgIHQaERsfq_NiHR/images/0921ad06645014f3173ab533f653a940.jpg
2026-05-08 17:33:26 | 2m12s |   [DB] 📝 待更新: 1 行
2026-05-08 17:33:26 | 2m12s |   [DB] ✅ commit 成功: 1 行已写入
2026-05-08 17:33:26 | 2m12s |   [BATCH] ✅ 批次完成，已提交 8/8 个 URL，耗时 33.6s
2026-05-08 17:33:26 | 2m12s | 
  [OK] 作者完成: 上传 8，更新 8 行，HEIC 转换 0，失败 0
2026-05-08 17:33:26 | 2m12s | 
2026-05-08 17:33:26 | 2m12s | ======================================================================
2026-05-08 17:33:26 | 2m12s |   全部完成
2026-05-08 17:33:26 | 2m12s | ======================================================================
2026-05-08 17:33:26 | 2m12s |   作者数:        2
2026-05-08 17:33:26 | 2m12s |   总 task:       629
2026-05-08 17:33:26 | 2m12s |   上传成功:      563
2026-05-08 17:33:26 | 2m12s |   更新行数:      621
2026-05-08 17:33:26 | 2m12s |   HEIC 转换:     0
2026-05-08 17:33:26 | 2m12s |   失败:          8
2026-05-08 17:33:26 | 2m12s |   总耗时:        133s (2m12s)
2026-05-08 17:33:26 | 2m12s | ======================================================================
2026-05-08 17:33:26 | 2m12s | 
──────────────────────────────────────────────────────────────────────
2026-05-08 17:33:26 | 2m12s |   失败汇总 (共 16 项)
2026-05-08 17:33:26 | 2m12s | ──────────────────────────────────────────────────────────────────────
2026-05-08 17:33:26 | 2m12s |     下载失败: 16
2026-05-08 17:33:26 | 2m12s |     • 下载失败 | https://p5-ex-gddgtc-sign.douyinpic.com/obj/tos-cn-o-0812/osMbEYFxAgCM8ORMAADAIjDlxCpgaCAyAGEff0?lk3 | 所有CDN均失败
2026-05-08 17:33:26 | 2m12s |     • 下载失败 | comments.id=90723 api_type=comment_sticker | 下载失败
2026-05-08 17:33:26 | 2m12s |     • 下载失败 | https://p26-sign.douyinpic.com/tos-cn-i-p14lwwcsbr/8021ec5dcc93470b9ff105110e288cd7~tplv-p14lwwcsbr- | 所有CDN均失败
2026-05-08 17:33:26 | 2m12s |     • 下载失败 | replies.id=18126 api_type=reply_image | 下载失败
2026-05-08 17:33:26 | 2m12s |     • 下载失败 | https://p26-sign.douyinpic.com/obj/tos-cn-o-0812/o0cguteHAroyvOClx6QCAktcgDQdIAelAHA8bn?lk3s=7b078dd | 所有CDN均失败
2026-05-08 17:33:26 | 2m12s |     • 下载失败 | comments.id=46997 api_type=comment_sticker | 下载失败
2026-05-08 17:33:26 | 2m12s |     • 下载失败 | https://p9-sign.douyinpic.com/obj/tos-cn-o-0812/okAuAfyyBAD0iA5Zadi8vNEj7BBIigGQyVYEkA?lk3s=7b078dd2 | 所有CDN均失败
2026-05-08 17:33:26 | 2m12s |     • 下载失败 | replies.id=21178 api_type=reply_sticker | 下载失败
2026-05-08 17:33:26 | 2m12s |     • 下载失败 | https://p26-sign.douyinpic.com/tos-cn-i-p14lwwcsbr/bd6e2809edac430686f01de210250cd4~tplv-p14lwwcsbr- | 所有CDN均失败
2026-05-08 17:33:26 | 2m12s |     • 下载失败 | comments.id=55094 api_type=comment_image | 下载失败
2026-05-08 17:33:26 | 2m12s |     • 下载失败 | https://p5-ex-gddgtc-sign.douyinpic.com/obj/douyin-user-image-file/8c8844d242627c599d1e61a6c3f3f7a3? | 所有CDN均失败
2026-05-08 17:33:26 | 2m12s |     • 下载失败 | comments.id=85194 api_type=comment_sticker | 下载失败
2026-05-08 17:33:26 | 2m12s |     • 下载失败 | https://p3-sign.douyinpic.com/tos-cn-i-p14lwwcsbr/76d17b1c6935419b88c5ecf2b492dc71~tplv-p14lwwcsbr-7 | 所有CDN均失败
2026-05-08 17:33:26 | 2m12s |     • 下载失败 | comments.id=36794 api_type=comment_image | 下载失败
2026-05-08 17:33:26 | 2m12s |     • 下载失败 | https://p3-sign.douyinpic.com/tos-cn-i-p14lwwcsbr/e2a2935810aa4b8b87c5d164afb7945e~tplv-p14lwwcsbr-7 | 所有CDN均失败
2026-05-08 17:33:26 | 2m12s |     • 下载失败 | comments.id=85119 api_type=comment_image | 下载失败
2026-05-08 17:33:26 | 2m12s | ──────────────────────────────────────────────────────────────────────
