2026-05-23 17:12:28 | 0s | [INIT] 日志文件: /home/runner/work/DouyinComment/DouyinComment/scripts/../logs/migrate/migrate_20260523_171228.log
2026-05-23 17:12:28 | 0s | ======================================================================
2026-05-23 17:12:28 | 0s |   [INIT] 抖音资源 → HF Bucket 迁移（v3）
2026-05-23 17:12:28 | 0s |   [INIT] 数据目录:    /home/runner/work/DouyinComment/DouyinComment/scripts/../data
2026-05-23 17:12:28 | 0s |   [INIT] 日志目录:    /home/runner/work/DouyinComment/DouyinComment/scripts/../logs/migrate
2026-05-23 17:12:28 | 0s |   [INIT] 作者过滤:    all
2026-05-23 17:12:28 | 0s |   [INIT] 限制表:      全部
2026-05-23 17:12:28 | 0s |   [INIT] 限制字段:    全部
2026-05-23 17:12:28 | 0s |   [INIT] 最大任务数:  不限
2026-05-23 17:12:28 | 0s |   [INIT] 批次大小:    20
2026-05-23 17:12:28 | 0s |   [INIT] 并发数:      6
2026-05-23 17:12:28 | 0s |   [INIT] Dry-run:     否
2026-05-23 17:12:28 | 0s |   [INIT] Direct:      否
2026-05-23 17:12:28 | 0s | ======================================================================
2026-05-23 17:12:28 | 0s | 
  [SCAN] 已选择 2 个数据库:
2026-05-23 17:12:28 | 0s |   [SCAN] 📁 MS4wLjABAAAA2FYVN1jBWaTVasx7wXcsK0rCPfSY... (videos=408, comments=97248, replies=21216, 44.4 MB)
2026-05-23 17:12:28 | 0s |   [SCAN] 📁 MS4wLjABAAAAWKIRK91nF8hLjuza0KVRL50-lcfN... (videos=151, comments=8207, replies=1947, 4.0 MB)
2026-05-23 17:12:28 | 0s | 
--- HEIF 格式检测 ---
2026-05-23 17:12:28 | 0s | ✅ pillow-heif 已就绪
2026-05-23 17:12:28 | 0s | 
--- 验证 Cookie ---
2026-05-23 17:12:29 | 1s | ✅ Cookie 有效，用户: 万年
2026-05-23 17:12:29 | 1s | 
──────────────────────────────────────────────────────────────────────
2026-05-23 17:12:29 | 1s |   [SCAN] 📁 作者: MS4wLjABAAAA2FYVN1jBWaTVasx7wXcsK0rCPfSY...
2026-05-23 17:12:29 | 1s |   [SCAN] 📄 数据库: /home/runner/work/DouyinComment/DouyinComment/scripts/../data/MS4wLjABAAAA2FYVN1jBWaTVasx7wXcsK0rCPfSYixt5-J1pUegQIbA/sqlite.db
2026-05-23 17:12:29 | 1s | ──────────────────────────────────────────────────────────────────────
2026-05-23 17:12:29 | 1s |   [SCAN] 总 task 数: 7
2026-05-23 17:12:29 | 1s |     comment_image: 2
2026-05-23 17:12:29 | 1s |     comment_sticker: 3
2026-05-23 17:12:29 | 1s |     reply_image: 1
2026-05-23 17:12:29 | 1s |     reply_sticker: 1
2026-05-23 17:12:29 | 1s |   [SCAN] 唯一分组: 7，去重节省: 0 次下载
2026-05-23 17:12:29 | 1s |   [BATCH] aweme_id 数: 5，分 1 批处理
2026-05-23 17:12:29 | 1s | 
  [BATCH] 📦 批次 1/1: 5 个 aweme_id, 7 个 URL
2026-05-23 17:12:29 | 1s |   [API] 视频 aweme_id: 0, 评论 aweme_id: 4, 回复评论数: 2
2026-05-23 17:12:29 | 1s |   [API] 涉及作者数: 0
2026-05-23 17:12:29 | 1s |   [API] 数据库评论数: 97248, 回复数: 21216
2026-05-23 17:12:45 | 17s |   [API] [评论] aweme_id=7476411176209976636: API 返回 134 条, 匹配 131, 不在DB中 3 (API样本: ['7476411981676167986', '7476421636087612186', '7476478506274341642', '7476415516619309881', '7476424322082046780'])
2026-05-23 17:13:01 | 33s |   [API] [评论] aweme_id=7560954743410675002: API 返回 360 条, 匹配 358, 不在DB中 2 (API样本: ['7560984482690581308', '7560962952188183355', '7561011803393459002', '7560958627403514681', '7561339988433847100'])
2026-05-23 17:13:19 | 51s |   [API] [回复] aweme_id=7560954743410675002 cid=7561015775118771004: API 返回 0 条回复
2026-05-23 17:13:19 | 51s |   [BATCH] 获取签名 URL: 1180 个
2026-05-23 17:13:19 | 51s |   [FAIL] 签名缺失 | comments.id=85194 api_type=comment_sticker | 表=comments | aweme=7560954743410675002 | 字段=sticker | 原因=cache_key=7560954743410675002:comment_sticker:7560974587825144595
2026-05-23 17:13:19 | 51s |   [FAIL] 签名缺失 | comments.id=85119 api_type=comment_image | 表=comments | aweme=7560954743410675002 | 字段=image_list | 原因=cache_key=7560954743410675002:comment_image:7561015775118771004
2026-05-23 17:13:19 | 51s |   [FAIL] 签名缺失 | replies.id=21178 api_type=reply_sticker | 表=replies | aweme=7631634541144461489 | 字段=sticker | 原因=cache_key=7631634541144461489:reply_sticker:7631725939220005690:7631635677198058298
2026-05-23 17:13:19 | 51s |   [FAIL] 签名缺失 | comments.id=46997 api_type=comment_sticker | 表=comments | aweme=7456483966602841403 | 字段=sticker | 原因=cache_key=7456483966602841403:comment_sticker:7456484925118612261
2026-05-23 17:13:19 | 51s |   [FAIL] 签名缺失 | replies.id=18126 api_type=reply_image | 表=replies | aweme=7560954743410675002 | 字段=image_list | 原因=cache_key=7560954743410675002:reply_image:7561076079004762907:7561015775118771004
2026-05-23 17:13:19 | 51s |   [FAIL] 签名缺失 | comments.id=90723 api_type=comment_sticker | 表=comments | aweme=7575874445581119665 | 字段=sticker | 原因=cache_key=7575874445581119665:comment_sticker:7605402697084551973
2026-05-23 17:13:22 | 54s |   [UPLOAD] ↑ MS4wLjABAAAA2FYVN1jBWaTVasx7wXcsK0rCPfSYixt5-J1pUegQIbA/images/240e45e6e645600b60da026165459ec8.jpg
2026-05-23 17:13:22 | 54s |   [DB] 📝 待更新: 1 行
2026-05-23 17:13:22 | 54s |   [DB] ✅ commit 成功: 1 行已写入
2026-05-23 17:13:22 | 54s |   [BATCH] ✅ 批次完成，已提交 7/7 个 URL，耗时 52.5s
2026-05-23 17:13:22 | 54s | 
  [OK] 作者完成: 上传 1，更新 1 行，HEIC 转换 0，失败 6
2026-05-23 17:13:22 | 54s | 
──────────────────────────────────────────────────────────────────────
2026-05-23 17:13:22 | 54s |   [SCAN] 📁 作者: MS4wLjABAAAAWKIRK91nF8hLjuza0KVRL50-lcfN...
2026-05-23 17:13:22 | 54s |   [SCAN] 📄 数据库: /home/runner/work/DouyinComment/DouyinComment/scripts/../data/MS4wLjABAAAAWKIRK91nF8hLjuza0KVRL50-lcfNlEPHocsF9hNYzCUag7n4BgIHQaERsfq_NiHR/sqlite.db
2026-05-23 17:13:22 | 54s | ──────────────────────────────────────────────────────────────────────
2026-05-23 17:13:22 | 54s |   [SCAN] ⚠️  无资源，跳过
2026-05-23 17:13:22 | 54s | 
2026-05-23 17:13:22 | 54s | ======================================================================
2026-05-23 17:13:22 | 54s |   全部完成
2026-05-23 17:13:22 | 54s | ======================================================================
2026-05-23 17:13:22 | 54s |   作者数:        1
2026-05-23 17:13:22 | 54s |   总 task:       7
2026-05-23 17:13:22 | 54s |   上传成功:      1
2026-05-23 17:13:22 | 54s |   更新行数:      1
2026-05-23 17:13:22 | 54s |   HEIC 转换:     0
2026-05-23 17:13:22 | 54s |   失败:          6
2026-05-23 17:13:22 | 54s |   总耗时:        54s (54s)
2026-05-23 17:13:22 | 54s | ======================================================================
2026-05-23 17:13:22 | 54s | 
──────────────────────────────────────────────────────────────────────
2026-05-23 17:13:22 | 54s |   失败汇总 (共 6 项)
2026-05-23 17:13:22 | 54s | ──────────────────────────────────────────────────────────────────────
2026-05-23 17:13:22 | 54s |     签名缺失: 6
2026-05-23 17:13:22 | 54s |     • 签名缺失 | comments.id=85194 api_type=comment_sticker | cache_key=7560954743410675002:comment_sticker:7560974587825144595
2026-05-23 17:13:22 | 54s |     • 签名缺失 | comments.id=85119 api_type=comment_image | cache_key=7560954743410675002:comment_image:7561015775118771004
2026-05-23 17:13:22 | 54s |     • 签名缺失 | replies.id=21178 api_type=reply_sticker | cache_key=7631634541144461489:reply_sticker:7631725939220005690:7631635677198058298
2026-05-23 17:13:22 | 54s |     • 签名缺失 | comments.id=46997 api_type=comment_sticker | cache_key=7456483966602841403:comment_sticker:7456484925118612261
2026-05-23 17:13:22 | 54s |     • 签名缺失 | replies.id=18126 api_type=reply_image | cache_key=7560954743410675002:reply_image:7561076079004762907:7561015775118771004
2026-05-23 17:13:22 | 54s |     • 签名缺失 | comments.id=90723 api_type=comment_sticker | cache_key=7575874445581119665:comment_sticker:7605402697084551973
2026-05-23 17:13:22 | 54s | ──────────────────────────────────────────────────────────────────────
