2026-05-05 17:34:10 | 0s | [INIT] 日志文件: /home/runner/work/DouyinComment/DouyinComment/scripts/../logs/migrate/migrate_20260505_173410.log
2026-05-05 17:34:10 | 0s | ======================================================================
2026-05-05 17:34:10 | 0s |   [INIT] 抖音资源 → HF Bucket 迁移（v3）
2026-05-05 17:34:10 | 0s |   [INIT] 数据目录:    /home/runner/work/DouyinComment/DouyinComment/scripts/../data
2026-05-05 17:34:10 | 0s |   [INIT] 日志目录:    /home/runner/work/DouyinComment/DouyinComment/scripts/../logs/migrate
2026-05-05 17:34:10 | 0s |   [INIT] 作者过滤:    all
2026-05-05 17:34:10 | 0s |   [INIT] 限制表:      全部
2026-05-05 17:34:10 | 0s |   [INIT] 限制字段:    全部
2026-05-05 17:34:10 | 0s |   [INIT] 最大任务数:  不限
2026-05-05 17:34:10 | 0s |   [INIT] 批次大小:    20
2026-05-05 17:34:10 | 0s |   [INIT] 并发数:      6
2026-05-05 17:34:10 | 0s |   [INIT] Dry-run:     否
2026-05-05 17:34:10 | 0s |   [INIT] Direct:      是
2026-05-05 17:34:10 | 0s | ======================================================================
2026-05-05 17:34:10 | 0s | 
  [SCAN] 已选择 2 个数据库:
2026-05-05 17:34:10 | 0s |   [SCAN] 📁 MS4wLjABAAAA2FYVN1jBWaTVasx7wXcsK0rCPfSY... (videos=402, comments=95821, replies=21023, 43.9 MB)
2026-05-05 17:34:10 | 0s |   [SCAN] 📁 MS4wLjABAAAAWKIRK91nF8hLjuza0KVRL50-lcfN... (videos=149, comments=8002, replies=1925, 3.9 MB)
2026-05-05 17:34:10 | 0s | 
--- HEIF 格式检测 ---
2026-05-05 17:34:10 | 0s | ✅ pillow-heif 已就绪
2026-05-05 17:34:10 | 0s | 
--- 验证 Cookie ---
2026-05-05 17:34:12 | 1s | ✅ Cookie 有效，用户: 万年
2026-05-05 17:34:12 | 1s | 
──────────────────────────────────────────────────────────────────────
2026-05-05 17:34:12 | 1s |   [SCAN] 📁 作者: MS4wLjABAAAA2FYVN1jBWaTVasx7wXcsK0rCPfSY...
2026-05-05 17:34:12 | 1s |   [SCAN] 📄 数据库: /home/runner/work/DouyinComment/DouyinComment/scripts/../data/MS4wLjABAAAA2FYVN1jBWaTVasx7wXcsK0rCPfSYixt5-J1pUegQIbA/sqlite.db
2026-05-05 17:34:12 | 1s | ──────────────────────────────────────────────────────────────────────
2026-05-05 17:34:12 | 1s |   [SCAN] 总 task 数: 471
2026-05-05 17:34:12 | 1s |     comment_avatar: 327
2026-05-05 17:34:12 | 1s |     comment_image: 24
2026-05-05 17:34:12 | 1s |     comment_sticker: 58
2026-05-05 17:34:12 | 1s |     origin_cover: 1
2026-05-05 17:34:12 | 1s |     reply_avatar: 51
2026-05-05 17:34:12 | 1s |     reply_image: 3
2026-05-05 17:34:12 | 1s |     reply_sticker: 6
2026-05-05 17:34:12 | 1s |     video: 1
2026-05-05 17:34:12 | 1s |   [SCAN] 唯一分组: 432，去重节省: 39 次下载
2026-05-05 17:34:12 | 1s |   [BATCH] aweme_id 数: 10，分 1 批处理
2026-05-05 17:34:12 | 1s | 
  [BATCH] 📦 批次 1/1: 10 个 aweme_id, 432 个 URL
2026-05-05 17:34:12 | 1s |   [BATCH] direct 模式: 直接使用原始 URL 471 个
2026-05-05 17:34:18 | 7s |   [DL] ⚠️  HTTP 403: https://p3-sign.douyinpic.com/tos-cn-i-p14lwwcsbr/76d17b1c6935419b88c5ecf2b492dc...
2026-05-05 17:34:18 | 7s |   [DL] ⚠️  HTTP 403: https://p26-sign.douyinpic.com/tos-cn-i-p14lwwcsbr/76d17b1c6935419b88c5ecf2b492d...
2026-05-05 17:34:22 | 11s |   [UPLOAD] ↑ MS4wLjABAAAA2FYVN1jBWaTVasx7wXcsK0rCPfSYixt5-J1pUegQIbA/avatars/9ecd77b14c149727d6635c0c82c52619.jpeg
2026-05-05 17:34:22 | 11s |   [UPLOAD] ↑ MS4wLjABAAAA2FYVN1jBWaTVasx7wXcsK0rCPfSYixt5-J1pUegQIbA/avatars/78750c2816971caf8b2d1e322a6eb282.jpeg
2026-05-05 17:34:22 | 11s |   [UPLOAD] ↑ MS4wLjABAAAA2FYVN1jBWaTVasx7wXcsK0rCPfSYixt5-J1pUegQIbA/avatars/b490e3ab79576b4cc7140c0462ddb795.jpeg
2026-05-05 17:34:22 | 11s |   [UPLOAD] ↑ MS4wLjABAAAA2FYVN1jBWaTVasx7wXcsK0rCPfSYixt5-J1pUegQIbA/avatars/763c0192f1a1218468f8dbe2c6a3822c.jpeg
2026-05-05 17:34:22 | 11s |   [UPLOAD] ↑ MS4wLjABAAAA2FYVN1jBWaTVasx7wXcsK0rCPfSYixt5-J1pUegQIbA/avatars/fecf7d57d56dd4a90b7549484bffe3ed.jpeg
2026-05-05 17:34:22 | 11s |   [UPLOAD] ↑ MS4wLjABAAAA2FYVN1jBWaTVasx7wXcsK0rCPfSYixt5-J1pUegQIbA/avatars/49332a18b772a6fbe8c935cca860c217.jpeg
2026-05-05 17:34:22 | 11s |   [UPLOAD] ↑ MS4wLjABAAAA2FYVN1jBWaTVasx7wXcsK0rCPfSYixt5-J1pUegQIbA/avatars/3e1ae4c29fac9d1626a61ede862064b1.jpeg
2026-05-05 17:34:22 | 11s |   [UPLOAD] ↑ MS4wLjABAAAA2FYVN1jBWaTVasx7wXcsK0rCPfSYixt5-J1pUegQIbA/stickers/b38d62774791f935f499c8a0f8baf71b.jpg
2026-05-05 17:34:22 | 11s |   [UPLOAD] ↑ MS4wLjABAAAA2FYVN1jBWaTVasx7wXcsK0rCPfSYixt5-J1pUegQIbA/avatars/3e39e8501a7c1ae2e906ada0ca901735.jpeg
2026-05-05 17:34:22 | 11s |   [UPLOAD] ↑ MS4wLjABAAAA2FYVN1jBWaTVasx7wXcsK0rCPfSYixt5-J1pUegQIbA/avatars/b93e9a3722b6227e9744f6b3da8fa74b.jpeg
2026-05-05 17:34:22 | 11s |   [UPLOAD] ↑ MS4wLjABAAAA2FYVN1jBWaTVasx7wXcsK0rCPfSYixt5-J1pUegQIbA/avatars/a3b86118228320f9c170f49a0e899e88.jpeg
2026-05-05 17:34:22 | 11s |   [UPLOAD] ↑ MS4wLjABAAAA2FYVN1jBWaTVasx7wXcsK0rCPfSYixt5-J1pUegQIbA/avatars/33cbacaaa0268a3560780b5cda998b64.jpeg
2026-05-05 17:34:22 | 11s |   [UPLOAD] ↑ MS4wLjABAAAA2FYVN1jBWaTVasx7wXcsK0rCPfSYixt5-J1pUegQIbA/avatars/a24408aab99ccec8506dd32ff4e28760.jpeg
2026-05-05 17:34:22 | 11s |   [UPLOAD] ↑ MS4wLjABAAAA2FYVN1jBWaTVasx7wXcsK0rCPfSYixt5-J1pUegQIbA/avatars/3397b358dbc6a2b3988821dbc1c6ac50.jpeg
2026-05-05 17:34:22 | 11s |   [UPLOAD] ↑ MS4wLjABAAAA2FYVN1jBWaTVasx7wXcsK0rCPfSYixt5-J1pUegQIbA/avatars/84c02f19a8e22f6c3ba6dbeaf5e21a25.jpeg
2026-05-05 17:34:22 | 11s |   [UPLOAD] ↑ MS4wLjABAAAA2FYVN1jBWaTVasx7wXcsK0rCPfSYixt5-J1pUegQIbA/avatars/f1721f3a0660c05d0348ec2720c38fa8.jpeg
2026-05-05 17:34:22 | 11s |   [UPLOAD] ↑ MS4wLjABAAAA2FYVN1jBWaTVasx7wXcsK0rCPfSYixt5-J1pUegQIbA/stickers/6c732b6d63800e894c31adef7b71c767.gif
2026-05-05 17:34:22 | 11s |   [UPLOAD] ↑ MS4wLjABAAAA2FYVN1jBWaTVasx7wXcsK0rCPfSYixt5-J1pUegQIbA/avatars/1b2890d75ddc77e7bae278215f59c565.jpeg
2026-05-05 17:34:22 | 11s |   [UPLOAD] ↑ MS4wLjABAAAA2FYVN1jBWaTVasx7wXcsK0rCPfSYixt5-J1pUegQIbA/avatars/400ef7a02e632cbca70df1d5ac32cbf1.jpeg
2026-05-05 17:34:22 | 11s |   [UPLOAD] ↑ MS4wLjABAAAA2FYVN1jBWaTVasx7wXcsK0rCPfSYixt5-J1pUegQIbA/avatars/fa1df7470f1c3d582fe9a3eb80461a22.jpeg
2026-05-05 17:34:22 | 11s |   [UPLOAD] ↑ MS4wLjABAAAA2FYVN1jBWaTVasx7wXcsK0rCPfSYixt5-J1pUegQIbA/avatars/88e9f44d77899ad24cef5750b0f2aa73.jpeg
2026-05-05 17:34:22 | 11s |   [UPLOAD] ↑ MS4wLjABAAAA2FYVN1jBWaTVasx7wXcsK0rCPfSYixt5-J1pUegQIbA/stickers/828dbe6c1b41a3418fef581a3bcb3c43.gif
2026-05-05 17:34:22 | 11s |   [UPLOAD] ↑ MS4wLjABAAAA2FYVN1jBWaTVasx7wXcsK0rCPfSYixt5-J1pUegQIbA/avatars/bacb177be4cff679d9a0013a6ff6737b.jpeg
2026-05-05 17:34:22 | 11s |   [UPLOAD] ↑ MS4wLjABAAAA2FYVN1jBWaTVasx7wXcsK0rCPfSYixt5-J1pUegQIbA/images/8c9ef92c2675d995216ce25a686498cd.jpg
2026-05-05 17:34:22 | 11s |   [UPLOAD] ↑ MS4wLjABAAAA2FYVN1jBWaTVasx7wXcsK0rCPfSYixt5-J1pUegQIbA/images/4bc10029b4712b7acecda3820a263523.jpg
2026-05-05 17:34:22 | 11s |   [UPLOAD] ↑ MS4wLjABAAAA2FYVN1jBWaTVasx7wXcsK0rCPfSYixt5-J1pUegQIbA/avatars/8f94680c0c6763d97b41c8c4e67accf2.jpeg
2026-05-05 17:34:22 | 11s |   [UPLOAD] ↑ MS4wLjABAAAA2FYVN1jBWaTVasx7wXcsK0rCPfSYixt5-J1pUegQIbA/avatars/c7aae89078b6a4812777bdc6757fccf4.jpeg
2026-05-05 17:34:22 | 11s |   [UPLOAD] ↑ MS4wLjABAAAA2FYVN1jBWaTVasx7wXcsK0rCPfSYixt5-J1pUegQIbA/stickers/cf2f5e04aacfd983077584c0e60d6cd3.gif
2026-05-05 17:34:22 | 11s |   [UPLOAD] ↑ MS4wLjABAAAA2FYVN1jBWaTVasx7wXcsK0rCPfSYixt5-J1pUegQIbA/avatars/b049498673e1862806984d7a93fa3bda.jpeg
2026-05-05 17:34:22 | 11s |   [UPLOAD] ↑ MS4wLjABAAAA2FYVN1jBWaTVasx7wXcsK0rCPfSYixt5-J1pUegQIbA/avatars/1a6c1366fea8a72ad410f31b61d9773a.jpeg
2026-05-05 17:34:22 | 11s |   [UPLOAD] ↑ MS4wLjABAAAA2FYVN1jBWaTVasx7wXcsK0rCPfSYixt5-J1pUegQIbA/avatars/6263d83226e201af37432a6dae3f14f1.jpeg
2026-05-05 17:34:22 | 11s |   [UPLOAD] ↑ MS4wLjABAAAA2FYVN1jBWaTVasx7wXcsK0rCPfSYixt5-J1pUegQIbA/avatars/120db0fa9e483b2dfe555b418f30ebf0.jpeg
2026-05-05 17:34:22 | 11s |   [UPLOAD] ↑ MS4wLjABAAAA2FYVN1jBWaTVasx7wXcsK0rCPfSYixt5-J1pUegQIbA/avatars/59b53ba862b936b09de3bd763d05bd49.jpeg
2026-05-05 17:34:22 | 11s |   [UPLOAD] ↑ MS4wLjABAAAA2FYVN1jBWaTVasx7wXcsK0rCPfSYixt5-J1pUegQIbA/stickers/51c0f6ebf9244404b2046e3a1d992604.jpg
2026-05-05 17:34:22 | 11s |   [UPLOAD] ↑ MS4wLjABAAAA2FYVN1jBWaTVasx7wXcsK0rCPfSYixt5-J1pUegQIbA/avatars/e41afbf897ebe8db02b7e1475f7a4c9c.jpeg
2026-05-05 17:34:22 | 11s |   [UPLOAD] ↑ MS4wLjABAAAA2FYVN1jBWaTVasx7wXcsK0rCPfSYixt5-J1pUegQIbA/stickers/23c1dfbde825f57c2be49146ab0d70c1.gif
2026-05-05 17:34:22 | 11s |   [UPLOAD] ↑ MS4wLjABAAAA2FYVN1jBWaTVasx7wXcsK0rCPfSYixt5-J1pUegQIbA/avatars/c529cb37efd75ec912ec8a2e17b90136.jpeg
2026-05-05 17:34:22 | 11s |   [UPLOAD] ↑ MS4wLjABAAAA2FYVN1jBWaTVasx7wXcsK0rCPfSYixt5-J1pUegQIbA/avatars/5329b9c9585c11fefb8051d82bd2f899.jpeg
2026-05-05 17:34:22 | 11s |   [UPLOAD] ↑ MS4wLjABAAAA2FYVN1jBWaTVasx7wXcsK0rCPfSYixt5-J1pUegQIbA/avatars/7654d8382011a7d67f9ce6ce795878b3.jpeg
2026-05-05 17:34:22 | 11s |   [UPLOAD] ↑ MS4wLjABAAAA2FYVN1jBWaTVasx7wXcsK0rCPfSYixt5-J1pUegQIbA/avatars/0ab231e10bc343771468270864659863.jpeg
2026-05-05 17:34:22 | 11s |   [UPLOAD] ↑ MS4wLjABAAAA2FYVN1jBWaTVasx7wXcsK0rCPfSYixt5-J1pUegQIbA/avatars/a71e16f45d8392d6f35c3be8adb1b9cb.jpeg
2026-05-05 17:34:22 | 11s |   [UPLOAD] ↑ MS4wLjABAAAA2FYVN1jBWaTVasx7wXcsK0rCPfSYixt5-J1pUegQIbA/avatars/7121089988c058b8730b41df31f5afa3.jpeg
2026-05-05 17:34:22 | 11s |   [UPLOAD] ↑ MS4wLjABAAAA2FYVN1jBWaTVasx7wXcsK0rCPfSYixt5-J1pUegQIbA/avatars/0d11a54a8f02b9693d2398b6cd2e93dd.jpeg
2026-05-05 17:34:22 | 11s |   [UPLOAD] ↑ MS4wLjABAAAA2FYVN1jBWaTVasx7wXcsK0rCPfSYixt5-J1pUegQIbA/avatars/bea3d8133f9993fd9f8673c636690ac5.jpeg
2026-05-05 17:34:22 | 11s |   [UPLOAD] ↑ MS4wLjABAAAA2FYVN1jBWaTVasx7wXcsK0rCPfSYixt5-J1pUegQIbA/stickers/51d5aaef952d81783db8f557cc00bac0.gif
2026-05-05 17:34:22 | 11s |   [UPLOAD] ↑ MS4wLjABAAAA2FYVN1jBWaTVasx7wXcsK0rCPfSYixt5-J1pUegQIbA/stickers/e7e7281e61e7869cc0560c8b14bb981e.webp
2026-05-05 17:34:22 | 11s |   [UPLOAD] ↑ MS4wLjABAAAA2FYVN1jBWaTVasx7wXcsK0rCPfSYixt5-J1pUegQIbA/avatars/5459687f021c93407e6ea48bebdfe476.jpeg
2026-05-05 17:34:22 | 11s |   [UPLOAD] ↑ MS4wLjABAAAA2FYVN1jBWaTVasx7wXcsK0rCPfSYixt5-J1pUegQIbA/avatars/d27628b8c5441f85fee592d97a5db31f.jpeg
2026-05-05 17:34:22 | 11s |   [UPLOAD] ↑ MS4wLjABAAAA2FYVN1jBWaTVasx7wXcsK0rCPfSYixt5-J1pUegQIbA/avatars/af85de78faf63cad3f6b230ed9ee3965.jpeg
2026-05-05 17:34:22 | 11s |   [UPLOAD] ↑ MS4wLjABAAAA2FYVN1jBWaTVasx7wXcsK0rCPfSYixt5-J1pUegQIbA/avatars/d04b90df3d17e948d7131be7aab0ba11.jpeg
2026-05-05 17:34:22 | 11s |   [DB] 📝 待更新: 58 行
2026-05-05 17:34:22 | 11s |   [DB] ✅ commit 成功: 58 行已写入
2026-05-05 17:34:23 | 12s |   [DL] ⚠️  HTTP 403: https://p5-ex-gddgtc-sign.douyinpic.com/obj/tos-cn-o-0812/osMbEYFxAgCM8ORMAADAIj...
2026-05-05 17:34:23 | 12s |   [DL] ❌ 下载失败，最后尝试的 URL: https://p5-ex-gddgtc-sign.douyinpic.com/obj/tos-cn-o-0812/osMbEYFxAgCM8ORMAADAIjDlxCpgaCAyAGEff0?lk3s=7b078dd2&x-expires=1776938400&x-signature=a4s4ivW6IB1r42X4peH3NFRD5VE%3D&from=2064092626&s=sticker_comment&se=false&sc=sticker_heif&biz_tag=aweme_comment&l=202604221741241AE6C93B5D9DF35359FD
2026-05-05 17:34:23 | 12s |   [FAIL] 下载失败 | https://p5-ex-gddgtc-sign.douyinpic.com/obj/tos-cn-o-0812/osMbEYFxAgCM8ORMAADAIjDlxCpgaCAyAGEff0?lk3 | 原因=所有CDN均失败
2026-05-05 17:34:23 | 12s |   [FAIL] 下载失败 | comments.id=90723 api_type=comment_sticker | 表=comments | aweme=7575874445581119665 | 字段=sticker | 原因=下载失败
2026-05-05 17:34:25 | 14s |   [DL] ⚠️  HTTP 403: https://p26-sign.douyinpic.com/obj/tos-cn-o-0812/o0cguteHAroyvOClx6QCAktcgDQdIAe...
2026-05-05 17:34:25 | 14s |   [DL] ❌ 下载失败，最后尝试的 URL: https://p26-sign.douyinpic.com/obj/tos-cn-o-0812/o0cguteHAroyvOClx6QCAktcgDQdIAelAHA8bn?lk3s=7b078dd2&x-expires=1776931200&x-signature=QKrJNCwSi5qhER7JuGxca4eE%2BkU%3D&from=2064092626&s=sticker_comment&se=false&sc=sticker_heif&biz_tag=aweme_comment&l=20260422155917D4AC69AC509C06719605
2026-05-05 17:34:25 | 14s |   [FAIL] 下载失败 | https://p26-sign.douyinpic.com/obj/tos-cn-o-0812/o0cguteHAroyvOClx6QCAktcgDQdIAelAHA8bn?lk3s=7b078dd | 原因=所有CDN均失败
2026-05-05 17:34:25 | 14s |   [FAIL] 下载失败 | comments.id=46997 api_type=comment_sticker | 表=comments | aweme=7456483966602841403 | 字段=sticker | 原因=下载失败
2026-05-05 17:34:30 | 19s |   [UPLOAD] ↑ MS4wLjABAAAA2FYVN1jBWaTVasx7wXcsK0rCPfSYixt5-J1pUegQIbA/stickers/4b25cf272784474fe5bbdf0c2156bd04.gif
2026-05-05 17:34:30 | 19s |   [UPLOAD] ↑ MS4wLjABAAAA2FYVN1jBWaTVasx7wXcsK0rCPfSYixt5-J1pUegQIbA/avatars/09e57760b10d4e3270fb37ea7d5cef8e.jpeg
2026-05-05 17:34:30 | 19s |   [UPLOAD] ↑ MS4wLjABAAAA2FYVN1jBWaTVasx7wXcsK0rCPfSYixt5-J1pUegQIbA/avatars/8597382f5cd87ccd4d383d134075f05a.jpeg
2026-05-05 17:34:30 | 19s |   [UPLOAD] ↑ MS4wLjABAAAA2FYVN1jBWaTVasx7wXcsK0rCPfSYixt5-J1pUegQIbA/avatars/0283eb139f9c804c7433f0a74dd1b31b.jpeg
2026-05-05 17:34:30 | 19s |   [UPLOAD] ↑ MS4wLjABAAAA2FYVN1jBWaTVasx7wXcsK0rCPfSYixt5-J1pUegQIbA/avatars/8689828e16e6939a817562873d948517.jpeg
2026-05-05 17:34:30 | 19s |   [UPLOAD] ↑ MS4wLjABAAAA2FYVN1jBWaTVasx7wXcsK0rCPfSYixt5-J1pUegQIbA/avatars/c56803cd72b995c015c447d3c67f3dd5.jpeg
2026-05-05 17:34:30 | 19s |   [UPLOAD] ↑ MS4wLjABAAAA2FYVN1jBWaTVasx7wXcsK0rCPfSYixt5-J1pUegQIbA/avatars/acde13fccc44742e765100d9becbf83b.jpeg
2026-05-05 17:34:30 | 19s |   [UPLOAD] ↑ MS4wLjABAAAA2FYVN1jBWaTVasx7wXcsK0rCPfSYixt5-J1pUegQIbA/avatars/94b7cea358279b01841c664ed9ed2cfd.jpeg
2026-05-05 17:34:30 | 19s |   [UPLOAD] ↑ MS4wLjABAAAA2FYVN1jBWaTVasx7wXcsK0rCPfSYixt5-J1pUegQIbA/avatars/1666b6886c34f20a3162381d95c37599.jpeg
2026-05-05 17:34:30 | 19s |   [UPLOAD] ↑ MS4wLjABAAAA2FYVN1jBWaTVasx7wXcsK0rCPfSYixt5-J1pUegQIbA/stickers/124edc6e8b6746f7dbd66007a5721b56.gif
2026-05-05 17:34:30 | 19s |   [UPLOAD] ↑ MS4wLjABAAAA2FYVN1jBWaTVasx7wXcsK0rCPfSYixt5-J1pUegQIbA/avatars/5ad5c3425562c4504c31663066d0145f.jpeg
2026-05-05 17:34:30 | 19s |   [UPLOAD] ↑ MS4wLjABAAAA2FYVN1jBWaTVasx7wXcsK0rCPfSYixt5-J1pUegQIbA/avatars/fcdf644588a55a50a8232365b5d86944.jpeg
2026-05-05 17:34:30 | 19s |   [UPLOAD] ↑ MS4wLjABAAAA2FYVN1jBWaTVasx7wXcsK0rCPfSYixt5-J1pUegQIbA/avatars/1fd29bb1f1cd6691253a694e241c3701.jpeg
2026-05-05 17:34:30 | 19s |   [UPLOAD] ↑ MS4wLjABAAAA2FYVN1jBWaTVasx7wXcsK0rCPfSYixt5-J1pUegQIbA/avatars/030d6fe34a82410fa06c7fa293a05cd6.jpeg
2026-05-05 17:34:30 | 19s |   [UPLOAD] ↑ MS4wLjABAAAA2FYVN1jBWaTVasx7wXcsK0rCPfSYixt5-J1pUegQIbA/avatars/b155c1fd4e1f2d756ed677b38c82c66a.jpeg
2026-05-05 17:34:30 | 19s |   [UPLOAD] ↑ MS4wLjABAAAA2FYVN1jBWaTVasx7wXcsK0rCPfSYixt5-J1pUegQIbA/avatars/807d2856c8fe4ae117a20f92b078c288.jpeg
2026-05-05 17:34:30 | 19s |   [UPLOAD] ↑ MS4wLjABAAAA2FYVN1jBWaTVasx7wXcsK0rCPfSYixt5-J1pUegQIbA/avatars/5f94023c7a440c34b10cf30f4dbcbd64.jpeg
2026-05-05 17:34:30 | 19s |   [UPLOAD] ↑ MS4wLjABAAAA2FYVN1jBWaTVasx7wXcsK0rCPfSYixt5-J1pUegQIbA/avatars/58aab77724d9badd8a261c889c3cc7b1.jpeg
2026-05-05 17:34:30 | 19s |   [UPLOAD] ↑ MS4wLjABAAAA2FYVN1jBWaTVasx7wXcsK0rCPfSYixt5-J1pUegQIbA/stickers/f4ce8aade9530a7f42b2a1e23371d201.png
2026-05-05 17:34:30 | 19s |   [UPLOAD] ↑ MS4wLjABAAAA2FYVN1jBWaTVasx7wXcsK0rCPfSYixt5-J1pUegQIbA/avatars/af2d778ff1f77984993b972fc34d8ab8.jpeg
2026-05-05 17:34:30 | 19s |   [UPLOAD] ↑ MS4wLjABAAAA2FYVN1jBWaTVasx7wXcsK0rCPfSYixt5-J1pUegQIbA/avatars/fc5aea1da971170014428be879d660e0.jpeg
2026-05-05 17:34:30 | 19s |   [UPLOAD] ↑ MS4wLjABAAAA2FYVN1jBWaTVasx7wXcsK0rCPfSYixt5-J1pUegQIbA/avatars/9ae9653a7ec0ab1eb8ca1890eded62c8.jpeg
2026-05-05 17:34:30 | 19s |   [UPLOAD] ↑ MS4wLjABAAAA2FYVN1jBWaTVasx7wXcsK0rCPfSYixt5-J1pUegQIbA/avatars/0db2ca06577933a0a7c12a33152b4145.jpeg
2026-05-05 17:34:30 | 19s |   [UPLOAD] ↑ MS4wLjABAAAA2FYVN1jBWaTVasx7wXcsK0rCPfSYixt5-J1pUegQIbA/avatars/19c7adaa4c68d391842e3e69572b6fdc.jpeg
2026-05-05 17:34:30 | 19s |   [UPLOAD] ↑ MS4wLjABAAAA2FYVN1jBWaTVasx7wXcsK0rCPfSYixt5-J1pUegQIbA/stickers/d3d5b5a0222079f209f37436e9d91167.gif
2026-05-05 17:34:30 | 19s |   [UPLOAD] ↑ MS4wLjABAAAA2FYVN1jBWaTVasx7wXcsK0rCPfSYixt5-J1pUegQIbA/avatars/e772a6ac494c3d446a77652670e02ba9.jpeg
2026-05-05 17:34:30 | 19s |   [UPLOAD] ↑ MS4wLjABAAAA2FYVN1jBWaTVasx7wXcsK0rCPfSYixt5-J1pUegQIbA/avatars/10a13d62d1bfbaff1cc7870660b58f75.jpeg
2026-05-05 17:34:30 | 19s |   [UPLOAD] ↑ MS4wLjABAAAA2FYVN1jBWaTVasx7wXcsK0rCPfSYixt5-J1pUegQIbA/stickers/d8016d9f3a54947349853eaf71c60983.gif
2026-05-05 17:34:30 | 19s |   [UPLOAD] ↑ MS4wLjABAAAA2FYVN1jBWaTVasx7wXcsK0rCPfSYixt5-J1pUegQIbA/avatars/80248fe7d40c44e6b25c1db09bd2b22d.jpeg
2026-05-05 17:34:30 | 19s |   [UPLOAD] ↑ MS4wLjABAAAA2FYVN1jBWaTVasx7wXcsK0rCPfSYixt5-J1pUegQIbA/avatars/a0b8dfd47ac25adc516b381a1dc984d5.jpeg
2026-05-05 17:34:30 | 19s |   [UPLOAD] ↑ MS4wLjABAAAA2FYVN1jBWaTVasx7wXcsK0rCPfSYixt5-J1pUegQIbA/avatars/7b35ccf6b6f663e418bf19212a2430d8.jpeg
2026-05-05 17:34:30 | 19s |   [UPLOAD] ↑ MS4wLjABAAAA2FYVN1jBWaTVasx7wXcsK0rCPfSYixt5-J1pUegQIbA/avatars/cf420eb04b0f4f59f770c48a6dd37472.jpeg
2026-05-05 17:34:30 | 19s |   [UPLOAD] ↑ MS4wLjABAAAA2FYVN1jBWaTVasx7wXcsK0rCPfSYixt5-J1pUegQIbA/avatars/4a1a2a1fe95b5ebbb70d76fffb10603c.jpeg
2026-05-05 17:34:30 | 19s |   [UPLOAD] ↑ MS4wLjABAAAA2FYVN1jBWaTVasx7wXcsK0rCPfSYixt5-J1pUegQIbA/avatars/aea4f766af30f67dfe0967360b270ec2.jpeg
2026-05-05 17:34:30 | 19s |   [UPLOAD] ↑ MS4wLjABAAAA2FYVN1jBWaTVasx7wXcsK0rCPfSYixt5-J1pUegQIbA/avatars/f2f62332870093aaf0e5be393bfdcef0.jpeg
2026-05-05 17:34:30 | 19s |   [UPLOAD] ↑ MS4wLjABAAAA2FYVN1jBWaTVasx7wXcsK0rCPfSYixt5-J1pUegQIbA/avatars/62ea766127e0af3003aa71d7087f4448.jpeg
2026-05-05 17:34:30 | 19s |   [UPLOAD] ↑ MS4wLjABAAAA2FYVN1jBWaTVasx7wXcsK0rCPfSYixt5-J1pUegQIbA/avatars/17610d58df8ffada3b0054cdc5d408c0.jpeg
2026-05-05 17:34:30 | 19s |   [UPLOAD] ↑ MS4wLjABAAAA2FYVN1jBWaTVasx7wXcsK0rCPfSYixt5-J1pUegQIbA/stickers/412c36d1f4b81ddba682ecd7471f26d5.gif
2026-05-05 17:34:30 | 19s |   [UPLOAD] ↑ MS4wLjABAAAA2FYVN1jBWaTVasx7wXcsK0rCPfSYixt5-J1pUegQIbA/avatars/c2207ddd7331ed11236e3312c41865e1.jpeg
2026-05-05 17:34:30 | 19s |   [UPLOAD] ↑ MS4wLjABAAAA2FYVN1jBWaTVasx7wXcsK0rCPfSYixt5-J1pUegQIbA/avatars/37fa8723283eacb678dc3109af4ab19d.jpeg
2026-05-05 17:34:30 | 19s |   [UPLOAD] ↑ MS4wLjABAAAA2FYVN1jBWaTVasx7wXcsK0rCPfSYixt5-J1pUegQIbA/avatars/e4bea60aa3919bc9569e526ef7a6ef13.jpeg
2026-05-05 17:34:30 | 19s |   [UPLOAD] ↑ MS4wLjABAAAA2FYVN1jBWaTVasx7wXcsK0rCPfSYixt5-J1pUegQIbA/avatars/ca96fd90e15987f22a18bd80f7b330d9.jpeg
2026-05-05 17:34:30 | 19s |   [UPLOAD] ↑ MS4wLjABAAAA2FYVN1jBWaTVasx7wXcsK0rCPfSYixt5-J1pUegQIbA/avatars/96cba308047043b79b721ba90c7f1cf4.jpeg
2026-05-05 17:34:30 | 19s |   [UPLOAD] ↑ MS4wLjABAAAA2FYVN1jBWaTVasx7wXcsK0rCPfSYixt5-J1pUegQIbA/avatars/7b3ffadaf52b081c9456620e48296759.jpeg
2026-05-05 17:34:30 | 19s |   [UPLOAD] ↑ MS4wLjABAAAA2FYVN1jBWaTVasx7wXcsK0rCPfSYixt5-J1pUegQIbA/avatars/e6e86c77a0554a59bab3d33ae035e40b.jpeg
2026-05-05 17:34:30 | 19s |   [UPLOAD] ↑ MS4wLjABAAAA2FYVN1jBWaTVasx7wXcsK0rCPfSYixt5-J1pUegQIbA/avatars/663d6cba8e6f584b4af97a4e53b442ab.jpeg
2026-05-05 17:34:30 | 19s |   [UPLOAD] ↑ MS4wLjABAAAA2FYVN1jBWaTVasx7wXcsK0rCPfSYixt5-J1pUegQIbA/avatars/3a04d07b161330bc164d9eb015b0d765.jpeg
2026-05-05 17:34:30 | 19s |   [UPLOAD] ↑ MS4wLjABAAAA2FYVN1jBWaTVasx7wXcsK0rCPfSYixt5-J1pUegQIbA/stickers/4b668837972bfb046a5c76bbe3666a65.gif
2026-05-05 17:34:30 | 19s |   [UPLOAD] ↑ MS4wLjABAAAA2FYVN1jBWaTVasx7wXcsK0rCPfSYixt5-J1pUegQIbA/avatars/5d18ec489ec44daf0a88046a20d8c52b.jpeg
2026-05-05 17:34:30 | 19s |   [UPLOAD] ↑ MS4wLjABAAAA2FYVN1jBWaTVasx7wXcsK0rCPfSYixt5-J1pUegQIbA/avatars/111fcebf82db9a4ae8bf79a37a8e910e.jpeg
2026-05-05 17:34:30 | 19s |   [DB] 📝 待更新: 52 行
2026-05-05 17:34:30 | 19s |   [DB] ✅ commit 成功: 52 行已写入
2026-05-05 17:34:32 | 21s |   [DL] ⚠️  HTTP 403: https://p26-sign.douyinpic.com/tos-cn-i-p14lwwcsbr/8021ec5dcc93470b9ff105110e288...
2026-05-05 17:34:32 | 21s |   [DL] ⚠️  HTTP 403: https://p3-sign.douyinpic.com/tos-cn-i-p14lwwcsbr/8021ec5dcc93470b9ff105110e288c...
2026-05-05 17:34:33 | 22s |   [DL] ⚠️  HTTP 403: https://p5-ex-gddgtc-sign.douyinpic.com/tos-cn-i-p14lwwcsbr/8021ec5dcc93470b9ff1...
2026-05-05 17:34:33 | 23s |   [DL] ⚠️  HTTP 403: https://p26-sign.douyinpic.com/tos-cn-i-p14lwwcsbr/8021ec5dcc93470b9ff105110e288...
2026-05-05 17:34:33 | 23s |   [DL] ❌ 下载失败，最后尝试的 URL: https://p26-sign.douyinpic.com/tos-cn-i-p14lwwcsbr/8021ec5dcc93470b9ff105110e288cd7~tplv-p14lwwcsbr-7.jpeg?lk3s=7b078dd2&x-expires=1776952800&x-signature=D0%2F%2FSdYFxQfL5G1DpuWnnoFVNZI%3D&from=2064092626&se=false&sc=image&biz_tag=aweme_comment&l=20260422213043620A31DAC0379774BAE8
2026-05-05 17:34:33 | 23s |   [FAIL] 下载失败 | https://p26-sign.douyinpic.com/tos-cn-i-p14lwwcsbr/8021ec5dcc93470b9ff105110e288cd7~tplv-p14lwwcsbr- | 原因=所有CDN均失败
2026-05-05 17:34:33 | 23s |   [FAIL] 下载失败 | replies.id=18126 api_type=reply_image | 表=replies | aweme=7560954743410675002 | 字段=image_list | 原因=下载失败
2026-05-05 17:34:41 | 31s |   [UPLOAD] ↑ MS4wLjABAAAA2FYVN1jBWaTVasx7wXcsK0rCPfSYixt5-J1pUegQIbA/avatars/56e7865b5eeaf62338a305f6f99ccb82.jpeg
2026-05-05 17:34:41 | 31s |   [UPLOAD] ↑ MS4wLjABAAAA2FYVN1jBWaTVasx7wXcsK0rCPfSYixt5-J1pUegQIbA/avatars/41c136fd98673932d657f9fe90d03b1e.jpeg
2026-05-05 17:34:41 | 31s |   [UPLOAD] ↑ MS4wLjABAAAA2FYVN1jBWaTVasx7wXcsK0rCPfSYixt5-J1pUegQIbA/avatars/4b68238c59db3a5fab14eb07204cf248.jpeg
2026-05-05 17:34:41 | 31s |   [UPLOAD] ↑ MS4wLjABAAAA2FYVN1jBWaTVasx7wXcsK0rCPfSYixt5-J1pUegQIbA/avatars/3d04fc67af0cea409363b8e4433bc035.jpeg
2026-05-05 17:34:41 | 31s |   [UPLOAD] ↑ MS4wLjABAAAA2FYVN1jBWaTVasx7wXcsK0rCPfSYixt5-J1pUegQIbA/avatars/af18607289067e6394ac4777c8c6f618.jpeg
2026-05-05 17:34:41 | 31s |   [UPLOAD] ↑ MS4wLjABAAAA2FYVN1jBWaTVasx7wXcsK0rCPfSYixt5-J1pUegQIbA/stickers/0724f32e8c3c565f9d990f933a9968b8.jpg
2026-05-05 17:34:41 | 31s |   [UPLOAD] ↑ MS4wLjABAAAA2FYVN1jBWaTVasx7wXcsK0rCPfSYixt5-J1pUegQIbA/avatars/a82e29c6ce30b01b13a79d6f85520f89.jpeg
2026-05-05 17:34:41 | 31s |   [UPLOAD] ↑ MS4wLjABAAAA2FYVN1jBWaTVasx7wXcsK0rCPfSYixt5-J1pUegQIbA/stickers/a24997b224c257947770ef8255ddc041.jpg
2026-05-05 17:34:41 | 31s |   [UPLOAD] ↑ MS4wLjABAAAA2FYVN1jBWaTVasx7wXcsK0rCPfSYixt5-J1pUegQIbA/avatars/4ca3c5705003c9929e4b9317ae39e76f.jpeg
2026-05-05 17:34:41 | 31s |   [UPLOAD] ↑ MS4wLjABAAAA2FYVN1jBWaTVasx7wXcsK0rCPfSYixt5-J1pUegQIbA/avatars/c30ee86225666984931817ddab5d72d6.jpeg
2026-05-05 17:34:41 | 31s |   [UPLOAD] ↑ MS4wLjABAAAA2FYVN1jBWaTVasx7wXcsK0rCPfSYixt5-J1pUegQIbA/avatars/2d416bb369b49140426c953db998956b.jpeg
2026-05-05 17:34:41 | 31s |   [UPLOAD] ↑ MS4wLjABAAAA2FYVN1jBWaTVasx7wXcsK0rCPfSYixt5-J1pUegQIbA/avatars/ef850c4d02130590f8f41f5da229c5ab.jpeg
2026-05-05 17:34:41 | 31s |   [UPLOAD] ↑ MS4wLjABAAAA2FYVN1jBWaTVasx7wXcsK0rCPfSYixt5-J1pUegQIbA/avatars/acf65d2760b0770fa359e519b6f38ebb.jpeg
2026-05-05 17:34:41 | 31s |   [UPLOAD] ↑ MS4wLjABAAAA2FYVN1jBWaTVasx7wXcsK0rCPfSYixt5-J1pUegQIbA/avatars/38b17b1ec9e9d305b2b1b9b4eb053199.jpeg
2026-05-05 17:34:41 | 31s |   [UPLOAD] ↑ MS4wLjABAAAA2FYVN1jBWaTVasx7wXcsK0rCPfSYixt5-J1pUegQIbA/avatars/8be0dca25ec993724f110bf23532c3e6.jpeg
2026-05-05 17:34:41 | 31s |   [UPLOAD] ↑ MS4wLjABAAAA2FYVN1jBWaTVasx7wXcsK0rCPfSYixt5-J1pUegQIbA/images/40b2db9298c7f746abd8319cbcc1a929.jpg
2026-05-05 17:34:41 | 31s |   [UPLOAD] ↑ MS4wLjABAAAA2FYVN1jBWaTVasx7wXcsK0rCPfSYixt5-J1pUegQIbA/avatars/c3e47682b2e22d5ab23472b8cc99f876.jpeg
2026-05-05 17:34:41 | 31s |   [UPLOAD] ↑ MS4wLjABAAAA2FYVN1jBWaTVasx7wXcsK0rCPfSYixt5-J1pUegQIbA/avatars/66413c43e1f2c87ec348c47fa69fa51e.jpeg
2026-05-05 17:34:41 | 31s |   [UPLOAD] ↑ MS4wLjABAAAA2FYVN1jBWaTVasx7wXcsK0rCPfSYixt5-J1pUegQIbA/avatars/98352513c4db2a7c725a8319f00d9872.jpeg
2026-05-05 17:34:41 | 31s |   [UPLOAD] ↑ MS4wLjABAAAA2FYVN1jBWaTVasx7wXcsK0rCPfSYixt5-J1pUegQIbA/avatars/83bbfc752f4e2abfe2979c505fe29ef4.jpeg
2026-05-05 17:34:41 | 31s |   [UPLOAD] ↑ MS4wLjABAAAA2FYVN1jBWaTVasx7wXcsK0rCPfSYixt5-J1pUegQIbA/avatars/c8ae89899f7bbee5930656048442d911.jpeg
2026-05-05 17:34:41 | 31s |   [UPLOAD] ↑ MS4wLjABAAAA2FYVN1jBWaTVasx7wXcsK0rCPfSYixt5-J1pUegQIbA/stickers/64dddb011e5c7e3bca8c195a3d3c0300.gif
2026-05-05 17:34:41 | 31s |   [UPLOAD] ↑ MS4wLjABAAAA2FYVN1jBWaTVasx7wXcsK0rCPfSYixt5-J1pUegQIbA/stickers/ac96b8553a43643ccbc5c0a18e68c716.png
2026-05-05 17:34:41 | 31s |   [UPLOAD] ↑ MS4wLjABAAAA2FYVN1jBWaTVasx7wXcsK0rCPfSYixt5-J1pUegQIbA/avatars/5345eb09cf15a35403e8ecb83418295f.jpeg
2026-05-05 17:34:41 | 31s |   [UPLOAD] ↑ MS4wLjABAAAA2FYVN1jBWaTVasx7wXcsK0rCPfSYixt5-J1pUegQIbA/avatars/c2622bafb71763152da9dc4e9c71556d.jpeg
2026-05-05 17:34:41 | 31s |   [UPLOAD] ↑ MS4wLjABAAAA2FYVN1jBWaTVasx7wXcsK0rCPfSYixt5-J1pUegQIbA/avatars/7291a1c8eda6cdb00e7c0887f1aa59ec.jpeg
2026-05-05 17:34:41 | 31s |   [UPLOAD] ↑ MS4wLjABAAAA2FYVN1jBWaTVasx7wXcsK0rCPfSYixt5-J1pUegQIbA/avatars/d49444edac78187f74fc17aa27efde94.jpeg
2026-05-05 17:34:41 | 31s |   [UPLOAD] ↑ MS4wLjABAAAA2FYVN1jBWaTVasx7wXcsK0rCPfSYixt5-J1pUegQIbA/avatars/b2b5f7246496a5c5f2ec5291a63815b5.jpeg
2026-05-05 17:34:41 | 31s |   [UPLOAD] ↑ MS4wLjABAAAA2FYVN1jBWaTVasx7wXcsK0rCPfSYixt5-J1pUegQIbA/images/d68947c830b12d8abde95953e7924638.jpg
2026-05-05 17:34:41 | 31s |   [UPLOAD] ↑ MS4wLjABAAAA2FYVN1jBWaTVasx7wXcsK0rCPfSYixt5-J1pUegQIbA/avatars/da4834b0b16e4e88bdb0ee0a7190f027.jpeg
2026-05-05 17:34:41 | 31s |   [UPLOAD] ↑ MS4wLjABAAAA2FYVN1jBWaTVasx7wXcsK0rCPfSYixt5-J1pUegQIbA/avatars/63cc215e3ed3213f63de3f2d7a45cfb8.jpeg
2026-05-05 17:34:41 | 31s |   [UPLOAD] ↑ MS4wLjABAAAA2FYVN1jBWaTVasx7wXcsK0rCPfSYixt5-J1pUegQIbA/avatars/4cba23e72a22885eb7efe31168520284.jpeg
2026-05-05 17:34:41 | 31s |   [UPLOAD] ↑ MS4wLjABAAAA2FYVN1jBWaTVasx7wXcsK0rCPfSYixt5-J1pUegQIbA/avatars/329b29e92110b6c168c31edb351aa9f6.jpeg
2026-05-05 17:34:41 | 31s |   [UPLOAD] ↑ MS4wLjABAAAA2FYVN1jBWaTVasx7wXcsK0rCPfSYixt5-J1pUegQIbA/stickers/a693b2207d5d06659dfe7822eacb7627.gif
2026-05-05 17:34:41 | 31s |   [UPLOAD] ↑ MS4wLjABAAAA2FYVN1jBWaTVasx7wXcsK0rCPfSYixt5-J1pUegQIbA/avatars/da5c42b5a18241cd35abac0e6b373cad.jpeg
2026-05-05 17:34:41 | 31s |   [UPLOAD] ↑ MS4wLjABAAAA2FYVN1jBWaTVasx7wXcsK0rCPfSYixt5-J1pUegQIbA/avatars/1dfca782aded52d19e5ca9671fe78fcd.jpeg
2026-05-05 17:34:41 | 31s |   [UPLOAD] ↑ MS4wLjABAAAA2FYVN1jBWaTVasx7wXcsK0rCPfSYixt5-J1pUegQIbA/images/f6c17923a7f89358b5a7df6e89baecd9.png
2026-05-05 17:34:41 | 31s |   [UPLOAD] ↑ MS4wLjABAAAA2FYVN1jBWaTVasx7wXcsK0rCPfSYixt5-J1pUegQIbA/avatars/d897ec7f7b491db817f6fbd58dd3264d.jpeg
2026-05-05 17:34:41 | 31s |   [UPLOAD] ↑ MS4wLjABAAAA2FYVN1jBWaTVasx7wXcsK0rCPfSYixt5-J1pUegQIbA/avatars/ba89892732a044f7f0cb79ff1a44f2cc.jpeg
2026-05-05 17:34:41 | 31s |   [UPLOAD] ↑ MS4wLjABAAAA2FYVN1jBWaTVasx7wXcsK0rCPfSYixt5-J1pUegQIbA/avatars/3cabc31339b3ef0f4d96643c358eaa6d.jpeg
2026-05-05 17:34:41 | 31s |   [UPLOAD] ↑ MS4wLjABAAAA2FYVN1jBWaTVasx7wXcsK0rCPfSYixt5-J1pUegQIbA/avatars/bd0b92e2bde39035d6d09084fab7956f.jpeg
2026-05-05 17:34:41 | 31s |   [UPLOAD] ↑ MS4wLjABAAAA2FYVN1jBWaTVasx7wXcsK0rCPfSYixt5-J1pUegQIbA/avatars/d4f87a8496ba3aa1a437fece17e8c29a.jpeg
2026-05-05 17:34:41 | 31s |   [UPLOAD] ↑ MS4wLjABAAAA2FYVN1jBWaTVasx7wXcsK0rCPfSYixt5-J1pUegQIbA/avatars/91081955393a8fef032148ee2bb7518b.jpeg
2026-05-05 17:34:41 | 31s |   [UPLOAD] ↑ MS4wLjABAAAA2FYVN1jBWaTVasx7wXcsK0rCPfSYixt5-J1pUegQIbA/avatars/f09ea54bed534d8e1038f15d101b072f.jpeg
2026-05-05 17:34:41 | 31s |   [UPLOAD] ↑ MS4wLjABAAAA2FYVN1jBWaTVasx7wXcsK0rCPfSYixt5-J1pUegQIbA/avatars/b5c7aad23c5d701888b3e44460d6f302.jpeg
2026-05-05 17:34:41 | 31s |   [UPLOAD] ↑ MS4wLjABAAAA2FYVN1jBWaTVasx7wXcsK0rCPfSYixt5-J1pUegQIbA/images/0cd999b444a24dc22521bdd71a606ff7.jpg
2026-05-05 17:34:41 | 31s |   [UPLOAD] ↑ MS4wLjABAAAA2FYVN1jBWaTVasx7wXcsK0rCPfSYixt5-J1pUegQIbA/avatars/e98b71e49c7f20adc24b2adaa35d2d3d.jpeg
2026-05-05 17:34:41 | 31s |   [UPLOAD] ↑ MS4wLjABAAAA2FYVN1jBWaTVasx7wXcsK0rCPfSYixt5-J1pUegQIbA/stickers/5d0e231dc516d925d3d5fd86c05eb29b.webp
2026-05-05 17:34:41 | 31s |   [UPLOAD] ↑ MS4wLjABAAAA2FYVN1jBWaTVasx7wXcsK0rCPfSYixt5-J1pUegQIbA/images/857969db4e9a35e68fed492cfe803b66.jpg
2026-05-05 17:34:41 | 31s |   [UPLOAD] ↑ MS4wLjABAAAA2FYVN1jBWaTVasx7wXcsK0rCPfSYixt5-J1pUegQIbA/avatars/619241b2e4a5d3c935ec4399d4fcb868.jpeg
2026-05-05 17:34:41 | 31s |   [DB] 📝 待更新: 51 行
2026-05-05 17:34:41 | 31s |   [DB] ✅ commit 成功: 51 行已写入
2026-05-05 17:34:43 | 32s |   [DL] ⚠️  HTTP 403: https://p3-sign.douyinpic.com/tos-cn-i-p14lwwcsbr/e2a2935810aa4b8b87c5d164afb794...
2026-05-05 17:34:43 | 32s |   [DL] ⚠️  HTTP 403: https://p5-ex-gddgtc-sign.douyinpic.com/tos-cn-i-p14lwwcsbr/e2a2935810aa4b8b87c5...
2026-05-05 17:34:43 | 32s |   [DL] ⚠️  HTTP 403: https://p11-sign.douyinpic.com/tos-cn-i-p14lwwcsbr/e2a2935810aa4b8b87c5d164afb79...
2026-05-05 17:34:43 | 33s |   [DL] ⚠️  HTTP 403: https://p3-sign.douyinpic.com/tos-cn-i-p14lwwcsbr/e2a2935810aa4b8b87c5d164afb794...
2026-05-05 17:34:43 | 33s |   [DL] ❌ 下载失败，最后尝试的 URL: https://p3-sign.douyinpic.com/tos-cn-i-p14lwwcsbr/e2a2935810aa4b8b87c5d164afb7945e~tplv-p14lwwcsbr-7.jpeg?lk3s=7b078dd2&x-expires=1776938400&x-signature=sJh8%2BJ1%2Bwp2D6rGewepcZnCJYjA%3D&from=2064092626&se=false&sc=image&biz_tag=aweme_comment&l=20260422172339C383647A97FC9F534DAE
2026-05-05 17:34:43 | 33s |   [FAIL] 下载失败 | https://p3-sign.douyinpic.com/tos-cn-i-p14lwwcsbr/e2a2935810aa4b8b87c5d164afb7945e~tplv-p14lwwcsbr-7 | 原因=所有CDN均失败
2026-05-05 17:34:43 | 33s |   [FAIL] 下载失败 | comments.id=85119 api_type=comment_image | 表=comments | aweme=7560954743410675002 | 字段=image_list | 原因=下载失败
2026-05-05 17:34:46 | 36s |   [DL] ⚠️  HTTP 403: https://p26-sign.douyinpic.com/tos-cn-i-p14lwwcsbr/bd6e2809edac430686f01de210250...
2026-05-05 17:34:47 | 36s |   [DL] ⚠️  HTTP 403: https://p3-sign.douyinpic.com/tos-cn-i-p14lwwcsbr/bd6e2809edac430686f01de210250c...
2026-05-05 17:34:47 | 36s |   [DL] ⚠️  HTTP 403: https://p5-ex-gddgtc-sign.douyinpic.com/tos-cn-i-p14lwwcsbr/bd6e2809edac430686f0...
2026-05-05 17:34:47 | 37s |   [DL] ⚠️  HTTP 403: https://p26-sign.douyinpic.com/tos-cn-i-p14lwwcsbr/bd6e2809edac430686f01de210250...
2026-05-05 17:34:47 | 37s |   [DL] ❌ 下载失败，最后尝试的 URL: https://p26-sign.douyinpic.com/tos-cn-i-p14lwwcsbr/bd6e2809edac430686f01de210250cd4~tplv-p14lwwcsbr-7.jpeg?lk3s=7b078dd2&x-expires=1776934800&x-signature=p%2Bv%2Bj6Fggg8zWPl3wQ3A17jcSSY%3D&from=2064092626&se=false&sc=image&biz_tag=aweme_comment&l=20260422160926C47854014D9E4955E272
2026-05-05 17:34:47 | 37s |   [FAIL] 下载失败 | https://p26-sign.douyinpic.com/tos-cn-i-p14lwwcsbr/bd6e2809edac430686f01de210250cd4~tplv-p14lwwcsbr- | 原因=所有CDN均失败
2026-05-05 17:34:47 | 37s |   [FAIL] 下载失败 | comments.id=55094 api_type=comment_image | 表=comments | aweme=7476411176209976636 | 字段=image_list | 原因=下载失败
2026-05-05 17:34:48 | 37s |   [DL] ⚠️  网络错误 (ConnectTimeout): https://p11-sign.douyinpic.com/tos-cn-i-p14lwwcsbr/76d17b1c6935419b88c5ecf2b492d...
2026-05-05 17:34:51 | 40s |   [UPLOAD] ↑ MS4wLjABAAAA2FYVN1jBWaTVasx7wXcsK0rCPfSYixt5-J1pUegQIbA/stickers/53745c4e14facdd3fcce22dfbc8ceccd.gif
2026-05-05 17:34:51 | 40s |   [UPLOAD] ↑ MS4wLjABAAAA2FYVN1jBWaTVasx7wXcsK0rCPfSYixt5-J1pUegQIbA/images/c16828022f1cba0373c186620f69af44.jpg
2026-05-05 17:34:51 | 40s |   [UPLOAD] ↑ MS4wLjABAAAA2FYVN1jBWaTVasx7wXcsK0rCPfSYixt5-J1pUegQIbA/avatars/95976880ff0447f80dc15d3d27fd7745.jpeg
2026-05-05 17:34:51 | 40s |   [UPLOAD] ↑ MS4wLjABAAAA2FYVN1jBWaTVasx7wXcsK0rCPfSYixt5-J1pUegQIbA/stickers/5df6971ff0a325d92fbf799b9bd08e07.jpg
2026-05-05 17:34:51 | 40s |   [UPLOAD] ↑ MS4wLjABAAAA2FYVN1jBWaTVasx7wXcsK0rCPfSYixt5-J1pUegQIbA/avatars/a691131be22b181515bd3fbf78285d62.jpeg
2026-05-05 17:34:51 | 40s |   [UPLOAD] ↑ MS4wLjABAAAA2FYVN1jBWaTVasx7wXcsK0rCPfSYixt5-J1pUegQIbA/avatars/7b4c9986900866a50427f51cff0b4f1f.jpeg
2026-05-05 17:34:51 | 40s |   [UPLOAD] ↑ MS4wLjABAAAA2FYVN1jBWaTVasx7wXcsK0rCPfSYixt5-J1pUegQIbA/images/ce7fac09f6e60a6155d24fe3cca3050f.jpg
2026-05-05 17:34:51 | 40s |   [UPLOAD] ↑ MS4wLjABAAAA2FYVN1jBWaTVasx7wXcsK0rCPfSYixt5-J1pUegQIbA/avatars/02e6048c147fc42baabf397a63211c83.jpeg
2026-05-05 17:34:51 | 40s |   [UPLOAD] ↑ MS4wLjABAAAA2FYVN1jBWaTVasx7wXcsK0rCPfSYixt5-J1pUegQIbA/avatars/0889e81f9c69f7fc1ff0eb0db735e3f5.jpeg
2026-05-05 17:34:51 | 40s |   [UPLOAD] ↑ MS4wLjABAAAA2FYVN1jBWaTVasx7wXcsK0rCPfSYixt5-J1pUegQIbA/avatars/d2da0700f3dde23ed7a6c72e632cad4a.jpeg
2026-05-05 17:34:51 | 40s |   [UPLOAD] ↑ MS4wLjABAAAA2FYVN1jBWaTVasx7wXcsK0rCPfSYixt5-J1pUegQIbA/avatars/971d1988fc82b7360a09a83dcd67fac4.jpeg
2026-05-05 17:34:51 | 40s |   [UPLOAD] ↑ MS4wLjABAAAA2FYVN1jBWaTVasx7wXcsK0rCPfSYixt5-J1pUegQIbA/avatars/a0253c4d5d8150fc339563da6f3319be.jpeg
2026-05-05 17:34:51 | 40s |   [UPLOAD] ↑ MS4wLjABAAAA2FYVN1jBWaTVasx7wXcsK0rCPfSYixt5-J1pUegQIbA/avatars/1918f73fde149898033dfea9802d940c.jpeg
2026-05-05 17:34:51 | 40s |   [UPLOAD] ↑ MS4wLjABAAAA2FYVN1jBWaTVasx7wXcsK0rCPfSYixt5-J1pUegQIbA/avatars/0e1b458d3ca5c55d6cd301baa563c0ed.jpeg
2026-05-05 17:34:51 | 40s |   [UPLOAD] ↑ MS4wLjABAAAA2FYVN1jBWaTVasx7wXcsK0rCPfSYixt5-J1pUegQIbA/avatars/0ef7939fafad77977f3d0f19e27c2ca6.jpeg
2026-05-05 17:34:51 | 40s |   [UPLOAD] ↑ MS4wLjABAAAA2FYVN1jBWaTVasx7wXcsK0rCPfSYixt5-J1pUegQIbA/avatars/9462625b568ab665f439e1b3c3c972aa.jpeg
2026-05-05 17:34:51 | 40s |   [UPLOAD] ↑ MS4wLjABAAAA2FYVN1jBWaTVasx7wXcsK0rCPfSYixt5-J1pUegQIbA/stickers/717d84ce43875de075a36523a18a8d6a.gif
2026-05-05 17:34:51 | 40s |   [UPLOAD] ↑ MS4wLjABAAAA2FYVN1jBWaTVasx7wXcsK0rCPfSYixt5-J1pUegQIbA/avatars/d01685f682b5589b44af265b5e34bfc7.jpeg
2026-05-05 17:34:51 | 40s |   [UPLOAD] ↑ MS4wLjABAAAA2FYVN1jBWaTVasx7wXcsK0rCPfSYixt5-J1pUegQIbA/avatars/4e2c62a3035428facfa6d513cbcf533d.jpeg
2026-05-05 17:34:51 | 40s |   [UPLOAD] ↑ MS4wLjABAAAA2FYVN1jBWaTVasx7wXcsK0rCPfSYixt5-J1pUegQIbA/stickers/ee6dce4e957cb871aa830b46bb3ee646.gif
2026-05-05 17:34:51 | 40s |   [UPLOAD] ↑ MS4wLjABAAAA2FYVN1jBWaTVasx7wXcsK0rCPfSYixt5-J1pUegQIbA/avatars/1a944655b7f9ae116a5afc3aa0a198a7.jpeg
2026-05-05 17:34:51 | 40s |   [UPLOAD] ↑ MS4wLjABAAAA2FYVN1jBWaTVasx7wXcsK0rCPfSYixt5-J1pUegQIbA/avatars/e0e4e0306ead01f45eae311ac554c0f9.jpeg
2026-05-05 17:34:51 | 40s |   [UPLOAD] ↑ MS4wLjABAAAA2FYVN1jBWaTVasx7wXcsK0rCPfSYixt5-J1pUegQIbA/avatars/9c97d7e35eeb8c769aab63402c2818e2.jpeg
2026-05-05 17:34:51 | 40s |   [UPLOAD] ↑ MS4wLjABAAAA2FYVN1jBWaTVasx7wXcsK0rCPfSYixt5-J1pUegQIbA/avatars/c75c4b78a1d84191a97ef10a6a25166c.jpeg
2026-05-05 17:34:51 | 40s |   [UPLOAD] ↑ MS4wLjABAAAA2FYVN1jBWaTVasx7wXcsK0rCPfSYixt5-J1pUegQIbA/avatars/01f00a1276700968ae2298340e34d2db.jpeg
2026-05-05 17:34:51 | 40s |   [UPLOAD] ↑ MS4wLjABAAAA2FYVN1jBWaTVasx7wXcsK0rCPfSYixt5-J1pUegQIbA/avatars/0b5a35b7ff7ef3f55e59216dae5e101f.jpeg
2026-05-05 17:34:51 | 40s |   [UPLOAD] ↑ MS4wLjABAAAA2FYVN1jBWaTVasx7wXcsK0rCPfSYixt5-J1pUegQIbA/avatars/a4676b489bfc3d05e46bb813f8aa1224.jpeg
2026-05-05 17:34:51 | 40s |   [UPLOAD] ↑ MS4wLjABAAAA2FYVN1jBWaTVasx7wXcsK0rCPfSYixt5-J1pUegQIbA/avatars/2dbe2ace59c92b0d140133183067a118.jpeg
2026-05-05 17:34:51 | 40s |   [UPLOAD] ↑ MS4wLjABAAAA2FYVN1jBWaTVasx7wXcsK0rCPfSYixt5-J1pUegQIbA/avatars/cc396bb07a91bbb719107217c1ca2cf3.jpeg
2026-05-05 17:34:51 | 40s |   [UPLOAD] ↑ MS4wLjABAAAA2FYVN1jBWaTVasx7wXcsK0rCPfSYixt5-J1pUegQIbA/avatars/52ca0e4d8a1a2ceeedc1e3841789062f.jpeg
2026-05-05 17:34:51 | 40s |   [UPLOAD] ↑ MS4wLjABAAAA2FYVN1jBWaTVasx7wXcsK0rCPfSYixt5-J1pUegQIbA/stickers/b304b82fa9953bc8be82428af95e2e40.webp
2026-05-05 17:34:51 | 40s |   [UPLOAD] ↑ MS4wLjABAAAA2FYVN1jBWaTVasx7wXcsK0rCPfSYixt5-J1pUegQIbA/stickers/36b6f7d10df643f2b12c1873567d1e47.gif
2026-05-05 17:34:51 | 40s |   [UPLOAD] ↑ MS4wLjABAAAA2FYVN1jBWaTVasx7wXcsK0rCPfSYixt5-J1pUegQIbA/avatars/2e7f7114e4daec644f03d71ba1b1ec82.jpeg
2026-05-05 17:34:51 | 40s |   [UPLOAD] ↑ MS4wLjABAAAA2FYVN1jBWaTVasx7wXcsK0rCPfSYixt5-J1pUegQIbA/avatars/943fbbdb980cc3a57989af482fd83fb7.jpeg
2026-05-05 17:34:51 | 40s |   [UPLOAD] ↑ MS4wLjABAAAA2FYVN1jBWaTVasx7wXcsK0rCPfSYixt5-J1pUegQIbA/avatars/b5c3bd8578603fc85a1d7a5f818b97f9.jpeg
2026-05-05 17:34:51 | 40s |   [UPLOAD] ↑ MS4wLjABAAAA2FYVN1jBWaTVasx7wXcsK0rCPfSYixt5-J1pUegQIbA/stickers/727c8abc5afd61551738d7537709f59c.gif
2026-05-05 17:34:51 | 40s |   [UPLOAD] ↑ MS4wLjABAAAA2FYVN1jBWaTVasx7wXcsK0rCPfSYixt5-J1pUegQIbA/avatars/5e42ba47905858588c3d02d2a71b8f76.jpeg
2026-05-05 17:34:51 | 40s |   [UPLOAD] ↑ MS4wLjABAAAA2FYVN1jBWaTVasx7wXcsK0rCPfSYixt5-J1pUegQIbA/avatars/378ce7e031656372148240687758c306.jpeg
2026-05-05 17:34:51 | 40s |   [UPLOAD] ↑ MS4wLjABAAAA2FYVN1jBWaTVasx7wXcsK0rCPfSYixt5-J1pUegQIbA/stickers/54eec80153466dbd720f090ecf45976c.gif
2026-05-05 17:34:51 | 40s |   [UPLOAD] ↑ MS4wLjABAAAA2FYVN1jBWaTVasx7wXcsK0rCPfSYixt5-J1pUegQIbA/avatars/1c8c7e1442838bee34d70c85f4ed341a.jpeg
2026-05-05 17:34:51 | 40s |   [UPLOAD] ↑ MS4wLjABAAAA2FYVN1jBWaTVasx7wXcsK0rCPfSYixt5-J1pUegQIbA/stickers/f8c11129619588f72c2a1cc2ad0c75d5.gif
2026-05-05 17:34:51 | 40s |   [UPLOAD] ↑ MS4wLjABAAAA2FYVN1jBWaTVasx7wXcsK0rCPfSYixt5-J1pUegQIbA/stickers/c133c7a51c5f18d6e13e7ee845208120.gif
2026-05-05 17:34:51 | 40s |   [UPLOAD] ↑ MS4wLjABAAAA2FYVN1jBWaTVasx7wXcsK0rCPfSYixt5-J1pUegQIbA/avatars/da702fc1fab5571c9e23812f532ca61a.jpeg
2026-05-05 17:34:51 | 40s |   [UPLOAD] ↑ MS4wLjABAAAA2FYVN1jBWaTVasx7wXcsK0rCPfSYixt5-J1pUegQIbA/avatars/c77e22778db849ec7858bcb4d9c3102a.jpeg
2026-05-05 17:34:51 | 40s |   [UPLOAD] ↑ MS4wLjABAAAA2FYVN1jBWaTVasx7wXcsK0rCPfSYixt5-J1pUegQIbA/avatars/3832d259c590ebf2d6f7baade49af380.jpeg
2026-05-05 17:34:51 | 40s |   [UPLOAD] ↑ MS4wLjABAAAA2FYVN1jBWaTVasx7wXcsK0rCPfSYixt5-J1pUegQIbA/stickers/e4fceb8e237b57a1e61802ba156dc938.gif
2026-05-05 17:34:51 | 40s |   [UPLOAD] ↑ MS4wLjABAAAA2FYVN1jBWaTVasx7wXcsK0rCPfSYixt5-J1pUegQIbA/avatars/64a134e88de3baae6e32a50a58a925aa.jpeg
2026-05-05 17:34:51 | 40s |   [UPLOAD] ↑ MS4wLjABAAAA2FYVN1jBWaTVasx7wXcsK0rCPfSYixt5-J1pUegQIbA/avatars/ecdd2a440581a415eaff8c62edd6d7cf.jpeg
2026-05-05 17:34:51 | 40s |   [UPLOAD] ↑ MS4wLjABAAAA2FYVN1jBWaTVasx7wXcsK0rCPfSYixt5-J1pUegQIbA/avatars/91265c9748a1fdf25da9ce7426f16686.jpeg
2026-05-05 17:34:51 | 40s |   [UPLOAD] ↑ MS4wLjABAAAA2FYVN1jBWaTVasx7wXcsK0rCPfSYixt5-J1pUegQIbA/avatars/1e1e448f52029a61ebb3addc1ba3ab22.jpeg
2026-05-05 17:34:51 | 40s |   [DB] 📝 待更新: 53 行
2026-05-05 17:34:51 | 40s |   [DB] ✅ commit 成功: 53 行已写入
2026-05-05 17:34:55 | 44s |   [DL] ⚠️  HTTP 403: https://p5-ex-gddgtc-sign.douyinpic.com/obj/douyin-user-image-file/8c8844d242627...
2026-05-05 17:34:55 | 44s |   [DL] ❌ 下载失败，最后尝试的 URL: https://p5-ex-gddgtc-sign.douyinpic.com/obj/douyin-user-image-file/8c8844d242627c599d1e61a6c3f3f7a3?lk3s=7b078dd2&x-expires=1776938400&x-signature=3mPhXzM1XGYjiux88h2FMYLDAV0%3D&from=2064092626&s=sticker_comment&se=false&sc=sticker_heif&biz_tag=aweme_comment&l=20260422172351E72952BBBF2BB254ED0C
2026-05-05 17:34:55 | 44s |   [FAIL] 下载失败 | https://p5-ex-gddgtc-sign.douyinpic.com/obj/douyin-user-image-file/8c8844d242627c599d1e61a6c3f3f7a3? | 原因=所有CDN均失败
2026-05-05 17:34:55 | 44s |   [FAIL] 下载失败 | comments.id=85194 api_type=comment_sticker | 表=comments | aweme=7560954743410675002 | 字段=sticker | 原因=下载失败
2026-05-05 17:34:59 | 49s |   [UPLOAD] ↑ MS4wLjABAAAA2FYVN1jBWaTVasx7wXcsK0rCPfSYixt5-J1pUegQIbA/avatars/1c5a0a39e841429ab33e36ff6fab43ca.jpeg
2026-05-05 17:34:59 | 49s |   [UPLOAD] ↑ MS4wLjABAAAA2FYVN1jBWaTVasx7wXcsK0rCPfSYixt5-J1pUegQIbA/avatars/ec70ed23f7c042afcf712300f116bb34.jpeg
2026-05-05 17:34:59 | 49s |   [UPLOAD] ↑ MS4wLjABAAAA2FYVN1jBWaTVasx7wXcsK0rCPfSYixt5-J1pUegQIbA/avatars/afbc0743c603f309d135812da108c7e1.jpeg
2026-05-05 17:34:59 | 49s |   [UPLOAD] ↑ MS4wLjABAAAA2FYVN1jBWaTVasx7wXcsK0rCPfSYixt5-J1pUegQIbA/avatars/bce839552b18d8dd8b10793d5bb951ef.jpeg
2026-05-05 17:34:59 | 49s |   [UPLOAD] ↑ MS4wLjABAAAA2FYVN1jBWaTVasx7wXcsK0rCPfSYixt5-J1pUegQIbA/avatars/6b89712ec9be886ff0031f6e8969ea05.jpeg
2026-05-05 17:34:59 | 49s |   [UPLOAD] ↑ MS4wLjABAAAA2FYVN1jBWaTVasx7wXcsK0rCPfSYixt5-J1pUegQIbA/stickers/8d78547368eed14b62f1a1fe4c1064b6.gif
2026-05-05 17:34:59 | 49s |   [UPLOAD] ↑ MS4wLjABAAAA2FYVN1jBWaTVasx7wXcsK0rCPfSYixt5-J1pUegQIbA/avatars/33af10b160e1e30e5632c91893b189cd.jpeg
2026-05-05 17:34:59 | 49s |   [UPLOAD] ↑ MS4wLjABAAAA2FYVN1jBWaTVasx7wXcsK0rCPfSYixt5-J1pUegQIbA/images/a4689b7ea070b77ffcca5f25ee7de40b.jpg
2026-05-05 17:34:59 | 49s |   [UPLOAD] ↑ MS4wLjABAAAA2FYVN1jBWaTVasx7wXcsK0rCPfSYixt5-J1pUegQIbA/avatars/c747fade180b77df1d0182592dfb6c5f.jpeg
2026-05-05 17:34:59 | 49s |   [UPLOAD] ↑ MS4wLjABAAAA2FYVN1jBWaTVasx7wXcsK0rCPfSYixt5-J1pUegQIbA/avatars/c25eec22d316575f47b8e6ab449d1cb6.jpeg
2026-05-05 17:34:59 | 49s |   [UPLOAD] ↑ MS4wLjABAAAA2FYVN1jBWaTVasx7wXcsK0rCPfSYixt5-J1pUegQIbA/avatars/b5648d6a72e71a150cbfc3c8ad1bdbac.jpeg
2026-05-05 17:34:59 | 49s |   [UPLOAD] ↑ MS4wLjABAAAA2FYVN1jBWaTVasx7wXcsK0rCPfSYixt5-J1pUegQIbA/avatars/658850f029f3c13ca36990d6fdbfcbd7.jpeg
2026-05-05 17:34:59 | 49s |   [UPLOAD] ↑ MS4wLjABAAAA2FYVN1jBWaTVasx7wXcsK0rCPfSYixt5-J1pUegQIbA/avatars/fbaef8e7eb613c5e17cc44992894f881.jpeg
2026-05-05 17:34:59 | 49s |   [UPLOAD] ↑ MS4wLjABAAAA2FYVN1jBWaTVasx7wXcsK0rCPfSYixt5-J1pUegQIbA/stickers/eb0ac34c1219fa3c99c6188f5e1da630.gif
2026-05-05 17:34:59 | 49s |   [UPLOAD] ↑ MS4wLjABAAAA2FYVN1jBWaTVasx7wXcsK0rCPfSYixt5-J1pUegQIbA/avatars/4972d529780308337f7e5ce9762ab128.jpeg
2026-05-05 17:34:59 | 49s |   [UPLOAD] ↑ MS4wLjABAAAA2FYVN1jBWaTVasx7wXcsK0rCPfSYixt5-J1pUegQIbA/avatars/7b87e1ab8600513ff09030d87bf88ad7.jpeg
2026-05-05 17:34:59 | 49s |   [UPLOAD] ↑ MS4wLjABAAAA2FYVN1jBWaTVasx7wXcsK0rCPfSYixt5-J1pUegQIbA/avatars/2b7ac59973104a3b6a27180c33bbb72b.jpeg
2026-05-05 17:34:59 | 49s |   [UPLOAD] ↑ MS4wLjABAAAA2FYVN1jBWaTVasx7wXcsK0rCPfSYixt5-J1pUegQIbA/avatars/6cc0344507067787f76e58e1f4d4015b.jpeg
2026-05-05 17:34:59 | 49s |   [UPLOAD] ↑ MS4wLjABAAAA2FYVN1jBWaTVasx7wXcsK0rCPfSYixt5-J1pUegQIbA/images/909c6463867dab43b67d053dcd87c426.jpg
2026-05-05 17:34:59 | 49s |   [UPLOAD] ↑ MS4wLjABAAAA2FYVN1jBWaTVasx7wXcsK0rCPfSYixt5-J1pUegQIbA/avatars/2485ff6d82eadb9b879ff66dfb2f5399.jpeg
2026-05-05 17:34:59 | 49s |   [UPLOAD] ↑ MS4wLjABAAAA2FYVN1jBWaTVasx7wXcsK0rCPfSYixt5-J1pUegQIbA/avatars/aa39acba71e039aa2da932b23ee026b1.jpeg
2026-05-05 17:34:59 | 49s |   [UPLOAD] ↑ MS4wLjABAAAA2FYVN1jBWaTVasx7wXcsK0rCPfSYixt5-J1pUegQIbA/avatars/d2f230da27416e6060eed4dcf308f860.jpeg
2026-05-05 17:34:59 | 49s |   [UPLOAD] ↑ MS4wLjABAAAA2FYVN1jBWaTVasx7wXcsK0rCPfSYixt5-J1pUegQIbA/avatars/f50cd067e6dba88a837e935ca8a0f198.jpeg
2026-05-05 17:34:59 | 49s |   [UPLOAD] ↑ MS4wLjABAAAA2FYVN1jBWaTVasx7wXcsK0rCPfSYixt5-J1pUegQIbA/avatars/ea044eb1bc85925eab81b257794080c8.jpeg
2026-05-05 17:34:59 | 49s |   [UPLOAD] ↑ MS4wLjABAAAA2FYVN1jBWaTVasx7wXcsK0rCPfSYixt5-J1pUegQIbA/stickers/f244cf293078c7b80b8c9287f305d1dc.gif
2026-05-05 17:34:59 | 49s |   [UPLOAD] ↑ MS4wLjABAAAA2FYVN1jBWaTVasx7wXcsK0rCPfSYixt5-J1pUegQIbA/avatars/d5e995db84149957c62fd38100e20840.jpeg
2026-05-05 17:34:59 | 49s |   [UPLOAD] ↑ MS4wLjABAAAA2FYVN1jBWaTVasx7wXcsK0rCPfSYixt5-J1pUegQIbA/avatars/6059e8d606d98daa563a63aa87216ca4.jpeg
2026-05-05 17:34:59 | 49s |   [UPLOAD] ↑ MS4wLjABAAAA2FYVN1jBWaTVasx7wXcsK0rCPfSYixt5-J1pUegQIbA/avatars/298974beea214244f584de21be796311.jpeg
2026-05-05 17:34:59 | 49s |   [UPLOAD] ↑ MS4wLjABAAAA2FYVN1jBWaTVasx7wXcsK0rCPfSYixt5-J1pUegQIbA/avatars/00ec98ac5904617cecfc1d276371c661.jpeg
2026-05-05 17:34:59 | 49s |   [UPLOAD] ↑ MS4wLjABAAAA2FYVN1jBWaTVasx7wXcsK0rCPfSYixt5-J1pUegQIbA/avatars/8512c05fe59b38617081d3917a022ec5.jpeg
2026-05-05 17:34:59 | 49s |   [UPLOAD] ↑ MS4wLjABAAAA2FYVN1jBWaTVasx7wXcsK0rCPfSYixt5-J1pUegQIbA/avatars/b7f7cd58903eade852a3dacc175d36ef.jpeg
2026-05-05 17:34:59 | 49s |   [UPLOAD] ↑ MS4wLjABAAAA2FYVN1jBWaTVasx7wXcsK0rCPfSYixt5-J1pUegQIbA/avatars/8ab33ce3fb73fc505bbdb38d0d5e9d4f.jpeg
2026-05-05 17:34:59 | 49s |   [UPLOAD] ↑ MS4wLjABAAAA2FYVN1jBWaTVasx7wXcsK0rCPfSYixt5-J1pUegQIbA/avatars/9e05594181d7ebcb534beed9089a9130.jpeg
2026-05-05 17:34:59 | 49s |   [UPLOAD] ↑ MS4wLjABAAAA2FYVN1jBWaTVasx7wXcsK0rCPfSYixt5-J1pUegQIbA/avatars/4c2fc95145752413f8d74ed454d3ed6f.jpeg
2026-05-05 17:34:59 | 49s |   [UPLOAD] ↑ MS4wLjABAAAA2FYVN1jBWaTVasx7wXcsK0rCPfSYixt5-J1pUegQIbA/avatars/203d198b265a74e0eed87af7a58852ef.jpeg
2026-05-05 17:34:59 | 49s |   [UPLOAD] ↑ MS4wLjABAAAA2FYVN1jBWaTVasx7wXcsK0rCPfSYixt5-J1pUegQIbA/avatars/d66c7ae06dbfb20ed27bdc0356ffb38c.jpeg
2026-05-05 17:34:59 | 49s |   [UPLOAD] ↑ MS4wLjABAAAA2FYVN1jBWaTVasx7wXcsK0rCPfSYixt5-J1pUegQIbA/avatars/5f85d9f71c795eea0b6c2429bd9b042f.jpeg
2026-05-05 17:34:59 | 49s |   [UPLOAD] ↑ MS4wLjABAAAA2FYVN1jBWaTVasx7wXcsK0rCPfSYixt5-J1pUegQIbA/avatars/41a49c204132bb10698217dafd0495b4.jpeg
2026-05-05 17:34:59 | 49s |   [UPLOAD] ↑ MS4wLjABAAAA2FYVN1jBWaTVasx7wXcsK0rCPfSYixt5-J1pUegQIbA/stickers/731a6f45f679c5ef7630760f7e99cf6e.png
2026-05-05 17:34:59 | 49s |   [UPLOAD] ↑ MS4wLjABAAAA2FYVN1jBWaTVasx7wXcsK0rCPfSYixt5-J1pUegQIbA/thumbs/21a09a431f421fff94b538e21a7334cc.jpeg
2026-05-05 17:34:59 | 49s |   [UPLOAD] ↑ MS4wLjABAAAA2FYVN1jBWaTVasx7wXcsK0rCPfSYixt5-J1pUegQIbA/avatars/bc206e95b9dbda90f0a19db29b3503c2.jpeg
2026-05-05 17:34:59 | 49s |   [UPLOAD] ↑ MS4wLjABAAAA2FYVN1jBWaTVasx7wXcsK0rCPfSYixt5-J1pUegQIbA/stickers/0b18243ab856c339d0123d975ab53605.gif
2026-05-05 17:34:59 | 49s |   [UPLOAD] ↑ MS4wLjABAAAA2FYVN1jBWaTVasx7wXcsK0rCPfSYixt5-J1pUegQIbA/avatars/ded8f0c49d484c7d4245c94120a7ba93.jpeg
2026-05-05 17:34:59 | 49s |   [UPLOAD] ↑ MS4wLjABAAAA2FYVN1jBWaTVasx7wXcsK0rCPfSYixt5-J1pUegQIbA/avatars/021af1336164160253238574166fe240.jpeg
2026-05-05 17:34:59 | 49s |   [UPLOAD] ↑ MS4wLjABAAAA2FYVN1jBWaTVasx7wXcsK0rCPfSYixt5-J1pUegQIbA/avatars/dfd4537ee835b20d7bccfe4ebfcdbdd8.jpeg
2026-05-05 17:34:59 | 49s |   [UPLOAD] ↑ MS4wLjABAAAA2FYVN1jBWaTVasx7wXcsK0rCPfSYixt5-J1pUegQIbA/avatars/c139170151e655114c7b6310a433e45b.jpeg
2026-05-05 17:34:59 | 49s |   [UPLOAD] ↑ MS4wLjABAAAA2FYVN1jBWaTVasx7wXcsK0rCPfSYixt5-J1pUegQIbA/avatars/c806791bdc2bed74ff328f07acfb271a.jpeg
2026-05-05 17:34:59 | 49s |   [UPLOAD] ↑ MS4wLjABAAAA2FYVN1jBWaTVasx7wXcsK0rCPfSYixt5-J1pUegQIbA/avatars/2858dff440d6018d32964dbf9b693418.jpeg
2026-05-05 17:34:59 | 49s |   [UPLOAD] ↑ MS4wLjABAAAA2FYVN1jBWaTVasx7wXcsK0rCPfSYixt5-J1pUegQIbA/avatars/f3f14e0eae45a5b9fca009f4c3018bcd.jpeg
2026-05-05 17:34:59 | 49s |   [UPLOAD] ↑ MS4wLjABAAAA2FYVN1jBWaTVasx7wXcsK0rCPfSYixt5-J1pUegQIbA/avatars/93ddd3c6c5ab875bb7bea070cd2fac51.jpeg
2026-05-05 17:34:59 | 49s |   [DB] 📝 待更新: 57 行
2026-05-05 17:34:59 | 49s |   [DB] ✅ commit 成功: 57 行已写入
2026-05-05 17:35:07 | 56s |   [UPLOAD] ↑ MS4wLjABAAAA2FYVN1jBWaTVasx7wXcsK0rCPfSYixt5-J1pUegQIbA/avatars/b21e8c0e516a2ee446bad488aa7f340c.jpeg
2026-05-05 17:35:07 | 56s |   [UPLOAD] ↑ MS4wLjABAAAA2FYVN1jBWaTVasx7wXcsK0rCPfSYixt5-J1pUegQIbA/images/40b2db9298c7f746abd8319cbcc1a929.jpg
2026-05-05 17:35:07 | 56s |   [UPLOAD] ↑ MS4wLjABAAAA2FYVN1jBWaTVasx7wXcsK0rCPfSYixt5-J1pUegQIbA/avatars/f7d2a338312cbb6e583a29abc08d3df6.jpeg
2026-05-05 17:35:07 | 56s |   [UPLOAD] ↑ MS4wLjABAAAA2FYVN1jBWaTVasx7wXcsK0rCPfSYixt5-J1pUegQIbA/avatars/87ebf92bd44d917a790d7c9674dcda8f.jpeg
2026-05-05 17:35:07 | 56s |   [UPLOAD] ↑ MS4wLjABAAAA2FYVN1jBWaTVasx7wXcsK0rCPfSYixt5-J1pUegQIbA/avatars/10cd252c0c8c1989581f3f27567270a3.jpeg
2026-05-05 17:35:07 | 56s |   [UPLOAD] ↑ MS4wLjABAAAA2FYVN1jBWaTVasx7wXcsK0rCPfSYixt5-J1pUegQIbA/avatars/92fb129b4ccda74911da0d6fddb6d4b1.jpeg
2026-05-05 17:35:07 | 56s |   [UPLOAD] ↑ MS4wLjABAAAA2FYVN1jBWaTVasx7wXcsK0rCPfSYixt5-J1pUegQIbA/avatars/d76e62f11f19f647b6b9edc6c9b82508.jpeg
2026-05-05 17:35:07 | 56s |   [UPLOAD] ↑ MS4wLjABAAAA2FYVN1jBWaTVasx7wXcsK0rCPfSYixt5-J1pUegQIbA/avatars/741d65217602eb15a12009d84c0a9cdf.jpeg
2026-05-05 17:35:07 | 56s |   [UPLOAD] ↑ MS4wLjABAAAA2FYVN1jBWaTVasx7wXcsK0rCPfSYixt5-J1pUegQIbA/avatars/46b29a9cd07d2794d4f1e99cd9757f79.jpeg
2026-05-05 17:35:07 | 56s |   [UPLOAD] ↑ MS4wLjABAAAA2FYVN1jBWaTVasx7wXcsK0rCPfSYixt5-J1pUegQIbA/avatars/b81c84e64205b9b67908a09b555a466c.jpeg
2026-05-05 17:35:07 | 56s |   [UPLOAD] ↑ MS4wLjABAAAA2FYVN1jBWaTVasx7wXcsK0rCPfSYixt5-J1pUegQIbA/avatars/bd573056a73814724cacfa7d6d9cf97c.jpeg
2026-05-05 17:35:07 | 56s |   [UPLOAD] ↑ MS4wLjABAAAA2FYVN1jBWaTVasx7wXcsK0rCPfSYixt5-J1pUegQIbA/avatars/2f0c1d624595a7527daa35a19cf309de.jpeg
2026-05-05 17:35:07 | 56s |   [UPLOAD] ↑ MS4wLjABAAAA2FYVN1jBWaTVasx7wXcsK0rCPfSYixt5-J1pUegQIbA/avatars/bab190c59f2511a4cbf3b461d1474f1f.jpeg
2026-05-05 17:35:07 | 56s |   [UPLOAD] ↑ MS4wLjABAAAA2FYVN1jBWaTVasx7wXcsK0rCPfSYixt5-J1pUegQIbA/avatars/7177496d7780f4422ff71832d7ba37a3.jpeg
2026-05-05 17:35:07 | 56s |   [UPLOAD] ↑ MS4wLjABAAAA2FYVN1jBWaTVasx7wXcsK0rCPfSYixt5-J1pUegQIbA/avatars/ec4de065523c055f2c6f63b0709dfbbf.jpeg
2026-05-05 17:35:07 | 56s |   [UPLOAD] ↑ MS4wLjABAAAA2FYVN1jBWaTVasx7wXcsK0rCPfSYixt5-J1pUegQIbA/avatars/ac2f383275c04c028a43ccbdbf021fd7.jpeg
2026-05-05 17:35:07 | 56s |   [UPLOAD] ↑ MS4wLjABAAAA2FYVN1jBWaTVasx7wXcsK0rCPfSYixt5-J1pUegQIbA/avatars/bef39160743ed6330a120cb5821d1bab.jpeg
2026-05-05 17:35:07 | 56s |   [UPLOAD] ↑ MS4wLjABAAAA2FYVN1jBWaTVasx7wXcsK0rCPfSYixt5-J1pUegQIbA/avatars/7ade3b640fbd93cfc3ad03b57dc07ecf.jpeg
2026-05-05 17:35:07 | 56s |   [UPLOAD] ↑ MS4wLjABAAAA2FYVN1jBWaTVasx7wXcsK0rCPfSYixt5-J1pUegQIbA/avatars/e000128bbd3aaedaeec159c31fbc1948.jpeg
2026-05-05 17:35:07 | 56s |   [UPLOAD] ↑ MS4wLjABAAAA2FYVN1jBWaTVasx7wXcsK0rCPfSYixt5-J1pUegQIbA/images/ddc747bc0c099a14a2df1b51d062153f.jpg
2026-05-05 17:35:07 | 56s |   [UPLOAD] ↑ MS4wLjABAAAA2FYVN1jBWaTVasx7wXcsK0rCPfSYixt5-J1pUegQIbA/avatars/5cd078874527e3504e05136f23136f71.jpeg
2026-05-05 17:35:07 | 56s |   [UPLOAD] ↑ MS4wLjABAAAA2FYVN1jBWaTVasx7wXcsK0rCPfSYixt5-J1pUegQIbA/avatars/ab92fc2a832645161582e2208d15f7c1.jpeg
2026-05-05 17:35:07 | 56s |   [UPLOAD] ↑ MS4wLjABAAAA2FYVN1jBWaTVasx7wXcsK0rCPfSYixt5-J1pUegQIbA/avatars/aa30b3659e541a8223a45d348543009b.jpeg
2026-05-05 17:35:07 | 56s |   [UPLOAD] ↑ MS4wLjABAAAA2FYVN1jBWaTVasx7wXcsK0rCPfSYixt5-J1pUegQIbA/avatars/671d3d39ac98c534b4fc0efce63aa125.jpeg
2026-05-05 17:35:07 | 56s |   [UPLOAD] ↑ MS4wLjABAAAA2FYVN1jBWaTVasx7wXcsK0rCPfSYixt5-J1pUegQIbA/images/3dd9c7564613510e25bb962219e8637c.jpg
2026-05-05 17:35:07 | 56s |   [UPLOAD] ↑ MS4wLjABAAAA2FYVN1jBWaTVasx7wXcsK0rCPfSYixt5-J1pUegQIbA/avatars/e4a5e0e43dd61a2cb10854b3823fd675.jpeg
2026-05-05 17:35:07 | 56s |   [UPLOAD] ↑ MS4wLjABAAAA2FYVN1jBWaTVasx7wXcsK0rCPfSYixt5-J1pUegQIbA/avatars/9f7de2bf89b1d8fdef3233aab93f3470.jpeg
2026-05-05 17:35:07 | 56s |   [UPLOAD] ↑ MS4wLjABAAAA2FYVN1jBWaTVasx7wXcsK0rCPfSYixt5-J1pUegQIbA/avatars/2562c772a20ad9424dbbe933d4e71ee7.jpeg
2026-05-05 17:35:07 | 56s |   [UPLOAD] ↑ MS4wLjABAAAA2FYVN1jBWaTVasx7wXcsK0rCPfSYixt5-J1pUegQIbA/avatars/f4e5f4c05bd549802f2152c824b13dab.jpeg
2026-05-05 17:35:07 | 56s |   [UPLOAD] ↑ MS4wLjABAAAA2FYVN1jBWaTVasx7wXcsK0rCPfSYixt5-J1pUegQIbA/avatars/17b9ddb31b6ae3b99b07a1e48df11d8c.jpeg
2026-05-05 17:35:07 | 56s |   [UPLOAD] ↑ MS4wLjABAAAA2FYVN1jBWaTVasx7wXcsK0rCPfSYixt5-J1pUegQIbA/avatars/2da91c58a4b4b4346401bb8181c826de.jpeg
2026-05-05 17:35:07 | 56s |   [UPLOAD] ↑ MS4wLjABAAAA2FYVN1jBWaTVasx7wXcsK0rCPfSYixt5-J1pUegQIbA/avatars/aa8c7d6c8bc5a367bf38069a3efa02a2.jpeg
2026-05-05 17:35:07 | 56s |   [UPLOAD] ↑ MS4wLjABAAAA2FYVN1jBWaTVasx7wXcsK0rCPfSYixt5-J1pUegQIbA/avatars/bc87f2bdf9bc16bbe49324a2fe204dcc.jpeg
2026-05-05 17:35:07 | 56s |   [UPLOAD] ↑ MS4wLjABAAAA2FYVN1jBWaTVasx7wXcsK0rCPfSYixt5-J1pUegQIbA/avatars/1b4e9543ca32b66a9190693d698cf784.jpeg
2026-05-05 17:35:07 | 56s |   [UPLOAD] ↑ MS4wLjABAAAA2FYVN1jBWaTVasx7wXcsK0rCPfSYixt5-J1pUegQIbA/avatars/30c6cceacdea1c5b697c41910b4c71af.jpeg
2026-05-05 17:35:07 | 56s |   [UPLOAD] ↑ MS4wLjABAAAA2FYVN1jBWaTVasx7wXcsK0rCPfSYixt5-J1pUegQIbA/avatars/862dd688834e232f3e5513ff6a339f98.jpeg
2026-05-05 17:35:07 | 56s |   [UPLOAD] ↑ MS4wLjABAAAA2FYVN1jBWaTVasx7wXcsK0rCPfSYixt5-J1pUegQIbA/avatars/ce7d6694f97ba11207c9279b6c7d87cf.jpeg
2026-05-05 17:35:07 | 56s |   [UPLOAD] ↑ MS4wLjABAAAA2FYVN1jBWaTVasx7wXcsK0rCPfSYixt5-J1pUegQIbA/avatars/0447919d6df7c3c759000ab38e5d169a.jpeg
2026-05-05 17:35:07 | 56s |   [UPLOAD] ↑ MS4wLjABAAAA2FYVN1jBWaTVasx7wXcsK0rCPfSYixt5-J1pUegQIbA/avatars/6a1cab3fa2113dab97c0d2c369c9e845.jpeg
2026-05-05 17:35:07 | 56s |   [UPLOAD] ↑ MS4wLjABAAAA2FYVN1jBWaTVasx7wXcsK0rCPfSYixt5-J1pUegQIbA/avatars/f87bc14bb9f3195e8277af443ed11c18.jpeg
2026-05-05 17:35:07 | 56s |   [UPLOAD] ↑ MS4wLjABAAAA2FYVN1jBWaTVasx7wXcsK0rCPfSYixt5-J1pUegQIbA/avatars/04acb1f3b50e070edf83484e9b9b5eca.jpeg
2026-05-05 17:35:07 | 56s |   [UPLOAD] ↑ MS4wLjABAAAA2FYVN1jBWaTVasx7wXcsK0rCPfSYixt5-J1pUegQIbA/avatars/3dad17fb1c48af8d59758ca89340c18f.jpeg
2026-05-05 17:35:07 | 56s |   [UPLOAD] ↑ MS4wLjABAAAA2FYVN1jBWaTVasx7wXcsK0rCPfSYixt5-J1pUegQIbA/stickers/655fe6b2659d887583a8a694eee543b1.webp
2026-05-05 17:35:07 | 56s |   [UPLOAD] ↑ MS4wLjABAAAA2FYVN1jBWaTVasx7wXcsK0rCPfSYixt5-J1pUegQIbA/avatars/b91b4bff7c8cd4ce8bf201d2d6b8f24f.jpeg
2026-05-05 17:35:07 | 56s |   [UPLOAD] ↑ MS4wLjABAAAA2FYVN1jBWaTVasx7wXcsK0rCPfSYixt5-J1pUegQIbA/avatars/c766f70b6c1f227400afb2e28fe9cd58.jpeg
2026-05-05 17:35:07 | 56s |   [UPLOAD] ↑ MS4wLjABAAAA2FYVN1jBWaTVasx7wXcsK0rCPfSYixt5-J1pUegQIbA/stickers/4b431d0692d2aba038b00028343c3c3a.gif
2026-05-05 17:35:07 | 56s |   [UPLOAD] ↑ MS4wLjABAAAA2FYVN1jBWaTVasx7wXcsK0rCPfSYixt5-J1pUegQIbA/avatars/fb2d12ef3d55c720ad8f3a0a1456c596.jpeg
2026-05-05 17:35:07 | 56s |   [UPLOAD] ↑ MS4wLjABAAAA2FYVN1jBWaTVasx7wXcsK0rCPfSYixt5-J1pUegQIbA/avatars/656388c6e15a31d1c44fc7b033a22316.jpeg
2026-05-05 17:35:07 | 56s |   [UPLOAD] ↑ MS4wLjABAAAA2FYVN1jBWaTVasx7wXcsK0rCPfSYixt5-J1pUegQIbA/avatars/ed8eb724f3decc87e7a96aa91bcfd5c9.jpeg
2026-05-05 17:35:07 | 56s |   [UPLOAD] ↑ MS4wLjABAAAA2FYVN1jBWaTVasx7wXcsK0rCPfSYixt5-J1pUegQIbA/avatars/39eba6445d4a3a96ce57e2e6fc4d6eaa.jpeg
2026-05-05 17:35:07 | 56s |   [DB] 📝 待更新: 55 行
2026-05-05 17:35:07 | 56s |   [DB] ✅ commit 成功: 55 行已写入
2026-05-05 17:35:07 | 56s |   [DL] ⚠️  HTTP 403: https://p9-sign.douyinpic.com/obj/tos-cn-o-0812/okAuAfyyBAD0iA5Zadi8vNEj7BBIigGQ...
2026-05-05 17:35:07 | 56s |   [DL] ❌ 下载失败，最后尝试的 URL: https://p9-sign.douyinpic.com/obj/tos-cn-o-0812/okAuAfyyBAD0iA5Zadi8vNEj7BBIigGQyVYEkA?lk3s=7b078dd2&x-expires=1776960000&x-signature=PGcNQ%2BFbEbGoPQbhPvr5GppjCr0%3D&from=2064092626&s=sticker_comment&se=false&sc=sticker_heif&biz_tag=aweme_comment&l=202604231846140F73B10722ECAAC2EAB9
2026-05-05 17:35:07 | 56s |   [FAIL] 下载失败 | https://p9-sign.douyinpic.com/obj/tos-cn-o-0812/okAuAfyyBAD0iA5Zadi8vNEj7BBIigGQyVYEkA?lk3s=7b078dd2 | 原因=所有CDN均失败
2026-05-05 17:35:07 | 56s |   [FAIL] 下载失败 | replies.id=21178 api_type=reply_sticker | 表=replies | aweme=7631634541144461489 | 字段=sticker | 原因=下载失败
2026-05-05 17:35:16 | 1m05s |   [UPLOAD] ↑ MS4wLjABAAAA2FYVN1jBWaTVasx7wXcsK0rCPfSYixt5-J1pUegQIbA/avatars/1cf47764529b3f3217f7af4cac8e0a79.jpeg
2026-05-05 17:35:16 | 1m05s |   [UPLOAD] ↑ MS4wLjABAAAA2FYVN1jBWaTVasx7wXcsK0rCPfSYixt5-J1pUegQIbA/stickers/546bb1c2a1e05a0ce8ffce94b0a08ab9.gif
2026-05-05 17:35:16 | 1m05s |   [UPLOAD] ↑ MS4wLjABAAAA2FYVN1jBWaTVasx7wXcsK0rCPfSYixt5-J1pUegQIbA/avatars/5f70338a94bcbb4e97f2b754250d0851.jpeg
2026-05-05 17:35:16 | 1m05s |   [UPLOAD] ↑ MS4wLjABAAAA2FYVN1jBWaTVasx7wXcsK0rCPfSYixt5-J1pUegQIbA/images/70f885f71c602dae84b878bbfbeb7767.jpg
2026-05-05 17:35:16 | 1m05s |   [UPLOAD] ↑ MS4wLjABAAAA2FYVN1jBWaTVasx7wXcsK0rCPfSYixt5-J1pUegQIbA/avatars/8b9a5b23f284fac998d18302caddb558.jpeg
2026-05-05 17:35:16 | 1m05s |   [UPLOAD] ↑ MS4wLjABAAAA2FYVN1jBWaTVasx7wXcsK0rCPfSYixt5-J1pUegQIbA/avatars/e7e9c28a06c753c9fc4a78b36388942e.jpeg
2026-05-05 17:35:16 | 1m05s |   [UPLOAD] ↑ MS4wLjABAAAA2FYVN1jBWaTVasx7wXcsK0rCPfSYixt5-J1pUegQIbA/images/334ee4dad2b5897ed155c03e91d7981a.jpg
2026-05-05 17:35:16 | 1m05s |   [UPLOAD] ↑ MS4wLjABAAAA2FYVN1jBWaTVasx7wXcsK0rCPfSYixt5-J1pUegQIbA/avatars/66d421345360b594061bc139dbc3ecb5.jpeg
2026-05-05 17:35:16 | 1m05s |   [UPLOAD] ↑ MS4wLjABAAAA2FYVN1jBWaTVasx7wXcsK0rCPfSYixt5-J1pUegQIbA/images/639e4eae75883f31ac6b8ed2671f8114.jpg
2026-05-05 17:35:16 | 1m05s |   [UPLOAD] ↑ MS4wLjABAAAA2FYVN1jBWaTVasx7wXcsK0rCPfSYixt5-J1pUegQIbA/images/4eaf42c2aabb264ca533570deb86adfb.jpg
2026-05-05 17:35:16 | 1m05s |   [UPLOAD] ↑ MS4wLjABAAAA2FYVN1jBWaTVasx7wXcsK0rCPfSYixt5-J1pUegQIbA/avatars/d051701701171c5c2c4b08cc08dbec60.jpeg
2026-05-05 17:35:16 | 1m05s |   [UPLOAD] ↑ MS4wLjABAAAA2FYVN1jBWaTVasx7wXcsK0rCPfSYixt5-J1pUegQIbA/avatars/8d44b7d927a475fde764d47651af2acc.jpeg
2026-05-05 17:35:16 | 1m05s |   [UPLOAD] ↑ MS4wLjABAAAA2FYVN1jBWaTVasx7wXcsK0rCPfSYixt5-J1pUegQIbA/avatars/9d8996476be030a1d21ae3da36272f86.jpeg
2026-05-05 17:35:16 | 1m05s |   [UPLOAD] ↑ MS4wLjABAAAA2FYVN1jBWaTVasx7wXcsK0rCPfSYixt5-J1pUegQIbA/stickers/d386ba1a7d810d98ec20b136a62be493.webp
2026-05-05 17:35:16 | 1m05s |   [UPLOAD] ↑ MS4wLjABAAAA2FYVN1jBWaTVasx7wXcsK0rCPfSYixt5-J1pUegQIbA/stickers/a693b2207d5d06659dfe7822eacb7627.gif
2026-05-05 17:35:16 | 1m05s |   [UPLOAD] ↑ MS4wLjABAAAA2FYVN1jBWaTVasx7wXcsK0rCPfSYixt5-J1pUegQIbA/avatars/6c082bd7ec7e6705819e8fd8213fc8a4.jpeg
2026-05-05 17:35:16 | 1m05s |   [UPLOAD] ↑ MS4wLjABAAAA2FYVN1jBWaTVasx7wXcsK0rCPfSYixt5-J1pUegQIbA/avatars/47dec2ac9926d9d43151146810317aa7.jpeg
2026-05-05 17:35:16 | 1m05s |   [UPLOAD] ↑ MS4wLjABAAAA2FYVN1jBWaTVasx7wXcsK0rCPfSYixt5-J1pUegQIbA/avatars/63f8eb09ed3ddc8086b7710b9ae05429.jpeg
2026-05-05 17:35:16 | 1m05s |   [UPLOAD] ↑ MS4wLjABAAAA2FYVN1jBWaTVasx7wXcsK0rCPfSYixt5-J1pUegQIbA/stickers/1fdd97017a7ffb53f9b5fd2fe5d92140.webp
2026-05-05 17:35:16 | 1m05s |   [UPLOAD] ↑ MS4wLjABAAAA2FYVN1jBWaTVasx7wXcsK0rCPfSYixt5-J1pUegQIbA/avatars/0f8c3d53d8da4fd3a3040140284d8b78.jpeg
2026-05-05 17:35:16 | 1m05s |   [UPLOAD] ↑ MS4wLjABAAAA2FYVN1jBWaTVasx7wXcsK0rCPfSYixt5-J1pUegQIbA/avatars/7894b64e807f6f196bc7a738532759be.jpeg
2026-05-05 17:35:16 | 1m05s |   [UPLOAD] ↑ MS4wLjABAAAA2FYVN1jBWaTVasx7wXcsK0rCPfSYixt5-J1pUegQIbA/avatars/27fac63cb6de7f2395b3a76ddb2eece3.jpeg
2026-05-05 17:35:16 | 1m05s |   [UPLOAD] ↑ MS4wLjABAAAA2FYVN1jBWaTVasx7wXcsK0rCPfSYixt5-J1pUegQIbA/avatars/85a23f884c30a08c4f497158fec6aae0.jpeg
2026-05-05 17:35:16 | 1m05s |   [UPLOAD] ↑ MS4wLjABAAAA2FYVN1jBWaTVasx7wXcsK0rCPfSYixt5-J1pUegQIbA/avatars/20df443746d7384b472040a0d4354c4e.jpeg
2026-05-05 17:35:16 | 1m05s |   [UPLOAD] ↑ MS4wLjABAAAA2FYVN1jBWaTVasx7wXcsK0rCPfSYixt5-J1pUegQIbA/avatars/213a6a6b1d19af876bc350cbca30b783.jpeg
2026-05-05 17:35:16 | 1m05s |   [UPLOAD] ↑ MS4wLjABAAAA2FYVN1jBWaTVasx7wXcsK0rCPfSYixt5-J1pUegQIbA/stickers/71e56c4d100d9a3b364668afd4074ac4.gif
2026-05-05 17:35:16 | 1m05s |   [UPLOAD] ↑ MS4wLjABAAAA2FYVN1jBWaTVasx7wXcsK0rCPfSYixt5-J1pUegQIbA/images/95fc51666c6e82b2bd7bb3bda3000c3d.jpg
2026-05-05 17:35:16 | 1m05s |   [UPLOAD] ↑ MS4wLjABAAAA2FYVN1jBWaTVasx7wXcsK0rCPfSYixt5-J1pUegQIbA/avatars/13cc6b78a346fd41ce37af0cb1126c83.jpeg
2026-05-05 17:35:16 | 1m05s |   [UPLOAD] ↑ MS4wLjABAAAA2FYVN1jBWaTVasx7wXcsK0rCPfSYixt5-J1pUegQIbA/avatars/12b54fcdb33a2e87c4bbff1d65df473c.jpeg
2026-05-05 17:35:16 | 1m05s |   [UPLOAD] ↑ MS4wLjABAAAA2FYVN1jBWaTVasx7wXcsK0rCPfSYixt5-J1pUegQIbA/avatars/bdcd1426aafe001eb7018a1764055d6a.jpeg
2026-05-05 17:35:16 | 1m05s |   [UPLOAD] ↑ MS4wLjABAAAA2FYVN1jBWaTVasx7wXcsK0rCPfSYixt5-J1pUegQIbA/avatars/0b86f7e462a403773fcbbb0185f14627.jpeg
2026-05-05 17:35:16 | 1m05s |   [UPLOAD] ↑ MS4wLjABAAAA2FYVN1jBWaTVasx7wXcsK0rCPfSYixt5-J1pUegQIbA/avatars/447cf5d60637d75b74b483b07ffccb1c.jpeg
2026-05-05 17:35:16 | 1m05s |   [UPLOAD] ↑ MS4wLjABAAAA2FYVN1jBWaTVasx7wXcsK0rCPfSYixt5-J1pUegQIbA/avatars/38cbad3434d15d800542950b94871b15.jpeg
2026-05-05 17:35:16 | 1m05s |   [UPLOAD] ↑ MS4wLjABAAAA2FYVN1jBWaTVasx7wXcsK0rCPfSYixt5-J1pUegQIbA/images/59a80c455d318823ac5ab28965d862aa.jpg
2026-05-05 17:35:16 | 1m05s |   [UPLOAD] ↑ MS4wLjABAAAA2FYVN1jBWaTVasx7wXcsK0rCPfSYixt5-J1pUegQIbA/stickers/38ef5512fe3d5475812db13f485f90de.jpg
2026-05-05 17:35:16 | 1m05s |   [UPLOAD] ↑ MS4wLjABAAAA2FYVN1jBWaTVasx7wXcsK0rCPfSYixt5-J1pUegQIbA/avatars/a2220027101be846815f701023a77e73.jpeg
2026-05-05 17:35:16 | 1m05s |   [UPLOAD] ↑ MS4wLjABAAAA2FYVN1jBWaTVasx7wXcsK0rCPfSYixt5-J1pUegQIbA/avatars/b9045c7671e84a3062dacc022b8d2d97.jpeg
2026-05-05 17:35:16 | 1m05s |   [UPLOAD] ↑ MS4wLjABAAAA2FYVN1jBWaTVasx7wXcsK0rCPfSYixt5-J1pUegQIbA/avatars/0763c0894db3fecd92e6b92c7d6b812f.jpeg
2026-05-05 17:35:16 | 1m05s |   [UPLOAD] ↑ MS4wLjABAAAA2FYVN1jBWaTVasx7wXcsK0rCPfSYixt5-J1pUegQIbA/avatars/f378c9b6dc155c0bfc76a1fc4ccfecff.jpeg
2026-05-05 17:35:16 | 1m05s |   [UPLOAD] ↑ MS4wLjABAAAA2FYVN1jBWaTVasx7wXcsK0rCPfSYixt5-J1pUegQIbA/avatars/1a2cad9bdc38c7c3f998f2497b94dccd.jpeg
2026-05-05 17:35:16 | 1m05s |   [UPLOAD] ↑ MS4wLjABAAAA2FYVN1jBWaTVasx7wXcsK0rCPfSYixt5-J1pUegQIbA/avatars/d5791d6dab40829bfdf4d8bd242429a0.jpeg
2026-05-05 17:35:16 | 1m05s |   [UPLOAD] ↑ MS4wLjABAAAA2FYVN1jBWaTVasx7wXcsK0rCPfSYixt5-J1pUegQIbA/avatars/e573628cb75659a3301c7c08f42d629c.jpeg
2026-05-05 17:35:16 | 1m05s |   [UPLOAD] ↑ MS4wLjABAAAA2FYVN1jBWaTVasx7wXcsK0rCPfSYixt5-J1pUegQIbA/avatars/90e13af0b4efc9dc29fc07f67e2c7078.jpeg
2026-05-05 17:35:16 | 1m05s |   [UPLOAD] ↑ MS4wLjABAAAA2FYVN1jBWaTVasx7wXcsK0rCPfSYixt5-J1pUegQIbA/stickers/d7c9d4a5f0c2a1539ffe6c766d76ec9b.png
2026-05-05 17:35:16 | 1m05s |   [UPLOAD] ↑ MS4wLjABAAAA2FYVN1jBWaTVasx7wXcsK0rCPfSYixt5-J1pUegQIbA/avatars/e091d087e2bdf197b4c266da1c12c1df.jpeg
2026-05-05 17:35:16 | 1m05s |   [UPLOAD] ↑ MS4wLjABAAAA2FYVN1jBWaTVasx7wXcsK0rCPfSYixt5-J1pUegQIbA/avatars/bde6377a8ce828df951f33e95d87ffa1.jpeg
2026-05-05 17:35:16 | 1m05s |   [UPLOAD] ↑ MS4wLjABAAAA2FYVN1jBWaTVasx7wXcsK0rCPfSYixt5-J1pUegQIbA/avatars/19aa82c903eefcaca81bdb453a5c227e.jpeg
2026-05-05 17:35:16 | 1m05s |   [UPLOAD] ↑ MS4wLjABAAAA2FYVN1jBWaTVasx7wXcsK0rCPfSYixt5-J1pUegQIbA/avatars/3bf837184fa4933e6b612af7566bdf3a.jpeg
2026-05-05 17:35:16 | 1m05s |   [UPLOAD] ↑ MS4wLjABAAAA2FYVN1jBWaTVasx7wXcsK0rCPfSYixt5-J1pUegQIbA/avatars/19f3eea0644cf76bc112248da5602173.jpeg
2026-05-05 17:35:16 | 1m05s |   [UPLOAD] ↑ MS4wLjABAAAA2FYVN1jBWaTVasx7wXcsK0rCPfSYixt5-J1pUegQIbA/stickers/d165991cbd15223cd3daf47d13bf79bf.gif
2026-05-05 17:35:16 | 1m05s |   [DB] 📝 待更新: 57 行
2026-05-05 17:35:16 | 1m05s |   [DB] ✅ commit 成功: 57 行已写入
2026-05-05 17:35:21 | 1m10s |   [DL] ⚠️  网络错误 (ConnectTimeout): https://p11-sign.douyinpic.com/tos-cn-i-p14lwwcsbr/76d17b1c6935419b88c5ecf2b492d...
2026-05-05 17:35:23 | 1m12s |   [DL] ⚠️  HTTP 403: https://p11-sign.douyinpic.com/tos-cn-i-p14lwwcsbr/76d17b1c6935419b88c5ecf2b492d...
2026-05-05 17:35:23 | 1m12s |   [DL] ⚠️  HTTP 403: https://p3-sign.douyinpic.com/tos-cn-i-p14lwwcsbr/76d17b1c6935419b88c5ecf2b492dc...
2026-05-05 17:35:23 | 1m12s |   [DL] ❌ 下载失败，最后尝试的 URL: https://p3-sign.douyinpic.com/tos-cn-i-p14lwwcsbr/76d17b1c6935419b88c5ecf2b492dc71~tplv-p14lwwcsbr-7.jpeg?lk3s=7b078dd2&x-expires=1776931200&x-signature=NWZGJ6ZKNFu0oyaJ6zURxW6uW0Y%3D&from=2064092626&se=false&sc=image&biz_tag=aweme_comment&l=2026042215463186EC7CAE905A3B6CC9BC
2026-05-05 17:35:23 | 1m12s |   [FAIL] 下载失败 | https://p3-sign.douyinpic.com/tos-cn-i-p14lwwcsbr/76d17b1c6935419b88c5ecf2b492dc71~tplv-p14lwwcsbr-7 | 原因=所有CDN均失败
2026-05-05 17:35:23 | 1m12s |   [FAIL] 下载失败 | comments.id=36794 api_type=comment_image | 表=comments | aweme=7429276471669083451 | 字段=image_list | 原因=下载失败
2026-05-05 17:35:28 | 1m17s |   [UPLOAD] ↑ MS4wLjABAAAA2FYVN1jBWaTVasx7wXcsK0rCPfSYixt5-J1pUegQIbA/avatars/f91a486592d184833dd3fb18288b02a4.jpeg
2026-05-05 17:35:28 | 1m17s |   [UPLOAD] ↑ MS4wLjABAAAA2FYVN1jBWaTVasx7wXcsK0rCPfSYixt5-J1pUegQIbA/avatars/ef538b4a84ba2f6e213fec438cdea47b.jpeg
2026-05-05 17:35:28 | 1m17s |   [UPLOAD] ↑ MS4wLjABAAAA2FYVN1jBWaTVasx7wXcsK0rCPfSYixt5-J1pUegQIbA/stickers/480a100230b3b4c327721a78ff4be3e7.gif
2026-05-05 17:35:28 | 1m17s |   [UPLOAD] ↑ MS4wLjABAAAA2FYVN1jBWaTVasx7wXcsK0rCPfSYixt5-J1pUegQIbA/avatars/925410d38bf27cc91d1c61c9d4702f25.jpeg
2026-05-05 17:35:28 | 1m17s |   [UPLOAD] ↑ MS4wLjABAAAA2FYVN1jBWaTVasx7wXcsK0rCPfSYixt5-J1pUegQIbA/avatars/904bead1ab4b7b023d854e753a6d713f.jpeg
2026-05-05 17:35:28 | 1m17s |   [UPLOAD] ↑ MS4wLjABAAAA2FYVN1jBWaTVasx7wXcsK0rCPfSYixt5-J1pUegQIbA/avatars/56ad770692af4c8bce380fefee4a1c4d.jpeg
2026-05-05 17:35:28 | 1m17s |   [UPLOAD] ↑ MS4wLjABAAAA2FYVN1jBWaTVasx7wXcsK0rCPfSYixt5-J1pUegQIbA/stickers/09bacefbcc90343e725ed99d116eb4cb.gif
2026-05-05 17:35:28 | 1m17s |   [UPLOAD] ↑ MS4wLjABAAAA2FYVN1jBWaTVasx7wXcsK0rCPfSYixt5-J1pUegQIbA/avatars/ebc98827da4523c1441d3ecb8e08dfa2.jpeg
2026-05-05 17:35:28 | 1m17s |   [UPLOAD] ↑ MS4wLjABAAAA2FYVN1jBWaTVasx7wXcsK0rCPfSYixt5-J1pUegQIbA/videos/1e6c57402738e2571b166db12cf746e2.mp4
2026-05-05 17:35:28 | 1m17s |   [UPLOAD] ↑ MS4wLjABAAAA2FYVN1jBWaTVasx7wXcsK0rCPfSYixt5-J1pUegQIbA/avatars/9ebbfcac33ab820bf3a84cb8d61f37e5.jpeg
2026-05-05 17:35:28 | 1m17s |   [UPLOAD] ↑ MS4wLjABAAAA2FYVN1jBWaTVasx7wXcsK0rCPfSYixt5-J1pUegQIbA/avatars/0172ebae9016183a88d07e7ef9f67d12.jpeg
2026-05-05 17:35:28 | 1m17s |   [UPLOAD] ↑ MS4wLjABAAAA2FYVN1jBWaTVasx7wXcsK0rCPfSYixt5-J1pUegQIbA/avatars/44cbfbb626632c817c6b4eb078b7fb61.jpeg
2026-05-05 17:35:28 | 1m17s |   [UPLOAD] ↑ MS4wLjABAAAA2FYVN1jBWaTVasx7wXcsK0rCPfSYixt5-J1pUegQIbA/avatars/48c6190bc0dbd7a7596be170757e20eb.jpeg
2026-05-05 17:35:28 | 1m17s |   [UPLOAD] ↑ MS4wLjABAAAA2FYVN1jBWaTVasx7wXcsK0rCPfSYixt5-J1pUegQIbA/stickers/6363f59563fd3d5248df1808a1676206.png
2026-05-05 17:35:28 | 1m17s |   [UPLOAD] ↑ MS4wLjABAAAA2FYVN1jBWaTVasx7wXcsK0rCPfSYixt5-J1pUegQIbA/avatars/8e2f2cc2108051ebbe1895c0734e15a9.jpeg
2026-05-05 17:35:28 | 1m17s |   [UPLOAD] ↑ MS4wLjABAAAA2FYVN1jBWaTVasx7wXcsK0rCPfSYixt5-J1pUegQIbA/stickers/e9e049acb97fe46e8863b6470f51b68e.gif
2026-05-05 17:35:28 | 1m17s |   [UPLOAD] ↑ MS4wLjABAAAA2FYVN1jBWaTVasx7wXcsK0rCPfSYixt5-J1pUegQIbA/avatars/ecd91f6cbc4ce61bc938b8eec34ea7e1.jpeg
2026-05-05 17:35:28 | 1m17s |   [UPLOAD] ↑ MS4wLjABAAAA2FYVN1jBWaTVasx7wXcsK0rCPfSYixt5-J1pUegQIbA/avatars/df97da48ebe51827031cf7383da765cb.jpeg
2026-05-05 17:35:28 | 1m17s |   [UPLOAD] ↑ MS4wLjABAAAA2FYVN1jBWaTVasx7wXcsK0rCPfSYixt5-J1pUegQIbA/avatars/a5204400e1e7f042554b17450b1158a7.jpeg
2026-05-05 17:35:28 | 1m17s |   [UPLOAD] ↑ MS4wLjABAAAA2FYVN1jBWaTVasx7wXcsK0rCPfSYixt5-J1pUegQIbA/avatars/b97749eb03ee671d634da0857e4ab6be.jpeg
2026-05-05 17:35:28 | 1m17s |   [UPLOAD] ↑ MS4wLjABAAAA2FYVN1jBWaTVasx7wXcsK0rCPfSYixt5-J1pUegQIbA/avatars/ff3e2ccaab1721bfc847ca0469a691b3.jpeg
2026-05-05 17:35:28 | 1m17s |   [UPLOAD] ↑ MS4wLjABAAAA2FYVN1jBWaTVasx7wXcsK0rCPfSYixt5-J1pUegQIbA/avatars/09fc450a33ca97a7ac152ae2f1ec1622.jpeg
2026-05-05 17:35:28 | 1m17s |   [UPLOAD] ↑ MS4wLjABAAAA2FYVN1jBWaTVasx7wXcsK0rCPfSYixt5-J1pUegQIbA/avatars/39283be951e48262cfcce4de37ea2860.jpeg
2026-05-05 17:35:28 | 1m17s |   [UPLOAD] ↑ MS4wLjABAAAA2FYVN1jBWaTVasx7wXcsK0rCPfSYixt5-J1pUegQIbA/avatars/b998a9fa7148f460fa715de94247a8ad.jpeg
2026-05-05 17:35:28 | 1m17s |   [UPLOAD] ↑ MS4wLjABAAAA2FYVN1jBWaTVasx7wXcsK0rCPfSYixt5-J1pUegQIbA/stickers/8ad9d06100a0cb6e28c63e600260ddb5.jpg
2026-05-05 17:35:28 | 1m17s |   [UPLOAD] ↑ MS4wLjABAAAA2FYVN1jBWaTVasx7wXcsK0rCPfSYixt5-J1pUegQIbA/avatars/b33eef5a11d128557e37e254e0b6a506.jpeg
2026-05-05 17:35:28 | 1m17s |   [UPLOAD] ↑ MS4wLjABAAAA2FYVN1jBWaTVasx7wXcsK0rCPfSYixt5-J1pUegQIbA/avatars/2d4c75c2ffd28cc7751c822b5ff822e9.jpeg
2026-05-05 17:35:28 | 1m17s |   [UPLOAD] ↑ MS4wLjABAAAA2FYVN1jBWaTVasx7wXcsK0rCPfSYixt5-J1pUegQIbA/avatars/be6d3ca830d622eb8a117dc6720bd995.jpeg
2026-05-05 17:35:28 | 1m17s |   [UPLOAD] ↑ MS4wLjABAAAA2FYVN1jBWaTVasx7wXcsK0rCPfSYixt5-J1pUegQIbA/avatars/fd453dfd001a177e6d59d12bd3e14d5b.jpeg
2026-05-05 17:35:28 | 1m17s |   [UPLOAD] ↑ MS4wLjABAAAA2FYVN1jBWaTVasx7wXcsK0rCPfSYixt5-J1pUegQIbA/avatars/8fb0ada0524132dcc69514da915faadd.jpeg
2026-05-05 17:35:28 | 1m17s |   [UPLOAD] ↑ MS4wLjABAAAA2FYVN1jBWaTVasx7wXcsK0rCPfSYixt5-J1pUegQIbA/avatars/315fee29d5e4519f68f65d61a95a7936.jpeg
2026-05-05 17:35:28 | 1m17s |   [UPLOAD] ↑ MS4wLjABAAAA2FYVN1jBWaTVasx7wXcsK0rCPfSYixt5-J1pUegQIbA/avatars/7f435058f7e215bf5c9da243de06ae85.jpeg
2026-05-05 17:35:28 | 1m17s |   [UPLOAD] ↑ MS4wLjABAAAA2FYVN1jBWaTVasx7wXcsK0rCPfSYixt5-J1pUegQIbA/avatars/5c17cb20f64a21d730793ed49a7aa22d.jpeg
2026-05-05 17:35:28 | 1m17s |   [UPLOAD] ↑ MS4wLjABAAAA2FYVN1jBWaTVasx7wXcsK0rCPfSYixt5-J1pUegQIbA/avatars/53df8995919ec5a45ac864bd58f6f913.jpeg
2026-05-05 17:35:28 | 1m17s |   [UPLOAD] ↑ MS4wLjABAAAA2FYVN1jBWaTVasx7wXcsK0rCPfSYixt5-J1pUegQIbA/avatars/52573d7ea2e41687faa8635b449ad140.jpeg
2026-05-05 17:35:28 | 1m17s |   [UPLOAD] ↑ MS4wLjABAAAA2FYVN1jBWaTVasx7wXcsK0rCPfSYixt5-J1pUegQIbA/avatars/de133e24ab60a2a3a3a9bf5a4a98f3d2.jpeg
2026-05-05 17:35:28 | 1m17s |   [UPLOAD] ↑ MS4wLjABAAAA2FYVN1jBWaTVasx7wXcsK0rCPfSYixt5-J1pUegQIbA/stickers/4b25cf272784474fe5bbdf0c2156bd04.gif
2026-05-05 17:35:28 | 1m17s |   [UPLOAD] ↑ MS4wLjABAAAA2FYVN1jBWaTVasx7wXcsK0rCPfSYixt5-J1pUegQIbA/stickers/f7867905aa38eabaf30127417f237773.png
2026-05-05 17:35:28 | 1m17s |   [UPLOAD] ↑ MS4wLjABAAAA2FYVN1jBWaTVasx7wXcsK0rCPfSYixt5-J1pUegQIbA/avatars/0ec3a8e542f3d358f81bd645d616cf16.jpeg
2026-05-05 17:35:28 | 1m17s |   [UPLOAD] ↑ MS4wLjABAAAA2FYVN1jBWaTVasx7wXcsK0rCPfSYixt5-J1pUegQIbA/avatars/5a6653ced7f3152280fd34bf5f466485.jpeg
2026-05-05 17:35:28 | 1m17s |   [UPLOAD] ↑ MS4wLjABAAAA2FYVN1jBWaTVasx7wXcsK0rCPfSYixt5-J1pUegQIbA/images/0bd51fea189b96837b5397539ac50ff9.jpg
2026-05-05 17:35:28 | 1m17s |   [UPLOAD] ↑ MS4wLjABAAAA2FYVN1jBWaTVasx7wXcsK0rCPfSYixt5-J1pUegQIbA/avatars/05fadf385dcff8d6fc486c1c02e264c5.jpeg
2026-05-05 17:35:28 | 1m17s |   [UPLOAD] ↑ MS4wLjABAAAA2FYVN1jBWaTVasx7wXcsK0rCPfSYixt5-J1pUegQIbA/stickers/20d2f2bb4539e21f5789b289b717d9fe.gif
2026-05-05 17:35:28 | 1m17s |   [UPLOAD] ↑ MS4wLjABAAAA2FYVN1jBWaTVasx7wXcsK0rCPfSYixt5-J1pUegQIbA/stickers/ba245a848aec50f8d81063c0bd852a06.gif
2026-05-05 17:35:28 | 1m17s |   [UPLOAD] ↑ MS4wLjABAAAA2FYVN1jBWaTVasx7wXcsK0rCPfSYixt5-J1pUegQIbA/avatars/d6a4ea747a1909c640e63fe673d35fc9.jpeg
2026-05-05 17:35:28 | 1m17s |   [UPLOAD] ↑ MS4wLjABAAAA2FYVN1jBWaTVasx7wXcsK0rCPfSYixt5-J1pUegQIbA/avatars/55d2cbf04ff451bf57cb6cb3876b85b2.jpeg
2026-05-05 17:35:28 | 1m17s |   [UPLOAD] ↑ MS4wLjABAAAA2FYVN1jBWaTVasx7wXcsK0rCPfSYixt5-J1pUegQIbA/avatars/cdd45d55e295268168d5319dca52d86c.jpeg
2026-05-05 17:35:28 | 1m17s |   [UPLOAD] ↑ MS4wLjABAAAA2FYVN1jBWaTVasx7wXcsK0rCPfSYixt5-J1pUegQIbA/avatars/e40d76687b3c74e9aa338e39f2513987.jpeg
2026-05-05 17:35:28 | 1m17s |   [UPLOAD] ↑ MS4wLjABAAAA2FYVN1jBWaTVasx7wXcsK0rCPfSYixt5-J1pUegQIbA/avatars/bb6434609c6abb851a8c3dc6042d0b04.jpeg
2026-05-05 17:35:28 | 1m17s |   [UPLOAD] ↑ MS4wLjABAAAA2FYVN1jBWaTVasx7wXcsK0rCPfSYixt5-J1pUegQIbA/avatars/0f75145dd2e1bf68a7919101a17c8f35.jpeg
2026-05-05 17:35:28 | 1m17s |   [DB] 📝 待更新: 56 行
2026-05-05 17:35:28 | 1m17s |   [DB] ✅ commit 成功: 56 行已写入
2026-05-05 17:35:38 | 1m27s |   [UPLOAD] ↑ MS4wLjABAAAA2FYVN1jBWaTVasx7wXcsK0rCPfSYixt5-J1pUegQIbA/avatars/b58bf635177c67ee54914f3af38f4fd7.jpeg
2026-05-05 17:35:38 | 1m27s |   [UPLOAD] ↑ MS4wLjABAAAA2FYVN1jBWaTVasx7wXcsK0rCPfSYixt5-J1pUegQIbA/avatars/6f225f938cf975a1fba6e9964ea1f12f.jpeg
2026-05-05 17:35:38 | 1m27s |   [UPLOAD] ↑ MS4wLjABAAAA2FYVN1jBWaTVasx7wXcsK0rCPfSYixt5-J1pUegQIbA/avatars/29ebc74b3d10ac09a538878503d2d4d9.jpeg
2026-05-05 17:35:38 | 1m27s |   [UPLOAD] ↑ MS4wLjABAAAA2FYVN1jBWaTVasx7wXcsK0rCPfSYixt5-J1pUegQIbA/avatars/04948261f99548edb3ddfc7599a47a71.jpeg
2026-05-05 17:35:38 | 1m27s |   [UPLOAD] ↑ MS4wLjABAAAA2FYVN1jBWaTVasx7wXcsK0rCPfSYixt5-J1pUegQIbA/avatars/8b00812ed46a84be8c383b943650ee2e.jpeg
2026-05-05 17:35:38 | 1m27s |   [UPLOAD] ↑ MS4wLjABAAAA2FYVN1jBWaTVasx7wXcsK0rCPfSYixt5-J1pUegQIbA/avatars/0f140dbc35a709571138a8431f3422e1.jpeg
2026-05-05 17:35:38 | 1m27s |   [UPLOAD] ↑ MS4wLjABAAAA2FYVN1jBWaTVasx7wXcsK0rCPfSYixt5-J1pUegQIbA/avatars/a7a05331338df8bc189d6d3b47a76c6b.jpeg
2026-05-05 17:35:38 | 1m27s |   [UPLOAD] ↑ MS4wLjABAAAA2FYVN1jBWaTVasx7wXcsK0rCPfSYixt5-J1pUegQIbA/avatars/ddeefba2abe906e5a3d90b94b2caa864.jpeg
2026-05-05 17:35:38 | 1m27s |   [UPLOAD] ↑ MS4wLjABAAAA2FYVN1jBWaTVasx7wXcsK0rCPfSYixt5-J1pUegQIbA/stickers/91daa3f86a01ada3127013e645481415.gif
2026-05-05 17:35:38 | 1m27s |   [UPLOAD] ↑ MS4wLjABAAAA2FYVN1jBWaTVasx7wXcsK0rCPfSYixt5-J1pUegQIbA/avatars/e6f3473e48702a3b9db4a8fd9f21448d.jpeg
2026-05-05 17:35:38 | 1m27s |   [UPLOAD] ↑ MS4wLjABAAAA2FYVN1jBWaTVasx7wXcsK0rCPfSYixt5-J1pUegQIbA/avatars/d2aa64c926708571ca575e4d9e0f0093.jpeg
2026-05-05 17:35:38 | 1m27s |   [UPLOAD] ↑ MS4wLjABAAAA2FYVN1jBWaTVasx7wXcsK0rCPfSYixt5-J1pUegQIbA/images/ffd9a803e827d5f2e4afc23a5f942fed.jpg
2026-05-05 17:35:38 | 1m27s |   [UPLOAD] ↑ MS4wLjABAAAA2FYVN1jBWaTVasx7wXcsK0rCPfSYixt5-J1pUegQIbA/avatars/7a052ff57991d4f58fc108104817dff2.jpeg
2026-05-05 17:35:38 | 1m27s |   [UPLOAD] ↑ MS4wLjABAAAA2FYVN1jBWaTVasx7wXcsK0rCPfSYixt5-J1pUegQIbA/stickers/4a3896f1c8f0cfa4490144a4c341aaf2.webp
2026-05-05 17:35:38 | 1m27s |   [UPLOAD] ↑ MS4wLjABAAAA2FYVN1jBWaTVasx7wXcsK0rCPfSYixt5-J1pUegQIbA/avatars/3b48d3d06e84e10c8cf1a80ab69a5269.jpeg
2026-05-05 17:35:38 | 1m27s |   [UPLOAD] ↑ MS4wLjABAAAA2FYVN1jBWaTVasx7wXcsK0rCPfSYixt5-J1pUegQIbA/avatars/05f76ebaaf0989f88da70666b901b659.jpeg
2026-05-05 17:35:38 | 1m27s |   [UPLOAD] ↑ MS4wLjABAAAA2FYVN1jBWaTVasx7wXcsK0rCPfSYixt5-J1pUegQIbA/avatars/6b54b72952e7538e7fed234fa3e3f221.jpeg
2026-05-05 17:35:38 | 1m27s |   [UPLOAD] ↑ MS4wLjABAAAA2FYVN1jBWaTVasx7wXcsK0rCPfSYixt5-J1pUegQIbA/images/1481c338ce6e077e4dab44f542f447b1.jpg
2026-05-05 17:35:38 | 1m27s |   [UPLOAD] ↑ MS4wLjABAAAA2FYVN1jBWaTVasx7wXcsK0rCPfSYixt5-J1pUegQIbA/avatars/0cdb45fce5b9b326e25c18ab1261c4d4.jpeg
2026-05-05 17:35:38 | 1m27s |   [UPLOAD] ↑ MS4wLjABAAAA2FYVN1jBWaTVasx7wXcsK0rCPfSYixt5-J1pUegQIbA/avatars/ad5b2157cc82b4c798ae8fbeda6cbf82.jpeg
2026-05-05 17:35:38 | 1m27s |   [UPLOAD] ↑ MS4wLjABAAAA2FYVN1jBWaTVasx7wXcsK0rCPfSYixt5-J1pUegQIbA/avatars/e0e3f91d0e248659e1fc3d6ae76e943e.jpeg
2026-05-05 17:35:38 | 1m27s |   [UPLOAD] ↑ MS4wLjABAAAA2FYVN1jBWaTVasx7wXcsK0rCPfSYixt5-J1pUegQIbA/avatars/77f90b5006fb6826417562306f0ac182.jpeg
2026-05-05 17:35:38 | 1m27s |   [DB] 📝 待更新: 22 行
2026-05-05 17:35:38 | 1m27s |   [DB] ✅ commit 成功: 22 行已写入
2026-05-05 17:35:44 | 1m33s |   [DL] ⚠️  网络错误 (ConnectTimeout): https://p11-sign.douyinpic.com/obj/ies.fe.effect/8ff368d9f29c7bb73d123ecfdb9c5ee...
2026-05-05 17:35:53 | 1m43s |   [UPLOAD] ↑ MS4wLjABAAAA2FYVN1jBWaTVasx7wXcsK0rCPfSYixt5-J1pUegQIbA/stickers/8ff368d9f29c7bb73d123ecfdb9c5ee7.gif
2026-05-05 17:35:53 | 1m43s |   [DB] 📝 待更新: 1 行
2026-05-05 17:35:53 | 1m43s |   [DB] ✅ commit 成功: 1 行已写入
2026-05-05 17:36:09 | 1m58s |   [UPLOAD] ↑ MS4wLjABAAAA2FYVN1jBWaTVasx7wXcsK0rCPfSYixt5-J1pUegQIbA/stickers/d01ea919d53a5e3b6073b2b0be31d13a.gif
2026-05-05 17:36:09 | 1m58s |   [DB] 📝 待更新: 1 行
2026-05-05 17:36:09 | 1m58s |   [DB] ✅ commit 成功: 1 行已写入
2026-05-05 17:36:09 | 1m58s |   [BATCH] ✅ 批次完成，已提交 432/432 个 URL，耗时 116.7s
2026-05-05 17:36:09 | 1m58s | 
  [OK] 作者完成: 上传 424，更新 463 行，HEIC 转换 0，失败 8
2026-05-05 17:36:09 | 1m58s | 
──────────────────────────────────────────────────────────────────────
2026-05-05 17:36:09 | 1m58s |   [SCAN] 📁 作者: MS4wLjABAAAAWKIRK91nF8hLjuza0KVRL50-lcfN...
2026-05-05 17:36:09 | 1m58s |   [SCAN] 📄 数据库: /home/runner/work/DouyinComment/DouyinComment/scripts/../data/MS4wLjABAAAAWKIRK91nF8hLjuza0KVRL50-lcfNlEPHocsF9hNYzCUag7n4BgIHQaERsfq_NiHR/sqlite.db
2026-05-05 17:36:09 | 1m58s | ──────────────────────────────────────────────────────────────────────
2026-05-05 17:36:09 | 1m58s |   [SCAN] 总 task 数: 14
2026-05-05 17:36:09 | 1m58s |     comment_avatar: 11
2026-05-05 17:36:09 | 1m58s |     comment_sticker: 1
2026-05-05 17:36:09 | 1m58s |     origin_cover: 1
2026-05-05 17:36:09 | 1m58s |     video: 1
2026-05-05 17:36:09 | 1m58s |   [SCAN] 唯一分组: 13，去重节省: 1 次下载
2026-05-05 17:36:09 | 1m58s |   [BATCH] aweme_id 数: 2，分 1 批处理
2026-05-05 17:36:09 | 1m58s | 
  [BATCH] 📦 批次 1/1: 2 个 aweme_id, 13 个 URL
2026-05-05 17:36:09 | 1m58s |   [BATCH] direct 模式: 直接使用原始 URL 14 个
2026-05-05 17:36:12 | 2m02s |   [UPLOAD] ↑ MS4wLjABAAAAWKIRK91nF8hLjuza0KVRL50-lcfNlEPHocsF9hNYzCUag7n4BgIHQaERsfq_NiHR/avatars/96cba308047043b79b721ba90c7f1cf4.jpeg
2026-05-05 17:36:12 | 2m02s |   [UPLOAD] ↑ MS4wLjABAAAAWKIRK91nF8hLjuza0KVRL50-lcfNlEPHocsF9hNYzCUag7n4BgIHQaERsfq_NiHR/avatars/10cd252c0c8c1989581f3f27567270a3.jpeg
2026-05-05 17:36:12 | 2m02s |   [UPLOAD] ↑ MS4wLjABAAAAWKIRK91nF8hLjuza0KVRL50-lcfNlEPHocsF9hNYzCUag7n4BgIHQaERsfq_NiHR/avatars/c8ae89899f7bbee5930656048442d911.jpeg
2026-05-05 17:36:12 | 2m02s |   [UPLOAD] ↑ MS4wLjABAAAAWKIRK91nF8hLjuza0KVRL50-lcfNlEPHocsF9hNYzCUag7n4BgIHQaERsfq_NiHR/avatars/51640661561707e9082d6fdcdce92140.jpeg
2026-05-05 17:36:12 | 2m02s |   [UPLOAD] ↑ MS4wLjABAAAAWKIRK91nF8hLjuza0KVRL50-lcfNlEPHocsF9hNYzCUag7n4BgIHQaERsfq_NiHR/avatars/5abf027c4491383fd4074ed5b76bcc19.jpeg
2026-05-05 17:36:12 | 2m02s |   [UPLOAD] ↑ MS4wLjABAAAAWKIRK91nF8hLjuza0KVRL50-lcfNlEPHocsF9hNYzCUag7n4BgIHQaERsfq_NiHR/avatars/4720a36a0ba1559c1d9d4bbb51b4cefd.jpeg
2026-05-05 17:36:12 | 2m02s |   [UPLOAD] ↑ MS4wLjABAAAAWKIRK91nF8hLjuza0KVRL50-lcfNlEPHocsF9hNYzCUag7n4BgIHQaERsfq_NiHR/avatars/328558e85c00a48c446a1e2732d2fee7.jpeg
2026-05-05 17:36:12 | 2m02s |   [UPLOAD] ↑ MS4wLjABAAAAWKIRK91nF8hLjuza0KVRL50-lcfNlEPHocsF9hNYzCUag7n4BgIHQaERsfq_NiHR/avatars/4777489e313d63ac0f1944b3c894a9bd.jpeg
2026-05-05 17:36:12 | 2m02s |   [UPLOAD] ↑ MS4wLjABAAAAWKIRK91nF8hLjuza0KVRL50-lcfNlEPHocsF9hNYzCUag7n4BgIHQaERsfq_NiHR/avatars/850c4ef89a597de2f6b86fd8bb69857e.jpeg
2026-05-05 17:36:12 | 2m02s |   [UPLOAD] ↑ MS4wLjABAAAAWKIRK91nF8hLjuza0KVRL50-lcfNlEPHocsF9hNYzCUag7n4BgIHQaERsfq_NiHR/avatars/7ac3f6ee94ea737ef461403190914b5b.jpeg
2026-05-05 17:36:12 | 2m02s |   [UPLOAD] ↑ MS4wLjABAAAAWKIRK91nF8hLjuza0KVRL50-lcfNlEPHocsF9hNYzCUag7n4BgIHQaERsfq_NiHR/videos/8103b4295258d5f2bf4464a57eefa9b9.mp4
2026-05-05 17:36:12 | 2m02s |   [UPLOAD] ↑ MS4wLjABAAAAWKIRK91nF8hLjuza0KVRL50-lcfNlEPHocsF9hNYzCUag7n4BgIHQaERsfq_NiHR/thumbs/e77c9480846cb1599e130b09b878bf11.jpeg
2026-05-05 17:36:12 | 2m02s |   [UPLOAD] ↑ MS4wLjABAAAAWKIRK91nF8hLjuza0KVRL50-lcfNlEPHocsF9hNYzCUag7n4BgIHQaERsfq_NiHR/stickers/ec3da10b7a2e869cd51ad36cbb1c6c18.png
2026-05-05 17:36:12 | 2m02s |   [DB] 📝 待更新: 14 行
2026-05-05 17:36:12 | 2m02s |   [DB] ✅ commit 成功: 14 行已写入
2026-05-05 17:36:12 | 2m02s |   [BATCH] ✅ 批次完成，已提交 13/13 个 URL，耗时 3.4s
2026-05-05 17:36:12 | 2m02s | 
  [OK] 作者完成: 上传 13，更新 14 行，HEIC 转换 0，失败 0
2026-05-05 17:36:12 | 2m02s | 
2026-05-05 17:36:12 | 2m02s | ======================================================================
2026-05-05 17:36:12 | 2m02s |   全部完成
2026-05-05 17:36:12 | 2m02s | ======================================================================
2026-05-05 17:36:12 | 2m02s |   作者数:        2
2026-05-05 17:36:12 | 2m02s |   总 task:       485
2026-05-05 17:36:12 | 2m02s |   上传成功:      437
2026-05-05 17:36:12 | 2m02s |   更新行数:      477
2026-05-05 17:36:12 | 2m02s |   HEIC 转换:     0
2026-05-05 17:36:12 | 2m02s |   失败:          8
2026-05-05 17:36:12 | 2m02s |   总耗时:        122s (2m02s)
2026-05-05 17:36:12 | 2m02s | ======================================================================
2026-05-05 17:36:12 | 2m02s | 
──────────────────────────────────────────────────────────────────────
2026-05-05 17:36:12 | 2m02s |   失败汇总 (共 16 项)
2026-05-05 17:36:12 | 2m02s | ──────────────────────────────────────────────────────────────────────
2026-05-05 17:36:12 | 2m02s |     下载失败: 16
2026-05-05 17:36:12 | 2m02s |     • 下载失败 | https://p5-ex-gddgtc-sign.douyinpic.com/obj/tos-cn-o-0812/osMbEYFxAgCM8ORMAADAIjDlxCpgaCAyAGEff0?lk3 | 所有CDN均失败
2026-05-05 17:36:12 | 2m02s |     • 下载失败 | comments.id=90723 api_type=comment_sticker | 下载失败
2026-05-05 17:36:12 | 2m02s |     • 下载失败 | https://p26-sign.douyinpic.com/obj/tos-cn-o-0812/o0cguteHAroyvOClx6QCAktcgDQdIAelAHA8bn?lk3s=7b078dd | 所有CDN均失败
2026-05-05 17:36:12 | 2m02s |     • 下载失败 | comments.id=46997 api_type=comment_sticker | 下载失败
2026-05-05 17:36:12 | 2m02s |     • 下载失败 | https://p26-sign.douyinpic.com/tos-cn-i-p14lwwcsbr/8021ec5dcc93470b9ff105110e288cd7~tplv-p14lwwcsbr- | 所有CDN均失败
2026-05-05 17:36:12 | 2m02s |     • 下载失败 | replies.id=18126 api_type=reply_image | 下载失败
2026-05-05 17:36:12 | 2m02s |     • 下载失败 | https://p3-sign.douyinpic.com/tos-cn-i-p14lwwcsbr/e2a2935810aa4b8b87c5d164afb7945e~tplv-p14lwwcsbr-7 | 所有CDN均失败
2026-05-05 17:36:12 | 2m02s |     • 下载失败 | comments.id=85119 api_type=comment_image | 下载失败
2026-05-05 17:36:12 | 2m02s |     • 下载失败 | https://p26-sign.douyinpic.com/tos-cn-i-p14lwwcsbr/bd6e2809edac430686f01de210250cd4~tplv-p14lwwcsbr- | 所有CDN均失败
2026-05-05 17:36:12 | 2m02s |     • 下载失败 | comments.id=55094 api_type=comment_image | 下载失败
2026-05-05 17:36:12 | 2m02s |     • 下载失败 | https://p5-ex-gddgtc-sign.douyinpic.com/obj/douyin-user-image-file/8c8844d242627c599d1e61a6c3f3f7a3? | 所有CDN均失败
2026-05-05 17:36:12 | 2m02s |     • 下载失败 | comments.id=85194 api_type=comment_sticker | 下载失败
2026-05-05 17:36:12 | 2m02s |     • 下载失败 | https://p9-sign.douyinpic.com/obj/tos-cn-o-0812/okAuAfyyBAD0iA5Zadi8vNEj7BBIigGQyVYEkA?lk3s=7b078dd2 | 所有CDN均失败
2026-05-05 17:36:12 | 2m02s |     • 下载失败 | replies.id=21178 api_type=reply_sticker | 下载失败
2026-05-05 17:36:12 | 2m02s |     • 下载失败 | https://p3-sign.douyinpic.com/tos-cn-i-p14lwwcsbr/76d17b1c6935419b88c5ecf2b492dc71~tplv-p14lwwcsbr-7 | 所有CDN均失败
2026-05-05 17:36:12 | 2m02s |     • 下载失败 | comments.id=36794 api_type=comment_image | 下载失败
2026-05-05 17:36:12 | 2m02s | ──────────────────────────────────────────────────────────────────────
