2026-05-12 18:11:00 | 0s | [INIT] 日志文件: /home/runner/work/DouyinComment/DouyinComment/scripts/../logs/migrate/migrate_20260512_181100.log
2026-05-12 18:11:00 | 0s | ======================================================================
2026-05-12 18:11:00 | 0s |   [INIT] 抖音资源 → HF Bucket 迁移（v3）
2026-05-12 18:11:00 | 0s |   [INIT] 数据目录:    /home/runner/work/DouyinComment/DouyinComment/scripts/../data
2026-05-12 18:11:00 | 0s |   [INIT] 日志目录:    /home/runner/work/DouyinComment/DouyinComment/scripts/../logs/migrate
2026-05-12 18:11:00 | 0s |   [INIT] 作者过滤:    all
2026-05-12 18:11:00 | 0s |   [INIT] 限制表:      全部
2026-05-12 18:11:00 | 0s |   [INIT] 限制字段:    全部
2026-05-12 18:11:00 | 0s |   [INIT] 最大任务数:  不限
2026-05-12 18:11:00 | 0s |   [INIT] 批次大小:    20
2026-05-12 18:11:00 | 0s |   [INIT] 并发数:      6
2026-05-12 18:11:00 | 0s |   [INIT] Dry-run:     否
2026-05-12 18:11:00 | 0s |   [INIT] Direct:      是
2026-05-12 18:11:00 | 0s | ======================================================================
2026-05-12 18:11:00 | 0s | 
  [SCAN] 已选择 2 个数据库:
2026-05-12 18:11:00 | 0s |   [SCAN] 📁 MS4wLjABAAAA2FYVN1jBWaTVasx7wXcsK0rCPfSY... (videos=405, comments=96938, replies=21149, 44.3 MB)
2026-05-12 18:11:00 | 0s |   [SCAN] 📁 MS4wLjABAAAAWKIRK91nF8hLjuza0KVRL50-lcfN... (videos=149, comments=8143, replies=1945, 4.0 MB)
2026-05-12 18:11:00 | 0s | 
--- HEIF 格式检测 ---
2026-05-12 18:11:00 | 0s | ✅ pillow-heif 已就绪
2026-05-12 18:11:00 | 0s | 
--- 验证 Cookie ---
2026-05-12 18:11:01 | 1s | ✅ Cookie 有效，用户: 万年
2026-05-12 18:11:01 | 1s | 
──────────────────────────────────────────────────────────────────────
2026-05-12 18:11:01 | 1s |   [SCAN] 📁 作者: MS4wLjABAAAA2FYVN1jBWaTVasx7wXcsK0rCPfSY...
2026-05-12 18:11:01 | 1s |   [SCAN] 📄 数据库: /home/runner/work/DouyinComment/DouyinComment/scripts/../data/MS4wLjABAAAA2FYVN1jBWaTVasx7wXcsK0rCPfSYixt5-J1pUegQIbA/sqlite.db
2026-05-12 18:11:01 | 1s | ──────────────────────────────────────────────────────────────────────
2026-05-12 18:11:02 | 1s |   [SCAN] 总 task 数: 57
2026-05-12 18:11:02 | 1s |     comment_avatar: 47
2026-05-12 18:11:02 | 1s |     comment_image: 2
2026-05-12 18:11:02 | 1s |     comment_sticker: 3
2026-05-12 18:11:02 | 1s |     reply_avatar: 3
2026-05-12 18:11:02 | 1s |     reply_image: 1
2026-05-12 18:11:02 | 1s |     reply_sticker: 1
2026-05-12 18:11:02 | 1s |   [SCAN] 唯一分组: 55，去重节省: 2 次下载
2026-05-12 18:11:02 | 1s |   [BATCH] aweme_id 数: 8，分 1 批处理
2026-05-12 18:11:02 | 1s | 
  [BATCH] 📦 批次 1/1: 8 个 aweme_id, 55 个 URL
2026-05-12 18:11:02 | 1s |   [BATCH] direct 模式: 直接使用原始 URL 57 个
2026-05-12 18:11:05 | 4s |   [DL] ⚠️  HTTP 403: https://p26-sign.douyinpic.com/obj/tos-cn-o-0812/o0cguteHAroyvOClx6QCAktcgDQdIAe...
2026-05-12 18:11:05 | 4s |   [DL] ❌ 下载失败，最后尝试的 URL: https://p26-sign.douyinpic.com/obj/tos-cn-o-0812/o0cguteHAroyvOClx6QCAktcgDQdIAelAHA8bn?lk3s=7b078dd2&x-expires=1776931200&x-signature=QKrJNCwSi5qhER7JuGxca4eE%2BkU%3D&from=2064092626&s=sticker_comment&se=false&sc=sticker_heif&biz_tag=aweme_comment&l=20260422155917D4AC69AC509C06719605
2026-05-12 18:11:05 | 4s |   [FAIL] 下载失败 | https://p26-sign.douyinpic.com/obj/tos-cn-o-0812/o0cguteHAroyvOClx6QCAktcgDQdIAelAHA8bn?lk3s=7b078dd | 原因=所有CDN均失败
2026-05-12 18:11:05 | 4s |   [FAIL] 下载失败 | comments.id=46997 api_type=comment_sticker | 表=comments | aweme=7456483966602841403 | 字段=sticker | 原因=下载失败
2026-05-12 18:11:05 | 4s |   [DL] ⚠️  HTTP 403: https://p26-sign.douyinpic.com/tos-cn-i-p14lwwcsbr/8021ec5dcc93470b9ff105110e288...
2026-05-12 18:11:06 | 5s |   [DL] ⚠️  HTTP 403: https://p3-sign.douyinpic.com/tos-cn-i-p14lwwcsbr/8021ec5dcc93470b9ff105110e288c...
2026-05-12 18:11:06 | 6s |   [DL] ⚠️  HTTP 403: https://p5-ex-gddgtc-sign.douyinpic.com/obj/tos-cn-o-0812/osMbEYFxAgCM8ORMAADAIj...
2026-05-12 18:11:06 | 6s |   [DL] ❌ 下载失败，最后尝试的 URL: https://p5-ex-gddgtc-sign.douyinpic.com/obj/tos-cn-o-0812/osMbEYFxAgCM8ORMAADAIjDlxCpgaCAyAGEff0?lk3s=7b078dd2&x-expires=1776938400&x-signature=a4s4ivW6IB1r42X4peH3NFRD5VE%3D&from=2064092626&s=sticker_comment&se=false&sc=sticker_heif&biz_tag=aweme_comment&l=202604221741241AE6C93B5D9DF35359FD
2026-05-12 18:11:06 | 6s |   [FAIL] 下载失败 | https://p5-ex-gddgtc-sign.douyinpic.com/obj/tos-cn-o-0812/osMbEYFxAgCM8ORMAADAIjDlxCpgaCAyAGEff0?lk3 | 原因=所有CDN均失败
2026-05-12 18:11:06 | 6s |   [FAIL] 下载失败 | comments.id=90723 api_type=comment_sticker | 表=comments | aweme=7575874445581119665 | 字段=sticker | 原因=下载失败
2026-05-12 18:11:07 | 6s |   [DL] ⚠️  HTTP 403: https://p5-ex-gddgtc-sign.douyinpic.com/obj/douyin-user-image-file/8c8844d242627...
2026-05-12 18:11:07 | 6s |   [DL] ❌ 下载失败，最后尝试的 URL: https://p5-ex-gddgtc-sign.douyinpic.com/obj/douyin-user-image-file/8c8844d242627c599d1e61a6c3f3f7a3?lk3s=7b078dd2&x-expires=1776938400&x-signature=3mPhXzM1XGYjiux88h2FMYLDAV0%3D&from=2064092626&s=sticker_comment&se=false&sc=sticker_heif&biz_tag=aweme_comment&l=20260422172351E72952BBBF2BB254ED0C
2026-05-12 18:11:07 | 6s |   [FAIL] 下载失败 | https://p5-ex-gddgtc-sign.douyinpic.com/obj/douyin-user-image-file/8c8844d242627c599d1e61a6c3f3f7a3? | 原因=所有CDN均失败
2026-05-12 18:11:07 | 6s |   [FAIL] 下载失败 | comments.id=85194 api_type=comment_sticker | 表=comments | aweme=7560954743410675002 | 字段=sticker | 原因=下载失败
2026-05-12 18:11:07 | 6s |   [DL] ⚠️  HTTP 403: https://p5-ex-gddgtc-sign.douyinpic.com/tos-cn-i-p14lwwcsbr/8021ec5dcc93470b9ff1...
2026-05-12 18:11:07 | 6s |   [DL] ⚠️  HTTP 403: https://p9-sign.douyinpic.com/obj/tos-cn-o-0812/okAuAfyyBAD0iA5Zadi8vNEj7BBIigGQ...
2026-05-12 18:11:07 | 6s |   [DL] ❌ 下载失败，最后尝试的 URL: https://p9-sign.douyinpic.com/obj/tos-cn-o-0812/okAuAfyyBAD0iA5Zadi8vNEj7BBIigGQyVYEkA?lk3s=7b078dd2&x-expires=1776960000&x-signature=PGcNQ%2BFbEbGoPQbhPvr5GppjCr0%3D&from=2064092626&s=sticker_comment&se=false&sc=sticker_heif&biz_tag=aweme_comment&l=202604231846140F73B10722ECAAC2EAB9
2026-05-12 18:11:07 | 6s |   [FAIL] 下载失败 | https://p9-sign.douyinpic.com/obj/tos-cn-o-0812/okAuAfyyBAD0iA5Zadi8vNEj7BBIigGQyVYEkA?lk3s=7b078dd2 | 原因=所有CDN均失败
2026-05-12 18:11:07 | 6s |   [FAIL] 下载失败 | replies.id=21178 api_type=reply_sticker | 表=replies | aweme=7631634541144461489 | 字段=sticker | 原因=下载失败
2026-05-12 18:11:07 | 6s |   [DL] ⚠️  HTTP 403: https://p3-sign.douyinpic.com/tos-cn-i-p14lwwcsbr/e2a2935810aa4b8b87c5d164afb794...
2026-05-12 18:11:08 | 7s |   [DL] ⚠️  HTTP 403: https://p26-sign.douyinpic.com/tos-cn-i-p14lwwcsbr/8021ec5dcc93470b9ff105110e288...
2026-05-12 18:11:08 | 7s |   [DL] ❌ 下载失败，最后尝试的 URL: https://p26-sign.douyinpic.com/tos-cn-i-p14lwwcsbr/8021ec5dcc93470b9ff105110e288cd7~tplv-p14lwwcsbr-7.jpeg?lk3s=7b078dd2&x-expires=1776952800&x-signature=D0%2F%2FSdYFxQfL5G1DpuWnnoFVNZI%3D&from=2064092626&se=false&sc=image&biz_tag=aweme_comment&l=20260422213043620A31DAC0379774BAE8
2026-05-12 18:11:08 | 7s |   [FAIL] 下载失败 | https://p26-sign.douyinpic.com/tos-cn-i-p14lwwcsbr/8021ec5dcc93470b9ff105110e288cd7~tplv-p14lwwcsbr- | 原因=所有CDN均失败
2026-05-12 18:11:08 | 7s |   [FAIL] 下载失败 | replies.id=18126 api_type=reply_image | 表=replies | aweme=7560954743410675002 | 字段=image_list | 原因=下载失败
2026-05-12 18:11:08 | 7s |   [DL] ⚠️  HTTP 403: https://p26-sign.douyinpic.com/tos-cn-i-p14lwwcsbr/bd6e2809edac430686f01de210250...
2026-05-12 18:11:08 | 7s |   [DL] ⚠️  HTTP 403: https://p5-ex-gddgtc-sign.douyinpic.com/tos-cn-i-p14lwwcsbr/e2a2935810aa4b8b87c5...
2026-05-12 18:11:08 | 7s |   [DL] ⚠️  HTTP 403: https://p3-sign.douyinpic.com/tos-cn-i-p14lwwcsbr/bd6e2809edac430686f01de210250c...
2026-05-12 18:11:09 | 8s |   [DL] ⚠️  HTTP 403: https://p5-ex-gddgtc-sign.douyinpic.com/tos-cn-i-p14lwwcsbr/bd6e2809edac430686f0...
2026-05-12 18:11:09 | 8s |   [DL] ⚠️  HTTP 403: https://p11-sign.douyinpic.com/tos-cn-i-p14lwwcsbr/e2a2935810aa4b8b87c5d164afb79...
2026-05-12 18:11:09 | 8s |   [DL] ⚠️  HTTP 403: https://p3-sign.douyinpic.com/tos-cn-i-p14lwwcsbr/e2a2935810aa4b8b87c5d164afb794...
2026-05-12 18:11:09 | 8s |   [DL] ❌ 下载失败，最后尝试的 URL: https://p3-sign.douyinpic.com/tos-cn-i-p14lwwcsbr/e2a2935810aa4b8b87c5d164afb7945e~tplv-p14lwwcsbr-7.jpeg?lk3s=7b078dd2&x-expires=1776938400&x-signature=sJh8%2BJ1%2Bwp2D6rGewepcZnCJYjA%3D&from=2064092626&se=false&sc=image&biz_tag=aweme_comment&l=20260422172339C383647A97FC9F534DAE
2026-05-12 18:11:09 | 8s |   [FAIL] 下载失败 | https://p3-sign.douyinpic.com/tos-cn-i-p14lwwcsbr/e2a2935810aa4b8b87c5d164afb7945e~tplv-p14lwwcsbr-7 | 原因=所有CDN均失败
2026-05-12 18:11:09 | 8s |   [FAIL] 下载失败 | comments.id=85119 api_type=comment_image | 表=comments | aweme=7560954743410675002 | 字段=image_list | 原因=下载失败
2026-05-12 18:11:09 | 9s |   [DL] ⚠️  HTTP 403: https://p26-sign.douyinpic.com/tos-cn-i-p14lwwcsbr/bd6e2809edac430686f01de210250...
2026-05-12 18:11:09 | 9s |   [DL] ❌ 下载失败，最后尝试的 URL: https://p26-sign.douyinpic.com/tos-cn-i-p14lwwcsbr/bd6e2809edac430686f01de210250cd4~tplv-p14lwwcsbr-7.jpeg?lk3s=7b078dd2&x-expires=1776934800&x-signature=p%2Bv%2Bj6Fggg8zWPl3wQ3A17jcSSY%3D&from=2064092626&se=false&sc=image&biz_tag=aweme_comment&l=20260422160926C47854014D9E4955E272
2026-05-12 18:11:09 | 9s |   [FAIL] 下载失败 | https://p26-sign.douyinpic.com/tos-cn-i-p14lwwcsbr/bd6e2809edac430686f01de210250cd4~tplv-p14lwwcsbr- | 原因=所有CDN均失败
2026-05-12 18:11:09 | 9s |   [FAIL] 下载失败 | comments.id=55094 api_type=comment_image | 表=comments | aweme=7476411176209976636 | 字段=image_list | 原因=下载失败
2026-05-12 18:11:11 | 10s |   [UPLOAD] ↑ MS4wLjABAAAA2FYVN1jBWaTVasx7wXcsK0rCPfSYixt5-J1pUegQIbA/avatars/e736c5d06ac0a48d682407728a3b7ccb.jpeg
2026-05-12 18:11:11 | 10s |   [UPLOAD] ↑ MS4wLjABAAAA2FYVN1jBWaTVasx7wXcsK0rCPfSYixt5-J1pUegQIbA/avatars/5355af66f17f32929c81d4c48bd3b217.jpeg
2026-05-12 18:11:11 | 10s |   [UPLOAD] ↑ MS4wLjABAAAA2FYVN1jBWaTVasx7wXcsK0rCPfSYixt5-J1pUegQIbA/avatars/dd6017da9f98b2c1222d7cf5cf1d9bed.jpeg
2026-05-12 18:11:11 | 10s |   [UPLOAD] ↑ MS4wLjABAAAA2FYVN1jBWaTVasx7wXcsK0rCPfSYixt5-J1pUegQIbA/avatars/c10a5f736091fa1ae6f64f1f73f5fd25.jpeg
2026-05-12 18:11:11 | 10s |   [UPLOAD] ↑ MS4wLjABAAAA2FYVN1jBWaTVasx7wXcsK0rCPfSYixt5-J1pUegQIbA/avatars/0cd8cd10681281ddbd18f669da627f92.jpeg
2026-05-12 18:11:11 | 11s |   [UPLOAD] ↑ MS4wLjABAAAA2FYVN1jBWaTVasx7wXcsK0rCPfSYixt5-J1pUegQIbA/avatars/34c20ce9f216ddd80317ed77174688d1.jpeg
2026-05-12 18:11:11 | 11s |   [UPLOAD] ↑ MS4wLjABAAAA2FYVN1jBWaTVasx7wXcsK0rCPfSYixt5-J1pUegQIbA/avatars/91f3508682f0361f50cc1670d6790524.jpeg
2026-05-12 18:11:11 | 11s |   [UPLOAD] ↑ MS4wLjABAAAA2FYVN1jBWaTVasx7wXcsK0rCPfSYixt5-J1pUegQIbA/avatars/c47ab122d5b90f84195b422fa60951fe.jpeg
2026-05-12 18:11:11 | 11s |   [UPLOAD] ↑ MS4wLjABAAAA2FYVN1jBWaTVasx7wXcsK0rCPfSYixt5-J1pUegQIbA/avatars/08352526869c7e2bd8d14de3fdae04e4.jpeg
2026-05-12 18:11:11 | 11s |   [UPLOAD] ↑ MS4wLjABAAAA2FYVN1jBWaTVasx7wXcsK0rCPfSYixt5-J1pUegQIbA/avatars/0bc3510a43c42bd6a17b02d291d3c252.jpeg
2026-05-12 18:11:11 | 11s |   [UPLOAD] ↑ MS4wLjABAAAA2FYVN1jBWaTVasx7wXcsK0rCPfSYixt5-J1pUegQIbA/avatars/ba2dd1c88e635bdd66a39c210844dc27.jpeg
2026-05-12 18:11:11 | 11s |   [UPLOAD] ↑ MS4wLjABAAAA2FYVN1jBWaTVasx7wXcsK0rCPfSYixt5-J1pUegQIbA/avatars/8d93c0b656dcb1b8ca44a77585d66357.jpeg
2026-05-12 18:11:11 | 11s |   [UPLOAD] ↑ MS4wLjABAAAA2FYVN1jBWaTVasx7wXcsK0rCPfSYixt5-J1pUegQIbA/avatars/35c3b137162b5bc74168ee53c0e362e4.jpeg
2026-05-12 18:11:11 | 11s |   [UPLOAD] ↑ MS4wLjABAAAA2FYVN1jBWaTVasx7wXcsK0rCPfSYixt5-J1pUegQIbA/avatars/f3d3c2e61bd1204dbd4398391eef75b2.jpeg
2026-05-12 18:11:11 | 11s |   [UPLOAD] ↑ MS4wLjABAAAA2FYVN1jBWaTVasx7wXcsK0rCPfSYixt5-J1pUegQIbA/avatars/4506baa3b7d89f3faac07415754048c5.jpeg
2026-05-12 18:11:11 | 11s |   [UPLOAD] ↑ MS4wLjABAAAA2FYVN1jBWaTVasx7wXcsK0rCPfSYixt5-J1pUegQIbA/avatars/7d3a90ced1e171d655b63dba11e60a4c.jpeg
2026-05-12 18:11:11 | 11s |   [UPLOAD] ↑ MS4wLjABAAAA2FYVN1jBWaTVasx7wXcsK0rCPfSYixt5-J1pUegQIbA/avatars/759a6e4a7a3d25449d8ce4ef88ec2946.jpeg
2026-05-12 18:11:11 | 11s |   [UPLOAD] ↑ MS4wLjABAAAA2FYVN1jBWaTVasx7wXcsK0rCPfSYixt5-J1pUegQIbA/avatars/2292acfec3f36f58944cf140adc18eff.jpeg
2026-05-12 18:11:11 | 11s |   [UPLOAD] ↑ MS4wLjABAAAA2FYVN1jBWaTVasx7wXcsK0rCPfSYixt5-J1pUegQIbA/avatars/02a2b6f5f57c6aa6b6e395fe73eaa634.jpeg
2026-05-12 18:11:11 | 11s |   [UPLOAD] ↑ MS4wLjABAAAA2FYVN1jBWaTVasx7wXcsK0rCPfSYixt5-J1pUegQIbA/avatars/275d8422f2e90580025ebade7847d3c1.jpeg
2026-05-12 18:11:11 | 11s |   [UPLOAD] ↑ MS4wLjABAAAA2FYVN1jBWaTVasx7wXcsK0rCPfSYixt5-J1pUegQIbA/avatars/251113d254e171f62305d1c390f91fe6.jpeg
2026-05-12 18:11:11 | 11s |   [UPLOAD] ↑ MS4wLjABAAAA2FYVN1jBWaTVasx7wXcsK0rCPfSYixt5-J1pUegQIbA/avatars/cb695fbadc907f22b396d8d890323894.jpeg
2026-05-12 18:11:11 | 11s |   [UPLOAD] ↑ MS4wLjABAAAA2FYVN1jBWaTVasx7wXcsK0rCPfSYixt5-J1pUegQIbA/avatars/30eed68b69c786744ed1f063de3bc1ea.jpeg
2026-05-12 18:11:11 | 11s |   [UPLOAD] ↑ MS4wLjABAAAA2FYVN1jBWaTVasx7wXcsK0rCPfSYixt5-J1pUegQIbA/avatars/5e9e88d511fa9b7912e3e7f139fb242b.jpeg
2026-05-12 18:11:11 | 11s |   [UPLOAD] ↑ MS4wLjABAAAA2FYVN1jBWaTVasx7wXcsK0rCPfSYixt5-J1pUegQIbA/avatars/96491bc6d910964d09d5b099ab693a60.jpeg
2026-05-12 18:11:11 | 11s |   [UPLOAD] ↑ MS4wLjABAAAA2FYVN1jBWaTVasx7wXcsK0rCPfSYixt5-J1pUegQIbA/avatars/d0b1a22c15d9b68a7bc61a223a573f51.jpeg
2026-05-12 18:11:11 | 11s |   [UPLOAD] ↑ MS4wLjABAAAA2FYVN1jBWaTVasx7wXcsK0rCPfSYixt5-J1pUegQIbA/avatars/1b8fb172974418a4a725f738b5ff9e2b.jpeg
2026-05-12 18:11:11 | 11s |   [UPLOAD] ↑ MS4wLjABAAAA2FYVN1jBWaTVasx7wXcsK0rCPfSYixt5-J1pUegQIbA/avatars/770d3a9412acab836f7a7a31036009b4.jpeg
2026-05-12 18:11:11 | 11s |   [UPLOAD] ↑ MS4wLjABAAAA2FYVN1jBWaTVasx7wXcsK0rCPfSYixt5-J1pUegQIbA/avatars/7dee5eb62c0872574a5fd55fe129d014.jpeg
2026-05-12 18:11:11 | 11s |   [UPLOAD] ↑ MS4wLjABAAAA2FYVN1jBWaTVasx7wXcsK0rCPfSYixt5-J1pUegQIbA/avatars/e72ed6945b3f9a205ca713e1ca3b961b.jpeg
2026-05-12 18:11:11 | 11s |   [UPLOAD] ↑ MS4wLjABAAAA2FYVN1jBWaTVasx7wXcsK0rCPfSYixt5-J1pUegQIbA/avatars/e98b71e49c7f20adc24b2adaa35d2d3d.jpeg
2026-05-12 18:11:11 | 11s |   [UPLOAD] ↑ MS4wLjABAAAA2FYVN1jBWaTVasx7wXcsK0rCPfSYixt5-J1pUegQIbA/avatars/368d0457edb856945abd5c44522ddedc.jpeg
2026-05-12 18:11:11 | 11s |   [UPLOAD] ↑ MS4wLjABAAAA2FYVN1jBWaTVasx7wXcsK0rCPfSYixt5-J1pUegQIbA/avatars/5ef9bb50985296d0a8aa8a277842f368.jpeg
2026-05-12 18:11:11 | 11s |   [UPLOAD] ↑ MS4wLjABAAAA2FYVN1jBWaTVasx7wXcsK0rCPfSYixt5-J1pUegQIbA/avatars/38a9cf78b8bb9a7603019e779f6f56c9.jpeg
2026-05-12 18:11:11 | 11s |   [UPLOAD] ↑ MS4wLjABAAAA2FYVN1jBWaTVasx7wXcsK0rCPfSYixt5-J1pUegQIbA/avatars/a8c934858128343ab01640e8b2b1f741.jpeg
2026-05-12 18:11:11 | 11s |   [UPLOAD] ↑ MS4wLjABAAAA2FYVN1jBWaTVasx7wXcsK0rCPfSYixt5-J1pUegQIbA/avatars/d36dac0a48f0a0862987615e3a066069.jpeg
2026-05-12 18:11:11 | 11s |   [UPLOAD] ↑ MS4wLjABAAAA2FYVN1jBWaTVasx7wXcsK0rCPfSYixt5-J1pUegQIbA/avatars/091e94c6ef8afc6647b9c76173a9f1c5.jpeg
2026-05-12 18:11:11 | 11s |   [UPLOAD] ↑ MS4wLjABAAAA2FYVN1jBWaTVasx7wXcsK0rCPfSYixt5-J1pUegQIbA/avatars/71220e8102a143378d10e5a57ad548c4.jpeg
2026-05-12 18:11:11 | 11s |   [UPLOAD] ↑ MS4wLjABAAAA2FYVN1jBWaTVasx7wXcsK0rCPfSYixt5-J1pUegQIbA/avatars/c8c0f21e0410154f5bf459a44847bd54.jpeg
2026-05-12 18:11:11 | 11s |   [UPLOAD] ↑ MS4wLjABAAAA2FYVN1jBWaTVasx7wXcsK0rCPfSYixt5-J1pUegQIbA/avatars/f2f6db1071daf899d6a09dc5df2acc29.jpeg
2026-05-12 18:11:11 | 11s |   [UPLOAD] ↑ MS4wLjABAAAA2FYVN1jBWaTVasx7wXcsK0rCPfSYixt5-J1pUegQIbA/avatars/2f0c1d624595a7527daa35a19cf309de.jpeg
2026-05-12 18:11:11 | 11s |   [UPLOAD] ↑ MS4wLjABAAAA2FYVN1jBWaTVasx7wXcsK0rCPfSYixt5-J1pUegQIbA/avatars/164b02e76e593cbdd9b0a1847b0b069a.jpeg
2026-05-12 18:11:11 | 11s |   [UPLOAD] ↑ MS4wLjABAAAA2FYVN1jBWaTVasx7wXcsK0rCPfSYixt5-J1pUegQIbA/avatars/5c09b8cd36531bacdf8d5d3371a0ef4d.jpeg
2026-05-12 18:11:11 | 11s |   [UPLOAD] ↑ MS4wLjABAAAA2FYVN1jBWaTVasx7wXcsK0rCPfSYixt5-J1pUegQIbA/avatars/7dbcb847fdc474faddab947e4ce21b4e.jpeg
2026-05-12 18:11:11 | 11s |   [UPLOAD] ↑ MS4wLjABAAAA2FYVN1jBWaTVasx7wXcsK0rCPfSYixt5-J1pUegQIbA/avatars/6e8d85996875f455efae5b7ea30cb0a0.jpeg
2026-05-12 18:11:11 | 11s |   [UPLOAD] ↑ MS4wLjABAAAA2FYVN1jBWaTVasx7wXcsK0rCPfSYixt5-J1pUegQIbA/avatars/8e341fcb9130b2b1ecc95468f737a50c.jpeg
2026-05-12 18:11:11 | 11s |   [UPLOAD] ↑ MS4wLjABAAAA2FYVN1jBWaTVasx7wXcsK0rCPfSYixt5-J1pUegQIbA/avatars/35c9ba8cd0f382615e4bbddf8a720757.jpeg
2026-05-12 18:11:11 | 11s |   [UPLOAD] ↑ MS4wLjABAAAA2FYVN1jBWaTVasx7wXcsK0rCPfSYixt5-J1pUegQIbA/avatars/f7bbf70cb4f235df4df4c6e7d08d1b2b.jpeg
2026-05-12 18:11:11 | 11s |   [DB] 📝 待更新: 50 行
2026-05-12 18:11:11 | 11s |   [DB] ✅ commit 成功: 50 行已写入
2026-05-12 18:11:11 | 11s |   [BATCH] ✅ 批次完成，已提交 55/55 个 URL，耗时 9.4s
2026-05-12 18:11:11 | 11s | 
  [OK] 作者完成: 上传 48，更新 50 行，HEIC 转换 0，失败 7
2026-05-12 18:11:11 | 11s | 
──────────────────────────────────────────────────────────────────────
2026-05-12 18:11:11 | 11s |   [SCAN] 📁 作者: MS4wLjABAAAAWKIRK91nF8hLjuza0KVRL50-lcfN...
2026-05-12 18:11:11 | 11s |   [SCAN] 📄 数据库: /home/runner/work/DouyinComment/DouyinComment/scripts/../data/MS4wLjABAAAAWKIRK91nF8hLjuza0KVRL50-lcfNlEPHocsF9hNYzCUag7n4BgIHQaERsfq_NiHR/sqlite.db
2026-05-12 18:11:11 | 11s | ──────────────────────────────────────────────────────────────────────
2026-05-12 18:11:11 | 11s |   [SCAN] 总 task 数: 2
2026-05-12 18:11:11 | 11s |     comment_avatar: 1
2026-05-12 18:11:11 | 11s |     reply_avatar: 1
2026-05-12 18:11:11 | 11s |   [SCAN] 唯一分组: 2，去重节省: 0 次下载
2026-05-12 18:11:11 | 11s |   [BATCH] aweme_id 数: 1，分 1 批处理
2026-05-12 18:11:11 | 11s | 
  [BATCH] 📦 批次 1/1: 1 个 aweme_id, 2 个 URL
2026-05-12 18:11:11 | 11s |   [BATCH] direct 模式: 直接使用原始 URL 2 个
2026-05-12 18:11:12 | 12s |   [UPLOAD] ↑ MS4wLjABAAAAWKIRK91nF8hLjuza0KVRL50-lcfNlEPHocsF9hNYzCUag7n4BgIHQaERsfq_NiHR/avatars/8f50ebffff2960a973933e7426248f52.jpeg
2026-05-12 18:11:12 | 12s |   [UPLOAD] ↑ MS4wLjABAAAAWKIRK91nF8hLjuza0KVRL50-lcfNlEPHocsF9hNYzCUag7n4BgIHQaERsfq_NiHR/avatars/e46bdc3fb034c2c5ac439563008580cb.jpeg
2026-05-12 18:11:12 | 12s |   [DB] 📝 待更新: 2 行
2026-05-12 18:11:12 | 12s |   [DB] ✅ commit 成功: 2 行已写入
2026-05-12 18:11:12 | 12s |   [BATCH] ✅ 批次完成，已提交 2/2 个 URL，耗时 1.1s
2026-05-12 18:11:12 | 12s | 
  [OK] 作者完成: 上传 2，更新 2 行，HEIC 转换 0，失败 0
2026-05-12 18:11:12 | 12s | 
2026-05-12 18:11:12 | 12s | ======================================================================
2026-05-12 18:11:12 | 12s |   全部完成
2026-05-12 18:11:12 | 12s | ======================================================================
2026-05-12 18:11:12 | 12s |   作者数:        2
2026-05-12 18:11:12 | 12s |   总 task:       59
2026-05-12 18:11:12 | 12s |   上传成功:      50
2026-05-12 18:11:12 | 12s |   更新行数:      52
2026-05-12 18:11:12 | 12s |   HEIC 转换:     0
2026-05-12 18:11:12 | 12s |   失败:          7
2026-05-12 18:11:12 | 12s |   总耗时:        12s (12s)
2026-05-12 18:11:12 | 12s | ======================================================================
2026-05-12 18:11:12 | 12s | 
──────────────────────────────────────────────────────────────────────
2026-05-12 18:11:12 | 12s |   失败汇总 (共 14 项)
2026-05-12 18:11:12 | 12s | ──────────────────────────────────────────────────────────────────────
2026-05-12 18:11:12 | 12s |     下载失败: 14
2026-05-12 18:11:12 | 12s |     • 下载失败 | https://p26-sign.douyinpic.com/obj/tos-cn-o-0812/o0cguteHAroyvOClx6QCAktcgDQdIAelAHA8bn?lk3s=7b078dd | 所有CDN均失败
2026-05-12 18:11:12 | 12s |     • 下载失败 | comments.id=46997 api_type=comment_sticker | 下载失败
2026-05-12 18:11:12 | 12s |     • 下载失败 | https://p5-ex-gddgtc-sign.douyinpic.com/obj/tos-cn-o-0812/osMbEYFxAgCM8ORMAADAIjDlxCpgaCAyAGEff0?lk3 | 所有CDN均失败
2026-05-12 18:11:12 | 12s |     • 下载失败 | comments.id=90723 api_type=comment_sticker | 下载失败
2026-05-12 18:11:12 | 12s |     • 下载失败 | https://p5-ex-gddgtc-sign.douyinpic.com/obj/douyin-user-image-file/8c8844d242627c599d1e61a6c3f3f7a3? | 所有CDN均失败
2026-05-12 18:11:12 | 12s |     • 下载失败 | comments.id=85194 api_type=comment_sticker | 下载失败
2026-05-12 18:11:12 | 12s |     • 下载失败 | https://p9-sign.douyinpic.com/obj/tos-cn-o-0812/okAuAfyyBAD0iA5Zadi8vNEj7BBIigGQyVYEkA?lk3s=7b078dd2 | 所有CDN均失败
2026-05-12 18:11:12 | 12s |     • 下载失败 | replies.id=21178 api_type=reply_sticker | 下载失败
2026-05-12 18:11:12 | 12s |     • 下载失败 | https://p26-sign.douyinpic.com/tos-cn-i-p14lwwcsbr/8021ec5dcc93470b9ff105110e288cd7~tplv-p14lwwcsbr- | 所有CDN均失败
2026-05-12 18:11:12 | 12s |     • 下载失败 | replies.id=18126 api_type=reply_image | 下载失败
2026-05-12 18:11:12 | 12s |     • 下载失败 | https://p3-sign.douyinpic.com/tos-cn-i-p14lwwcsbr/e2a2935810aa4b8b87c5d164afb7945e~tplv-p14lwwcsbr-7 | 所有CDN均失败
2026-05-12 18:11:12 | 12s |     • 下载失败 | comments.id=85119 api_type=comment_image | 下载失败
2026-05-12 18:11:12 | 12s |     • 下载失败 | https://p26-sign.douyinpic.com/tos-cn-i-p14lwwcsbr/bd6e2809edac430686f01de210250cd4~tplv-p14lwwcsbr- | 所有CDN均失败
2026-05-12 18:11:12 | 12s |     • 下载失败 | comments.id=55094 api_type=comment_image | 下载失败
2026-05-12 18:11:12 | 12s | ──────────────────────────────────────────────────────────────────────
