2026-05-18 18:12:06 | 0s | [INIT] 日志文件: /home/runner/work/DouyinComment/DouyinComment/scripts/../logs/migrate/migrate_20260518_181206.log
2026-05-18 18:12:06 | 0s | ======================================================================
2026-05-18 18:12:06 | 0s |   [INIT] 抖音资源 → HF Bucket 迁移（v3）
2026-05-18 18:12:06 | 0s |   [INIT] 数据目录:    /home/runner/work/DouyinComment/DouyinComment/scripts/../data
2026-05-18 18:12:06 | 0s |   [INIT] 日志目录:    /home/runner/work/DouyinComment/DouyinComment/scripts/../logs/migrate
2026-05-18 18:12:06 | 0s |   [INIT] 作者过滤:    all
2026-05-18 18:12:06 | 0s |   [INIT] 限制表:      全部
2026-05-18 18:12:06 | 0s |   [INIT] 限制字段:    全部
2026-05-18 18:12:06 | 0s |   [INIT] 最大任务数:  不限
2026-05-18 18:12:06 | 0s |   [INIT] 批次大小:    20
2026-05-18 18:12:06 | 0s |   [INIT] 并发数:      6
2026-05-18 18:12:06 | 0s |   [INIT] Dry-run:     否
2026-05-18 18:12:06 | 0s |   [INIT] Direct:      是
2026-05-18 18:12:06 | 0s | ======================================================================
2026-05-18 18:12:06 | 0s | 
  [SCAN] 已选择 2 个数据库:
2026-05-18 18:12:06 | 0s |   [SCAN] 📁 MS4wLjABAAAA2FYVN1jBWaTVasx7wXcsK0rCPfSY... (videos=405, comments=97004, replies=21149, 44.3 MB)
2026-05-18 18:12:06 | 0s |   [SCAN] 📁 MS4wLjABAAAAWKIRK91nF8hLjuza0KVRL50-lcfN... (videos=149, comments=8151, replies=1945, 4.0 MB)
2026-05-18 18:12:06 | 0s | 
--- HEIF 格式检测 ---
2026-05-18 18:12:06 | 0s | ✅ pillow-heif 已就绪
2026-05-18 18:12:06 | 0s | 
--- 验证 Cookie ---
2026-05-18 18:12:07 | 1s | ✅ Cookie 有效，用户: 万年
2026-05-18 18:12:07 | 1s | 
──────────────────────────────────────────────────────────────────────
2026-05-18 18:12:07 | 1s |   [SCAN] 📁 作者: MS4wLjABAAAA2FYVN1jBWaTVasx7wXcsK0rCPfSY...
2026-05-18 18:12:07 | 1s |   [SCAN] 📄 数据库: /home/runner/work/DouyinComment/DouyinComment/scripts/../data/MS4wLjABAAAA2FYVN1jBWaTVasx7wXcsK0rCPfSYixt5-J1pUegQIbA/sqlite.db
2026-05-18 18:12:07 | 1s | ──────────────────────────────────────────────────────────────────────
2026-05-18 18:12:07 | 1s |   [SCAN] 总 task 数: 11
2026-05-18 18:12:07 | 1s |     comment_avatar: 4
2026-05-18 18:12:07 | 1s |     comment_image: 2
2026-05-18 18:12:07 | 1s |     comment_sticker: 3
2026-05-18 18:12:07 | 1s |     reply_image: 1
2026-05-18 18:12:07 | 1s |     reply_sticker: 1
2026-05-18 18:12:07 | 1s |   [SCAN] 唯一分组: 11，去重节省: 0 次下载
2026-05-18 18:12:07 | 1s |   [BATCH] aweme_id 数: 8，分 1 批处理
2026-05-18 18:12:07 | 1s | 
  [BATCH] 📦 批次 1/1: 8 个 aweme_id, 11 个 URL
2026-05-18 18:12:07 | 1s |   [BATCH] direct 模式: 直接使用原始 URL 11 个
2026-05-18 18:12:08 | 2s |   [DL] ⚠️  HTTP 403: https://p3-sign.douyinpic.com/tos-cn-i-p14lwwcsbr/e2a2935810aa4b8b87c5d164afb794...
2026-05-18 18:12:08 | 2s |   [DL] ⚠️  HTTP 403: https://p9-sign.douyinpic.com/obj/tos-cn-o-0812/okAuAfyyBAD0iA5Zadi8vNEj7BBIigGQ...
2026-05-18 18:12:08 | 2s |   [DL] ❌ 下载失败，最后尝试的 URL: https://p9-sign.douyinpic.com/obj/tos-cn-o-0812/okAuAfyyBAD0iA5Zadi8vNEj7BBIigGQyVYEkA?lk3s=7b078dd2&x-expires=1776960000&x-signature=PGcNQ%2BFbEbGoPQbhPvr5GppjCr0%3D&from=2064092626&s=sticker_comment&se=false&sc=sticker_heif&biz_tag=aweme_comment&l=202604231846140F73B10722ECAAC2EAB9
2026-05-18 18:12:08 | 2s |   [FAIL] 下载失败 | https://p9-sign.douyinpic.com/obj/tos-cn-o-0812/okAuAfyyBAD0iA5Zadi8vNEj7BBIigGQyVYEkA?lk3s=7b078dd2 | 原因=所有CDN均失败
2026-05-18 18:12:08 | 2s |   [FAIL] 下载失败 | replies.id=21178 api_type=reply_sticker | 表=replies | aweme=7631634541144461489 | 字段=sticker | 原因=下载失败
2026-05-18 18:12:08 | 2s |   [DL] ⚠️  HTTP 403: https://p5-ex-gddgtc-sign.douyinpic.com/obj/douyin-user-image-file/8c8844d242627...
2026-05-18 18:12:08 | 2s |   [DL] ❌ 下载失败，最后尝试的 URL: https://p5-ex-gddgtc-sign.douyinpic.com/obj/douyin-user-image-file/8c8844d242627c599d1e61a6c3f3f7a3?lk3s=7b078dd2&x-expires=1776938400&x-signature=3mPhXzM1XGYjiux88h2FMYLDAV0%3D&from=2064092626&s=sticker_comment&se=false&sc=sticker_heif&biz_tag=aweme_comment&l=20260422172351E72952BBBF2BB254ED0C
2026-05-18 18:12:08 | 2s |   [FAIL] 下载失败 | https://p5-ex-gddgtc-sign.douyinpic.com/obj/douyin-user-image-file/8c8844d242627c599d1e61a6c3f3f7a3? | 原因=所有CDN均失败
2026-05-18 18:12:08 | 2s |   [FAIL] 下载失败 | comments.id=85194 api_type=comment_sticker | 表=comments | aweme=7560954743410675002 | 字段=sticker | 原因=下载失败
2026-05-18 18:12:09 | 2s |   [DL] ⚠️  HTTP 403: https://p26-sign.douyinpic.com/obj/tos-cn-o-0812/o0cguteHAroyvOClx6QCAktcgDQdIAe...
2026-05-18 18:12:09 | 2s |   [DL] ❌ 下载失败，最后尝试的 URL: https://p26-sign.douyinpic.com/obj/tos-cn-o-0812/o0cguteHAroyvOClx6QCAktcgDQdIAelAHA8bn?lk3s=7b078dd2&x-expires=1776931200&x-signature=QKrJNCwSi5qhER7JuGxca4eE%2BkU%3D&from=2064092626&s=sticker_comment&se=false&sc=sticker_heif&biz_tag=aweme_comment&l=20260422155917D4AC69AC509C06719605
2026-05-18 18:12:09 | 2s |   [FAIL] 下载失败 | https://p26-sign.douyinpic.com/obj/tos-cn-o-0812/o0cguteHAroyvOClx6QCAktcgDQdIAelAHA8bn?lk3s=7b078dd | 原因=所有CDN均失败
2026-05-18 18:12:09 | 2s |   [FAIL] 下载失败 | comments.id=46997 api_type=comment_sticker | 表=comments | aweme=7456483966602841403 | 字段=sticker | 原因=下载失败
2026-05-18 18:12:09 | 2s |   [DL] ⚠️  HTTP 403: https://p26-sign.douyinpic.com/tos-cn-i-p14lwwcsbr/bd6e2809edac430686f01de210250...
2026-05-18 18:12:09 | 3s |   [DL] ⚠️  HTTP 403: https://p5-ex-gddgtc-sign.douyinpic.com/tos-cn-i-p14lwwcsbr/e2a2935810aa4b8b87c5...
2026-05-18 18:12:09 | 3s |   [DL] ⚠️  HTTP 403: https://p3-sign.douyinpic.com/tos-cn-i-p14lwwcsbr/bd6e2809edac430686f01de210250c...
2026-05-18 18:12:10 | 3s |   [DL] ⚠️  HTTP 403: https://p5-ex-gddgtc-sign.douyinpic.com/tos-cn-i-p14lwwcsbr/bd6e2809edac430686f0...
2026-05-18 18:12:10 | 3s |   [DL] ⚠️  HTTP 403: https://p26-sign.douyinpic.com/tos-cn-i-p14lwwcsbr/8021ec5dcc93470b9ff105110e288...
2026-05-18 18:12:10 | 4s |   [DL] ⚠️  HTTP 403: https://p3-sign.douyinpic.com/tos-cn-i-p14lwwcsbr/8021ec5dcc93470b9ff105110e288c...
2026-05-18 18:12:10 | 4s |   [DL] ⚠️  HTTP 403: https://p11-sign.douyinpic.com/tos-cn-i-p14lwwcsbr/e2a2935810aa4b8b87c5d164afb79...
2026-05-18 18:12:10 | 4s |   [DL] ⚠️  HTTP 403: https://p3-sign.douyinpic.com/tos-cn-i-p14lwwcsbr/e2a2935810aa4b8b87c5d164afb794...
2026-05-18 18:12:10 | 4s |   [DL] ❌ 下载失败，最后尝试的 URL: https://p3-sign.douyinpic.com/tos-cn-i-p14lwwcsbr/e2a2935810aa4b8b87c5d164afb7945e~tplv-p14lwwcsbr-7.jpeg?lk3s=7b078dd2&x-expires=1776938400&x-signature=sJh8%2BJ1%2Bwp2D6rGewepcZnCJYjA%3D&from=2064092626&se=false&sc=image&biz_tag=aweme_comment&l=20260422172339C383647A97FC9F534DAE
2026-05-18 18:12:10 | 4s |   [FAIL] 下载失败 | https://p3-sign.douyinpic.com/tos-cn-i-p14lwwcsbr/e2a2935810aa4b8b87c5d164afb7945e~tplv-p14lwwcsbr-7 | 原因=所有CDN均失败
2026-05-18 18:12:10 | 4s |   [FAIL] 下载失败 | comments.id=85119 api_type=comment_image | 表=comments | aweme=7560954743410675002 | 字段=image_list | 原因=下载失败
2026-05-18 18:12:10 | 4s |   [DL] ⚠️  HTTP 403: https://p5-ex-gddgtc-sign.douyinpic.com/tos-cn-i-p14lwwcsbr/8021ec5dcc93470b9ff1...
2026-05-18 18:12:10 | 4s |   [DL] ⚠️  HTTP 403: https://p26-sign.douyinpic.com/tos-cn-i-p14lwwcsbr/bd6e2809edac430686f01de210250...
2026-05-18 18:12:10 | 4s |   [DL] ❌ 下载失败，最后尝试的 URL: https://p26-sign.douyinpic.com/tos-cn-i-p14lwwcsbr/bd6e2809edac430686f01de210250cd4~tplv-p14lwwcsbr-7.jpeg?lk3s=7b078dd2&x-expires=1776934800&x-signature=p%2Bv%2Bj6Fggg8zWPl3wQ3A17jcSSY%3D&from=2064092626&se=false&sc=image&biz_tag=aweme_comment&l=20260422160926C47854014D9E4955E272
2026-05-18 18:12:10 | 4s |   [FAIL] 下载失败 | https://p26-sign.douyinpic.com/tos-cn-i-p14lwwcsbr/bd6e2809edac430686f01de210250cd4~tplv-p14lwwcsbr- | 原因=所有CDN均失败
2026-05-18 18:12:10 | 4s |   [FAIL] 下载失败 | comments.id=55094 api_type=comment_image | 表=comments | aweme=7476411176209976636 | 字段=image_list | 原因=下载失败
2026-05-18 18:12:11 | 5s |   [DL] ⚠️  HTTP 403: https://p26-sign.douyinpic.com/tos-cn-i-p14lwwcsbr/8021ec5dcc93470b9ff105110e288...
2026-05-18 18:12:11 | 5s |   [DL] ❌ 下载失败，最后尝试的 URL: https://p26-sign.douyinpic.com/tos-cn-i-p14lwwcsbr/8021ec5dcc93470b9ff105110e288cd7~tplv-p14lwwcsbr-7.jpeg?lk3s=7b078dd2&x-expires=1776952800&x-signature=D0%2F%2FSdYFxQfL5G1DpuWnnoFVNZI%3D&from=2064092626&se=false&sc=image&biz_tag=aweme_comment&l=20260422213043620A31DAC0379774BAE8
2026-05-18 18:12:11 | 5s |   [FAIL] 下载失败 | https://p26-sign.douyinpic.com/tos-cn-i-p14lwwcsbr/8021ec5dcc93470b9ff105110e288cd7~tplv-p14lwwcsbr- | 原因=所有CDN均失败
2026-05-18 18:12:11 | 5s |   [FAIL] 下载失败 | replies.id=18126 api_type=reply_image | 表=replies | aweme=7560954743410675002 | 字段=image_list | 原因=下载失败
2026-05-18 18:12:15 | 9s |   [UPLOAD] ↑ MS4wLjABAAAA2FYVN1jBWaTVasx7wXcsK0rCPfSYixt5-J1pUegQIbA/avatars/236c24177e7bff4c42790f8608008f4e.jpeg
2026-05-18 18:12:15 | 9s |   [UPLOAD] ↑ MS4wLjABAAAA2FYVN1jBWaTVasx7wXcsK0rCPfSYixt5-J1pUegQIbA/avatars/0c0b572d90fb876072361a0ba4b08f90.jpeg
2026-05-18 18:12:15 | 9s |   [UPLOAD] ↑ MS4wLjABAAAA2FYVN1jBWaTVasx7wXcsK0rCPfSYixt5-J1pUegQIbA/avatars/505f82057fd9eb657e0ad8fedc99dc41.jpeg
2026-05-18 18:12:15 | 9s |   [UPLOAD] ↑ MS4wLjABAAAA2FYVN1jBWaTVasx7wXcsK0rCPfSYixt5-J1pUegQIbA/avatars/3858b37d8707e6a678083b844e286943.jpeg
2026-05-18 18:12:15 | 9s |   [DB] 📝 待更新: 4 行
2026-05-18 18:12:15 | 9s |   [DB] ✅ commit 成功: 4 行已写入
2026-05-18 18:12:35 | 29s |   [DL] ⚠️  HTTP 403: https://p5-ex-gddgtc-sign.douyinpic.com/obj/tos-cn-o-0812/osMbEYFxAgCM8ORMAADAIj...
2026-05-18 18:12:35 | 29s |   [DL] ❌ 下载失败，最后尝试的 URL: https://p5-ex-gddgtc-sign.douyinpic.com/obj/tos-cn-o-0812/osMbEYFxAgCM8ORMAADAIjDlxCpgaCAyAGEff0?lk3s=7b078dd2&x-expires=1776938400&x-signature=a4s4ivW6IB1r42X4peH3NFRD5VE%3D&from=2064092626&s=sticker_comment&se=false&sc=sticker_heif&biz_tag=aweme_comment&l=202604221741241AE6C93B5D9DF35359FD
2026-05-18 18:12:35 | 29s |   [FAIL] 下载失败 | https://p5-ex-gddgtc-sign.douyinpic.com/obj/tos-cn-o-0812/osMbEYFxAgCM8ORMAADAIjDlxCpgaCAyAGEff0?lk3 | 原因=所有CDN均失败
2026-05-18 18:12:35 | 29s |   [FAIL] 下载失败 | comments.id=90723 api_type=comment_sticker | 表=comments | aweme=7575874445581119665 | 字段=sticker | 原因=下载失败
2026-05-18 18:12:35 | 29s |   [BATCH] ✅ 批次完成，已提交 11/11 个 URL，耗时 28.1s
2026-05-18 18:12:35 | 29s | 
  [OK] 作者完成: 上传 4，更新 4 行，HEIC 转换 0，失败 7
2026-05-18 18:12:35 | 29s | 
──────────────────────────────────────────────────────────────────────
2026-05-18 18:12:35 | 29s |   [SCAN] 📁 作者: MS4wLjABAAAAWKIRK91nF8hLjuza0KVRL50-lcfN...
2026-05-18 18:12:35 | 29s |   [SCAN] 📄 数据库: /home/runner/work/DouyinComment/DouyinComment/scripts/../data/MS4wLjABAAAAWKIRK91nF8hLjuza0KVRL50-lcfNlEPHocsF9hNYzCUag7n4BgIHQaERsfq_NiHR/sqlite.db
2026-05-18 18:12:35 | 29s | ──────────────────────────────────────────────────────────────────────
2026-05-18 18:12:35 | 29s |   [SCAN] 总 task 数: 1
2026-05-18 18:12:35 | 29s |     comment_avatar: 1
2026-05-18 18:12:35 | 29s |   [SCAN] 唯一分组: 1，去重节省: 0 次下载
2026-05-18 18:12:35 | 29s |   [BATCH] aweme_id 数: 1，分 1 批处理
2026-05-18 18:12:35 | 29s | 
  [BATCH] 📦 批次 1/1: 1 个 aweme_id, 1 个 URL
2026-05-18 18:12:35 | 29s |   [BATCH] direct 模式: 直接使用原始 URL 1 个
2026-05-18 18:12:36 | 30s |   [UPLOAD] ↑ MS4wLjABAAAAWKIRK91nF8hLjuza0KVRL50-lcfNlEPHocsF9hNYzCUag7n4BgIHQaERsfq_NiHR/avatars/ab57ce6697a7de30cdc01d6f64879d6b.jpeg
2026-05-18 18:12:36 | 30s |   [DB] 📝 待更新: 1 行
2026-05-18 18:12:36 | 30s |   [DB] ✅ commit 成功: 1 行已写入
2026-05-18 18:12:36 | 30s |   [BATCH] ✅ 批次完成，已提交 1/1 个 URL，耗时 1.1s
2026-05-18 18:12:36 | 30s | 
  [OK] 作者完成: 上传 1，更新 1 行，HEIC 转换 0，失败 0
2026-05-18 18:12:36 | 30s | 
2026-05-18 18:12:36 | 30s | ======================================================================
2026-05-18 18:12:36 | 30s |   全部完成
2026-05-18 18:12:36 | 30s | ======================================================================
2026-05-18 18:12:36 | 30s |   作者数:        2
2026-05-18 18:12:36 | 30s |   总 task:       12
2026-05-18 18:12:36 | 30s |   上传成功:      5
2026-05-18 18:12:36 | 30s |   更新行数:      5
2026-05-18 18:12:36 | 30s |   HEIC 转换:     0
2026-05-18 18:12:36 | 30s |   失败:          7
2026-05-18 18:12:36 | 30s |   总耗时:        31s (30s)
2026-05-18 18:12:36 | 30s | ======================================================================
2026-05-18 18:12:36 | 30s | 
──────────────────────────────────────────────────────────────────────
2026-05-18 18:12:36 | 30s |   失败汇总 (共 14 项)
2026-05-18 18:12:36 | 30s | ──────────────────────────────────────────────────────────────────────
2026-05-18 18:12:36 | 30s |     下载失败: 14
2026-05-18 18:12:36 | 30s |     • 下载失败 | https://p9-sign.douyinpic.com/obj/tos-cn-o-0812/okAuAfyyBAD0iA5Zadi8vNEj7BBIigGQyVYEkA?lk3s=7b078dd2 | 所有CDN均失败
2026-05-18 18:12:36 | 30s |     • 下载失败 | replies.id=21178 api_type=reply_sticker | 下载失败
2026-05-18 18:12:36 | 30s |     • 下载失败 | https://p5-ex-gddgtc-sign.douyinpic.com/obj/douyin-user-image-file/8c8844d242627c599d1e61a6c3f3f7a3? | 所有CDN均失败
2026-05-18 18:12:36 | 30s |     • 下载失败 | comments.id=85194 api_type=comment_sticker | 下载失败
2026-05-18 18:12:36 | 30s |     • 下载失败 | https://p26-sign.douyinpic.com/obj/tos-cn-o-0812/o0cguteHAroyvOClx6QCAktcgDQdIAelAHA8bn?lk3s=7b078dd | 所有CDN均失败
2026-05-18 18:12:36 | 30s |     • 下载失败 | comments.id=46997 api_type=comment_sticker | 下载失败
2026-05-18 18:12:36 | 30s |     • 下载失败 | https://p3-sign.douyinpic.com/tos-cn-i-p14lwwcsbr/e2a2935810aa4b8b87c5d164afb7945e~tplv-p14lwwcsbr-7 | 所有CDN均失败
2026-05-18 18:12:36 | 30s |     • 下载失败 | comments.id=85119 api_type=comment_image | 下载失败
2026-05-18 18:12:36 | 30s |     • 下载失败 | https://p26-sign.douyinpic.com/tos-cn-i-p14lwwcsbr/bd6e2809edac430686f01de210250cd4~tplv-p14lwwcsbr- | 所有CDN均失败
2026-05-18 18:12:36 | 30s |     • 下载失败 | comments.id=55094 api_type=comment_image | 下载失败
2026-05-18 18:12:36 | 30s |     • 下载失败 | https://p26-sign.douyinpic.com/tos-cn-i-p14lwwcsbr/8021ec5dcc93470b9ff105110e288cd7~tplv-p14lwwcsbr- | 所有CDN均失败
2026-05-18 18:12:36 | 30s |     • 下载失败 | replies.id=18126 api_type=reply_image | 下载失败
2026-05-18 18:12:36 | 30s |     • 下载失败 | https://p5-ex-gddgtc-sign.douyinpic.com/obj/tos-cn-o-0812/osMbEYFxAgCM8ORMAADAIjDlxCpgaCAyAGEff0?lk3 | 所有CDN均失败
2026-05-18 18:12:36 | 30s |     • 下载失败 | comments.id=90723 api_type=comment_sticker | 下载失败
2026-05-18 18:12:36 | 30s | ──────────────────────────────────────────────────────────────────────
