2026-05-07 17:57:13 | 0s | [INIT] 日志文件: /home/runner/work/DouyinComment/DouyinComment/scripts/../logs/migrate/migrate_20260507_175713.log
2026-05-07 17:57:13 | 0s | ======================================================================
2026-05-07 17:57:13 | 0s |   [INIT] 抖音资源 → HF Bucket 迁移（v3）
2026-05-07 17:57:13 | 0s |   [INIT] 数据目录:    /home/runner/work/DouyinComment/DouyinComment/scripts/../data
2026-05-07 17:57:13 | 0s |   [INIT] 日志目录:    /home/runner/work/DouyinComment/DouyinComment/scripts/../logs/migrate
2026-05-07 17:57:13 | 0s |   [INIT] 作者过滤:    all
2026-05-07 17:57:13 | 0s |   [INIT] 限制表:      全部
2026-05-07 17:57:13 | 0s |   [INIT] 限制字段:    全部
2026-05-07 17:57:13 | 0s |   [INIT] 最大任务数:  不限
2026-05-07 17:57:13 | 0s |   [INIT] 批次大小:    20
2026-05-07 17:57:13 | 0s |   [INIT] 并发数:      6
2026-05-07 17:57:13 | 0s |   [INIT] Dry-run:     否
2026-05-07 17:57:13 | 0s |   [INIT] Direct:      是
2026-05-07 17:57:13 | 0s | ======================================================================
2026-05-07 17:57:13 | 0s | 
  [SCAN] 已选择 2 个数据库:
2026-05-07 17:57:13 | 0s |   [SCAN] 📁 MS4wLjABAAAA2FYVN1jBWaTVasx7wXcsK0rCPfSY... (videos=404, comments=96098, replies=21077, 44.0 MB)
2026-05-07 17:57:13 | 0s |   [SCAN] 📁 MS4wLjABAAAAWKIRK91nF8hLjuza0KVRL50-lcfN... (videos=149, comments=8129, replies=1943, 4.0 MB)
2026-05-07 17:57:13 | 0s | 
--- HEIF 格式检测 ---
2026-05-07 17:57:13 | 0s | ✅ pillow-heif 已就绪
2026-05-07 17:57:13 | 0s | 
--- 验证 Cookie ---
2026-05-07 17:57:15 | 2s | ✅ Cookie 有效，用户: 万年
2026-05-07 17:57:15 | 2s | 
──────────────────────────────────────────────────────────────────────
2026-05-07 17:57:15 | 2s |   [SCAN] 📁 作者: MS4wLjABAAAA2FYVN1jBWaTVasx7wXcsK0rCPfSY...
2026-05-07 17:57:15 | 2s |   [SCAN] 📄 数据库: /home/runner/work/DouyinComment/DouyinComment/scripts/../data/MS4wLjABAAAA2FYVN1jBWaTVasx7wXcsK0rCPfSYixt5-J1pUegQIbA/sqlite.db
2026-05-07 17:57:15 | 2s | ──────────────────────────────────────────────────────────────────────
2026-05-07 17:57:16 | 3s |   [SCAN] 总 task 数: 262
2026-05-07 17:57:16 | 3s |     comment_avatar: 185
2026-05-07 17:57:16 | 3s |     comment_image: 10
2026-05-07 17:57:16 | 3s |     comment_sticker: 15
2026-05-07 17:57:16 | 3s |     images: 1
2026-05-07 17:57:16 | 3s |     origin_cover: 1
2026-05-07 17:57:16 | 3s |     reply_avatar: 45
2026-05-07 17:57:16 | 3s |     reply_image: 3
2026-05-07 17:57:16 | 3s |     reply_sticker: 1
2026-05-07 17:57:16 | 3s |     video: 1
2026-05-07 17:57:16 | 3s |   [SCAN] 唯一分组: 239，去重节省: 23 次下载
2026-05-07 17:57:16 | 3s |   [BATCH] aweme_id 数: 12，分 1 批处理
2026-05-07 17:57:16 | 3s | 
  [BATCH] 📦 批次 1/1: 12 个 aweme_id, 239 个 URL
2026-05-07 17:57:16 | 3s |   [BATCH] direct 模式: 直接使用原始 URL 262 个
2026-05-07 17:57:17 | 3s |   [DL] ⚠️  HTTP 403: https://p3-sign.douyinpic.com/tos-cn-i-p14lwwcsbr/e2a2935810aa4b8b87c5d164afb794...
2026-05-07 17:57:17 | 4s |   [DL] ⚠️  HTTP 403: https://p5-ex-gddgtc-sign.douyinpic.com/obj/tos-cn-o-0812/osMbEYFxAgCM8ORMAADAIj...
2026-05-07 17:57:17 | 4s |   [DL] ❌ 下载失败，最后尝试的 URL: https://p5-ex-gddgtc-sign.douyinpic.com/obj/tos-cn-o-0812/osMbEYFxAgCM8ORMAADAIjDlxCpgaCAyAGEff0?lk3s=7b078dd2&x-expires=1776938400&x-signature=a4s4ivW6IB1r42X4peH3NFRD5VE%3D&from=2064092626&s=sticker_comment&se=false&sc=sticker_heif&biz_tag=aweme_comment&l=202604221741241AE6C93B5D9DF35359FD
2026-05-07 17:57:17 | 4s |   [FAIL] 下载失败 | https://p5-ex-gddgtc-sign.douyinpic.com/obj/tos-cn-o-0812/osMbEYFxAgCM8ORMAADAIjDlxCpgaCAyAGEff0?lk3 | 原因=所有CDN均失败
2026-05-07 17:57:17 | 4s |   [FAIL] 下载失败 | comments.id=90723 api_type=comment_sticker | 表=comments | aweme=7575874445581119665 | 字段=sticker | 原因=下载失败
2026-05-07 17:57:18 | 5s |   [DL] ⚠️  HTTP 403: https://p5-ex-gddgtc-sign.douyinpic.com/tos-cn-i-p14lwwcsbr/e2a2935810aa4b8b87c5...
2026-05-07 17:57:19 | 6s |   [DL] ⚠️  HTTP 403: https://p11-sign.douyinpic.com/tos-cn-i-p14lwwcsbr/e2a2935810aa4b8b87c5d164afb79...
2026-05-07 17:57:19 | 6s |   [DL] ⚠️  HTTP 403: https://p3-sign.douyinpic.com/tos-cn-i-p14lwwcsbr/e2a2935810aa4b8b87c5d164afb794...
2026-05-07 17:57:19 | 6s |   [DL] ❌ 下载失败，最后尝试的 URL: https://p3-sign.douyinpic.com/tos-cn-i-p14lwwcsbr/e2a2935810aa4b8b87c5d164afb7945e~tplv-p14lwwcsbr-7.jpeg?lk3s=7b078dd2&x-expires=1776938400&x-signature=sJh8%2BJ1%2Bwp2D6rGewepcZnCJYjA%3D&from=2064092626&se=false&sc=image&biz_tag=aweme_comment&l=20260422172339C383647A97FC9F534DAE
2026-05-07 17:57:19 | 6s |   [FAIL] 下载失败 | https://p3-sign.douyinpic.com/tos-cn-i-p14lwwcsbr/e2a2935810aa4b8b87c5d164afb7945e~tplv-p14lwwcsbr-7 | 原因=所有CDN均失败
2026-05-07 17:57:19 | 6s |   [FAIL] 下载失败 | comments.id=85119 api_type=comment_image | 表=comments | aweme=7560954743410675002 | 字段=image_list | 原因=下载失败
2026-05-07 17:57:20 | 7s |   [DL] ⚠️  HTTP 403: https://p5-ex-gddgtc-sign.douyinpic.com/obj/douyin-user-image-file/8c8844d242627...
2026-05-07 17:57:20 | 7s |   [DL] ❌ 下载失败，最后尝试的 URL: https://p5-ex-gddgtc-sign.douyinpic.com/obj/douyin-user-image-file/8c8844d242627c599d1e61a6c3f3f7a3?lk3s=7b078dd2&x-expires=1776938400&x-signature=3mPhXzM1XGYjiux88h2FMYLDAV0%3D&from=2064092626&s=sticker_comment&se=false&sc=sticker_heif&biz_tag=aweme_comment&l=20260422172351E72952BBBF2BB254ED0C
2026-05-07 17:57:20 | 7s |   [FAIL] 下载失败 | https://p5-ex-gddgtc-sign.douyinpic.com/obj/douyin-user-image-file/8c8844d242627c599d1e61a6c3f3f7a3? | 原因=所有CDN均失败
2026-05-07 17:57:20 | 7s |   [FAIL] 下载失败 | comments.id=85194 api_type=comment_sticker | 表=comments | aweme=7560954743410675002 | 字段=sticker | 原因=下载失败
2026-05-07 17:57:22 | 9s |   [UPLOAD] ↑ MS4wLjABAAAA2FYVN1jBWaTVasx7wXcsK0rCPfSYixt5-J1pUegQIbA/avatars/8f94680c0c6763d97b41c8c4e67accf2.jpeg
2026-05-07 17:57:22 | 9s |   [UPLOAD] ↑ MS4wLjABAAAA2FYVN1jBWaTVasx7wXcsK0rCPfSYixt5-J1pUegQIbA/avatars/676ccef08143fb121c53dad0cac3350b.jpeg
2026-05-07 17:57:22 | 9s |   [UPLOAD] ↑ MS4wLjABAAAA2FYVN1jBWaTVasx7wXcsK0rCPfSYixt5-J1pUegQIbA/avatars/d348ca6d02e7c45814b4d7176bb9f6a9.jpeg
2026-05-07 17:57:22 | 9s |   [UPLOAD] ↑ MS4wLjABAAAA2FYVN1jBWaTVasx7wXcsK0rCPfSYixt5-J1pUegQIbA/avatars/36220048aa4044cf326cb5a435695f9a.jpeg
2026-05-07 17:57:22 | 9s |   [UPLOAD] ↑ MS4wLjABAAAA2FYVN1jBWaTVasx7wXcsK0rCPfSYixt5-J1pUegQIbA/avatars/ac4bd95d444c167b6476731bb12b7f88.jpeg
2026-05-07 17:57:22 | 9s |   [UPLOAD] ↑ MS4wLjABAAAA2FYVN1jBWaTVasx7wXcsK0rCPfSYixt5-J1pUegQIbA/avatars/63f8eb09ed3ddc8086b7710b9ae05429.jpeg
2026-05-07 17:57:22 | 9s |   [UPLOAD] ↑ MS4wLjABAAAA2FYVN1jBWaTVasx7wXcsK0rCPfSYixt5-J1pUegQIbA/avatars/643db4e3bf1c5aea47a426f624d56c4a.jpeg
2026-05-07 17:57:22 | 9s |   [UPLOAD] ↑ MS4wLjABAAAA2FYVN1jBWaTVasx7wXcsK0rCPfSYixt5-J1pUegQIbA/avatars/a35c9d82d29a704e4276451b102e86ef.jpeg
2026-05-07 17:57:22 | 9s |   [UPLOAD] ↑ MS4wLjABAAAA2FYVN1jBWaTVasx7wXcsK0rCPfSYixt5-J1pUegQIbA/avatars/bfb56632623a0c3196aa78f90fe814cc.jpeg
2026-05-07 17:57:22 | 9s |   [UPLOAD] ↑ MS4wLjABAAAA2FYVN1jBWaTVasx7wXcsK0rCPfSYixt5-J1pUegQIbA/avatars/99c129c1757b0c0a6816935d2f17490e.jpeg
2026-05-07 17:57:22 | 9s |   [UPLOAD] ↑ MS4wLjABAAAA2FYVN1jBWaTVasx7wXcsK0rCPfSYixt5-J1pUegQIbA/avatars/7190d673dc714b92a2f4ba092ac3cbbc.jpeg
2026-05-07 17:57:22 | 9s |   [UPLOAD] ↑ MS4wLjABAAAA2FYVN1jBWaTVasx7wXcsK0rCPfSYixt5-J1pUegQIbA/avatars/e07d71e72beb8b65b4e9a0b05a4d88bf.jpeg
2026-05-07 17:57:22 | 9s |   [UPLOAD] ↑ MS4wLjABAAAA2FYVN1jBWaTVasx7wXcsK0rCPfSYixt5-J1pUegQIbA/avatars/1844bfb4002d8dfbb04f237a8e6df574.jpeg
2026-05-07 17:57:22 | 9s |   [UPLOAD] ↑ MS4wLjABAAAA2FYVN1jBWaTVasx7wXcsK0rCPfSYixt5-J1pUegQIbA/avatars/b4d4eba854345727aa3cd19099a58cdc.jpeg
2026-05-07 17:57:22 | 9s |   [UPLOAD] ↑ MS4wLjABAAAA2FYVN1jBWaTVasx7wXcsK0rCPfSYixt5-J1pUegQIbA/avatars/7a3cac8cc86b21b3de599a332e42606b.jpeg
2026-05-07 17:57:22 | 9s |   [UPLOAD] ↑ MS4wLjABAAAA2FYVN1jBWaTVasx7wXcsK0rCPfSYixt5-J1pUegQIbA/avatars/56b46efc408973b073d9c7b8adbc6b36.jpeg
2026-05-07 17:57:22 | 9s |   [UPLOAD] ↑ MS4wLjABAAAA2FYVN1jBWaTVasx7wXcsK0rCPfSYixt5-J1pUegQIbA/avatars/d01685f682b5589b44af265b5e34bfc7.jpeg
2026-05-07 17:57:22 | 9s |   [UPLOAD] ↑ MS4wLjABAAAA2FYVN1jBWaTVasx7wXcsK0rCPfSYixt5-J1pUegQIbA/avatars/b9a726bb446dc40bfee9f0bd5267dafd.jpeg
2026-05-07 17:57:22 | 9s |   [UPLOAD] ↑ MS4wLjABAAAA2FYVN1jBWaTVasx7wXcsK0rCPfSYixt5-J1pUegQIbA/avatars/b6b251b2e5a1f0b4bf64a02b91ae4b70.jpeg
2026-05-07 17:57:22 | 9s |   [UPLOAD] ↑ MS4wLjABAAAA2FYVN1jBWaTVasx7wXcsK0rCPfSYixt5-J1pUegQIbA/stickers/d01ea919d53a5e3b6073b2b0be31d13a.gif
2026-05-07 17:57:22 | 9s |   [UPLOAD] ↑ MS4wLjABAAAA2FYVN1jBWaTVasx7wXcsK0rCPfSYixt5-J1pUegQIbA/avatars/fdf1c52b6dca1f3219fdcdff19f33517.jpeg
2026-05-07 17:57:22 | 9s |   [UPLOAD] ↑ MS4wLjABAAAA2FYVN1jBWaTVasx7wXcsK0rCPfSYixt5-J1pUegQIbA/avatars/4935119ade6325c45bff1421f85eb358.jpeg
2026-05-07 17:57:22 | 9s |   [UPLOAD] ↑ MS4wLjABAAAA2FYVN1jBWaTVasx7wXcsK0rCPfSYixt5-J1pUegQIbA/avatars/fdeb7bcefb742083b71a929770b32bfe.jpeg
2026-05-07 17:57:22 | 9s |   [UPLOAD] ↑ MS4wLjABAAAA2FYVN1jBWaTVasx7wXcsK0rCPfSYixt5-J1pUegQIbA/avatars/01c311a41541d6f832e18e115f3b2c2e.jpeg
2026-05-07 17:57:22 | 9s |   [UPLOAD] ↑ MS4wLjABAAAA2FYVN1jBWaTVasx7wXcsK0rCPfSYixt5-J1pUegQIbA/avatars/05ecf01ab0c31e23874b03f3db7ac94e.jpeg
2026-05-07 17:57:22 | 9s |   [UPLOAD] ↑ MS4wLjABAAAA2FYVN1jBWaTVasx7wXcsK0rCPfSYixt5-J1pUegQIbA/avatars/050777691d1f8f5715da5d8d01118304.jpeg
2026-05-07 17:57:22 | 9s |   [UPLOAD] ↑ MS4wLjABAAAA2FYVN1jBWaTVasx7wXcsK0rCPfSYixt5-J1pUegQIbA/avatars/8e9ef4114417e19e10142948708da67e.jpeg
2026-05-07 17:57:22 | 9s |   [UPLOAD] ↑ MS4wLjABAAAA2FYVN1jBWaTVasx7wXcsK0rCPfSYixt5-J1pUegQIbA/avatars/a71e16f45d8392d6f35c3be8adb1b9cb.jpeg
2026-05-07 17:57:22 | 9s |   [UPLOAD] ↑ MS4wLjABAAAA2FYVN1jBWaTVasx7wXcsK0rCPfSYixt5-J1pUegQIbA/avatars/e1f1a46d0d8958ff2d3e746b4a9e49c7.jpeg
2026-05-07 17:57:22 | 9s |   [UPLOAD] ↑ MS4wLjABAAAA2FYVN1jBWaTVasx7wXcsK0rCPfSYixt5-J1pUegQIbA/avatars/0b10df2e3833134e03b2747f892f15ba.jpeg
2026-05-07 17:57:22 | 9s |   [UPLOAD] ↑ MS4wLjABAAAA2FYVN1jBWaTVasx7wXcsK0rCPfSYixt5-J1pUegQIbA/avatars/3ed01b1ad88df461cd7f4c646f977179.jpeg
2026-05-07 17:57:22 | 9s |   [UPLOAD] ↑ MS4wLjABAAAA2FYVN1jBWaTVasx7wXcsK0rCPfSYixt5-J1pUegQIbA/avatars/ea044eb1bc85925eab81b257794080c8.jpeg
2026-05-07 17:57:22 | 9s |   [UPLOAD] ↑ MS4wLjABAAAA2FYVN1jBWaTVasx7wXcsK0rCPfSYixt5-J1pUegQIbA/avatars/50ec4a046b5e24c2f833a96a18b79101.jpeg
2026-05-07 17:57:22 | 9s |   [UPLOAD] ↑ MS4wLjABAAAA2FYVN1jBWaTVasx7wXcsK0rCPfSYixt5-J1pUegQIbA/avatars/f8f820605b8a7c0676c9d50df179d243.jpeg
2026-05-07 17:57:22 | 9s |   [UPLOAD] ↑ MS4wLjABAAAA2FYVN1jBWaTVasx7wXcsK0rCPfSYixt5-J1pUegQIbA/avatars/03ddc428ba99875eda4f6fa5ee5f66a8.jpeg
2026-05-07 17:57:22 | 9s |   [UPLOAD] ↑ MS4wLjABAAAA2FYVN1jBWaTVasx7wXcsK0rCPfSYixt5-J1pUegQIbA/avatars/4e2c62a3035428facfa6d513cbcf533d.jpeg
2026-05-07 17:57:22 | 9s |   [UPLOAD] ↑ MS4wLjABAAAA2FYVN1jBWaTVasx7wXcsK0rCPfSYixt5-J1pUegQIbA/avatars/0be40f0f0b7cd5f119d3089feeea9135.jpeg
2026-05-07 17:57:22 | 9s |   [UPLOAD] ↑ MS4wLjABAAAA2FYVN1jBWaTVasx7wXcsK0rCPfSYixt5-J1pUegQIbA/avatars/f8a4dd5089147ece25877feff8332f05.jpeg
2026-05-07 17:57:22 | 9s |   [UPLOAD] ↑ MS4wLjABAAAA2FYVN1jBWaTVasx7wXcsK0rCPfSYixt5-J1pUegQIbA/avatars/8597382f5cd87ccd4d383d134075f05a.jpeg
2026-05-07 17:57:22 | 9s |   [UPLOAD] ↑ MS4wLjABAAAA2FYVN1jBWaTVasx7wXcsK0rCPfSYixt5-J1pUegQIbA/avatars/0221d1a0993d58a4daa26fd28053b2bd.jpeg
2026-05-07 17:57:22 | 9s |   [UPLOAD] ↑ MS4wLjABAAAA2FYVN1jBWaTVasx7wXcsK0rCPfSYixt5-J1pUegQIbA/videos/3f68c214fa94b70acb9287f5a6163618.mp4
2026-05-07 17:57:22 | 9s |   [UPLOAD] ↑ MS4wLjABAAAA2FYVN1jBWaTVasx7wXcsK0rCPfSYixt5-J1pUegQIbA/avatars/d8a50a13d899b3c0dfe5d090e41bc3c0.jpeg
2026-05-07 17:57:22 | 9s |   [UPLOAD] ↑ MS4wLjABAAAA2FYVN1jBWaTVasx7wXcsK0rCPfSYixt5-J1pUegQIbA/avatars/13e775ef3768f036a42fa2fd51d66b3c.jpeg
2026-05-07 17:57:22 | 9s |   [UPLOAD] ↑ MS4wLjABAAAA2FYVN1jBWaTVasx7wXcsK0rCPfSYixt5-J1pUegQIbA/avatars/ecd91f6cbc4ce61bc938b8eec34ea7e1.jpeg
2026-05-07 17:57:22 | 9s |   [UPLOAD] ↑ MS4wLjABAAAA2FYVN1jBWaTVasx7wXcsK0rCPfSYixt5-J1pUegQIbA/avatars/123e378438b91f1b2621b7983f6afa4a.jpeg
2026-05-07 17:57:22 | 9s |   [UPLOAD] ↑ MS4wLjABAAAA2FYVN1jBWaTVasx7wXcsK0rCPfSYixt5-J1pUegQIbA/avatars/63632f788a8ac2a6f4fa4e13d3c776cc.jpeg
2026-05-07 17:57:22 | 9s |   [UPLOAD] ↑ MS4wLjABAAAA2FYVN1jBWaTVasx7wXcsK0rCPfSYixt5-J1pUegQIbA/avatars/241c7451930ce2a8f3115825ae416c40.jpeg
2026-05-07 17:57:22 | 9s |   [UPLOAD] ↑ MS4wLjABAAAA2FYVN1jBWaTVasx7wXcsK0rCPfSYixt5-J1pUegQIbA/avatars/9a6bf3cd724f0bdd5b968f4bb2f5c13f.jpeg
2026-05-07 17:57:22 | 9s |   [UPLOAD] ↑ MS4wLjABAAAA2FYVN1jBWaTVasx7wXcsK0rCPfSYixt5-J1pUegQIbA/avatars/e5ee79ff1d55b87627af840f7b38b0fa.jpeg
2026-05-07 17:57:22 | 9s |   [UPLOAD] ↑ MS4wLjABAAAA2FYVN1jBWaTVasx7wXcsK0rCPfSYixt5-J1pUegQIbA/avatars/5e723900d9a7a7b9119b57057d68e27c.jpeg
2026-05-07 17:57:22 | 9s |   [DB] 📝 待更新: 53 行
2026-05-07 17:57:22 | 9s |   [DB] ✅ commit 成功: 53 行已写入
2026-05-07 17:57:23 | 10s |   [DL] ⚠️  HTTP 403: https://p9-sign.douyinpic.com/obj/tos-cn-o-0812/okAuAfyyBAD0iA5Zadi8vNEj7BBIigGQ...
2026-05-07 17:57:23 | 10s |   [DL] ❌ 下载失败，最后尝试的 URL: https://p9-sign.douyinpic.com/obj/tos-cn-o-0812/okAuAfyyBAD0iA5Zadi8vNEj7BBIigGQyVYEkA?lk3s=7b078dd2&x-expires=1776960000&x-signature=PGcNQ%2BFbEbGoPQbhPvr5GppjCr0%3D&from=2064092626&s=sticker_comment&se=false&sc=sticker_heif&biz_tag=aweme_comment&l=202604231846140F73B10722ECAAC2EAB9
2026-05-07 17:57:23 | 10s |   [FAIL] 下载失败 | https://p9-sign.douyinpic.com/obj/tos-cn-o-0812/okAuAfyyBAD0iA5Zadi8vNEj7BBIigGQyVYEkA?lk3s=7b078dd2 | 原因=所有CDN均失败
2026-05-07 17:57:23 | 10s |   [FAIL] 下载失败 | replies.id=21178 api_type=reply_sticker | 表=replies | aweme=7631634541144461489 | 字段=sticker | 原因=下载失败
2026-05-07 17:57:26 | 13s |   [UPLOAD] ↑ MS4wLjABAAAA2FYVN1jBWaTVasx7wXcsK0rCPfSYixt5-J1pUegQIbA/avatars/744ef43da046590fa9ac329042845117.jpeg
2026-05-07 17:57:26 | 13s |   [UPLOAD] ↑ MS4wLjABAAAA2FYVN1jBWaTVasx7wXcsK0rCPfSYixt5-J1pUegQIbA/avatars/71f737ace3261317265bcb2e09146cd1.jpeg
2026-05-07 17:57:26 | 13s |   [UPLOAD] ↑ MS4wLjABAAAA2FYVN1jBWaTVasx7wXcsK0rCPfSYixt5-J1pUegQIbA/avatars/09a41c35cd1a964e59dfcf7aba43e475.jpeg
2026-05-07 17:57:26 | 13s |   [UPLOAD] ↑ MS4wLjABAAAA2FYVN1jBWaTVasx7wXcsK0rCPfSYixt5-J1pUegQIbA/avatars/c4bda9bddff73848ec3bdcf9c5b3d6b0.jpeg
2026-05-07 17:57:26 | 13s |   [UPLOAD] ↑ MS4wLjABAAAA2FYVN1jBWaTVasx7wXcsK0rCPfSYixt5-J1pUegQIbA/avatars/8bfc0d8167beab893eccf2c70c6a52a1.jpeg
2026-05-07 17:57:26 | 13s |   [UPLOAD] ↑ MS4wLjABAAAA2FYVN1jBWaTVasx7wXcsK0rCPfSYixt5-J1pUegQIbA/avatars/f69801dd9aba04b964b2f341a3484ed4.jpeg
2026-05-07 17:57:26 | 13s |   [UPLOAD] ↑ MS4wLjABAAAA2FYVN1jBWaTVasx7wXcsK0rCPfSYixt5-J1pUegQIbA/avatars/111ce746cdb00a047adef7e25fba7ba4.jpeg
2026-05-07 17:57:26 | 13s |   [UPLOAD] ↑ MS4wLjABAAAA2FYVN1jBWaTVasx7wXcsK0rCPfSYixt5-J1pUegQIbA/avatars/125e1723865668ad85fcac2d48f1c074.jpeg
2026-05-07 17:57:26 | 13s |   [UPLOAD] ↑ MS4wLjABAAAA2FYVN1jBWaTVasx7wXcsK0rCPfSYixt5-J1pUegQIbA/avatars/27fac63cb6de7f2395b3a76ddb2eece3.jpeg
2026-05-07 17:57:26 | 13s |   [UPLOAD] ↑ MS4wLjABAAAA2FYVN1jBWaTVasx7wXcsK0rCPfSYixt5-J1pUegQIbA/avatars/af260c43e118134a851c13834448c395.jpeg
2026-05-07 17:57:26 | 13s |   [UPLOAD] ↑ MS4wLjABAAAA2FYVN1jBWaTVasx7wXcsK0rCPfSYixt5-J1pUegQIbA/avatars/446845921206114872e795c2a574fb4f.jpeg
2026-05-07 17:57:26 | 13s |   [UPLOAD] ↑ MS4wLjABAAAA2FYVN1jBWaTVasx7wXcsK0rCPfSYixt5-J1pUegQIbA/avatars/925410d38bf27cc91d1c61c9d4702f25.jpeg
2026-05-07 17:57:26 | 13s |   [UPLOAD] ↑ MS4wLjABAAAA2FYVN1jBWaTVasx7wXcsK0rCPfSYixt5-J1pUegQIbA/avatars/dad063de074011bf03fc98d0729a646d.jpeg
2026-05-07 17:57:26 | 13s |   [UPLOAD] ↑ MS4wLjABAAAA2FYVN1jBWaTVasx7wXcsK0rCPfSYixt5-J1pUegQIbA/avatars/33af10b160e1e30e5632c91893b189cd.jpeg
2026-05-07 17:57:26 | 13s |   [UPLOAD] ↑ MS4wLjABAAAA2FYVN1jBWaTVasx7wXcsK0rCPfSYixt5-J1pUegQIbA/avatars/0c9061088245038efe9434bb49bbc96f.jpeg
2026-05-07 17:57:26 | 13s |   [UPLOAD] ↑ MS4wLjABAAAA2FYVN1jBWaTVasx7wXcsK0rCPfSYixt5-J1pUegQIbA/avatars/1494cca34b22dd5d00ddafb7343f03ba.jpeg
2026-05-07 17:57:26 | 13s |   [UPLOAD] ↑ MS4wLjABAAAA2FYVN1jBWaTVasx7wXcsK0rCPfSYixt5-J1pUegQIbA/avatars/ebc08baf8722aad14bfbc66af2db37c3.jpeg
2026-05-07 17:57:26 | 13s |   [UPLOAD] ↑ MS4wLjABAAAA2FYVN1jBWaTVasx7wXcsK0rCPfSYixt5-J1pUegQIbA/avatars/08cafc8459987be2607da039c5c92508.jpeg
2026-05-07 17:57:26 | 13s |   [UPLOAD] ↑ MS4wLjABAAAA2FYVN1jBWaTVasx7wXcsK0rCPfSYixt5-J1pUegQIbA/avatars/fd01d16d19677665662209d7f24da297.jpeg
2026-05-07 17:57:26 | 13s |   [UPLOAD] ↑ MS4wLjABAAAA2FYVN1jBWaTVasx7wXcsK0rCPfSYixt5-J1pUegQIbA/avatars/14dac5d465d2967a398a39967209be3c.jpeg
2026-05-07 17:57:26 | 13s |   [UPLOAD] ↑ MS4wLjABAAAA2FYVN1jBWaTVasx7wXcsK0rCPfSYixt5-J1pUegQIbA/avatars/5df3ff21046617b3c1cc715aab44ffea.jpeg
2026-05-07 17:57:26 | 13s |   [UPLOAD] ↑ MS4wLjABAAAA2FYVN1jBWaTVasx7wXcsK0rCPfSYixt5-J1pUegQIbA/avatars/2da91c58a4b4b4346401bb8181c826de.jpeg
2026-05-07 17:57:26 | 13s |   [UPLOAD] ↑ MS4wLjABAAAA2FYVN1jBWaTVasx7wXcsK0rCPfSYixt5-J1pUegQIbA/avatars/f15b5f1c78a5ddf99b1dcc6cf342c173.jpeg
2026-05-07 17:57:26 | 13s |   [UPLOAD] ↑ MS4wLjABAAAA2FYVN1jBWaTVasx7wXcsK0rCPfSYixt5-J1pUegQIbA/images/3b650498b91c781aca8c418fd9ae44eb.jpg
2026-05-07 17:57:26 | 13s |   [UPLOAD] ↑ MS4wLjABAAAA2FYVN1jBWaTVasx7wXcsK0rCPfSYixt5-J1pUegQIbA/avatars/ef850c4d02130590f8f41f5da229c5ab.jpeg
2026-05-07 17:57:26 | 13s |   [UPLOAD] ↑ MS4wLjABAAAA2FYVN1jBWaTVasx7wXcsK0rCPfSYixt5-J1pUegQIbA/images/5b63cede6b6b12cfac91158b48ba0249.jpg
2026-05-07 17:57:26 | 13s |   [UPLOAD] ↑ MS4wLjABAAAA2FYVN1jBWaTVasx7wXcsK0rCPfSYixt5-J1pUegQIbA/avatars/c8cb0d859cd9bf7b96bbea139918b39e.jpeg
2026-05-07 17:57:26 | 13s |   [UPLOAD] ↑ MS4wLjABAAAA2FYVN1jBWaTVasx7wXcsK0rCPfSYixt5-J1pUegQIbA/avatars/7364070563e4f605c4f1409cf86d94fd.jpeg
2026-05-07 17:57:26 | 13s |   [UPLOAD] ↑ MS4wLjABAAAA2FYVN1jBWaTVasx7wXcsK0rCPfSYixt5-J1pUegQIbA/thumbs/8a6a9e965d95c62b19318bd22869ab23.jpeg
2026-05-07 17:57:26 | 13s |   [UPLOAD] ↑ MS4wLjABAAAA2FYVN1jBWaTVasx7wXcsK0rCPfSYixt5-J1pUegQIbA/avatars/736e7cef54531fd403302139cb0e716f.jpeg
2026-05-07 17:57:26 | 13s |   [UPLOAD] ↑ MS4wLjABAAAA2FYVN1jBWaTVasx7wXcsK0rCPfSYixt5-J1pUegQIbA/avatars/7743587759878850c0c87aba4cda3db9.jpeg
2026-05-07 17:57:26 | 13s |   [UPLOAD] ↑ MS4wLjABAAAA2FYVN1jBWaTVasx7wXcsK0rCPfSYixt5-J1pUegQIbA/avatars/4a1a2a1fe95b5ebbb70d76fffb10603c.jpeg
2026-05-07 17:57:26 | 13s |   [UPLOAD] ↑ MS4wLjABAAAA2FYVN1jBWaTVasx7wXcsK0rCPfSYixt5-J1pUegQIbA/avatars/248a2982171e593762b6df9b9a05982a.jpeg
2026-05-07 17:57:26 | 13s |   [UPLOAD] ↑ MS4wLjABAAAA2FYVN1jBWaTVasx7wXcsK0rCPfSYixt5-J1pUegQIbA/avatars/fcdf644588a55a50a8232365b5d86944.jpeg
2026-05-07 17:57:26 | 13s |   [UPLOAD] ↑ MS4wLjABAAAA2FYVN1jBWaTVasx7wXcsK0rCPfSYixt5-J1pUegQIbA/avatars/468b0102d6eb480db8ae543f61087a47.jpeg
2026-05-07 17:57:26 | 13s |   [UPLOAD] ↑ MS4wLjABAAAA2FYVN1jBWaTVasx7wXcsK0rCPfSYixt5-J1pUegQIbA/avatars/21971c3a68077b71a0090146f9b9235a.jpeg
2026-05-07 17:57:26 | 13s |   [UPLOAD] ↑ MS4wLjABAAAA2FYVN1jBWaTVasx7wXcsK0rCPfSYixt5-J1pUegQIbA/avatars/48fb5714e1a5fb4432e7d7564bbd9645.jpeg
2026-05-07 17:57:26 | 13s |   [UPLOAD] ↑ MS4wLjABAAAA2FYVN1jBWaTVasx7wXcsK0rCPfSYixt5-J1pUegQIbA/avatars/55d2cbf04ff451bf57cb6cb3876b85b2.jpeg
2026-05-07 17:57:26 | 13s |   [UPLOAD] ↑ MS4wLjABAAAA2FYVN1jBWaTVasx7wXcsK0rCPfSYixt5-J1pUegQIbA/avatars/837b02ef9226c97ab0afdd25dc60673c.jpeg
2026-05-07 17:57:26 | 13s |   [UPLOAD] ↑ MS4wLjABAAAA2FYVN1jBWaTVasx7wXcsK0rCPfSYixt5-J1pUegQIbA/avatars/085f606e71fb7e99db6ab597a552b2d9.jpeg
2026-05-07 17:57:26 | 13s |   [UPLOAD] ↑ MS4wLjABAAAA2FYVN1jBWaTVasx7wXcsK0rCPfSYixt5-J1pUegQIbA/avatars/599abe20380a12876d47ddbd260a3376.jpeg
2026-05-07 17:57:26 | 13s |   [UPLOAD] ↑ MS4wLjABAAAA2FYVN1jBWaTVasx7wXcsK0rCPfSYixt5-J1pUegQIbA/avatars/2e2352339cd3141a10f68a0e3646012a.jpeg
2026-05-07 17:57:26 | 13s |   [UPLOAD] ↑ MS4wLjABAAAA2FYVN1jBWaTVasx7wXcsK0rCPfSYixt5-J1pUegQIbA/avatars/656388c6e15a31d1c44fc7b033a22316.jpeg
2026-05-07 17:57:26 | 13s |   [UPLOAD] ↑ MS4wLjABAAAA2FYVN1jBWaTVasx7wXcsK0rCPfSYixt5-J1pUegQIbA/avatars/e1b1789f52a5230208298e9a22d06388.jpeg
2026-05-07 17:57:26 | 13s |   [UPLOAD] ↑ MS4wLjABAAAA2FYVN1jBWaTVasx7wXcsK0rCPfSYixt5-J1pUegQIbA/avatars/62b2cc95cf7a9692697b2fcd877454ae.jpeg
2026-05-07 17:57:26 | 13s |   [UPLOAD] ↑ MS4wLjABAAAA2FYVN1jBWaTVasx7wXcsK0rCPfSYixt5-J1pUegQIbA/avatars/f737f0c6e62da3d4487158bd5a40f155.jpeg
2026-05-07 17:57:26 | 13s |   [UPLOAD] ↑ MS4wLjABAAAA2FYVN1jBWaTVasx7wXcsK0rCPfSYixt5-J1pUegQIbA/images/23f8726b9b088a9029b155d142228c5e.jpg
2026-05-07 17:57:26 | 13s |   [UPLOAD] ↑ MS4wLjABAAAA2FYVN1jBWaTVasx7wXcsK0rCPfSYixt5-J1pUegQIbA/avatars/0f75145dd2e1bf68a7919101a17c8f35.jpeg
2026-05-07 17:57:26 | 13s |   [UPLOAD] ↑ MS4wLjABAAAA2FYVN1jBWaTVasx7wXcsK0rCPfSYixt5-J1pUegQIbA/avatars/b4ba23f7ddc799c3be983c8bb4a8c542.jpeg
2026-05-07 17:57:26 | 13s |   [UPLOAD] ↑ MS4wLjABAAAA2FYVN1jBWaTVasx7wXcsK0rCPfSYixt5-J1pUegQIbA/avatars/45d4a589f6131eb22d7fb20380f4c720.jpeg
2026-05-07 17:57:26 | 13s |   [DB] 📝 待更新: 56 行
2026-05-07 17:57:26 | 13s |   [DB] ✅ commit 成功: 56 行已写入
2026-05-07 17:57:27 | 14s |   [DL] ⚠️  HTTP 403: https://p26-sign.douyinpic.com/obj/tos-cn-o-0812/o0cguteHAroyvOClx6QCAktcgDQdIAe...
2026-05-07 17:57:27 | 14s |   [DL] ❌ 下载失败，最后尝试的 URL: https://p26-sign.douyinpic.com/obj/tos-cn-o-0812/o0cguteHAroyvOClx6QCAktcgDQdIAelAHA8bn?lk3s=7b078dd2&x-expires=1776931200&x-signature=QKrJNCwSi5qhER7JuGxca4eE%2BkU%3D&from=2064092626&s=sticker_comment&se=false&sc=sticker_heif&biz_tag=aweme_comment&l=20260422155917D4AC69AC509C06719605
2026-05-07 17:57:27 | 14s |   [FAIL] 下载失败 | https://p26-sign.douyinpic.com/obj/tos-cn-o-0812/o0cguteHAroyvOClx6QCAktcgDQdIAelAHA8bn?lk3s=7b078dd | 原因=所有CDN均失败
2026-05-07 17:57:27 | 14s |   [FAIL] 下载失败 | comments.id=46997 api_type=comment_sticker | 表=comments | aweme=7456483966602841403 | 字段=sticker | 原因=下载失败
2026-05-07 17:57:27 | 14s |   [DL] ⚠️  HTTP 403: https://p26-sign.douyinpic.com/tos-cn-i-p14lwwcsbr/bd6e2809edac430686f01de210250...
2026-05-07 17:57:27 | 14s |   [DL] ⚠️  HTTP 403: https://p3-sign.douyinpic.com/tos-cn-i-p14lwwcsbr/bd6e2809edac430686f01de210250c...
2026-05-07 17:57:28 | 15s |   [DL] ⚠️  HTTP 403: https://p26-sign.douyinpic.com/tos-cn-i-p14lwwcsbr/8021ec5dcc93470b9ff105110e288...
2026-05-07 17:57:28 | 15s |   [DL] ⚠️  HTTP 403: https://p3-sign.douyinpic.com/tos-cn-i-p14lwwcsbr/8021ec5dcc93470b9ff105110e288c...
2026-05-07 17:57:29 | 16s |   [DL] ⚠️  HTTP 403: https://p5-ex-gddgtc-sign.douyinpic.com/tos-cn-i-p14lwwcsbr/bd6e2809edac430686f0...
2026-05-07 17:57:29 | 16s |   [DL] ⚠️  HTTP 403: https://p5-ex-gddgtc-sign.douyinpic.com/tos-cn-i-p14lwwcsbr/8021ec5dcc93470b9ff1...
2026-05-07 17:57:29 | 16s |   [DL] ⚠️  HTTP 403: https://p3-sign.douyinpic.com/tos-cn-i-p14lwwcsbr/76d17b1c6935419b88c5ecf2b492dc...
2026-05-07 17:57:30 | 16s |   [DL] ⚠️  HTTP 403: https://p26-sign.douyinpic.com/tos-cn-i-p14lwwcsbr/76d17b1c6935419b88c5ecf2b492d...
2026-05-07 17:57:30 | 17s |   [DL] ⚠️  HTTP 403: https://p26-sign.douyinpic.com/tos-cn-i-p14lwwcsbr/bd6e2809edac430686f01de210250...
2026-05-07 17:57:30 | 17s |   [DL] ❌ 下载失败，最后尝试的 URL: https://p26-sign.douyinpic.com/tos-cn-i-p14lwwcsbr/bd6e2809edac430686f01de210250cd4~tplv-p14lwwcsbr-7.jpeg?lk3s=7b078dd2&x-expires=1776934800&x-signature=p%2Bv%2Bj6Fggg8zWPl3wQ3A17jcSSY%3D&from=2064092626&se=false&sc=image&biz_tag=aweme_comment&l=20260422160926C47854014D9E4955E272
2026-05-07 17:57:30 | 17s |   [FAIL] 下载失败 | https://p26-sign.douyinpic.com/tos-cn-i-p14lwwcsbr/bd6e2809edac430686f01de210250cd4~tplv-p14lwwcsbr- | 原因=所有CDN均失败
2026-05-07 17:57:30 | 17s |   [FAIL] 下载失败 | comments.id=55094 api_type=comment_image | 表=comments | aweme=7476411176209976636 | 字段=image_list | 原因=下载失败
2026-05-07 17:57:30 | 17s |   [DL] ⚠️  HTTP 403: https://p11-sign.douyinpic.com/tos-cn-i-p14lwwcsbr/76d17b1c6935419b88c5ecf2b492d...
2026-05-07 17:57:31 | 17s |   [DL] ⚠️  HTTP 403: https://p3-sign.douyinpic.com/tos-cn-i-p14lwwcsbr/76d17b1c6935419b88c5ecf2b492dc...
2026-05-07 17:57:31 | 17s |   [DL] ❌ 下载失败，最后尝试的 URL: https://p3-sign.douyinpic.com/tos-cn-i-p14lwwcsbr/76d17b1c6935419b88c5ecf2b492dc71~tplv-p14lwwcsbr-7.jpeg?lk3s=7b078dd2&x-expires=1776931200&x-signature=NWZGJ6ZKNFu0oyaJ6zURxW6uW0Y%3D&from=2064092626&se=false&sc=image&biz_tag=aweme_comment&l=2026042215463186EC7CAE905A3B6CC9BC
2026-05-07 17:57:31 | 17s |   [FAIL] 下载失败 | https://p3-sign.douyinpic.com/tos-cn-i-p14lwwcsbr/76d17b1c6935419b88c5ecf2b492dc71~tplv-p14lwwcsbr-7 | 原因=所有CDN均失败
2026-05-07 17:57:31 | 17s |   [FAIL] 下载失败 | comments.id=36794 api_type=comment_image | 表=comments | aweme=7429276471669083451 | 字段=image_list | 原因=下载失败
2026-05-07 17:57:33 | 19s |   [UPLOAD] ↑ MS4wLjABAAAA2FYVN1jBWaTVasx7wXcsK0rCPfSYixt5-J1pUegQIbA/avatars/70349d5f155bede2487a1d3b7340f87f.jpeg
2026-05-07 17:57:33 | 19s |   [UPLOAD] ↑ MS4wLjABAAAA2FYVN1jBWaTVasx7wXcsK0rCPfSYixt5-J1pUegQIbA/images/382521211a94b0144ee93cef793ee90a.jpg
2026-05-07 17:57:33 | 19s |   [UPLOAD] ↑ MS4wLjABAAAA2FYVN1jBWaTVasx7wXcsK0rCPfSYixt5-J1pUegQIbA/avatars/c2366309f5258f08e026c7bcb24b31f7.jpeg
2026-05-07 17:57:33 | 19s |   [UPLOAD] ↑ MS4wLjABAAAA2FYVN1jBWaTVasx7wXcsK0rCPfSYixt5-J1pUegQIbA/avatars/e4a5e0e43dd61a2cb10854b3823fd675.jpeg
2026-05-07 17:57:33 | 19s |   [UPLOAD] ↑ MS4wLjABAAAA2FYVN1jBWaTVasx7wXcsK0rCPfSYixt5-J1pUegQIbA/avatars/9158beee772209ab50c8687103de2fa9.jpeg
2026-05-07 17:57:33 | 19s |   [UPLOAD] ↑ MS4wLjABAAAA2FYVN1jBWaTVasx7wXcsK0rCPfSYixt5-J1pUegQIbA/avatars/7ec1ac3f54c98393c856b5bad29afb2f.jpeg
2026-05-07 17:57:33 | 19s |   [UPLOAD] ↑ MS4wLjABAAAA2FYVN1jBWaTVasx7wXcsK0rCPfSYixt5-J1pUegQIbA/avatars/bef39160743ed6330a120cb5821d1bab.jpeg
2026-05-07 17:57:33 | 19s |   [UPLOAD] ↑ MS4wLjABAAAA2FYVN1jBWaTVasx7wXcsK0rCPfSYixt5-J1pUegQIbA/avatars/17b9ddb31b6ae3b99b07a1e48df11d8c.jpeg
2026-05-07 17:57:33 | 19s |   [UPLOAD] ↑ MS4wLjABAAAA2FYVN1jBWaTVasx7wXcsK0rCPfSYixt5-J1pUegQIbA/avatars/67777b160ccf9a8716cf12b34468ee1f.jpeg
2026-05-07 17:57:33 | 19s |   [UPLOAD] ↑ MS4wLjABAAAA2FYVN1jBWaTVasx7wXcsK0rCPfSYixt5-J1pUegQIbA/avatars/43bd258d0ede494e5a3a382e9be70e6a.jpeg
2026-05-07 17:57:33 | 19s |   [UPLOAD] ↑ MS4wLjABAAAA2FYVN1jBWaTVasx7wXcsK0rCPfSYixt5-J1pUegQIbA/avatars/75d6e080697f011648efb51f04fe0c94.jpeg
2026-05-07 17:57:33 | 19s |   [UPLOAD] ↑ MS4wLjABAAAA2FYVN1jBWaTVasx7wXcsK0rCPfSYixt5-J1pUegQIbA/stickers/7d8507c1837c07ffca17a94bc0895181.jpg
2026-05-07 17:57:33 | 19s |   [UPLOAD] ↑ MS4wLjABAAAA2FYVN1jBWaTVasx7wXcsK0rCPfSYixt5-J1pUegQIbA/avatars/8f45769f08bbd900b132ebc564b3596a.jpeg
2026-05-07 17:57:33 | 19s |   [UPLOAD] ↑ MS4wLjABAAAA2FYVN1jBWaTVasx7wXcsK0rCPfSYixt5-J1pUegQIbA/avatars/db6c8cbf87d3bd758b4e98bd3fdc8538.jpeg
2026-05-07 17:57:33 | 19s |   [UPLOAD] ↑ MS4wLjABAAAA2FYVN1jBWaTVasx7wXcsK0rCPfSYixt5-J1pUegQIbA/avatars/c806791bdc2bed74ff328f07acfb271a.jpeg
2026-05-07 17:57:33 | 19s |   [UPLOAD] ↑ MS4wLjABAAAA2FYVN1jBWaTVasx7wXcsK0rCPfSYixt5-J1pUegQIbA/avatars/c529cb37efd75ec912ec8a2e17b90136.jpeg
2026-05-07 17:57:33 | 19s |   [UPLOAD] ↑ MS4wLjABAAAA2FYVN1jBWaTVasx7wXcsK0rCPfSYixt5-J1pUegQIbA/avatars/1604122f7638d9e4865546de9d39c378.jpeg
2026-05-07 17:57:33 | 19s |   [UPLOAD] ↑ MS4wLjABAAAA2FYVN1jBWaTVasx7wXcsK0rCPfSYixt5-J1pUegQIbA/avatars/eb15fb97fb4253e6af9b380dee977329.jpeg
2026-05-07 17:57:33 | 19s |   [UPLOAD] ↑ MS4wLjABAAAA2FYVN1jBWaTVasx7wXcsK0rCPfSYixt5-J1pUegQIbA/avatars/1f6bcd96a6ff2571d0aabd0784d0b0d3.jpeg
2026-05-07 17:57:33 | 19s |   [UPLOAD] ↑ MS4wLjABAAAA2FYVN1jBWaTVasx7wXcsK0rCPfSYixt5-J1pUegQIbA/avatars/666d40b0286ab87827b7bae94115ece5.jpeg
2026-05-07 17:57:33 | 19s |   [UPLOAD] ↑ MS4wLjABAAAA2FYVN1jBWaTVasx7wXcsK0rCPfSYixt5-J1pUegQIbA/avatars/453491f22b3fcd9ff63cca9c7d873b90.jpeg
2026-05-07 17:57:33 | 19s |   [UPLOAD] ↑ MS4wLjABAAAA2FYVN1jBWaTVasx7wXcsK0rCPfSYixt5-J1pUegQIbA/avatars/db8c2e097615cc5d2eeed20e854ab636.jpeg
2026-05-07 17:57:33 | 19s |   [UPLOAD] ↑ MS4wLjABAAAA2FYVN1jBWaTVasx7wXcsK0rCPfSYixt5-J1pUegQIbA/avatars/e41afbf897ebe8db02b7e1475f7a4c9c.jpeg
2026-05-07 17:57:33 | 19s |   [UPLOAD] ↑ MS4wLjABAAAA2FYVN1jBWaTVasx7wXcsK0rCPfSYixt5-J1pUegQIbA/avatars/49332a18b772a6fbe8c935cca860c217.jpeg
2026-05-07 17:57:33 | 19s |   [UPLOAD] ↑ MS4wLjABAAAA2FYVN1jBWaTVasx7wXcsK0rCPfSYixt5-J1pUegQIbA/avatars/9aab3c7637e1736ada84c8307a355ba0.jpeg
2026-05-07 17:57:33 | 19s |   [UPLOAD] ↑ MS4wLjABAAAA2FYVN1jBWaTVasx7wXcsK0rCPfSYixt5-J1pUegQIbA/images/9606f977b5d82bd3c9a8e0234b30711c.jpg
2026-05-07 17:57:33 | 19s |   [UPLOAD] ↑ MS4wLjABAAAA2FYVN1jBWaTVasx7wXcsK0rCPfSYixt5-J1pUegQIbA/stickers/86b1bcad9f2e750fae3d50b82fd7aad2.gif
2026-05-07 17:57:33 | 19s |   [UPLOAD] ↑ MS4wLjABAAAA2FYVN1jBWaTVasx7wXcsK0rCPfSYixt5-J1pUegQIbA/avatars/fc62ccb8db5e3843fc36ac5f27be7ee4.jpeg
2026-05-07 17:57:33 | 19s |   [UPLOAD] ↑ MS4wLjABAAAA2FYVN1jBWaTVasx7wXcsK0rCPfSYixt5-J1pUegQIbA/stickers/d193e6706391adb44cedc19bc4bf449c.webp
2026-05-07 17:57:33 | 19s |   [UPLOAD] ↑ MS4wLjABAAAA2FYVN1jBWaTVasx7wXcsK0rCPfSYixt5-J1pUegQIbA/avatars/43edaacc5f18a02769792b2607a05a7e.jpeg
2026-05-07 17:57:33 | 19s |   [UPLOAD] ↑ MS4wLjABAAAA2FYVN1jBWaTVasx7wXcsK0rCPfSYixt5-J1pUegQIbA/avatars/b12bc8f71a8067a41dfd0cb0374318fe.jpeg
2026-05-07 17:57:33 | 19s |   [UPLOAD] ↑ MS4wLjABAAAA2FYVN1jBWaTVasx7wXcsK0rCPfSYixt5-J1pUegQIbA/avatars/ad5c598ecb3da3c0a32efafd76fb4119.jpeg
2026-05-07 17:57:33 | 19s |   [UPLOAD] ↑ MS4wLjABAAAA2FYVN1jBWaTVasx7wXcsK0rCPfSYixt5-J1pUegQIbA/avatars/f9a65f4af0a5f13bea2c70db09e66e4b.jpeg
2026-05-07 17:57:33 | 19s |   [UPLOAD] ↑ MS4wLjABAAAA2FYVN1jBWaTVasx7wXcsK0rCPfSYixt5-J1pUegQIbA/avatars/c491ff6fd2507fa16423566611d9f371.jpeg
2026-05-07 17:57:33 | 19s |   [UPLOAD] ↑ MS4wLjABAAAA2FYVN1jBWaTVasx7wXcsK0rCPfSYixt5-J1pUegQIbA/avatars/49b9b7140cdb87308d5559c033ba77d9.jpeg
2026-05-07 17:57:33 | 19s |   [UPLOAD] ↑ MS4wLjABAAAA2FYVN1jBWaTVasx7wXcsK0rCPfSYixt5-J1pUegQIbA/avatars/7e3a110feb69a44d940c9085a7e8584a.jpeg
2026-05-07 17:57:33 | 19s |   [UPLOAD] ↑ MS4wLjABAAAA2FYVN1jBWaTVasx7wXcsK0rCPfSYixt5-J1pUegQIbA/avatars/c36ffb0847a48af0352901b9ae1f7481.jpeg
2026-05-07 17:57:33 | 19s |   [UPLOAD] ↑ MS4wLjABAAAA2FYVN1jBWaTVasx7wXcsK0rCPfSYixt5-J1pUegQIbA/avatars/48d2ae1cdd5397cd3e50e14de5b04fb1.jpeg
2026-05-07 17:57:33 | 19s |   [UPLOAD] ↑ MS4wLjABAAAA2FYVN1jBWaTVasx7wXcsK0rCPfSYixt5-J1pUegQIbA/avatars/c1e4fe8fec6f9bc1c82a379cd2e7b682.jpeg
2026-05-07 17:57:33 | 19s |   [UPLOAD] ↑ MS4wLjABAAAA2FYVN1jBWaTVasx7wXcsK0rCPfSYixt5-J1pUegQIbA/stickers/7163e47143b2858f9d22eb1c0a2f4359.png
2026-05-07 17:57:33 | 19s |   [UPLOAD] ↑ MS4wLjABAAAA2FYVN1jBWaTVasx7wXcsK0rCPfSYixt5-J1pUegQIbA/avatars/56a4c86cf1f3dfa78da199cf313ac802.jpeg
2026-05-07 17:57:33 | 19s |   [UPLOAD] ↑ MS4wLjABAAAA2FYVN1jBWaTVasx7wXcsK0rCPfSYixt5-J1pUegQIbA/avatars/42e2b31e484ab117522d8d3e69eb60bb.jpeg
2026-05-07 17:57:33 | 19s |   [UPLOAD] ↑ MS4wLjABAAAA2FYVN1jBWaTVasx7wXcsK0rCPfSYixt5-J1pUegQIbA/avatars/b6b820ad30f7ef45a785210376128153.jpeg
2026-05-07 17:57:33 | 19s |   [UPLOAD] ↑ MS4wLjABAAAA2FYVN1jBWaTVasx7wXcsK0rCPfSYixt5-J1pUegQIbA/avatars/97d71112047356b6b15a9f485f0059c6.jpeg
2026-05-07 17:57:33 | 19s |   [UPLOAD] ↑ MS4wLjABAAAA2FYVN1jBWaTVasx7wXcsK0rCPfSYixt5-J1pUegQIbA/avatars/671521c479bed93ccbf33259e0ba0932.jpeg
2026-05-07 17:57:33 | 19s |   [UPLOAD] ↑ MS4wLjABAAAA2FYVN1jBWaTVasx7wXcsK0rCPfSYixt5-J1pUegQIbA/images/351b3e34eddbbb8aa601ca02122b128c.jpg
2026-05-07 17:57:33 | 19s |   [UPLOAD] ↑ MS4wLjABAAAA2FYVN1jBWaTVasx7wXcsK0rCPfSYixt5-J1pUegQIbA/avatars/3d78f176ab27d08ae33375decbcbc1c7.jpeg
2026-05-07 17:57:33 | 19s |   [UPLOAD] ↑ MS4wLjABAAAA2FYVN1jBWaTVasx7wXcsK0rCPfSYixt5-J1pUegQIbA/avatars/5329b9c9585c11fefb8051d82bd2f899.jpeg
2026-05-07 17:57:33 | 19s |   [UPLOAD] ↑ MS4wLjABAAAA2FYVN1jBWaTVasx7wXcsK0rCPfSYixt5-J1pUegQIbA/avatars/f7bdc0a867fda5ba8699bf8a1cabaa7a.jpeg
2026-05-07 17:57:33 | 19s |   [UPLOAD] ↑ MS4wLjABAAAA2FYVN1jBWaTVasx7wXcsK0rCPfSYixt5-J1pUegQIbA/avatars/de1856e675267f2ed3fadd475ab7f027.jpeg
2026-05-07 17:57:33 | 19s |   [DB] 📝 待更新: 54 行
2026-05-07 17:57:33 | 19s |   [DB] ✅ commit 成功: 54 行已写入
2026-05-07 17:57:37 | 24s |   [UPLOAD] ↑ MS4wLjABAAAA2FYVN1jBWaTVasx7wXcsK0rCPfSYixt5-J1pUegQIbA/avatars/eb8ffb580d25924d0fc4188be909349c.jpeg
2026-05-07 17:57:37 | 24s |   [UPLOAD] ↑ MS4wLjABAAAA2FYVN1jBWaTVasx7wXcsK0rCPfSYixt5-J1pUegQIbA/avatars/bd34f3452fdde706bdf9037e29791596.jpeg
2026-05-07 17:57:37 | 24s |   [UPLOAD] ↑ MS4wLjABAAAA2FYVN1jBWaTVasx7wXcsK0rCPfSYixt5-J1pUegQIbA/avatars/beb58aa8ff33f08c68492426028b3c0b.jpeg
2026-05-07 17:57:37 | 24s |   [UPLOAD] ↑ MS4wLjABAAAA2FYVN1jBWaTVasx7wXcsK0rCPfSYixt5-J1pUegQIbA/stickers/83f0279242fa8dd406a0d8eefb890b73.gif
2026-05-07 17:57:37 | 24s |   [UPLOAD] ↑ MS4wLjABAAAA2FYVN1jBWaTVasx7wXcsK0rCPfSYixt5-J1pUegQIbA/avatars/198ddcce6b52e74d81575e235e7d5c4d.jpeg
2026-05-07 17:57:37 | 24s |   [UPLOAD] ↑ MS4wLjABAAAA2FYVN1jBWaTVasx7wXcsK0rCPfSYixt5-J1pUegQIbA/avatars/c4875b3d0918e81abb9e1bb434a850ec.jpeg
2026-05-07 17:57:37 | 24s |   [UPLOAD] ↑ MS4wLjABAAAA2FYVN1jBWaTVasx7wXcsK0rCPfSYixt5-J1pUegQIbA/avatars/e42181b76cac68d506ea67366721f9cb.jpeg
2026-05-07 17:57:37 | 24s |   [UPLOAD] ↑ MS4wLjABAAAA2FYVN1jBWaTVasx7wXcsK0rCPfSYixt5-J1pUegQIbA/avatars/f3bec43c7efc02239523658cd47d8182.jpeg
2026-05-07 17:57:37 | 24s |   [UPLOAD] ↑ MS4wLjABAAAA2FYVN1jBWaTVasx7wXcsK0rCPfSYixt5-J1pUegQIbA/avatars/3aafeb9a89a543cfbb71d568f523ece0.jpeg
2026-05-07 17:57:37 | 24s |   [UPLOAD] ↑ MS4wLjABAAAA2FYVN1jBWaTVasx7wXcsK0rCPfSYixt5-J1pUegQIbA/avatars/0b9a390cdd094349e28ab7df3d7403c9.jpeg
2026-05-07 17:57:37 | 24s |   [UPLOAD] ↑ MS4wLjABAAAA2FYVN1jBWaTVasx7wXcsK0rCPfSYixt5-J1pUegQIbA/avatars/b9045c7671e84a3062dacc022b8d2d97.jpeg
2026-05-07 17:57:37 | 24s |   [UPLOAD] ↑ MS4wLjABAAAA2FYVN1jBWaTVasx7wXcsK0rCPfSYixt5-J1pUegQIbA/avatars/763d1be803cc93ceed09ee2a18a7f9dc.jpeg
2026-05-07 17:57:37 | 24s |   [UPLOAD] ↑ MS4wLjABAAAA2FYVN1jBWaTVasx7wXcsK0rCPfSYixt5-J1pUegQIbA/avatars/bd0b92e2bde39035d6d09084fab7956f.jpeg
2026-05-07 17:57:37 | 24s |   [UPLOAD] ↑ MS4wLjABAAAA2FYVN1jBWaTVasx7wXcsK0rCPfSYixt5-J1pUegQIbA/avatars/3e3da0a0c900cf90075567f83afaf602.jpeg
2026-05-07 17:57:37 | 24s |   [UPLOAD] ↑ MS4wLjABAAAA2FYVN1jBWaTVasx7wXcsK0rCPfSYixt5-J1pUegQIbA/avatars/a691131be22b181515bd3fbf78285d62.jpeg
2026-05-07 17:57:37 | 24s |   [UPLOAD] ↑ MS4wLjABAAAA2FYVN1jBWaTVasx7wXcsK0rCPfSYixt5-J1pUegQIbA/avatars/18de805a65b52008ead238a6487b225e.jpeg
2026-05-07 17:57:37 | 24s |   [UPLOAD] ↑ MS4wLjABAAAA2FYVN1jBWaTVasx7wXcsK0rCPfSYixt5-J1pUegQIbA/avatars/d438495359b6e286afd7f2480249df04.jpeg
2026-05-07 17:57:37 | 24s |   [UPLOAD] ↑ MS4wLjABAAAA2FYVN1jBWaTVasx7wXcsK0rCPfSYixt5-J1pUegQIbA/avatars/6204b745e29d4e860c73c5ea2a04de1b.jpeg
2026-05-07 17:57:37 | 24s |   [UPLOAD] ↑ MS4wLjABAAAA2FYVN1jBWaTVasx7wXcsK0rCPfSYixt5-J1pUegQIbA/avatars/962600695ac46fbdc9df274fefd56b47.jpeg
2026-05-07 17:57:37 | 24s |   [UPLOAD] ↑ MS4wLjABAAAA2FYVN1jBWaTVasx7wXcsK0rCPfSYixt5-J1pUegQIbA/avatars/0ab231e10bc343771468270864659863.jpeg
2026-05-07 17:57:37 | 24s |   [UPLOAD] ↑ MS4wLjABAAAA2FYVN1jBWaTVasx7wXcsK0rCPfSYixt5-J1pUegQIbA/images/9bae70d2b88cb29eae3b9d005fa550c8.webp
2026-05-07 17:57:37 | 24s |   [UPLOAD] ↑ MS4wLjABAAAA2FYVN1jBWaTVasx7wXcsK0rCPfSYixt5-J1pUegQIbA/images/ca2c5135a7477f21c9a45bae60eb2183.jpg
2026-05-07 17:57:37 | 24s |   [UPLOAD] ↑ MS4wLjABAAAA2FYVN1jBWaTVasx7wXcsK0rCPfSYixt5-J1pUegQIbA/avatars/c81fc87d9246776b142092f532e466c5.jpeg
2026-05-07 17:57:37 | 24s |   [UPLOAD] ↑ MS4wLjABAAAA2FYVN1jBWaTVasx7wXcsK0rCPfSYixt5-J1pUegQIbA/avatars/cf0092815773b8080eba2cb3d3dd340d.jpeg
2026-05-07 17:57:37 | 24s |   [UPLOAD] ↑ MS4wLjABAAAA2FYVN1jBWaTVasx7wXcsK0rCPfSYixt5-J1pUegQIbA/avatars/17be91b335d3d64d4629d5dfd23de0a4.jpeg
2026-05-07 17:57:37 | 24s |   [UPLOAD] ↑ MS4wLjABAAAA2FYVN1jBWaTVasx7wXcsK0rCPfSYixt5-J1pUegQIbA/avatars/400ef7a02e632cbca70df1d5ac32cbf1.jpeg
2026-05-07 17:57:37 | 24s |   [UPLOAD] ↑ MS4wLjABAAAA2FYVN1jBWaTVasx7wXcsK0rCPfSYixt5-J1pUegQIbA/avatars/5f8898c9fa839a56f69d25177b29301f.jpeg
2026-05-07 17:57:37 | 24s |   [UPLOAD] ↑ MS4wLjABAAAA2FYVN1jBWaTVasx7wXcsK0rCPfSYixt5-J1pUegQIbA/avatars/1666b6886c34f20a3162381d95c37599.jpeg
2026-05-07 17:57:37 | 24s |   [UPLOAD] ↑ MS4wLjABAAAA2FYVN1jBWaTVasx7wXcsK0rCPfSYixt5-J1pUegQIbA/avatars/d1af40b103f150b2b02667f0d320f880.jpeg
2026-05-07 17:57:37 | 24s |   [UPLOAD] ↑ MS4wLjABAAAA2FYVN1jBWaTVasx7wXcsK0rCPfSYixt5-J1pUegQIbA/avatars/0b6fa4eaa3890f4527f933b1569d5686.jpeg
2026-05-07 17:57:37 | 24s |   [UPLOAD] ↑ MS4wLjABAAAA2FYVN1jBWaTVasx7wXcsK0rCPfSYixt5-J1pUegQIbA/avatars/4808ded6f9aed4c4f6bb6b6286dd0385.jpeg
2026-05-07 17:57:37 | 24s |   [UPLOAD] ↑ MS4wLjABAAAA2FYVN1jBWaTVasx7wXcsK0rCPfSYixt5-J1pUegQIbA/avatars/7d70000831703c0be5389eaef7116f21.jpeg
2026-05-07 17:57:37 | 24s |   [UPLOAD] ↑ MS4wLjABAAAA2FYVN1jBWaTVasx7wXcsK0rCPfSYixt5-J1pUegQIbA/avatars/ca96fd90e15987f22a18bd80f7b330d9.jpeg
2026-05-07 17:57:37 | 24s |   [UPLOAD] ↑ MS4wLjABAAAA2FYVN1jBWaTVasx7wXcsK0rCPfSYixt5-J1pUegQIbA/avatars/4132dd911b5d8791192c3ae855910389.jpeg
2026-05-07 17:57:37 | 24s |   [UPLOAD] ↑ MS4wLjABAAAA2FYVN1jBWaTVasx7wXcsK0rCPfSYixt5-J1pUegQIbA/avatars/ee7c61216c1857e7694e593e9bdb0ab5.jpeg
2026-05-07 17:57:37 | 24s |   [UPLOAD] ↑ MS4wLjABAAAA2FYVN1jBWaTVasx7wXcsK0rCPfSYixt5-J1pUegQIbA/avatars/2f0c1d624595a7527daa35a19cf309de.jpeg
2026-05-07 17:57:37 | 24s |   [UPLOAD] ↑ MS4wLjABAAAA2FYVN1jBWaTVasx7wXcsK0rCPfSYixt5-J1pUegQIbA/avatars/3d08d913a230a655029e41d29fd89617.jpeg
2026-05-07 17:57:37 | 24s |   [UPLOAD] ↑ MS4wLjABAAAA2FYVN1jBWaTVasx7wXcsK0rCPfSYixt5-J1pUegQIbA/avatars/b5e9cd14b0ffc376f3930d873206f96f.jpeg
2026-05-07 17:57:37 | 24s |   [UPLOAD] ↑ MS4wLjABAAAA2FYVN1jBWaTVasx7wXcsK0rCPfSYixt5-J1pUegQIbA/avatars/766824b6d6585110b70025d9ad6409d0.jpeg
2026-05-07 17:57:37 | 24s |   [UPLOAD] ↑ MS4wLjABAAAA2FYVN1jBWaTVasx7wXcsK0rCPfSYixt5-J1pUegQIbA/avatars/fbcd372bcf949d4a382cc8205931296c.jpeg
2026-05-07 17:57:37 | 24s |   [UPLOAD] ↑ MS4wLjABAAAA2FYVN1jBWaTVasx7wXcsK0rCPfSYixt5-J1pUegQIbA/stickers/e5efe97bd48a4a4a7eb164a7686e86a4.webp
2026-05-07 17:57:37 | 24s |   [UPLOAD] ↑ MS4wLjABAAAA2FYVN1jBWaTVasx7wXcsK0rCPfSYixt5-J1pUegQIbA/avatars/e86a22baaa835822998d3b96ebcffcba.jpeg
2026-05-07 17:57:37 | 24s |   [UPLOAD] ↑ MS4wLjABAAAA2FYVN1jBWaTVasx7wXcsK0rCPfSYixt5-J1pUegQIbA/avatars/7e6a591cbe69161550924e61f81b3294.jpeg
2026-05-07 17:57:37 | 24s |   [UPLOAD] ↑ MS4wLjABAAAA2FYVN1jBWaTVasx7wXcsK0rCPfSYixt5-J1pUegQIbA/avatars/10cd252c0c8c1989581f3f27567270a3.jpeg
2026-05-07 17:57:37 | 24s |   [UPLOAD] ↑ MS4wLjABAAAA2FYVN1jBWaTVasx7wXcsK0rCPfSYixt5-J1pUegQIbA/avatars/da15e3400d6e398468466fb5cf92ab82.jpeg
2026-05-07 17:57:37 | 24s |   [UPLOAD] ↑ MS4wLjABAAAA2FYVN1jBWaTVasx7wXcsK0rCPfSYixt5-J1pUegQIbA/avatars/5b0c62ccf5d1bdc2eec2af8767b9db97.jpeg
2026-05-07 17:57:37 | 24s |   [UPLOAD] ↑ MS4wLjABAAAA2FYVN1jBWaTVasx7wXcsK0rCPfSYixt5-J1pUegQIbA/avatars/cd8b04fd0b57cc98dca226eba6d63c0e.jpeg
2026-05-07 17:57:37 | 24s |   [UPLOAD] ↑ MS4wLjABAAAA2FYVN1jBWaTVasx7wXcsK0rCPfSYixt5-J1pUegQIbA/avatars/7b87e1ab8600513ff09030d87bf88ad7.jpeg
2026-05-07 17:57:37 | 24s |   [UPLOAD] ↑ MS4wLjABAAAA2FYVN1jBWaTVasx7wXcsK0rCPfSYixt5-J1pUegQIbA/avatars/1a6c1366fea8a72ad410f31b61d9773a.jpeg
2026-05-07 17:57:37 | 24s |   [UPLOAD] ↑ MS4wLjABAAAA2FYVN1jBWaTVasx7wXcsK0rCPfSYixt5-J1pUegQIbA/avatars/c83eceeafc6b0f72ad95e2d2107bb0f1.jpeg
2026-05-07 17:57:37 | 24s |   [DB] 📝 待更新: 58 行
2026-05-07 17:57:37 | 24s |   [DB] ✅ commit 成功: 58 行已写入
2026-05-07 17:57:46 | 33s |   [UPLOAD] ↑ MS4wLjABAAAA2FYVN1jBWaTVasx7wXcsK0rCPfSYixt5-J1pUegQIbA/stickers/9909afc9254016238e1bf0f025b8c0d3.gif
2026-05-07 17:57:46 | 33s |   [UPLOAD] ↑ MS4wLjABAAAA2FYVN1jBWaTVasx7wXcsK0rCPfSYixt5-J1pUegQIbA/stickers/96e3241c604fe361a08a74be2da63882.gif
2026-05-07 17:57:46 | 33s |   [UPLOAD] ↑ MS4wLjABAAAA2FYVN1jBWaTVasx7wXcsK0rCPfSYixt5-J1pUegQIbA/avatars/56e7865b5eeaf62338a305f6f99ccb82.jpeg
2026-05-07 17:57:46 | 33s |   [UPLOAD] ↑ MS4wLjABAAAA2FYVN1jBWaTVasx7wXcsK0rCPfSYixt5-J1pUegQIbA/stickers/b2cd885b28d076d3d569d6b437e9740b.jpg
2026-05-07 17:57:46 | 33s |   [UPLOAD] ↑ MS4wLjABAAAA2FYVN1jBWaTVasx7wXcsK0rCPfSYixt5-J1pUegQIbA/avatars/ff6ed9bf5ba5b6c23d0b5e7629811a11.jpeg
2026-05-07 17:57:46 | 33s |   [UPLOAD] ↑ MS4wLjABAAAA2FYVN1jBWaTVasx7wXcsK0rCPfSYixt5-J1pUegQIbA/avatars/09e57760b10d4e3270fb37ea7d5cef8e.jpeg
2026-05-07 17:57:46 | 33s |   [UPLOAD] ↑ MS4wLjABAAAA2FYVN1jBWaTVasx7wXcsK0rCPfSYixt5-J1pUegQIbA/avatars/55ca8470d1558b48ff043499c172dd13.jpeg
2026-05-07 17:57:46 | 33s |   [UPLOAD] ↑ MS4wLjABAAAA2FYVN1jBWaTVasx7wXcsK0rCPfSYixt5-J1pUegQIbA/avatars/a4a8bef0694214e842d96c0c2a5cc5e4.jpeg
2026-05-07 17:57:46 | 33s |   [UPLOAD] ↑ MS4wLjABAAAA2FYVN1jBWaTVasx7wXcsK0rCPfSYixt5-J1pUegQIbA/avatars/419c34f76490045729fb8f815227b503.jpeg
2026-05-07 17:57:46 | 33s |   [UPLOAD] ↑ MS4wLjABAAAA2FYVN1jBWaTVasx7wXcsK0rCPfSYixt5-J1pUegQIbA/avatars/b9882eaf5487a9f8697127d1d85a345c.jpeg
2026-05-07 17:57:46 | 33s |   [UPLOAD] ↑ MS4wLjABAAAA2FYVN1jBWaTVasx7wXcsK0rCPfSYixt5-J1pUegQIbA/stickers/23cb698cace1c6791309c026d2919c2c.webp
2026-05-07 17:57:46 | 33s |   [UPLOAD] ↑ MS4wLjABAAAA2FYVN1jBWaTVasx7wXcsK0rCPfSYixt5-J1pUegQIbA/avatars/3550b1b1ead35d281f3a655c5d24ccd4.jpeg
2026-05-07 17:57:46 | 33s |   [UPLOAD] ↑ MS4wLjABAAAA2FYVN1jBWaTVasx7wXcsK0rCPfSYixt5-J1pUegQIbA/avatars/4cad111ed21bf3e23b13e0eb7ed8a6a2.jpeg
2026-05-07 17:57:46 | 33s |   [UPLOAD] ↑ MS4wLjABAAAA2FYVN1jBWaTVasx7wXcsK0rCPfSYixt5-J1pUegQIbA/avatars/7eccea5b4cd9af7f5d35ab953c3ddf11.jpeg
2026-05-07 17:57:46 | 33s |   [UPLOAD] ↑ MS4wLjABAAAA2FYVN1jBWaTVasx7wXcsK0rCPfSYixt5-J1pUegQIbA/avatars/f92a68f803dd6faefa2c6c95532ed6dc.jpeg
2026-05-07 17:57:46 | 33s |   [UPLOAD] ↑ MS4wLjABAAAA2FYVN1jBWaTVasx7wXcsK0rCPfSYixt5-J1pUegQIbA/avatars/a92cb7adf15aa86d0bdcfde9a8993e1c.jpeg
2026-05-07 17:57:46 | 33s |   [UPLOAD] ↑ MS4wLjABAAAA2FYVN1jBWaTVasx7wXcsK0rCPfSYixt5-J1pUegQIbA/avatars/d674947e81ee86949fd59c01dddb6145.jpeg
2026-05-07 17:57:46 | 33s |   [UPLOAD] ↑ MS4wLjABAAAA2FYVN1jBWaTVasx7wXcsK0rCPfSYixt5-J1pUegQIbA/images/493cd73011344c0208c8d6eee4b31831.jpg
2026-05-07 17:57:46 | 33s |   [UPLOAD] ↑ MS4wLjABAAAA2FYVN1jBWaTVasx7wXcsK0rCPfSYixt5-J1pUegQIbA/avatars/6ee6feeff0330bd107e9f5c22c97361a.jpeg
2026-05-07 17:57:46 | 33s |   [UPLOAD] ↑ MS4wLjABAAAA2FYVN1jBWaTVasx7wXcsK0rCPfSYixt5-J1pUegQIbA/avatars/fc985065d7a64917aa244d55eff58b30.jpeg
2026-05-07 17:57:46 | 33s |   [UPLOAD] ↑ MS4wLjABAAAA2FYVN1jBWaTVasx7wXcsK0rCPfSYixt5-J1pUegQIbA/avatars/e0bfbad255972698ecf35b0f337aec4d.jpeg
2026-05-07 17:57:46 | 33s |   [UPLOAD] ↑ MS4wLjABAAAA2FYVN1jBWaTVasx7wXcsK0rCPfSYixt5-J1pUegQIbA/images/f5b673ec687bab0095e6be3d59089d41.jpg
2026-05-07 17:57:46 | 33s |   [UPLOAD] ↑ MS4wLjABAAAA2FYVN1jBWaTVasx7wXcsK0rCPfSYixt5-J1pUegQIbA/avatars/ed8eb724f3decc87e7a96aa91bcfd5c9.jpeg
2026-05-07 17:57:46 | 33s |   [UPLOAD] ↑ MS4wLjABAAAA2FYVN1jBWaTVasx7wXcsK0rCPfSYixt5-J1pUegQIbA/avatars/f28e78f958a97614a57a5849b8d4a3cf.jpeg
2026-05-07 17:57:46 | 33s |   [UPLOAD] ↑ MS4wLjABAAAA2FYVN1jBWaTVasx7wXcsK0rCPfSYixt5-J1pUegQIbA/avatars/702198f47e07286ee0db5d747d120542.jpeg
2026-05-07 17:57:46 | 33s |   [UPLOAD] ↑ MS4wLjABAAAA2FYVN1jBWaTVasx7wXcsK0rCPfSYixt5-J1pUegQIbA/avatars/75752c78bfe97d73e4e2066bb80da471.jpeg
2026-05-07 17:57:46 | 33s |   [UPLOAD] ↑ MS4wLjABAAAA2FYVN1jBWaTVasx7wXcsK0rCPfSYixt5-J1pUegQIbA/avatars/3e1ae4c29fac9d1626a61ede862064b1.jpeg
2026-05-07 17:57:46 | 33s |   [UPLOAD] ↑ MS4wLjABAAAA2FYVN1jBWaTVasx7wXcsK0rCPfSYixt5-J1pUegQIbA/avatars/ad6602b452c797408bc9d7f8d0d538a8.jpeg
2026-05-07 17:57:46 | 33s |   [UPLOAD] ↑ MS4wLjABAAAA2FYVN1jBWaTVasx7wXcsK0rCPfSYixt5-J1pUegQIbA/avatars/e17a598e255e7238ee9aab06a0bcc1ee.jpeg
2026-05-07 17:57:46 | 33s |   [UPLOAD] ↑ MS4wLjABAAAA2FYVN1jBWaTVasx7wXcsK0rCPfSYixt5-J1pUegQIbA/avatars/25f4a75e0441b7b931bb04f121294d9c.jpeg
2026-05-07 17:57:46 | 33s |   [UPLOAD] ↑ MS4wLjABAAAA2FYVN1jBWaTVasx7wXcsK0rCPfSYixt5-J1pUegQIbA/stickers/6adb6e6c51ebde3d323782691db914cb.gif
2026-05-07 17:57:46 | 33s |   [DB] 📝 待更新: 33 行
2026-05-07 17:57:46 | 33s |   [DB] ✅ commit 成功: 33 行已写入
2026-05-07 17:58:00 | 46s |   [DL] ⚠️  网络错误 (ConnectTimeout): https://p26-sign.douyinpic.com/tos-cn-i-p14lwwcsbr/8021ec5dcc93470b9ff105110e288...
2026-05-07 17:58:01 | 48s |   [DL] ⚠️  HTTP 403: https://p26-sign.douyinpic.com/tos-cn-i-p14lwwcsbr/8021ec5dcc93470b9ff105110e288...
2026-05-07 17:58:01 | 48s |   [DL] ❌ 下载失败，最后尝试的 URL: https://p26-sign.douyinpic.com/tos-cn-i-p14lwwcsbr/8021ec5dcc93470b9ff105110e288cd7~tplv-p14lwwcsbr-7.jpeg?lk3s=7b078dd2&x-expires=1776952800&x-signature=D0%2F%2FSdYFxQfL5G1DpuWnnoFVNZI%3D&from=2064092626&se=false&sc=image&biz_tag=aweme_comment&l=20260422213043620A31DAC0379774BAE8
2026-05-07 17:58:01 | 48s |   [FAIL] 下载失败 | https://p26-sign.douyinpic.com/tos-cn-i-p14lwwcsbr/8021ec5dcc93470b9ff105110e288cd7~tplv-p14lwwcsbr- | 原因=所有CDN均失败
2026-05-07 17:58:01 | 48s |   [FAIL] 下载失败 | replies.id=18126 api_type=reply_image | 表=replies | aweme=7560954743410675002 | 字段=image_list | 原因=下载失败
2026-05-07 17:58:01 | 48s |   [BATCH] ✅ 批次完成，已提交 239/239 个 URL，耗时 45.5s
2026-05-07 17:58:01 | 48s | 
  [OK] 作者完成: 上传 231，更新 254 行，HEIC 转换 1，失败 8
2026-05-07 17:58:01 | 48s | 
──────────────────────────────────────────────────────────────────────
2026-05-07 17:58:01 | 48s |   [SCAN] 📁 作者: MS4wLjABAAAAWKIRK91nF8hLjuza0KVRL50-lcfN...
2026-05-07 17:58:01 | 48s |   [SCAN] 📄 数据库: /home/runner/work/DouyinComment/DouyinComment/scripts/../data/MS4wLjABAAAAWKIRK91nF8hLjuza0KVRL50-lcfNlEPHocsF9hNYzCUag7n4BgIHQaERsfq_NiHR/sqlite.db
2026-05-07 17:58:01 | 48s | ──────────────────────────────────────────────────────────────────────
2026-05-07 17:58:01 | 48s |   [SCAN] 总 task 数: 11
2026-05-07 17:58:01 | 48s |     comment_avatar: 8
2026-05-07 17:58:01 | 48s |     reply_avatar: 3
2026-05-07 17:58:01 | 48s |   [SCAN] 唯一分组: 11，去重节省: 0 次下载
2026-05-07 17:58:01 | 48s |   [BATCH] aweme_id 数: 2，分 1 批处理
2026-05-07 17:58:01 | 48s | 
  [BATCH] 📦 批次 1/1: 2 个 aweme_id, 11 个 URL
2026-05-07 17:58:01 | 48s |   [BATCH] direct 模式: 直接使用原始 URL 11 个
2026-05-07 17:58:03 | 50s |   [UPLOAD] ↑ MS4wLjABAAAAWKIRK91nF8hLjuza0KVRL50-lcfNlEPHocsF9hNYzCUag7n4BgIHQaERsfq_NiHR/avatars/7e3a110feb69a44d940c9085a7e8584a.jpeg
2026-05-07 17:58:03 | 50s |   [UPLOAD] ↑ MS4wLjABAAAAWKIRK91nF8hLjuza0KVRL50-lcfNlEPHocsF9hNYzCUag7n4BgIHQaERsfq_NiHR/avatars/87322aa355de6555ab982a12e6b6a483.jpeg
2026-05-07 17:58:03 | 50s |   [UPLOAD] ↑ MS4wLjABAAAAWKIRK91nF8hLjuza0KVRL50-lcfNlEPHocsF9hNYzCUag7n4BgIHQaERsfq_NiHR/avatars/768b0a1a10705fb67fe4f7a1a6676bdf.jpeg
2026-05-07 17:58:03 | 50s |   [UPLOAD] ↑ MS4wLjABAAAAWKIRK91nF8hLjuza0KVRL50-lcfNlEPHocsF9hNYzCUag7n4BgIHQaERsfq_NiHR/avatars/6bec88b40b8fef6c53042ec6b4e626b3.jpeg
2026-05-07 17:58:03 | 50s |   [UPLOAD] ↑ MS4wLjABAAAAWKIRK91nF8hLjuza0KVRL50-lcfNlEPHocsF9hNYzCUag7n4BgIHQaERsfq_NiHR/avatars/a36d60b8dff8dd89ad5ff5d23ecf5a8e.jpeg
2026-05-07 17:58:03 | 50s |   [UPLOAD] ↑ MS4wLjABAAAAWKIRK91nF8hLjuza0KVRL50-lcfNlEPHocsF9hNYzCUag7n4BgIHQaERsfq_NiHR/avatars/da15e3400d6e398468466fb5cf92ab82.jpeg
2026-05-07 17:58:03 | 50s |   [UPLOAD] ↑ MS4wLjABAAAAWKIRK91nF8hLjuza0KVRL50-lcfNlEPHocsF9hNYzCUag7n4BgIHQaERsfq_NiHR/avatars/206868e88c7ac4d1f351d50048b43234.jpeg
2026-05-07 17:58:03 | 50s |   [UPLOAD] ↑ MS4wLjABAAAAWKIRK91nF8hLjuza0KVRL50-lcfNlEPHocsF9hNYzCUag7n4BgIHQaERsfq_NiHR/avatars/35fce7de61d6d036f2ddca66dce4ad20.jpeg
2026-05-07 17:58:03 | 50s |   [UPLOAD] ↑ MS4wLjABAAAAWKIRK91nF8hLjuza0KVRL50-lcfNlEPHocsF9hNYzCUag7n4BgIHQaERsfq_NiHR/avatars/76d475d7aa76e6777ca4f40bd254a124.jpeg
2026-05-07 17:58:03 | 50s |   [UPLOAD] ↑ MS4wLjABAAAAWKIRK91nF8hLjuza0KVRL50-lcfNlEPHocsF9hNYzCUag7n4BgIHQaERsfq_NiHR/avatars/5620dbed5543b1e48a054692b374133c.jpeg
2026-05-07 17:58:03 | 50s |   [UPLOAD] ↑ MS4wLjABAAAAWKIRK91nF8hLjuza0KVRL50-lcfNlEPHocsF9hNYzCUag7n4BgIHQaERsfq_NiHR/avatars/6e9d1bfa8f8dd2ebfae8181016876d6f.jpeg
2026-05-07 17:58:03 | 50s |   [DB] 📝 待更新: 11 行
2026-05-07 17:58:03 | 50s |   [DB] ✅ commit 成功: 11 行已写入
2026-05-07 17:58:03 | 50s |   [BATCH] ✅ 批次完成，已提交 11/11 个 URL，耗时 1.5s
2026-05-07 17:58:03 | 50s | 
  [OK] 作者完成: 上传 11，更新 11 行，HEIC 转换 0，失败 0
2026-05-07 17:58:03 | 50s | 
2026-05-07 17:58:03 | 50s | ======================================================================
2026-05-07 17:58:03 | 50s |   全部完成
2026-05-07 17:58:03 | 50s | ======================================================================
2026-05-07 17:58:03 | 50s |   作者数:        2
2026-05-07 17:58:03 | 50s |   总 task:       273
2026-05-07 17:58:03 | 50s |   上传成功:      242
2026-05-07 17:58:03 | 50s |   更新行数:      265
2026-05-07 17:58:03 | 50s |   HEIC 转换:     1
2026-05-07 17:58:03 | 50s |   失败:          8
2026-05-07 17:58:03 | 50s |   总耗时:        50s (50s)
2026-05-07 17:58:03 | 50s | ======================================================================
2026-05-07 17:58:03 | 50s | 
──────────────────────────────────────────────────────────────────────
2026-05-07 17:58:03 | 50s |   失败汇总 (共 16 项)
2026-05-07 17:58:03 | 50s | ──────────────────────────────────────────────────────────────────────
2026-05-07 17:58:03 | 50s |     下载失败: 16
2026-05-07 17:58:03 | 50s |     • 下载失败 | https://p5-ex-gddgtc-sign.douyinpic.com/obj/tos-cn-o-0812/osMbEYFxAgCM8ORMAADAIjDlxCpgaCAyAGEff0?lk3 | 所有CDN均失败
2026-05-07 17:58:03 | 50s |     • 下载失败 | comments.id=90723 api_type=comment_sticker | 下载失败
2026-05-07 17:58:03 | 50s |     • 下载失败 | https://p3-sign.douyinpic.com/tos-cn-i-p14lwwcsbr/e2a2935810aa4b8b87c5d164afb7945e~tplv-p14lwwcsbr-7 | 所有CDN均失败
2026-05-07 17:58:03 | 50s |     • 下载失败 | comments.id=85119 api_type=comment_image | 下载失败
2026-05-07 17:58:03 | 50s |     • 下载失败 | https://p5-ex-gddgtc-sign.douyinpic.com/obj/douyin-user-image-file/8c8844d242627c599d1e61a6c3f3f7a3? | 所有CDN均失败
2026-05-07 17:58:03 | 50s |     • 下载失败 | comments.id=85194 api_type=comment_sticker | 下载失败
2026-05-07 17:58:03 | 50s |     • 下载失败 | https://p9-sign.douyinpic.com/obj/tos-cn-o-0812/okAuAfyyBAD0iA5Zadi8vNEj7BBIigGQyVYEkA?lk3s=7b078dd2 | 所有CDN均失败
2026-05-07 17:58:03 | 50s |     • 下载失败 | replies.id=21178 api_type=reply_sticker | 下载失败
2026-05-07 17:58:03 | 50s |     • 下载失败 | https://p26-sign.douyinpic.com/obj/tos-cn-o-0812/o0cguteHAroyvOClx6QCAktcgDQdIAelAHA8bn?lk3s=7b078dd | 所有CDN均失败
2026-05-07 17:58:03 | 50s |     • 下载失败 | comments.id=46997 api_type=comment_sticker | 下载失败
2026-05-07 17:58:03 | 50s |     • 下载失败 | https://p26-sign.douyinpic.com/tos-cn-i-p14lwwcsbr/bd6e2809edac430686f01de210250cd4~tplv-p14lwwcsbr- | 所有CDN均失败
2026-05-07 17:58:03 | 50s |     • 下载失败 | comments.id=55094 api_type=comment_image | 下载失败
2026-05-07 17:58:03 | 50s |     • 下载失败 | https://p3-sign.douyinpic.com/tos-cn-i-p14lwwcsbr/76d17b1c6935419b88c5ecf2b492dc71~tplv-p14lwwcsbr-7 | 所有CDN均失败
2026-05-07 17:58:03 | 50s |     • 下载失败 | comments.id=36794 api_type=comment_image | 下载失败
2026-05-07 17:58:03 | 50s |     • 下载失败 | https://p26-sign.douyinpic.com/tos-cn-i-p14lwwcsbr/8021ec5dcc93470b9ff105110e288cd7~tplv-p14lwwcsbr- | 所有CDN均失败
2026-05-07 17:58:03 | 50s |     • 下载失败 | replies.id=18126 api_type=reply_image | 下载失败
2026-05-07 17:58:03 | 50s | ──────────────────────────────────────────────────────────────────────
