2026-05-26 18:37:43 | 0s | [INIT] 日志文件: /home/runner/work/DouyinComment/DouyinComment/scripts/../logs/migrate/migrate_20260526_183743.log
2026-05-26 18:37:43 | 0s | ======================================================================
2026-05-26 18:37:43 | 0s |   [INIT] 抖音资源 → HF Bucket 迁移（v3）
2026-05-26 18:37:43 | 0s |   [INIT] 数据目录:    /home/runner/work/DouyinComment/DouyinComment/scripts/../data
2026-05-26 18:37:43 | 0s |   [INIT] 日志目录:    /home/runner/work/DouyinComment/DouyinComment/scripts/../logs/migrate
2026-05-26 18:37:43 | 0s |   [INIT] 作者过滤:    all
2026-05-26 18:37:43 | 0s |   [INIT] 限制表:      全部
2026-05-26 18:37:43 | 0s |   [INIT] 限制字段:    全部
2026-05-26 18:37:43 | 0s |   [INIT] 最大任务数:  不限
2026-05-26 18:37:43 | 0s |   [INIT] 批次大小:    20
2026-05-26 18:37:43 | 0s |   [INIT] 并发数:      6
2026-05-26 18:37:43 | 0s |   [INIT] Dry-run:     否
2026-05-26 18:37:43 | 0s |   [INIT] Direct:      是
2026-05-26 18:37:43 | 0s | ======================================================================
2026-05-26 18:37:43 | 0s | 
  [SCAN] 已选择 2 个数据库:
2026-05-26 18:37:43 | 0s |   [SCAN] 📁 MS4wLjABAAAA2FYVN1jBWaTVasx7wXcsK0rCPfSY... (videos=408, comments=97254, replies=21217, 44.4 MB)
2026-05-26 18:37:43 | 0s |   [SCAN] 📁 MS4wLjABAAAAWKIRK91nF8hLjuza0KVRL50-lcfN... (videos=151, comments=8209, replies=1948, 4.0 MB)
2026-05-26 18:37:43 | 0s | 
--- HEIF 格式检测 ---
2026-05-26 18:37:43 | 0s | ✅ pillow-heif 已就绪
2026-05-26 18:37:43 | 0s | 
--- 验证 Cookie ---
2026-05-26 18:37:45 | 1s | ✅ Cookie 有效，用户: 万年
2026-05-26 18:37:45 | 1s | 
──────────────────────────────────────────────────────────────────────
2026-05-26 18:37:45 | 1s |   [SCAN] 📁 作者: MS4wLjABAAAA2FYVN1jBWaTVasx7wXcsK0rCPfSY...
2026-05-26 18:37:45 | 1s |   [SCAN] 📄 数据库: /home/runner/work/DouyinComment/DouyinComment/scripts/../data/MS4wLjABAAAA2FYVN1jBWaTVasx7wXcsK0rCPfSYixt5-J1pUegQIbA/sqlite.db
2026-05-26 18:37:45 | 1s | ──────────────────────────────────────────────────────────────────────
2026-05-26 18:37:45 | 1s |   [SCAN] 总 task 数: 11
2026-05-26 18:37:45 | 1s |     comment_avatar: 3
2026-05-26 18:37:45 | 1s |     comment_image: 1
2026-05-26 18:37:45 | 1s |     comment_sticker: 5
2026-05-26 18:37:45 | 1s |     reply_image: 1
2026-05-26 18:37:45 | 1s |     reply_sticker: 1
2026-05-26 18:37:45 | 1s |   [SCAN] 唯一分组: 11，去重节省: 0 次下载
2026-05-26 18:37:45 | 1s |   [BATCH] aweme_id 数: 6，分 1 批处理
2026-05-26 18:37:45 | 1s | 
  [BATCH] 📦 批次 1/1: 6 个 aweme_id, 11 个 URL
2026-05-26 18:37:45 | 1s |   [BATCH] direct 模式: 直接使用原始 URL 11 个
2026-05-26 18:37:46 | 3s |   [DL] ⚠️  HTTP 403: https://p5-ex-gddgtc-sign.douyinpic.com/obj/douyin-user-image-file/8c8844d242627...
2026-05-26 18:37:46 | 3s |   [DL] ❌ 下载失败，最后尝试的 URL: https://p5-ex-gddgtc-sign.douyinpic.com/obj/douyin-user-image-file/8c8844d242627c599d1e61a6c3f3f7a3?lk3s=7b078dd2&x-expires=1776938400&x-signature=3mPhXzM1XGYjiux88h2FMYLDAV0%3D&from=2064092626&s=sticker_comment&se=false&sc=sticker_heif&biz_tag=aweme_comment&l=20260422172351E72952BBBF2BB254ED0C
2026-05-26 18:37:46 | 3s |   [FAIL] 下载失败 | https://p5-ex-gddgtc-sign.douyinpic.com/obj/douyin-user-image-file/8c8844d242627c599d1e61a6c3f3f7a3? | 原因=所有CDN均失败
2026-05-26 18:37:46 | 3s |   [FAIL] 下载失败 | comments.id=85194 api_type=comment_sticker | 表=comments | aweme=7560954743410675002 | 字段=sticker | 原因=下载失败
2026-05-26 18:37:47 | 3s |   [DL] ⚠️  HTTP 403: https://p26-sign.douyinpic.com/tos-cn-i-p14lwwcsbr/8021ec5dcc93470b9ff105110e288...
2026-05-26 18:37:47 | 3s |   [DL] ⚠️  HTTP 403: https://p26-sign.douyinpic.com/obj/tos-cn-o-0812/o0cguteHAroyvOClx6QCAktcgDQdIAe...
2026-05-26 18:37:47 | 3s |   [DL] ❌ 下载失败，最后尝试的 URL: https://p26-sign.douyinpic.com/obj/tos-cn-o-0812/o0cguteHAroyvOClx6QCAktcgDQdIAelAHA8bn?lk3s=7b078dd2&x-expires=1776931200&x-signature=QKrJNCwSi5qhER7JuGxca4eE%2BkU%3D&from=2064092626&s=sticker_comment&se=false&sc=sticker_heif&biz_tag=aweme_comment&l=20260422155917D4AC69AC509C06719605
2026-05-26 18:37:47 | 3s |   [FAIL] 下载失败 | https://p26-sign.douyinpic.com/obj/tos-cn-o-0812/o0cguteHAroyvOClx6QCAktcgDQdIAelAHA8bn?lk3s=7b078dd | 原因=所有CDN均失败
2026-05-26 18:37:47 | 3s |   [FAIL] 下载失败 | comments.id=46997 api_type=comment_sticker | 表=comments | aweme=7456483966602841403 | 字段=sticker | 原因=下载失败
2026-05-26 18:37:47 | 3s |   [DL] ⚠️  HTTP 403: https://p5-ex-gddgtc-sign.douyinpic.com/obj/tos-cn-o-0812/osMbEYFxAgCM8ORMAADAIj...
2026-05-26 18:37:47 | 3s |   [DL] ❌ 下载失败，最后尝试的 URL: https://p5-ex-gddgtc-sign.douyinpic.com/obj/tos-cn-o-0812/osMbEYFxAgCM8ORMAADAIjDlxCpgaCAyAGEff0?lk3s=7b078dd2&x-expires=1776938400&x-signature=a4s4ivW6IB1r42X4peH3NFRD5VE%3D&from=2064092626&s=sticker_comment&se=false&sc=sticker_heif&biz_tag=aweme_comment&l=202604221741241AE6C93B5D9DF35359FD
2026-05-26 18:37:47 | 3s |   [FAIL] 下载失败 | https://p5-ex-gddgtc-sign.douyinpic.com/obj/tos-cn-o-0812/osMbEYFxAgCM8ORMAADAIjDlxCpgaCAyAGEff0?lk3 | 原因=所有CDN均失败
2026-05-26 18:37:47 | 3s |   [FAIL] 下载失败 | comments.id=90723 api_type=comment_sticker | 表=comments | aweme=7575874445581119665 | 字段=sticker | 原因=下载失败
2026-05-26 18:37:47 | 3s |   [DL] ⚠️  HTTP 403: https://p9-sign.douyinpic.com/obj/tos-cn-o-0812/okAuAfyyBAD0iA5Zadi8vNEj7BBIigGQ...
2026-05-26 18:37:47 | 3s |   [DL] ❌ 下载失败，最后尝试的 URL: https://p9-sign.douyinpic.com/obj/tos-cn-o-0812/okAuAfyyBAD0iA5Zadi8vNEj7BBIigGQyVYEkA?lk3s=7b078dd2&x-expires=1776960000&x-signature=PGcNQ%2BFbEbGoPQbhPvr5GppjCr0%3D&from=2064092626&s=sticker_comment&se=false&sc=sticker_heif&biz_tag=aweme_comment&l=202604231846140F73B10722ECAAC2EAB9
2026-05-26 18:37:47 | 3s |   [FAIL] 下载失败 | https://p9-sign.douyinpic.com/obj/tos-cn-o-0812/okAuAfyyBAD0iA5Zadi8vNEj7BBIigGQyVYEkA?lk3s=7b078dd2 | 原因=所有CDN均失败
2026-05-26 18:37:47 | 3s |   [FAIL] 下载失败 | replies.id=21178 api_type=reply_sticker | 表=replies | aweme=7631634541144461489 | 字段=sticker | 原因=下载失败
2026-05-26 18:37:50 | 6s |   [DL] ⚠️  HTTP 403: https://p3-sign.douyinpic.com/tos-cn-i-p14lwwcsbr/8021ec5dcc93470b9ff105110e288c...
2026-05-26 18:37:50 | 6s |   [DL] ⚠️  HTTP 403: https://p3-sign.douyinpic.com/tos-cn-i-p14lwwcsbr/e2a2935810aa4b8b87c5d164afb794...
2026-05-26 18:37:51 | 7s |   [DL] ⚠️  HTTP 403: https://p5-ex-gddgtc-sign.douyinpic.com/tos-cn-i-p14lwwcsbr/e2a2935810aa4b8b87c5...
2026-05-26 18:37:51 | 7s |   [DL] ⚠️  HTTP 403: https://p5-ex-gddgtc-sign.douyinpic.com/tos-cn-i-p14lwwcsbr/8021ec5dcc93470b9ff1...
2026-05-26 18:37:52 | 8s |   [DL] ⚠️  HTTP 403: https://p26-sign.douyinpic.com/tos-cn-i-p14lwwcsbr/8021ec5dcc93470b9ff105110e288...
2026-05-26 18:37:52 | 8s |   [DL] ❌ 下载失败，最后尝试的 URL: https://p26-sign.douyinpic.com/tos-cn-i-p14lwwcsbr/8021ec5dcc93470b9ff105110e288cd7~tplv-p14lwwcsbr-7.jpeg?lk3s=7b078dd2&x-expires=1776952800&x-signature=D0%2F%2FSdYFxQfL5G1DpuWnnoFVNZI%3D&from=2064092626&se=false&sc=image&biz_tag=aweme_comment&l=20260422213043620A31DAC0379774BAE8
2026-05-26 18:37:52 | 8s |   [FAIL] 下载失败 | https://p26-sign.douyinpic.com/tos-cn-i-p14lwwcsbr/8021ec5dcc93470b9ff105110e288cd7~tplv-p14lwwcsbr- | 原因=所有CDN均失败
2026-05-26 18:37:52 | 8s |   [FAIL] 下载失败 | replies.id=18126 api_type=reply_image | 表=replies | aweme=7560954743410675002 | 字段=image_list | 原因=下载失败
2026-05-26 18:37:52 | 8s |   [DL] ⚠️  HTTP 403: https://p11-sign.douyinpic.com/tos-cn-i-p14lwwcsbr/e2a2935810aa4b8b87c5d164afb79...
2026-05-26 18:37:52 | 8s |   [DL] ⚠️  HTTP 403: https://p3-sign.douyinpic.com/tos-cn-i-p14lwwcsbr/e2a2935810aa4b8b87c5d164afb794...
2026-05-26 18:37:52 | 8s |   [DL] ❌ 下载失败，最后尝试的 URL: https://p3-sign.douyinpic.com/tos-cn-i-p14lwwcsbr/e2a2935810aa4b8b87c5d164afb7945e~tplv-p14lwwcsbr-7.jpeg?lk3s=7b078dd2&x-expires=1776938400&x-signature=sJh8%2BJ1%2Bwp2D6rGewepcZnCJYjA%3D&from=2064092626&se=false&sc=image&biz_tag=aweme_comment&l=20260422172339C383647A97FC9F534DAE
2026-05-26 18:37:52 | 8s |   [FAIL] 下载失败 | https://p3-sign.douyinpic.com/tos-cn-i-p14lwwcsbr/e2a2935810aa4b8b87c5d164afb7945e~tplv-p14lwwcsbr-7 | 原因=所有CDN均失败
2026-05-26 18:37:52 | 8s |   [FAIL] 下载失败 | comments.id=85119 api_type=comment_image | 表=comments | aweme=7560954743410675002 | 字段=image_list | 原因=下载失败
2026-05-26 18:37:54 | 10s |   [UPLOAD] ↑ MS4wLjABAAAA2FYVN1jBWaTVasx7wXcsK0rCPfSYixt5-J1pUegQIbA/avatars/512462958f0e4557a6c22f3e71e52425.jpeg
2026-05-26 18:37:54 | 10s |   [UPLOAD] ↑ MS4wLjABAAAA2FYVN1jBWaTVasx7wXcsK0rCPfSYixt5-J1pUegQIbA/avatars/ca13dba01d72e1e3d78c3881f62a38f2.jpeg
2026-05-26 18:37:54 | 10s |   [UPLOAD] ↑ MS4wLjABAAAA2FYVN1jBWaTVasx7wXcsK0rCPfSYixt5-J1pUegQIbA/avatars/2f0c1d624595a7527daa35a19cf309de.jpeg
2026-05-26 18:37:54 | 10s |   [UPLOAD] ↑ MS4wLjABAAAA2FYVN1jBWaTVasx7wXcsK0rCPfSYixt5-J1pUegQIbA/stickers/602ee744d53990adaca15438825e0377.jpg
2026-05-26 18:37:54 | 10s |   [UPLOAD] ↑ MS4wLjABAAAA2FYVN1jBWaTVasx7wXcsK0rCPfSYixt5-J1pUegQIbA/stickers/a768c9a6c9f6fdf7fd5f86f167b006cc.gif
2026-05-26 18:37:54 | 10s |   [DB] 📝 待更新: 5 行
2026-05-26 18:37:54 | 10s |   [DB] ✅ commit 成功: 5 行已写入
2026-05-26 18:37:54 | 10s |   [BATCH] ✅ 批次完成，已提交 11/11 个 URL，耗时 8.5s
2026-05-26 18:37:54 | 10s | 
  [OK] 作者完成: 上传 5，更新 5 行，HEIC 转换 0，失败 6
2026-05-26 18:37:54 | 10s | 
──────────────────────────────────────────────────────────────────────
2026-05-26 18:37:54 | 10s |   [SCAN] 📁 作者: MS4wLjABAAAAWKIRK91nF8hLjuza0KVRL50-lcfN...
2026-05-26 18:37:54 | 10s |   [SCAN] 📄 数据库: /home/runner/work/DouyinComment/DouyinComment/scripts/../data/MS4wLjABAAAAWKIRK91nF8hLjuza0KVRL50-lcfNlEPHocsF9hNYzCUag7n4BgIHQaERsfq_NiHR/sqlite.db
2026-05-26 18:37:54 | 10s | ──────────────────────────────────────────────────────────────────────
2026-05-26 18:37:54 | 10s |   [SCAN] 总 task 数: 1
2026-05-26 18:37:54 | 10s |     reply_avatar: 1
2026-05-26 18:37:54 | 10s |   [SCAN] 唯一分组: 1，去重节省: 0 次下载
2026-05-26 18:37:54 | 10s |   [BATCH] aweme_id 数: 1，分 1 批处理
2026-05-26 18:37:54 | 10s | 
  [BATCH] 📦 批次 1/1: 1 个 aweme_id, 1 个 URL
2026-05-26 18:37:54 | 10s |   [BATCH] direct 模式: 直接使用原始 URL 1 个
2026-05-26 18:37:55 | 11s |   [UPLOAD] ↑ MS4wLjABAAAAWKIRK91nF8hLjuza0KVRL50-lcfNlEPHocsF9hNYzCUag7n4BgIHQaERsfq_NiHR/avatars/be3ea3de87357b5e493832f2a2c4a1af.jpeg
2026-05-26 18:37:55 | 11s |   [DB] 📝 待更新: 1 行
2026-05-26 18:37:55 | 11s |   [DB] ✅ commit 成功: 1 行已写入
2026-05-26 18:37:55 | 11s |   [BATCH] ✅ 批次完成，已提交 1/1 个 URL，耗时 1.4s
2026-05-26 18:37:55 | 11s | 
  [OK] 作者完成: 上传 1，更新 1 行，HEIC 转换 0，失败 0
2026-05-26 18:37:55 | 11s | 
2026-05-26 18:37:55 | 11s | ======================================================================
2026-05-26 18:37:55 | 11s |   全部完成
2026-05-26 18:37:55 | 11s | ======================================================================
2026-05-26 18:37:55 | 11s |   作者数:        2
2026-05-26 18:37:55 | 11s |   总 task:       12
2026-05-26 18:37:55 | 11s |   上传成功:      6
2026-05-26 18:37:55 | 11s |   更新行数:      6
2026-05-26 18:37:55 | 11s |   HEIC 转换:     0
2026-05-26 18:37:55 | 11s |   失败:          6
2026-05-26 18:37:55 | 11s |   总耗时:        12s (11s)
2026-05-26 18:37:55 | 11s | ======================================================================
2026-05-26 18:37:55 | 11s | 
──────────────────────────────────────────────────────────────────────
2026-05-26 18:37:55 | 11s |   失败汇总 (共 12 项)
2026-05-26 18:37:55 | 11s | ──────────────────────────────────────────────────────────────────────
2026-05-26 18:37:55 | 11s |     下载失败: 12
2026-05-26 18:37:55 | 11s |     • 下载失败 | https://p5-ex-gddgtc-sign.douyinpic.com/obj/douyin-user-image-file/8c8844d242627c599d1e61a6c3f3f7a3? | 所有CDN均失败
2026-05-26 18:37:55 | 11s |     • 下载失败 | comments.id=85194 api_type=comment_sticker | 下载失败
2026-05-26 18:37:55 | 11s |     • 下载失败 | https://p26-sign.douyinpic.com/obj/tos-cn-o-0812/o0cguteHAroyvOClx6QCAktcgDQdIAelAHA8bn?lk3s=7b078dd | 所有CDN均失败
2026-05-26 18:37:55 | 11s |     • 下载失败 | comments.id=46997 api_type=comment_sticker | 下载失败
2026-05-26 18:37:55 | 11s |     • 下载失败 | https://p5-ex-gddgtc-sign.douyinpic.com/obj/tos-cn-o-0812/osMbEYFxAgCM8ORMAADAIjDlxCpgaCAyAGEff0?lk3 | 所有CDN均失败
2026-05-26 18:37:55 | 11s |     • 下载失败 | comments.id=90723 api_type=comment_sticker | 下载失败
2026-05-26 18:37:55 | 11s |     • 下载失败 | https://p9-sign.douyinpic.com/obj/tos-cn-o-0812/okAuAfyyBAD0iA5Zadi8vNEj7BBIigGQyVYEkA?lk3s=7b078dd2 | 所有CDN均失败
2026-05-26 18:37:55 | 11s |     • 下载失败 | replies.id=21178 api_type=reply_sticker | 下载失败
2026-05-26 18:37:55 | 11s |     • 下载失败 | https://p26-sign.douyinpic.com/tos-cn-i-p14lwwcsbr/8021ec5dcc93470b9ff105110e288cd7~tplv-p14lwwcsbr- | 所有CDN均失败
2026-05-26 18:37:55 | 11s |     • 下载失败 | replies.id=18126 api_type=reply_image | 下载失败
2026-05-26 18:37:55 | 11s |     • 下载失败 | https://p3-sign.douyinpic.com/tos-cn-i-p14lwwcsbr/e2a2935810aa4b8b87c5d164afb7945e~tplv-p14lwwcsbr-7 | 所有CDN均失败
2026-05-26 18:37:55 | 11s |     • 下载失败 | comments.id=85119 api_type=comment_image | 下载失败
2026-05-26 18:37:55 | 11s | ──────────────────────────────────────────────────────────────────────
