2026-05-13 18:13:06 | 0s | [INIT] 日志文件: /home/runner/work/DouyinComment/DouyinComment/scripts/../logs/migrate/migrate_20260513_181306.log
2026-05-13 18:13:06 | 0s | ======================================================================
2026-05-13 18:13:06 | 0s |   [INIT] 抖音资源 → HF Bucket 迁移（v3）
2026-05-13 18:13:06 | 0s |   [INIT] 数据目录:    /home/runner/work/DouyinComment/DouyinComment/scripts/../data
2026-05-13 18:13:06 | 0s |   [INIT] 日志目录:    /home/runner/work/DouyinComment/DouyinComment/scripts/../logs/migrate
2026-05-13 18:13:06 | 0s |   [INIT] 作者过滤:    all
2026-05-13 18:13:06 | 0s |   [INIT] 限制表:      全部
2026-05-13 18:13:06 | 0s |   [INIT] 限制字段:    全部
2026-05-13 18:13:06 | 0s |   [INIT] 最大任务数:  不限
2026-05-13 18:13:06 | 0s |   [INIT] 批次大小:    20
2026-05-13 18:13:06 | 0s |   [INIT] 并发数:      6
2026-05-13 18:13:06 | 0s |   [INIT] Dry-run:     否
2026-05-13 18:13:06 | 0s |   [INIT] Direct:      是
2026-05-13 18:13:06 | 0s | ======================================================================
2026-05-13 18:13:06 | 0s | 
  [SCAN] 已选择 2 个数据库:
2026-05-13 18:13:06 | 0s |   [SCAN] 📁 MS4wLjABAAAA2FYVN1jBWaTVasx7wXcsK0rCPfSY... (videos=405, comments=96954, replies=21149, 44.3 MB)
2026-05-13 18:13:06 | 0s |   [SCAN] 📁 MS4wLjABAAAAWKIRK91nF8hLjuza0KVRL50-lcfN... (videos=149, comments=8143, replies=1945, 4.0 MB)
2026-05-13 18:13:06 | 0s | 
--- HEIF 格式检测 ---
2026-05-13 18:13:06 | 0s | ✅ pillow-heif 已就绪
2026-05-13 18:13:06 | 0s | 
--- 验证 Cookie ---
2026-05-13 18:13:07 | 1s | ✅ Cookie 有效，用户: 万年
2026-05-13 18:13:07 | 1s | 
──────────────────────────────────────────────────────────────────────
2026-05-13 18:13:07 | 1s |   [SCAN] 📁 作者: MS4wLjABAAAA2FYVN1jBWaTVasx7wXcsK0rCPfSY...
2026-05-13 18:13:07 | 1s |   [SCAN] 📄 数据库: /home/runner/work/DouyinComment/DouyinComment/scripts/../data/MS4wLjABAAAA2FYVN1jBWaTVasx7wXcsK0rCPfSYixt5-J1pUegQIbA/sqlite.db
2026-05-13 18:13:07 | 1s | ──────────────────────────────────────────────────────────────────────
2026-05-13 18:13:07 | 1s |   [SCAN] 总 task 数: 24
2026-05-13 18:13:07 | 1s |     comment_avatar: 16
2026-05-13 18:13:07 | 1s |     comment_image: 3
2026-05-13 18:13:07 | 1s |     comment_sticker: 3
2026-05-13 18:13:07 | 1s |     reply_image: 1
2026-05-13 18:13:07 | 1s |     reply_sticker: 1
2026-05-13 18:13:07 | 1s |   [SCAN] 唯一分组: 24，去重节省: 0 次下载
2026-05-13 18:13:07 | 1s |   [BATCH] aweme_id 数: 8，分 1 批处理
2026-05-13 18:13:07 | 1s | 
  [BATCH] 📦 批次 1/1: 8 个 aweme_id, 24 个 URL
2026-05-13 18:13:07 | 1s |   [BATCH] direct 模式: 直接使用原始 URL 24 个
2026-05-13 18:13:08 | 2s |   [DL] ⚠️  HTTP 403: https://p3-sign.douyinpic.com/tos-cn-i-p14lwwcsbr/e2a2935810aa4b8b87c5d164afb794...
2026-05-13 18:13:08 | 2s |   [DL] ⚠️  HTTP 403: https://p26-sign.douyinpic.com/tos-cn-i-p14lwwcsbr/bd6e2809edac430686f01de210250...
2026-05-13 18:13:09 | 3s |   [DL] ⚠️  HTTP 403: https://p5-ex-gddgtc-sign.douyinpic.com/tos-cn-i-p14lwwcsbr/e2a2935810aa4b8b87c5...
2026-05-13 18:13:09 | 3s |   [DL] ⚠️  HTTP 403: https://p3-sign.douyinpic.com/tos-cn-i-p14lwwcsbr/bd6e2809edac430686f01de210250c...
2026-05-13 18:13:09 | 3s |   [DL] ⚠️  HTTP 403: https://p5-ex-gddgtc-sign.douyinpic.com/obj/douyin-user-image-file/8c8844d242627...
2026-05-13 18:13:09 | 3s |   [DL] ❌ 下载失败，最后尝试的 URL: https://p5-ex-gddgtc-sign.douyinpic.com/obj/douyin-user-image-file/8c8844d242627c599d1e61a6c3f3f7a3?lk3s=7b078dd2&x-expires=1776938400&x-signature=3mPhXzM1XGYjiux88h2FMYLDAV0%3D&from=2064092626&s=sticker_comment&se=false&sc=sticker_heif&biz_tag=aweme_comment&l=20260422172351E72952BBBF2BB254ED0C
2026-05-13 18:13:09 | 3s |   [FAIL] 下载失败 | https://p5-ex-gddgtc-sign.douyinpic.com/obj/douyin-user-image-file/8c8844d242627c599d1e61a6c3f3f7a3? | 原因=所有CDN均失败
2026-05-13 18:13:09 | 3s |   [FAIL] 下载失败 | comments.id=85194 api_type=comment_sticker | 表=comments | aweme=7560954743410675002 | 字段=sticker | 原因=下载失败
2026-05-13 18:13:09 | 3s |   [DL] ⚠️  HTTP 403: https://p5-ex-gddgtc-sign.douyinpic.com/obj/tos-cn-o-0812/osMbEYFxAgCM8ORMAADAIj...
2026-05-13 18:13:09 | 3s |   [DL] ❌ 下载失败，最后尝试的 URL: https://p5-ex-gddgtc-sign.douyinpic.com/obj/tos-cn-o-0812/osMbEYFxAgCM8ORMAADAIjDlxCpgaCAyAGEff0?lk3s=7b078dd2&x-expires=1776938400&x-signature=a4s4ivW6IB1r42X4peH3NFRD5VE%3D&from=2064092626&s=sticker_comment&se=false&sc=sticker_heif&biz_tag=aweme_comment&l=202604221741241AE6C93B5D9DF35359FD
2026-05-13 18:13:09 | 3s |   [FAIL] 下载失败 | https://p5-ex-gddgtc-sign.douyinpic.com/obj/tos-cn-o-0812/osMbEYFxAgCM8ORMAADAIjDlxCpgaCAyAGEff0?lk3 | 原因=所有CDN均失败
2026-05-13 18:13:09 | 3s |   [FAIL] 下载失败 | comments.id=90723 api_type=comment_sticker | 表=comments | aweme=7575874445581119665 | 字段=sticker | 原因=下载失败
2026-05-13 18:13:09 | 3s |   [DL] ⚠️  HTTP 403: https://p5-ex-gddgtc-sign.douyinpic.com/tos-cn-i-p14lwwcsbr/bd6e2809edac430686f0...
2026-05-13 18:13:09 | 3s |   [DL] ⚠️  HTTP 403: https://p11-sign.douyinpic.com/tos-cn-i-p14lwwcsbr/e2a2935810aa4b8b87c5d164afb79...
2026-05-13 18:13:10 | 4s |   [DL] ⚠️  HTTP 403: https://p3-sign.douyinpic.com/tos-cn-i-p14lwwcsbr/e2a2935810aa4b8b87c5d164afb794...
2026-05-13 18:13:10 | 4s |   [DL] ❌ 下载失败，最后尝试的 URL: https://p3-sign.douyinpic.com/tos-cn-i-p14lwwcsbr/e2a2935810aa4b8b87c5d164afb7945e~tplv-p14lwwcsbr-7.jpeg?lk3s=7b078dd2&x-expires=1776938400&x-signature=sJh8%2BJ1%2Bwp2D6rGewepcZnCJYjA%3D&from=2064092626&se=false&sc=image&biz_tag=aweme_comment&l=20260422172339C383647A97FC9F534DAE
2026-05-13 18:13:10 | 4s |   [FAIL] 下载失败 | https://p3-sign.douyinpic.com/tos-cn-i-p14lwwcsbr/e2a2935810aa4b8b87c5d164afb7945e~tplv-p14lwwcsbr-7 | 原因=所有CDN均失败
2026-05-13 18:13:10 | 4s |   [FAIL] 下载失败 | comments.id=85119 api_type=comment_image | 表=comments | aweme=7560954743410675002 | 字段=image_list | 原因=下载失败
2026-05-13 18:13:10 | 4s |   [DL] ⚠️  HTTP 403: https://p26-sign.douyinpic.com/tos-cn-i-p14lwwcsbr/8021ec5dcc93470b9ff105110e288...
2026-05-13 18:13:10 | 4s |   [DL] ⚠️  HTTP 403: https://p3-sign.douyinpic.com/tos-cn-i-p14lwwcsbr/8021ec5dcc93470b9ff105110e288c...
2026-05-13 18:13:10 | 4s |   [DL] ⚠️  HTTP 403: https://p26-sign.douyinpic.com/tos-cn-i-p14lwwcsbr/bd6e2809edac430686f01de210250...
2026-05-13 18:13:10 | 4s |   [DL] ❌ 下载失败，最后尝试的 URL: https://p26-sign.douyinpic.com/tos-cn-i-p14lwwcsbr/bd6e2809edac430686f01de210250cd4~tplv-p14lwwcsbr-7.jpeg?lk3s=7b078dd2&x-expires=1776934800&x-signature=p%2Bv%2Bj6Fggg8zWPl3wQ3A17jcSSY%3D&from=2064092626&se=false&sc=image&biz_tag=aweme_comment&l=20260422160926C47854014D9E4955E272
2026-05-13 18:13:10 | 4s |   [FAIL] 下载失败 | https://p26-sign.douyinpic.com/tos-cn-i-p14lwwcsbr/bd6e2809edac430686f01de210250cd4~tplv-p14lwwcsbr- | 原因=所有CDN均失败
2026-05-13 18:13:10 | 4s |   [FAIL] 下载失败 | comments.id=55094 api_type=comment_image | 表=comments | aweme=7476411176209976636 | 字段=image_list | 原因=下载失败
2026-05-13 18:13:10 | 4s |   [DL] ⚠️  HTTP 403: https://p5-ex-gddgtc-sign.douyinpic.com/tos-cn-i-p14lwwcsbr/8021ec5dcc93470b9ff1...
2026-05-13 18:13:11 | 5s |   [DL] ⚠️  HTTP 403: https://p9-sign.douyinpic.com/obj/tos-cn-o-0812/okAuAfyyBAD0iA5Zadi8vNEj7BBIigGQ...
2026-05-13 18:13:11 | 5s |   [DL] ❌ 下载失败，最后尝试的 URL: https://p9-sign.douyinpic.com/obj/tos-cn-o-0812/okAuAfyyBAD0iA5Zadi8vNEj7BBIigGQyVYEkA?lk3s=7b078dd2&x-expires=1776960000&x-signature=PGcNQ%2BFbEbGoPQbhPvr5GppjCr0%3D&from=2064092626&s=sticker_comment&se=false&sc=sticker_heif&biz_tag=aweme_comment&l=202604231846140F73B10722ECAAC2EAB9
2026-05-13 18:13:11 | 5s |   [FAIL] 下载失败 | https://p9-sign.douyinpic.com/obj/tos-cn-o-0812/okAuAfyyBAD0iA5Zadi8vNEj7BBIigGQyVYEkA?lk3s=7b078dd2 | 原因=所有CDN均失败
2026-05-13 18:13:11 | 5s |   [FAIL] 下载失败 | replies.id=21178 api_type=reply_sticker | 表=replies | aweme=7631634541144461489 | 字段=sticker | 原因=下载失败
2026-05-13 18:13:11 | 5s |   [DL] ⚠️  HTTP 403: https://p26-sign.douyinpic.com/obj/tos-cn-o-0812/o0cguteHAroyvOClx6QCAktcgDQdIAe...
2026-05-13 18:13:11 | 5s |   [DL] ❌ 下载失败，最后尝试的 URL: https://p26-sign.douyinpic.com/obj/tos-cn-o-0812/o0cguteHAroyvOClx6QCAktcgDQdIAelAHA8bn?lk3s=7b078dd2&x-expires=1776931200&x-signature=QKrJNCwSi5qhER7JuGxca4eE%2BkU%3D&from=2064092626&s=sticker_comment&se=false&sc=sticker_heif&biz_tag=aweme_comment&l=20260422155917D4AC69AC509C06719605
2026-05-13 18:13:11 | 5s |   [FAIL] 下载失败 | https://p26-sign.douyinpic.com/obj/tos-cn-o-0812/o0cguteHAroyvOClx6QCAktcgDQdIAelAHA8bn?lk3s=7b078dd | 原因=所有CDN均失败
2026-05-13 18:13:11 | 5s |   [FAIL] 下载失败 | comments.id=46997 api_type=comment_sticker | 表=comments | aweme=7456483966602841403 | 字段=sticker | 原因=下载失败
2026-05-13 18:13:11 | 5s |   [DL] ⚠️  HTTP 403: https://p26-sign.douyinpic.com/tos-cn-i-p14lwwcsbr/8021ec5dcc93470b9ff105110e288...
2026-05-13 18:13:11 | 5s |   [DL] ❌ 下载失败，最后尝试的 URL: https://p26-sign.douyinpic.com/tos-cn-i-p14lwwcsbr/8021ec5dcc93470b9ff105110e288cd7~tplv-p14lwwcsbr-7.jpeg?lk3s=7b078dd2&x-expires=1776952800&x-signature=D0%2F%2FSdYFxQfL5G1DpuWnnoFVNZI%3D&from=2064092626&se=false&sc=image&biz_tag=aweme_comment&l=20260422213043620A31DAC0379774BAE8
2026-05-13 18:13:11 | 5s |   [FAIL] 下载失败 | https://p26-sign.douyinpic.com/tos-cn-i-p14lwwcsbr/8021ec5dcc93470b9ff105110e288cd7~tplv-p14lwwcsbr- | 原因=所有CDN均失败
2026-05-13 18:13:11 | 5s |   [FAIL] 下载失败 | replies.id=18126 api_type=reply_image | 表=replies | aweme=7560954743410675002 | 字段=image_list | 原因=下载失败
2026-05-13 18:13:13 | 7s |   [UPLOAD] ↑ MS4wLjABAAAA2FYVN1jBWaTVasx7wXcsK0rCPfSYixt5-J1pUegQIbA/avatars/05962f3eeb04b796ce3e7b6b808ee072.jpeg
2026-05-13 18:13:13 | 7s |   [UPLOAD] ↑ MS4wLjABAAAA2FYVN1jBWaTVasx7wXcsK0rCPfSYixt5-J1pUegQIbA/avatars/9d900fa4791ed4630cc387547bfbc5cb.jpeg
2026-05-13 18:13:13 | 7s |   [UPLOAD] ↑ MS4wLjABAAAA2FYVN1jBWaTVasx7wXcsK0rCPfSYixt5-J1pUegQIbA/avatars/88309f88cfe7d8e602acb46f7efe2441.jpeg
2026-05-13 18:13:13 | 7s |   [UPLOAD] ↑ MS4wLjABAAAA2FYVN1jBWaTVasx7wXcsK0rCPfSYixt5-J1pUegQIbA/avatars/8e18d5d9d2aeab09e05ebeefb391d2cb.jpeg
2026-05-13 18:13:13 | 7s |   [UPLOAD] ↑ MS4wLjABAAAA2FYVN1jBWaTVasx7wXcsK0rCPfSYixt5-J1pUegQIbA/avatars/ca303baae0010d4be4a4ae6458a003de.jpeg
2026-05-13 18:13:13 | 7s |   [UPLOAD] ↑ MS4wLjABAAAA2FYVN1jBWaTVasx7wXcsK0rCPfSYixt5-J1pUegQIbA/avatars/3d2e5f2ceed74c32dcd497c3ad38d26c.jpeg
2026-05-13 18:13:13 | 7s |   [UPLOAD] ↑ MS4wLjABAAAA2FYVN1jBWaTVasx7wXcsK0rCPfSYixt5-J1pUegQIbA/avatars/21033f66b0b2d3cf849d18e11820d92d.jpeg
2026-05-13 18:13:13 | 7s |   [UPLOAD] ↑ MS4wLjABAAAA2FYVN1jBWaTVasx7wXcsK0rCPfSYixt5-J1pUegQIbA/avatars/fd1f63a2df6849db4313a8f6a8ad85fa.jpeg
2026-05-13 18:13:13 | 7s |   [UPLOAD] ↑ MS4wLjABAAAA2FYVN1jBWaTVasx7wXcsK0rCPfSYixt5-J1pUegQIbA/avatars/7e3a110feb69a44d940c9085a7e8584a.jpeg
2026-05-13 18:13:13 | 7s |   [UPLOAD] ↑ MS4wLjABAAAA2FYVN1jBWaTVasx7wXcsK0rCPfSYixt5-J1pUegQIbA/avatars/aa8439f8b252fde7fc48510d692a191f.jpeg
2026-05-13 18:13:13 | 7s |   [UPLOAD] ↑ MS4wLjABAAAA2FYVN1jBWaTVasx7wXcsK0rCPfSYixt5-J1pUegQIbA/avatars/a34f07290336fcbe10345fe84ac8ca49.jpeg
2026-05-13 18:13:13 | 7s |   [UPLOAD] ↑ MS4wLjABAAAA2FYVN1jBWaTVasx7wXcsK0rCPfSYixt5-J1pUegQIbA/avatars/bef07cacbb419f98e8c985319c09bdf3.jpeg
2026-05-13 18:13:13 | 7s |   [UPLOAD] ↑ MS4wLjABAAAA2FYVN1jBWaTVasx7wXcsK0rCPfSYixt5-J1pUegQIbA/avatars/d88517b4ef6774e48120de210026b5d2.jpeg
2026-05-13 18:13:13 | 7s |   [UPLOAD] ↑ MS4wLjABAAAA2FYVN1jBWaTVasx7wXcsK0rCPfSYixt5-J1pUegQIbA/avatars/1444e50320c86575a9040c2b4793e856.jpeg
2026-05-13 18:13:13 | 7s |   [UPLOAD] ↑ MS4wLjABAAAA2FYVN1jBWaTVasx7wXcsK0rCPfSYixt5-J1pUegQIbA/avatars/3cb0e3023230f40612753629f4ce203b.jpeg
2026-05-13 18:13:13 | 7s |   [UPLOAD] ↑ MS4wLjABAAAA2FYVN1jBWaTVasx7wXcsK0rCPfSYixt5-J1pUegQIbA/avatars/a497d847585b517f715fdd244c1cab05.jpeg
2026-05-13 18:13:13 | 7s |   [UPLOAD] ↑ MS4wLjABAAAA2FYVN1jBWaTVasx7wXcsK0rCPfSYixt5-J1pUegQIbA/images/157a0b7eb283d5c9cf164446b5549ae3.jpg
2026-05-13 18:13:13 | 7s |   [DB] 📝 待更新: 17 行
2026-05-13 18:13:13 | 7s |   [DB] ✅ commit 成功: 17 行已写入
2026-05-13 18:13:13 | 7s |   [BATCH] ✅ 批次完成，已提交 24/24 个 URL，耗时 6.5s
2026-05-13 18:13:13 | 7s | 
  [OK] 作者完成: 上传 17，更新 17 行，HEIC 转换 0，失败 7
2026-05-13 18:13:13 | 7s | 
──────────────────────────────────────────────────────────────────────
2026-05-13 18:13:13 | 7s |   [SCAN] 📁 作者: MS4wLjABAAAAWKIRK91nF8hLjuza0KVRL50-lcfN...
2026-05-13 18:13:13 | 7s |   [SCAN] 📄 数据库: /home/runner/work/DouyinComment/DouyinComment/scripts/../data/MS4wLjABAAAAWKIRK91nF8hLjuza0KVRL50-lcfNlEPHocsF9hNYzCUag7n4BgIHQaERsfq_NiHR/sqlite.db
2026-05-13 18:13:13 | 7s | ──────────────────────────────────────────────────────────────────────
2026-05-13 18:13:13 | 7s |   [SCAN] ⚠️  无资源，跳过
2026-05-13 18:13:13 | 7s | 
2026-05-13 18:13:13 | 7s | ======================================================================
2026-05-13 18:13:13 | 7s |   全部完成
2026-05-13 18:13:13 | 7s | ======================================================================
2026-05-13 18:13:13 | 7s |   作者数:        1
2026-05-13 18:13:13 | 7s |   总 task:       24
2026-05-13 18:13:13 | 7s |   上传成功:      17
2026-05-13 18:13:13 | 7s |   更新行数:      17
2026-05-13 18:13:13 | 7s |   HEIC 转换:     0
2026-05-13 18:13:13 | 7s |   失败:          7
2026-05-13 18:13:13 | 7s |   总耗时:        8s (7s)
2026-05-13 18:13:13 | 7s | ======================================================================
2026-05-13 18:13:13 | 7s | 
──────────────────────────────────────────────────────────────────────
2026-05-13 18:13:13 | 7s |   失败汇总 (共 14 项)
2026-05-13 18:13:13 | 7s | ──────────────────────────────────────────────────────────────────────
2026-05-13 18:13:13 | 7s |     下载失败: 14
2026-05-13 18:13:13 | 7s |     • 下载失败 | https://p5-ex-gddgtc-sign.douyinpic.com/obj/douyin-user-image-file/8c8844d242627c599d1e61a6c3f3f7a3? | 所有CDN均失败
2026-05-13 18:13:13 | 7s |     • 下载失败 | comments.id=85194 api_type=comment_sticker | 下载失败
2026-05-13 18:13:13 | 7s |     • 下载失败 | https://p5-ex-gddgtc-sign.douyinpic.com/obj/tos-cn-o-0812/osMbEYFxAgCM8ORMAADAIjDlxCpgaCAyAGEff0?lk3 | 所有CDN均失败
2026-05-13 18:13:13 | 7s |     • 下载失败 | comments.id=90723 api_type=comment_sticker | 下载失败
2026-05-13 18:13:13 | 7s |     • 下载失败 | https://p3-sign.douyinpic.com/tos-cn-i-p14lwwcsbr/e2a2935810aa4b8b87c5d164afb7945e~tplv-p14lwwcsbr-7 | 所有CDN均失败
2026-05-13 18:13:13 | 7s |     • 下载失败 | comments.id=85119 api_type=comment_image | 下载失败
2026-05-13 18:13:13 | 7s |     • 下载失败 | https://p26-sign.douyinpic.com/tos-cn-i-p14lwwcsbr/bd6e2809edac430686f01de210250cd4~tplv-p14lwwcsbr- | 所有CDN均失败
2026-05-13 18:13:13 | 7s |     • 下载失败 | comments.id=55094 api_type=comment_image | 下载失败
2026-05-13 18:13:13 | 7s |     • 下载失败 | https://p9-sign.douyinpic.com/obj/tos-cn-o-0812/okAuAfyyBAD0iA5Zadi8vNEj7BBIigGQyVYEkA?lk3s=7b078dd2 | 所有CDN均失败
2026-05-13 18:13:13 | 7s |     • 下载失败 | replies.id=21178 api_type=reply_sticker | 下载失败
2026-05-13 18:13:13 | 7s |     • 下载失败 | https://p26-sign.douyinpic.com/obj/tos-cn-o-0812/o0cguteHAroyvOClx6QCAktcgDQdIAelAHA8bn?lk3s=7b078dd | 所有CDN均失败
2026-05-13 18:13:13 | 7s |     • 下载失败 | comments.id=46997 api_type=comment_sticker | 下载失败
2026-05-13 18:13:13 | 7s |     • 下载失败 | https://p26-sign.douyinpic.com/tos-cn-i-p14lwwcsbr/8021ec5dcc93470b9ff105110e288cd7~tplv-p14lwwcsbr- | 所有CDN均失败
2026-05-13 18:13:13 | 7s |     • 下载失败 | replies.id=18126 api_type=reply_image | 下载失败
2026-05-13 18:13:13 | 7s | ──────────────────────────────────────────────────────────────────────
