2026-05-22 18:03:38 | 0s | [INIT] 日志文件: /home/runner/work/DouyinComment/DouyinComment/scripts/../logs/migrate/migrate_20260522_180338.log
2026-05-22 18:03:38 | 0s | ======================================================================
2026-05-22 18:03:38 | 0s |   [INIT] 抖音资源 → HF Bucket 迁移（v3）
2026-05-22 18:03:38 | 0s |   [INIT] 数据目录:    /home/runner/work/DouyinComment/DouyinComment/scripts/../data
2026-05-22 18:03:38 | 0s |   [INIT] 日志目录:    /home/runner/work/DouyinComment/DouyinComment/scripts/../logs/migrate
2026-05-22 18:03:38 | 0s |   [INIT] 作者过滤:    all
2026-05-22 18:03:38 | 0s |   [INIT] 限制表:      全部
2026-05-22 18:03:38 | 0s |   [INIT] 限制字段:    全部
2026-05-22 18:03:38 | 0s |   [INIT] 最大任务数:  不限
2026-05-22 18:03:38 | 0s |   [INIT] 批次大小:    20
2026-05-22 18:03:38 | 0s |   [INIT] 并发数:      6
2026-05-22 18:03:38 | 0s |   [INIT] Dry-run:     否
2026-05-22 18:03:38 | 0s |   [INIT] Direct:      是
2026-05-22 18:03:38 | 0s | ======================================================================
2026-05-22 18:03:38 | 0s | 
  [SCAN] 已选择 2 个数据库:
2026-05-22 18:03:38 | 0s |   [SCAN] 📁 MS4wLjABAAAA2FYVN1jBWaTVasx7wXcsK0rCPfSY... (videos=408, comments=97245, replies=21215, 44.4 MB)
2026-05-22 18:03:38 | 0s |   [SCAN] 📁 MS4wLjABAAAAWKIRK91nF8hLjuza0KVRL50-lcfN... (videos=151, comments=8203, replies=1947, 4.0 MB)
2026-05-22 18:03:38 | 0s | 
--- HEIF 格式检测 ---
2026-05-22 18:03:38 | 0s | ✅ pillow-heif 已就绪
2026-05-22 18:03:38 | 0s | 
--- 验证 Cookie ---
2026-05-22 18:03:40 | 1s | ✅ Cookie 有效，用户: 万年
2026-05-22 18:03:40 | 1s | 
──────────────────────────────────────────────────────────────────────
2026-05-22 18:03:40 | 1s |   [SCAN] 📁 作者: MS4wLjABAAAA2FYVN1jBWaTVasx7wXcsK0rCPfSY...
2026-05-22 18:03:40 | 1s |   [SCAN] 📄 数据库: /home/runner/work/DouyinComment/DouyinComment/scripts/../data/MS4wLjABAAAA2FYVN1jBWaTVasx7wXcsK0rCPfSYixt5-J1pUegQIbA/sqlite.db
2026-05-22 18:03:40 | 1s | ──────────────────────────────────────────────────────────────────────
2026-05-22 18:03:40 | 1s |   [SCAN] 总 task 数: 14
2026-05-22 18:03:40 | 1s |     comment_avatar: 6
2026-05-22 18:03:40 | 1s |     comment_image: 3
2026-05-22 18:03:40 | 1s |     comment_sticker: 3
2026-05-22 18:03:40 | 1s |     reply_image: 1
2026-05-22 18:03:40 | 1s |     reply_sticker: 1
2026-05-22 18:03:40 | 1s |   [SCAN] 唯一分组: 14，去重节省: 0 次下载
2026-05-22 18:03:40 | 1s |   [BATCH] aweme_id 数: 9，分 1 批处理
2026-05-22 18:03:40 | 1s | 
  [BATCH] 📦 批次 1/1: 9 个 aweme_id, 14 个 URL
2026-05-22 18:03:40 | 1s |   [BATCH] direct 模式: 直接使用原始 URL 14 个
2026-05-22 18:03:41 | 2s |   [DL] ⚠️  HTTP 403: https://p9-sign.douyinpic.com/obj/tos-cn-o-0812/okAuAfyyBAD0iA5Zadi8vNEj7BBIigGQ...
2026-05-22 18:03:41 | 2s |   [DL] ❌ 下载失败，最后尝试的 URL: https://p9-sign.douyinpic.com/obj/tos-cn-o-0812/okAuAfyyBAD0iA5Zadi8vNEj7BBIigGQyVYEkA?lk3s=7b078dd2&x-expires=1776960000&x-signature=PGcNQ%2BFbEbGoPQbhPvr5GppjCr0%3D&from=2064092626&s=sticker_comment&se=false&sc=sticker_heif&biz_tag=aweme_comment&l=202604231846140F73B10722ECAAC2EAB9
2026-05-22 18:03:41 | 2s |   [FAIL] 下载失败 | https://p9-sign.douyinpic.com/obj/tos-cn-o-0812/okAuAfyyBAD0iA5Zadi8vNEj7BBIigGQyVYEkA?lk3s=7b078dd2 | 原因=所有CDN均失败
2026-05-22 18:03:41 | 2s |   [FAIL] 下载失败 | replies.id=21178 api_type=reply_sticker | 表=replies | aweme=7631634541144461489 | 字段=sticker | 原因=下载失败
2026-05-22 18:03:41 | 2s |   [DL] ⚠️  HTTP 403: https://p3-sign.douyinpic.com/tos-cn-i-p14lwwcsbr/e2a2935810aa4b8b87c5d164afb794...
2026-05-22 18:03:41 | 3s |   [DL] ⚠️  HTTP 403: https://p5-ex-gddgtc-sign.douyinpic.com/obj/douyin-user-image-file/8c8844d242627...
2026-05-22 18:03:41 | 3s |   [DL] ❌ 下载失败，最后尝试的 URL: https://p5-ex-gddgtc-sign.douyinpic.com/obj/douyin-user-image-file/8c8844d242627c599d1e61a6c3f3f7a3?lk3s=7b078dd2&x-expires=1776938400&x-signature=3mPhXzM1XGYjiux88h2FMYLDAV0%3D&from=2064092626&s=sticker_comment&se=false&sc=sticker_heif&biz_tag=aweme_comment&l=20260422172351E72952BBBF2BB254ED0C
2026-05-22 18:03:41 | 3s |   [FAIL] 下载失败 | https://p5-ex-gddgtc-sign.douyinpic.com/obj/douyin-user-image-file/8c8844d242627c599d1e61a6c3f3f7a3? | 原因=所有CDN均失败
2026-05-22 18:03:41 | 3s |   [FAIL] 下载失败 | comments.id=85194 api_type=comment_sticker | 表=comments | aweme=7560954743410675002 | 字段=sticker | 原因=下载失败
2026-05-22 18:03:41 | 3s |   [DL] ⚠️  HTTP 403: https://p5-ex-gddgtc-sign.douyinpic.com/obj/tos-cn-o-0812/osMbEYFxAgCM8ORMAADAIj...
2026-05-22 18:03:41 | 3s |   [DL] ❌ 下载失败，最后尝试的 URL: https://p5-ex-gddgtc-sign.douyinpic.com/obj/tos-cn-o-0812/osMbEYFxAgCM8ORMAADAIjDlxCpgaCAyAGEff0?lk3s=7b078dd2&x-expires=1776938400&x-signature=a4s4ivW6IB1r42X4peH3NFRD5VE%3D&from=2064092626&s=sticker_comment&se=false&sc=sticker_heif&biz_tag=aweme_comment&l=202604221741241AE6C93B5D9DF35359FD
2026-05-22 18:03:41 | 3s |   [FAIL] 下载失败 | https://p5-ex-gddgtc-sign.douyinpic.com/obj/tos-cn-o-0812/osMbEYFxAgCM8ORMAADAIjDlxCpgaCAyAGEff0?lk3 | 原因=所有CDN均失败
2026-05-22 18:03:41 | 3s |   [FAIL] 下载失败 | comments.id=90723 api_type=comment_sticker | 表=comments | aweme=7575874445581119665 | 字段=sticker | 原因=下载失败
2026-05-22 18:03:42 | 3s |   [DL] ⚠️  HTTP 403: https://p5-ex-gddgtc-sign.douyinpic.com/tos-cn-i-p14lwwcsbr/e2a2935810aa4b8b87c5...
2026-05-22 18:03:42 | 3s |   [DL] ⚠️  HTTP 403: https://p26-sign.douyinpic.com/obj/tos-cn-o-0812/o0cguteHAroyvOClx6QCAktcgDQdIAe...
2026-05-22 18:03:42 | 3s |   [DL] ❌ 下载失败，最后尝试的 URL: https://p26-sign.douyinpic.com/obj/tos-cn-o-0812/o0cguteHAroyvOClx6QCAktcgDQdIAelAHA8bn?lk3s=7b078dd2&x-expires=1776931200&x-signature=QKrJNCwSi5qhER7JuGxca4eE%2BkU%3D&from=2064092626&s=sticker_comment&se=false&sc=sticker_heif&biz_tag=aweme_comment&l=20260422155917D4AC69AC509C06719605
2026-05-22 18:03:42 | 3s |   [FAIL] 下载失败 | https://p26-sign.douyinpic.com/obj/tos-cn-o-0812/o0cguteHAroyvOClx6QCAktcgDQdIAelAHA8bn?lk3s=7b078dd | 原因=所有CDN均失败
2026-05-22 18:03:42 | 3s |   [FAIL] 下载失败 | comments.id=46997 api_type=comment_sticker | 表=comments | aweme=7456483966602841403 | 字段=sticker | 原因=下载失败
2026-05-22 18:03:42 | 3s |   [DL] ⚠️  HTTP 403: https://p26-sign.douyinpic.com/tos-cn-i-p14lwwcsbr/bd6e2809edac430686f01de210250...
2026-05-22 18:03:42 | 4s |   [DL] ⚠️  HTTP 403: https://p3-sign.douyinpic.com/tos-cn-i-p14lwwcsbr/bd6e2809edac430686f01de210250c...
2026-05-22 18:03:43 | 4s |   [DL] ⚠️  HTTP 403: https://p26-sign.douyinpic.com/tos-cn-i-p14lwwcsbr/8021ec5dcc93470b9ff105110e288...
2026-05-22 18:03:43 | 4s |   [DL] ⚠️  HTTP 403: https://p5-ex-gddgtc-sign.douyinpic.com/tos-cn-i-p14lwwcsbr/bd6e2809edac430686f0...
2026-05-22 18:03:43 | 4s |   [DL] ⚠️  HTTP 403: https://p3-sign.douyinpic.com/tos-cn-i-p14lwwcsbr/8021ec5dcc93470b9ff105110e288c...
2026-05-22 18:03:44 | 5s |   [DL] ⚠️  HTTP 403: https://p5-ex-gddgtc-sign.douyinpic.com/tos-cn-i-p14lwwcsbr/8021ec5dcc93470b9ff1...
2026-05-22 18:03:44 | 5s |   [DL] ⚠️  HTTP 403: https://p26-sign.douyinpic.com/tos-cn-i-p14lwwcsbr/bd6e2809edac430686f01de210250...
2026-05-22 18:03:44 | 5s |   [DL] ❌ 下载失败，最后尝试的 URL: https://p26-sign.douyinpic.com/tos-cn-i-p14lwwcsbr/bd6e2809edac430686f01de210250cd4~tplv-p14lwwcsbr-7.jpeg?lk3s=7b078dd2&x-expires=1776934800&x-signature=p%2Bv%2Bj6Fggg8zWPl3wQ3A17jcSSY%3D&from=2064092626&se=false&sc=image&biz_tag=aweme_comment&l=20260422160926C47854014D9E4955E272
2026-05-22 18:03:44 | 5s |   [FAIL] 下载失败 | https://p26-sign.douyinpic.com/tos-cn-i-p14lwwcsbr/bd6e2809edac430686f01de210250cd4~tplv-p14lwwcsbr- | 原因=所有CDN均失败
2026-05-22 18:03:44 | 5s |   [FAIL] 下载失败 | comments.id=55094 api_type=comment_image | 表=comments | aweme=7476411176209976636 | 字段=image_list | 原因=下载失败
2026-05-22 18:03:45 | 6s |   [DL] ⚠️  HTTP 403: https://p26-sign.douyinpic.com/tos-cn-i-p14lwwcsbr/8021ec5dcc93470b9ff105110e288...
2026-05-22 18:03:45 | 6s |   [DL] ❌ 下载失败，最后尝试的 URL: https://p26-sign.douyinpic.com/tos-cn-i-p14lwwcsbr/8021ec5dcc93470b9ff105110e288cd7~tplv-p14lwwcsbr-7.jpeg?lk3s=7b078dd2&x-expires=1776952800&x-signature=D0%2F%2FSdYFxQfL5G1DpuWnnoFVNZI%3D&from=2064092626&se=false&sc=image&biz_tag=aweme_comment&l=20260422213043620A31DAC0379774BAE8
2026-05-22 18:03:45 | 6s |   [FAIL] 下载失败 | https://p26-sign.douyinpic.com/tos-cn-i-p14lwwcsbr/8021ec5dcc93470b9ff105110e288cd7~tplv-p14lwwcsbr- | 原因=所有CDN均失败
2026-05-22 18:03:45 | 6s |   [FAIL] 下载失败 | replies.id=18126 api_type=reply_image | 表=replies | aweme=7560954743410675002 | 字段=image_list | 原因=下载失败
2026-05-22 18:03:49 | 10s |   [UPLOAD] ↑ MS4wLjABAAAA2FYVN1jBWaTVasx7wXcsK0rCPfSYixt5-J1pUegQIbA/avatars/1b52e89cf4232c767be0f4d7253ee431.jpeg
2026-05-22 18:03:49 | 10s |   [UPLOAD] ↑ MS4wLjABAAAA2FYVN1jBWaTVasx7wXcsK0rCPfSYixt5-J1pUegQIbA/avatars/141efb99692c07c446a1f23aab76c028.jpeg
2026-05-22 18:03:49 | 10s |   [UPLOAD] ↑ MS4wLjABAAAA2FYVN1jBWaTVasx7wXcsK0rCPfSYixt5-J1pUegQIbA/avatars/779c107ed6defea2b99185ec80da84aa.jpeg
2026-05-22 18:03:49 | 10s |   [UPLOAD] ↑ MS4wLjABAAAA2FYVN1jBWaTVasx7wXcsK0rCPfSYixt5-J1pUegQIbA/avatars/6fc1beae979409f62e7e5a2f27ff9d4e.jpeg
2026-05-22 18:03:49 | 10s |   [UPLOAD] ↑ MS4wLjABAAAA2FYVN1jBWaTVasx7wXcsK0rCPfSYixt5-J1pUegQIbA/avatars/cf7afce3cd53e458c68a4b548204a954.jpeg
2026-05-22 18:03:49 | 10s |   [UPLOAD] ↑ MS4wLjABAAAA2FYVN1jBWaTVasx7wXcsK0rCPfSYixt5-J1pUegQIbA/avatars/f9d32ecfd86b6d0e04a1ae97ab6f3aa0.jpeg
2026-05-22 18:03:49 | 10s |   [UPLOAD] ↑ MS4wLjABAAAA2FYVN1jBWaTVasx7wXcsK0rCPfSYixt5-J1pUegQIbA/images/80feaf33961da8a2e6e0acb8c8e0e589.jpg
2026-05-22 18:03:49 | 10s |   [DB] 📝 待更新: 7 行
2026-05-22 18:03:49 | 10s |   [DB] ✅ commit 成功: 7 行已写入
2026-05-22 18:04:06 | 27s |   [DL] ⚠️  网络错误 (RemoteProtocolError): https://p11-sign.douyinpic.com/tos-cn-i-p14lwwcsbr/e2a2935810aa4b8b87c5d164afb79...
2026-05-22 18:04:07 | 29s |   [DL] ⚠️  HTTP 403: https://p11-sign.douyinpic.com/tos-cn-i-p14lwwcsbr/e2a2935810aa4b8b87c5d164afb79...
2026-05-22 18:04:08 | 29s |   [DL] ⚠️  HTTP 403: https://p3-sign.douyinpic.com/tos-cn-i-p14lwwcsbr/e2a2935810aa4b8b87c5d164afb794...
2026-05-22 18:04:08 | 29s |   [DL] ❌ 下载失败，最后尝试的 URL: https://p3-sign.douyinpic.com/tos-cn-i-p14lwwcsbr/e2a2935810aa4b8b87c5d164afb7945e~tplv-p14lwwcsbr-7.jpeg?lk3s=7b078dd2&x-expires=1776938400&x-signature=sJh8%2BJ1%2Bwp2D6rGewepcZnCJYjA%3D&from=2064092626&se=false&sc=image&biz_tag=aweme_comment&l=20260422172339C383647A97FC9F534DAE
2026-05-22 18:04:08 | 29s |   [FAIL] 下载失败 | https://p3-sign.douyinpic.com/tos-cn-i-p14lwwcsbr/e2a2935810aa4b8b87c5d164afb7945e~tplv-p14lwwcsbr-7 | 原因=所有CDN均失败
2026-05-22 18:04:08 | 29s |   [FAIL] 下载失败 | comments.id=85119 api_type=comment_image | 表=comments | aweme=7560954743410675002 | 字段=image_list | 原因=下载失败
2026-05-22 18:04:08 | 29s |   [BATCH] ✅ 批次完成，已提交 14/14 个 URL，耗时 27.6s
2026-05-22 18:04:08 | 29s | 
  [OK] 作者完成: 上传 7，更新 7 行，HEIC 转换 0，失败 7
2026-05-22 18:04:08 | 29s | 
──────────────────────────────────────────────────────────────────────
2026-05-22 18:04:08 | 29s |   [SCAN] 📁 作者: MS4wLjABAAAAWKIRK91nF8hLjuza0KVRL50-lcfN...
2026-05-22 18:04:08 | 29s |   [SCAN] 📄 数据库: /home/runner/work/DouyinComment/DouyinComment/scripts/../data/MS4wLjABAAAAWKIRK91nF8hLjuza0KVRL50-lcfNlEPHocsF9hNYzCUag7n4BgIHQaERsfq_NiHR/sqlite.db
2026-05-22 18:04:08 | 29s | ──────────────────────────────────────────────────────────────────────
2026-05-22 18:04:08 | 29s |   [SCAN] 总 task 数: 46
2026-05-22 18:04:08 | 29s |     comment_avatar: 34
2026-05-22 18:04:08 | 29s |     comment_image: 1
2026-05-22 18:04:08 | 29s |     comment_sticker: 4
2026-05-22 18:04:08 | 29s |     images: 1
2026-05-22 18:04:08 | 29s |     origin_cover: 1
2026-05-22 18:04:08 | 29s |     reply_avatar: 2
2026-05-22 18:04:08 | 29s |     reply_image: 1
2026-05-22 18:04:08 | 29s |     reply_sticker: 1
2026-05-22 18:04:08 | 29s |     video: 1
2026-05-22 18:04:08 | 29s |   [SCAN] 唯一分组: 45，去重节省: 1 次下载
2026-05-22 18:04:08 | 29s |   [BATCH] aweme_id 数: 2，分 1 批处理
2026-05-22 18:04:08 | 29s | 
  [BATCH] 📦 批次 1/1: 2 个 aweme_id, 45 个 URL
2026-05-22 18:04:08 | 29s |   [BATCH] direct 模式: 直接使用原始 URL 46 个
2026-05-22 18:04:16 | 37s |   [UPLOAD] ↑ MS4wLjABAAAAWKIRK91nF8hLjuza0KVRL50-lcfNlEPHocsF9hNYzCUag7n4BgIHQaERsfq_NiHR/avatars/5abf027c4491383fd4074ed5b76bcc19.jpeg
2026-05-22 18:04:16 | 37s |   [UPLOAD] ↑ MS4wLjABAAAAWKIRK91nF8hLjuza0KVRL50-lcfNlEPHocsF9hNYzCUag7n4BgIHQaERsfq_NiHR/avatars/7a15ecc05c70832f3685fa500a319243.jpeg
2026-05-22 18:04:16 | 37s |   [UPLOAD] ↑ MS4wLjABAAAAWKIRK91nF8hLjuza0KVRL50-lcfNlEPHocsF9hNYzCUag7n4BgIHQaERsfq_NiHR/avatars/fb883c103cc335e2baae5888ee88de78.jpeg
2026-05-22 18:04:16 | 37s |   [UPLOAD] ↑ MS4wLjABAAAAWKIRK91nF8hLjuza0KVRL50-lcfNlEPHocsF9hNYzCUag7n4BgIHQaERsfq_NiHR/avatars/2fe10ef423ad24dae5f84d146e582828.jpeg
2026-05-22 18:04:16 | 37s |   [UPLOAD] ↑ MS4wLjABAAAAWKIRK91nF8hLjuza0KVRL50-lcfNlEPHocsF9hNYzCUag7n4BgIHQaERsfq_NiHR/avatars/f2592095d452c9c01a714c70fb041551.jpeg
2026-05-22 18:04:16 | 37s |   [UPLOAD] ↑ MS4wLjABAAAAWKIRK91nF8hLjuza0KVRL50-lcfNlEPHocsF9hNYzCUag7n4BgIHQaERsfq_NiHR/avatars/d051701701171c5c2c4b08cc08dbec60.jpeg
2026-05-22 18:04:16 | 37s |   [UPLOAD] ↑ MS4wLjABAAAAWKIRK91nF8hLjuza0KVRL50-lcfNlEPHocsF9hNYzCUag7n4BgIHQaERsfq_NiHR/avatars/0858ceb0a8bddaac5fb4051727ec174a.jpeg
2026-05-22 18:04:16 | 37s |   [UPLOAD] ↑ MS4wLjABAAAAWKIRK91nF8hLjuza0KVRL50-lcfNlEPHocsF9hNYzCUag7n4BgIHQaERsfq_NiHR/avatars/1e85ea25efa1c6a552a2ba938834db21.jpeg
2026-05-22 18:04:16 | 37s |   [UPLOAD] ↑ MS4wLjABAAAAWKIRK91nF8hLjuza0KVRL50-lcfNlEPHocsF9hNYzCUag7n4BgIHQaERsfq_NiHR/avatars/141e829421f0fed8db9eceeb7c7321a3.jpeg
2026-05-22 18:04:16 | 37s |   [UPLOAD] ↑ MS4wLjABAAAAWKIRK91nF8hLjuza0KVRL50-lcfNlEPHocsF9hNYzCUag7n4BgIHQaERsfq_NiHR/avatars/071d2fe16678f0ef3c3533042b2f9a32.jpeg
2026-05-22 18:04:16 | 37s |   [UPLOAD] ↑ MS4wLjABAAAAWKIRK91nF8hLjuza0KVRL50-lcfNlEPHocsF9hNYzCUag7n4BgIHQaERsfq_NiHR/avatars/0b6fa4eaa3890f4527f933b1569d5686.jpeg
2026-05-22 18:04:16 | 37s |   [UPLOAD] ↑ MS4wLjABAAAAWKIRK91nF8hLjuza0KVRL50-lcfNlEPHocsF9hNYzCUag7n4BgIHQaERsfq_NiHR/avatars/3f58d4bfcb82a3258354a730fbbb7389.jpeg
2026-05-22 18:04:16 | 37s |   [UPLOAD] ↑ MS4wLjABAAAAWKIRK91nF8hLjuza0KVRL50-lcfNlEPHocsF9hNYzCUag7n4BgIHQaERsfq_NiHR/avatars/41590cd210dd9b4e4b56c3b268bfe084.jpeg
2026-05-22 18:04:16 | 37s |   [UPLOAD] ↑ MS4wLjABAAAAWKIRK91nF8hLjuza0KVRL50-lcfNlEPHocsF9hNYzCUag7n4BgIHQaERsfq_NiHR/avatars/ae6867a72f0383584150606fb184ec7d.jpeg
2026-05-22 18:04:16 | 37s |   [UPLOAD] ↑ MS4wLjABAAAAWKIRK91nF8hLjuza0KVRL50-lcfNlEPHocsF9hNYzCUag7n4BgIHQaERsfq_NiHR/avatars/9af2937921003e37ce858f0f17525648.jpeg
2026-05-22 18:04:16 | 37s |   [UPLOAD] ↑ MS4wLjABAAAAWKIRK91nF8hLjuza0KVRL50-lcfNlEPHocsF9hNYzCUag7n4BgIHQaERsfq_NiHR/avatars/c83eceeafc6b0f72ad95e2d2107bb0f1.jpeg
2026-05-22 18:04:16 | 37s |   [UPLOAD] ↑ MS4wLjABAAAAWKIRK91nF8hLjuza0KVRL50-lcfNlEPHocsF9hNYzCUag7n4BgIHQaERsfq_NiHR/avatars/10cd252c0c8c1989581f3f27567270a3.jpeg
2026-05-22 18:04:16 | 37s |   [UPLOAD] ↑ MS4wLjABAAAAWKIRK91nF8hLjuza0KVRL50-lcfNlEPHocsF9hNYzCUag7n4BgIHQaERsfq_NiHR/avatars/4a1a2a1fe95b5ebbb70d76fffb10603c.jpeg
2026-05-22 18:04:16 | 37s |   [UPLOAD] ↑ MS4wLjABAAAAWKIRK91nF8hLjuza0KVRL50-lcfNlEPHocsF9hNYzCUag7n4BgIHQaERsfq_NiHR/images/722e644c8950c83d00ecd4c463a9fb36.jpg
2026-05-22 18:04:16 | 37s |   [UPLOAD] ↑ MS4wLjABAAAAWKIRK91nF8hLjuza0KVRL50-lcfNlEPHocsF9hNYzCUag7n4BgIHQaERsfq_NiHR/videos/5af108b9c9c65bf2c7f67c8e605742cb.mp4
2026-05-22 18:04:16 | 37s |   [UPLOAD] ↑ MS4wLjABAAAAWKIRK91nF8hLjuza0KVRL50-lcfNlEPHocsF9hNYzCUag7n4BgIHQaERsfq_NiHR/avatars/2f0c1d624595a7527daa35a19cf309de.jpeg
2026-05-22 18:04:16 | 37s |   [UPLOAD] ↑ MS4wLjABAAAAWKIRK91nF8hLjuza0KVRL50-lcfNlEPHocsF9hNYzCUag7n4BgIHQaERsfq_NiHR/stickers/5acded16dab12e1cc12ddef30eb5de15.png
2026-05-22 18:04:16 | 37s |   [UPLOAD] ↑ MS4wLjABAAAAWKIRK91nF8hLjuza0KVRL50-lcfNlEPHocsF9hNYzCUag7n4BgIHQaERsfq_NiHR/avatars/3e8f6d67ba1e5fdc5606cf3b31cd8202.jpeg
2026-05-22 18:04:16 | 37s |   [UPLOAD] ↑ MS4wLjABAAAAWKIRK91nF8hLjuza0KVRL50-lcfNlEPHocsF9hNYzCUag7n4BgIHQaERsfq_NiHR/avatars/fcdf644588a55a50a8232365b5d86944.jpeg
2026-05-22 18:04:16 | 37s |   [UPLOAD] ↑ MS4wLjABAAAAWKIRK91nF8hLjuza0KVRL50-lcfNlEPHocsF9hNYzCUag7n4BgIHQaERsfq_NiHR/avatars/01c311a41541d6f832e18e115f3b2c2e.jpeg
2026-05-22 18:04:16 | 37s |   [UPLOAD] ↑ MS4wLjABAAAAWKIRK91nF8hLjuza0KVRL50-lcfNlEPHocsF9hNYzCUag7n4BgIHQaERsfq_NiHR/images/e5fce3837d98189485adeb25d619f663.webp
2026-05-22 18:04:16 | 37s |   [UPLOAD] ↑ MS4wLjABAAAAWKIRK91nF8hLjuza0KVRL50-lcfNlEPHocsF9hNYzCUag7n4BgIHQaERsfq_NiHR/stickers/f94c04f3917f416b067cb999c65eed7c.gif
2026-05-22 18:04:16 | 37s |   [UPLOAD] ↑ MS4wLjABAAAAWKIRK91nF8hLjuza0KVRL50-lcfNlEPHocsF9hNYzCUag7n4BgIHQaERsfq_NiHR/avatars/1827caed5eecb586572d1f76872e6c24.jpeg
2026-05-22 18:04:16 | 37s |   [UPLOAD] ↑ MS4wLjABAAAAWKIRK91nF8hLjuza0KVRL50-lcfNlEPHocsF9hNYzCUag7n4BgIHQaERsfq_NiHR/avatars/7bb1701ba7a8dec7dfbfaac6b71eab37.jpeg
2026-05-22 18:04:16 | 37s |   [UPLOAD] ↑ MS4wLjABAAAAWKIRK91nF8hLjuza0KVRL50-lcfNlEPHocsF9hNYzCUag7n4BgIHQaERsfq_NiHR/thumbs/fe0d231f9176a184c6faf7c90fe141e3.jpeg
2026-05-22 18:04:16 | 37s |   [UPLOAD] ↑ MS4wLjABAAAAWKIRK91nF8hLjuza0KVRL50-lcfNlEPHocsF9hNYzCUag7n4BgIHQaERsfq_NiHR/avatars/121d51fc1c1aa4d0957daf856f7fe8fb.jpeg
2026-05-22 18:04:16 | 37s |   [UPLOAD] ↑ MS4wLjABAAAAWKIRK91nF8hLjuza0KVRL50-lcfNlEPHocsF9hNYzCUag7n4BgIHQaERsfq_NiHR/avatars/6bdd35770463dd38efee555dd27745a5.jpeg
2026-05-22 18:04:16 | 37s |   [UPLOAD] ↑ MS4wLjABAAAAWKIRK91nF8hLjuza0KVRL50-lcfNlEPHocsF9hNYzCUag7n4BgIHQaERsfq_NiHR/avatars/cb5e0beb10005ce8c9a48c4f14f95898.jpeg
2026-05-22 18:04:16 | 37s |   [UPLOAD] ↑ MS4wLjABAAAAWKIRK91nF8hLjuza0KVRL50-lcfNlEPHocsF9hNYzCUag7n4BgIHQaERsfq_NiHR/avatars/bba829920c93ed46cb7fe48db4c95a16.jpeg
2026-05-22 18:04:16 | 37s |   [UPLOAD] ↑ MS4wLjABAAAAWKIRK91nF8hLjuza0KVRL50-lcfNlEPHocsF9hNYzCUag7n4BgIHQaERsfq_NiHR/avatars/15ce686e3ba09643ad0c28751f7e9da0.jpeg
2026-05-22 18:04:16 | 37s |   [UPLOAD] ↑ MS4wLjABAAAAWKIRK91nF8hLjuza0KVRL50-lcfNlEPHocsF9hNYzCUag7n4BgIHQaERsfq_NiHR/stickers/ba463e725fa26d890e7bd96fdb9e7d93.gif
2026-05-22 18:04:16 | 37s |   [UPLOAD] ↑ MS4wLjABAAAAWKIRK91nF8hLjuza0KVRL50-lcfNlEPHocsF9hNYzCUag7n4BgIHQaERsfq_NiHR/avatars/3363a46a65a1c4cc76dfdcc6fe769f5d.jpeg
2026-05-22 18:04:16 | 37s |   [UPLOAD] ↑ MS4wLjABAAAAWKIRK91nF8hLjuza0KVRL50-lcfNlEPHocsF9hNYzCUag7n4BgIHQaERsfq_NiHR/avatars/d7a7e9e693a5f207d8e6d2112a877390.jpeg
2026-05-22 18:04:16 | 37s |   [UPLOAD] ↑ MS4wLjABAAAAWKIRK91nF8hLjuza0KVRL50-lcfNlEPHocsF9hNYzCUag7n4BgIHQaERsfq_NiHR/avatars/37cb0accf24f3db1b632c860b8b224ea.jpeg
2026-05-22 18:04:16 | 37s |   [UPLOAD] ↑ MS4wLjABAAAAWKIRK91nF8hLjuza0KVRL50-lcfNlEPHocsF9hNYzCUag7n4BgIHQaERsfq_NiHR/images/a0869e14d1854dcf0c556aef85a795ec.jpg
2026-05-22 18:04:16 | 37s |   [UPLOAD] ↑ MS4wLjABAAAAWKIRK91nF8hLjuza0KVRL50-lcfNlEPHocsF9hNYzCUag7n4BgIHQaERsfq_NiHR/avatars/84ec5485fac2a9744a8d9f0622a01264.jpeg
2026-05-22 18:04:16 | 37s |   [UPLOAD] ↑ MS4wLjABAAAAWKIRK91nF8hLjuza0KVRL50-lcfNlEPHocsF9hNYzCUag7n4BgIHQaERsfq_NiHR/avatars/9f264f4c47d5d3c2edc0cb55879e098b.jpeg
2026-05-22 18:04:16 | 37s |   [UPLOAD] ↑ MS4wLjABAAAAWKIRK91nF8hLjuza0KVRL50-lcfNlEPHocsF9hNYzCUag7n4BgIHQaERsfq_NiHR/avatars/461d4f1b734ead2c9d89fafde878a005.jpeg
2026-05-22 18:04:16 | 37s |   [UPLOAD] ↑ MS4wLjABAAAAWKIRK91nF8hLjuza0KVRL50-lcfNlEPHocsF9hNYzCUag7n4BgIHQaERsfq_NiHR/stickers/2abbc74fa46a36a2119993ae96a44e82.gif
2026-05-22 18:04:16 | 37s |   [UPLOAD] ↑ MS4wLjABAAAAWKIRK91nF8hLjuza0KVRL50-lcfNlEPHocsF9hNYzCUag7n4BgIHQaERsfq_NiHR/stickers/f8d3f1fa48476364e218d2defbb2a407.gif
2026-05-22 18:04:16 | 37s |   [DB] 📝 待更新: 46 行
2026-05-22 18:04:16 | 37s |   [DB] ✅ commit 成功: 46 行已写入
2026-05-22 18:04:16 | 37s |   [BATCH] ✅ 批次完成，已提交 45/45 个 URL，耗时 7.9s
2026-05-22 18:04:16 | 37s | 
  [OK] 作者完成: 上传 45，更新 46 行，HEIC 转换 0，失败 0
2026-05-22 18:04:16 | 37s | 
2026-05-22 18:04:16 | 37s | ======================================================================
2026-05-22 18:04:16 | 37s |   全部完成
2026-05-22 18:04:16 | 37s | ======================================================================
2026-05-22 18:04:16 | 37s |   作者数:        2
2026-05-22 18:04:16 | 37s |   总 task:       60
2026-05-22 18:04:16 | 37s |   上传成功:      52
2026-05-22 18:04:16 | 37s |   更新行数:      53
2026-05-22 18:04:16 | 37s |   HEIC 转换:     0
2026-05-22 18:04:16 | 37s |   失败:          7
2026-05-22 18:04:16 | 37s |   总耗时:        37s (37s)
2026-05-22 18:04:16 | 37s | ======================================================================
2026-05-22 18:04:16 | 37s | 
──────────────────────────────────────────────────────────────────────
2026-05-22 18:04:16 | 37s |   失败汇总 (共 14 项)
2026-05-22 18:04:16 | 37s | ──────────────────────────────────────────────────────────────────────
2026-05-22 18:04:16 | 37s |     下载失败: 14
2026-05-22 18:04:16 | 37s |     • 下载失败 | https://p9-sign.douyinpic.com/obj/tos-cn-o-0812/okAuAfyyBAD0iA5Zadi8vNEj7BBIigGQyVYEkA?lk3s=7b078dd2 | 所有CDN均失败
2026-05-22 18:04:16 | 37s |     • 下载失败 | replies.id=21178 api_type=reply_sticker | 下载失败
2026-05-22 18:04:16 | 37s |     • 下载失败 | https://p5-ex-gddgtc-sign.douyinpic.com/obj/douyin-user-image-file/8c8844d242627c599d1e61a6c3f3f7a3? | 所有CDN均失败
2026-05-22 18:04:16 | 37s |     • 下载失败 | comments.id=85194 api_type=comment_sticker | 下载失败
2026-05-22 18:04:16 | 37s |     • 下载失败 | https://p5-ex-gddgtc-sign.douyinpic.com/obj/tos-cn-o-0812/osMbEYFxAgCM8ORMAADAIjDlxCpgaCAyAGEff0?lk3 | 所有CDN均失败
2026-05-22 18:04:16 | 37s |     • 下载失败 | comments.id=90723 api_type=comment_sticker | 下载失败
2026-05-22 18:04:16 | 37s |     • 下载失败 | https://p26-sign.douyinpic.com/obj/tos-cn-o-0812/o0cguteHAroyvOClx6QCAktcgDQdIAelAHA8bn?lk3s=7b078dd | 所有CDN均失败
2026-05-22 18:04:16 | 37s |     • 下载失败 | comments.id=46997 api_type=comment_sticker | 下载失败
2026-05-22 18:04:16 | 37s |     • 下载失败 | https://p26-sign.douyinpic.com/tos-cn-i-p14lwwcsbr/bd6e2809edac430686f01de210250cd4~tplv-p14lwwcsbr- | 所有CDN均失败
2026-05-22 18:04:16 | 37s |     • 下载失败 | comments.id=55094 api_type=comment_image | 下载失败
2026-05-22 18:04:16 | 37s |     • 下载失败 | https://p26-sign.douyinpic.com/tos-cn-i-p14lwwcsbr/8021ec5dcc93470b9ff105110e288cd7~tplv-p14lwwcsbr- | 所有CDN均失败
2026-05-22 18:04:16 | 37s |     • 下载失败 | replies.id=18126 api_type=reply_image | 下载失败
2026-05-22 18:04:16 | 37s |     • 下载失败 | https://p3-sign.douyinpic.com/tos-cn-i-p14lwwcsbr/e2a2935810aa4b8b87c5d164afb7945e~tplv-p14lwwcsbr-7 | 所有CDN均失败
2026-05-22 18:04:16 | 37s |     • 下载失败 | comments.id=85119 api_type=comment_image | 下载失败
2026-05-22 18:04:16 | 37s | ──────────────────────────────────────────────────────────────────────
