2026-05-10 17:07:57 | 0s | [INIT] 日志文件: /home/runner/work/DouyinComment/DouyinComment/scripts/../logs/migrate/migrate_20260510_170757.log
2026-05-10 17:07:57 | 0s | ======================================================================
2026-05-10 17:07:57 | 0s |   [INIT] 抖音资源 → HF Bucket 迁移（v3）
2026-05-10 17:07:57 | 0s |   [INIT] 数据目录:    /home/runner/work/DouyinComment/DouyinComment/scripts/../data
2026-05-10 17:07:57 | 0s |   [INIT] 日志目录:    /home/runner/work/DouyinComment/DouyinComment/scripts/../logs/migrate
2026-05-10 17:07:57 | 0s |   [INIT] 作者过滤:    all
2026-05-10 17:07:57 | 0s |   [INIT] 限制表:      全部
2026-05-10 17:07:57 | 0s |   [INIT] 限制字段:    全部
2026-05-10 17:07:57 | 0s |   [INIT] 最大任务数:  不限
2026-05-10 17:07:57 | 0s |   [INIT] 批次大小:    20
2026-05-10 17:07:57 | 0s |   [INIT] 并发数:      6
2026-05-10 17:07:57 | 0s |   [INIT] Dry-run:     否
2026-05-10 17:07:57 | 0s |   [INIT] Direct:      是
2026-05-10 17:07:57 | 0s | ======================================================================
2026-05-10 17:07:57 | 0s | 
  [SCAN] 已选择 2 个数据库:
2026-05-10 17:07:57 | 0s |   [SCAN] 📁 MS4wLjABAAAA2FYVN1jBWaTVasx7wXcsK0rCPfSY... (videos=405, comments=96832, replies=21143, 44.2 MB)
2026-05-10 17:07:57 | 0s |   [SCAN] 📁 MS4wLjABAAAAWKIRK91nF8hLjuza0KVRL50-lcfN... (videos=149, comments=8141, replies=1944, 4.0 MB)
2026-05-10 17:07:57 | 0s | 
--- HEIF 格式检测 ---
2026-05-10 17:07:57 | 0s | ✅ pillow-heif 已就绪
2026-05-10 17:07:57 | 0s | 
--- 验证 Cookie ---
2026-05-10 17:07:59 | 1s | ✅ Cookie 有效，用户: 万年
2026-05-10 17:07:59 | 1s | 
──────────────────────────────────────────────────────────────────────
2026-05-10 17:07:59 | 1s |   [SCAN] 📁 作者: MS4wLjABAAAA2FYVN1jBWaTVasx7wXcsK0rCPfSY...
2026-05-10 17:07:59 | 1s |   [SCAN] 📄 数据库: /home/runner/work/DouyinComment/DouyinComment/scripts/../data/MS4wLjABAAAA2FYVN1jBWaTVasx7wXcsK0rCPfSYixt5-J1pUegQIbA/sqlite.db
2026-05-10 17:07:59 | 1s | ──────────────────────────────────────────────────────────────────────
2026-05-10 17:07:59 | 1s |   [SCAN] 总 task 数: 84
2026-05-10 17:07:59 | 1s |     comment_avatar: 69
2026-05-10 17:07:59 | 1s |     comment_image: 6
2026-05-10 17:07:59 | 1s |     comment_sticker: 5
2026-05-10 17:07:59 | 1s |     reply_avatar: 2
2026-05-10 17:07:59 | 1s |     reply_image: 1
2026-05-10 17:07:59 | 1s |     reply_sticker: 1
2026-05-10 17:07:59 | 1s |   [SCAN] 唯一分组: 78，去重节省: 6 次下载
2026-05-10 17:07:59 | 1s |   [BATCH] aweme_id 数: 10，分 1 批处理
2026-05-10 17:07:59 | 1s | 
  [BATCH] 📦 批次 1/1: 10 个 aweme_id, 78 个 URL
2026-05-10 17:07:59 | 1s |   [BATCH] direct 模式: 直接使用原始 URL 84 个
2026-05-10 17:08:01 | 3s |   [DL] ⚠️  HTTP 403: https://p5-ex-gddgtc-sign.douyinpic.com/obj/tos-cn-o-0812/osMbEYFxAgCM8ORMAADAIj...
2026-05-10 17:08:01 | 3s |   [DL] ❌ 下载失败，最后尝试的 URL: https://p5-ex-gddgtc-sign.douyinpic.com/obj/tos-cn-o-0812/osMbEYFxAgCM8ORMAADAIjDlxCpgaCAyAGEff0?lk3s=7b078dd2&x-expires=1776938400&x-signature=a4s4ivW6IB1r42X4peH3NFRD5VE%3D&from=2064092626&s=sticker_comment&se=false&sc=sticker_heif&biz_tag=aweme_comment&l=202604221741241AE6C93B5D9DF35359FD
2026-05-10 17:08:01 | 3s |   [FAIL] 下载失败 | https://p5-ex-gddgtc-sign.douyinpic.com/obj/tos-cn-o-0812/osMbEYFxAgCM8ORMAADAIjDlxCpgaCAyAGEff0?lk3 | 原因=所有CDN均失败
2026-05-10 17:08:01 | 3s |   [FAIL] 下载失败 | comments.id=90723 api_type=comment_sticker | 表=comments | aweme=7575874445581119665 | 字段=sticker | 原因=下载失败
2026-05-10 17:08:01 | 4s |   [DL] ⚠️  HTTP 403: https://p3-sign.douyinpic.com/tos-cn-i-p14lwwcsbr/e2a2935810aa4b8b87c5d164afb794...
2026-05-10 17:08:02 | 4s |   [DL] ⚠️  HTTP 403: https://p9-sign.douyinpic.com/obj/tos-cn-o-0812/okAuAfyyBAD0iA5Zadi8vNEj7BBIigGQ...
2026-05-10 17:08:02 | 4s |   [DL] ❌ 下载失败，最后尝试的 URL: https://p9-sign.douyinpic.com/obj/tos-cn-o-0812/okAuAfyyBAD0iA5Zadi8vNEj7BBIigGQyVYEkA?lk3s=7b078dd2&x-expires=1776960000&x-signature=PGcNQ%2BFbEbGoPQbhPvr5GppjCr0%3D&from=2064092626&s=sticker_comment&se=false&sc=sticker_heif&biz_tag=aweme_comment&l=202604231846140F73B10722ECAAC2EAB9
2026-05-10 17:08:02 | 4s |   [FAIL] 下载失败 | https://p9-sign.douyinpic.com/obj/tos-cn-o-0812/okAuAfyyBAD0iA5Zadi8vNEj7BBIigGQyVYEkA?lk3s=7b078dd2 | 原因=所有CDN均失败
2026-05-10 17:08:02 | 4s |   [FAIL] 下载失败 | replies.id=21178 api_type=reply_sticker | 表=replies | aweme=7631634541144461489 | 字段=sticker | 原因=下载失败
2026-05-10 17:08:02 | 4s |   [DL] ⚠️  HTTP 403: https://p5-ex-gddgtc-sign.douyinpic.com/tos-cn-i-p14lwwcsbr/e2a2935810aa4b8b87c5...
2026-05-10 17:08:03 | 5s |   [DL] ⚠️  HTTP 403: https://p3-sign.douyinpic.com/tos-cn-i-p14lwwcsbr/76d17b1c6935419b88c5ecf2b492dc...
2026-05-10 17:08:04 | 6s |   [DL] ⚠️  HTTP 403: https://p11-sign.douyinpic.com/tos-cn-i-p14lwwcsbr/e2a2935810aa4b8b87c5d164afb79...
2026-05-10 17:08:04 | 6s |   [DL] ⚠️  HTTP 403: https://p3-sign.douyinpic.com/tos-cn-i-p14lwwcsbr/e2a2935810aa4b8b87c5d164afb794...
2026-05-10 17:08:04 | 6s |   [DL] ❌ 下载失败，最后尝试的 URL: https://p3-sign.douyinpic.com/tos-cn-i-p14lwwcsbr/e2a2935810aa4b8b87c5d164afb7945e~tplv-p14lwwcsbr-7.jpeg?lk3s=7b078dd2&x-expires=1776938400&x-signature=sJh8%2BJ1%2Bwp2D6rGewepcZnCJYjA%3D&from=2064092626&se=false&sc=image&biz_tag=aweme_comment&l=20260422172339C383647A97FC9F534DAE
2026-05-10 17:08:04 | 6s |   [FAIL] 下载失败 | https://p3-sign.douyinpic.com/tos-cn-i-p14lwwcsbr/e2a2935810aa4b8b87c5d164afb7945e~tplv-p14lwwcsbr-7 | 原因=所有CDN均失败
2026-05-10 17:08:04 | 6s |   [FAIL] 下载失败 | comments.id=85119 api_type=comment_image | 表=comments | aweme=7560954743410675002 | 字段=image_list | 原因=下载失败
2026-05-10 17:08:04 | 7s |   [DL] ⚠️  HTTP 403: https://p26-sign.douyinpic.com/tos-cn-i-p14lwwcsbr/bd6e2809edac430686f01de210250...
2026-05-10 17:08:05 | 7s |   [DL] ⚠️  HTTP 403: https://p26-sign.douyinpic.com/tos-cn-i-p14lwwcsbr/76d17b1c6935419b88c5ecf2b492d...
2026-05-10 17:08:05 | 7s |   [DL] ⚠️  HTTP 403: https://p3-sign.douyinpic.com/tos-cn-i-p14lwwcsbr/bd6e2809edac430686f01de210250c...
2026-05-10 17:08:05 | 8s |   [DL] ⚠️  HTTP 403: https://p11-sign.douyinpic.com/tos-cn-i-p14lwwcsbr/76d17b1c6935419b88c5ecf2b492d...
2026-05-10 17:08:06 | 8s |   [DL] ⚠️  HTTP 403: https://p3-sign.douyinpic.com/tos-cn-i-p14lwwcsbr/76d17b1c6935419b88c5ecf2b492dc...
2026-05-10 17:08:06 | 8s |   [DL] ❌ 下载失败，最后尝试的 URL: https://p3-sign.douyinpic.com/tos-cn-i-p14lwwcsbr/76d17b1c6935419b88c5ecf2b492dc71~tplv-p14lwwcsbr-7.jpeg?lk3s=7b078dd2&x-expires=1776931200&x-signature=NWZGJ6ZKNFu0oyaJ6zURxW6uW0Y%3D&from=2064092626&se=false&sc=image&biz_tag=aweme_comment&l=2026042215463186EC7CAE905A3B6CC9BC
2026-05-10 17:08:06 | 8s |   [FAIL] 下载失败 | https://p3-sign.douyinpic.com/tos-cn-i-p14lwwcsbr/76d17b1c6935419b88c5ecf2b492dc71~tplv-p14lwwcsbr-7 | 原因=所有CDN均失败
2026-05-10 17:08:06 | 8s |   [FAIL] 下载失败 | comments.id=36794 api_type=comment_image | 表=comments | aweme=7429276471669083451 | 字段=image_list | 原因=下载失败
2026-05-10 17:08:06 | 8s |   [DL] ⚠️  HTTP 403: https://p5-ex-gddgtc-sign.douyinpic.com/tos-cn-i-p14lwwcsbr/bd6e2809edac430686f0...
2026-05-10 17:08:06 | 8s |   [DL] ⚠️  HTTP 403: https://p5-ex-gddgtc-sign.douyinpic.com/obj/douyin-user-image-file/8c8844d242627...
2026-05-10 17:08:06 | 8s |   [DL] ❌ 下载失败，最后尝试的 URL: https://p5-ex-gddgtc-sign.douyinpic.com/obj/douyin-user-image-file/8c8844d242627c599d1e61a6c3f3f7a3?lk3s=7b078dd2&x-expires=1776938400&x-signature=3mPhXzM1XGYjiux88h2FMYLDAV0%3D&from=2064092626&s=sticker_comment&se=false&sc=sticker_heif&biz_tag=aweme_comment&l=20260422172351E72952BBBF2BB254ED0C
2026-05-10 17:08:06 | 8s |   [FAIL] 下载失败 | https://p5-ex-gddgtc-sign.douyinpic.com/obj/douyin-user-image-file/8c8844d242627c599d1e61a6c3f3f7a3? | 原因=所有CDN均失败
2026-05-10 17:08:06 | 8s |   [FAIL] 下载失败 | comments.id=85194 api_type=comment_sticker | 表=comments | aweme=7560954743410675002 | 字段=sticker | 原因=下载失败
2026-05-10 17:08:06 | 8s |   [DL] ⚠️  HTTP 403: https://p26-sign.douyinpic.com/tos-cn-i-p14lwwcsbr/bd6e2809edac430686f01de210250...
2026-05-10 17:08:06 | 8s |   [DL] ❌ 下载失败，最后尝试的 URL: https://p26-sign.douyinpic.com/tos-cn-i-p14lwwcsbr/bd6e2809edac430686f01de210250cd4~tplv-p14lwwcsbr-7.jpeg?lk3s=7b078dd2&x-expires=1776934800&x-signature=p%2Bv%2Bj6Fggg8zWPl3wQ3A17jcSSY%3D&from=2064092626&se=false&sc=image&biz_tag=aweme_comment&l=20260422160926C47854014D9E4955E272
2026-05-10 17:08:06 | 8s |   [FAIL] 下载失败 | https://p26-sign.douyinpic.com/tos-cn-i-p14lwwcsbr/bd6e2809edac430686f01de210250cd4~tplv-p14lwwcsbr- | 原因=所有CDN均失败
2026-05-10 17:08:06 | 8s |   [FAIL] 下载失败 | comments.id=55094 api_type=comment_image | 表=comments | aweme=7476411176209976636 | 字段=image_list | 原因=下载失败
2026-05-10 17:08:07 | 9s |   [UPLOAD] ↑ MS4wLjABAAAA2FYVN1jBWaTVasx7wXcsK0rCPfSYixt5-J1pUegQIbA/avatars/2a62115c08a5378a79ce18629e7ee403.jpeg
2026-05-10 17:08:07 | 9s |   [UPLOAD] ↑ MS4wLjABAAAA2FYVN1jBWaTVasx7wXcsK0rCPfSYixt5-J1pUegQIbA/avatars/4e8bca5b150e40a31caf42e29f9dd03d.jpeg
2026-05-10 17:08:07 | 9s |   [UPLOAD] ↑ MS4wLjABAAAA2FYVN1jBWaTVasx7wXcsK0rCPfSYixt5-J1pUegQIbA/avatars/62e53fbbd4226a1398ccac979ecabd99.jpeg
2026-05-10 17:08:07 | 9s |   [UPLOAD] ↑ MS4wLjABAAAA2FYVN1jBWaTVasx7wXcsK0rCPfSYixt5-J1pUegQIbA/avatars/7d82a5ec18dcef1a7f29360a14b3f168.jpeg
2026-05-10 17:08:07 | 9s |   [UPLOAD] ↑ MS4wLjABAAAA2FYVN1jBWaTVasx7wXcsK0rCPfSYixt5-J1pUegQIbA/avatars/ce3293e95badf9268bf94265a74295a1.jpeg
2026-05-10 17:08:07 | 9s |   [UPLOAD] ↑ MS4wLjABAAAA2FYVN1jBWaTVasx7wXcsK0rCPfSYixt5-J1pUegQIbA/avatars/456cdcc96574845e65aee5fcfd20ebe1.jpeg
2026-05-10 17:08:07 | 9s |   [UPLOAD] ↑ MS4wLjABAAAA2FYVN1jBWaTVasx7wXcsK0rCPfSYixt5-J1pUegQIbA/avatars/432bf9b62095ea5c6b11765dbe3c4d7c.jpeg
2026-05-10 17:08:07 | 9s |   [UPLOAD] ↑ MS4wLjABAAAA2FYVN1jBWaTVasx7wXcsK0rCPfSYixt5-J1pUegQIbA/avatars/6b359c1d209e4f97c7c0ec28489b3de2.jpeg
2026-05-10 17:08:07 | 9s |   [UPLOAD] ↑ MS4wLjABAAAA2FYVN1jBWaTVasx7wXcsK0rCPfSYixt5-J1pUegQIbA/images/6d1801c9c93fdca2f522c3bffbc2e211.jpg
2026-05-10 17:08:07 | 9s |   [UPLOAD] ↑ MS4wLjABAAAA2FYVN1jBWaTVasx7wXcsK0rCPfSYixt5-J1pUegQIbA/avatars/72c17fb79ddfe60b7eb8ee5b5f23f403.jpeg
2026-05-10 17:08:07 | 9s |   [UPLOAD] ↑ MS4wLjABAAAA2FYVN1jBWaTVasx7wXcsK0rCPfSYixt5-J1pUegQIbA/avatars/21a8ef570948966fb9e427d3f063ce93.jpeg
2026-05-10 17:08:07 | 9s |   [UPLOAD] ↑ MS4wLjABAAAA2FYVN1jBWaTVasx7wXcsK0rCPfSYixt5-J1pUegQIbA/avatars/8414676316928991329d5b939de633fc.jpeg
2026-05-10 17:08:07 | 9s |   [UPLOAD] ↑ MS4wLjABAAAA2FYVN1jBWaTVasx7wXcsK0rCPfSYixt5-J1pUegQIbA/avatars/6cf0173ad0a2c7312de6c731e5be030b.jpeg
2026-05-10 17:08:07 | 9s |   [UPLOAD] ↑ MS4wLjABAAAA2FYVN1jBWaTVasx7wXcsK0rCPfSYixt5-J1pUegQIbA/avatars/7078440dd9cf4731a01201fa39cf3096.jpeg
2026-05-10 17:08:07 | 9s |   [UPLOAD] ↑ MS4wLjABAAAA2FYVN1jBWaTVasx7wXcsK0rCPfSYixt5-J1pUegQIbA/avatars/7bb2535aab25e4788a2bf7fb2ef280bd.jpeg
2026-05-10 17:08:07 | 9s |   [UPLOAD] ↑ MS4wLjABAAAA2FYVN1jBWaTVasx7wXcsK0rCPfSYixt5-J1pUegQIbA/avatars/78113262a1caa4b94a417f67be9ff41c.jpeg
2026-05-10 17:08:07 | 9s |   [UPLOAD] ↑ MS4wLjABAAAA2FYVN1jBWaTVasx7wXcsK0rCPfSYixt5-J1pUegQIbA/avatars/040d8e761cf2ae824c0c8f389b5ab09e.jpeg
2026-05-10 17:08:07 | 9s |   [UPLOAD] ↑ MS4wLjABAAAA2FYVN1jBWaTVasx7wXcsK0rCPfSYixt5-J1pUegQIbA/avatars/ce256dd1cbb2165a9a6e6c873eb8b5b4.jpeg
2026-05-10 17:08:07 | 9s |   [UPLOAD] ↑ MS4wLjABAAAA2FYVN1jBWaTVasx7wXcsK0rCPfSYixt5-J1pUegQIbA/avatars/0da0a376d82b3a0362324a21aa053a47.jpeg
2026-05-10 17:08:07 | 9s |   [UPLOAD] ↑ MS4wLjABAAAA2FYVN1jBWaTVasx7wXcsK0rCPfSYixt5-J1pUegQIbA/avatars/d1d052d3777b56e52c827616eb11ad96.jpeg
2026-05-10 17:08:07 | 9s |   [UPLOAD] ↑ MS4wLjABAAAA2FYVN1jBWaTVasx7wXcsK0rCPfSYixt5-J1pUegQIbA/avatars/0670d482bc892ffc9b8dd059d2c40b0b.jpeg
2026-05-10 17:08:07 | 9s |   [UPLOAD] ↑ MS4wLjABAAAA2FYVN1jBWaTVasx7wXcsK0rCPfSYixt5-J1pUegQIbA/avatars/35f3fe217228fe63cc0a6b6b9d6967ce.jpeg
2026-05-10 17:08:07 | 9s |   [UPLOAD] ↑ MS4wLjABAAAA2FYVN1jBWaTVasx7wXcsK0rCPfSYixt5-J1pUegQIbA/avatars/d674947e81ee86949fd59c01dddb6145.jpeg
2026-05-10 17:08:07 | 9s |   [UPLOAD] ↑ MS4wLjABAAAA2FYVN1jBWaTVasx7wXcsK0rCPfSYixt5-J1pUegQIbA/avatars/efbe7322d372f34a15a210d2546080c9.jpeg
2026-05-10 17:08:07 | 9s |   [UPLOAD] ↑ MS4wLjABAAAA2FYVN1jBWaTVasx7wXcsK0rCPfSYixt5-J1pUegQIbA/avatars/082631a7c5cf41185e7a2c768b43b78d.jpeg
2026-05-10 17:08:07 | 9s |   [UPLOAD] ↑ MS4wLjABAAAA2FYVN1jBWaTVasx7wXcsK0rCPfSYixt5-J1pUegQIbA/avatars/a6f7588a39f2b911e77b01d800a18fbb.jpeg
2026-05-10 17:08:07 | 9s |   [UPLOAD] ↑ MS4wLjABAAAA2FYVN1jBWaTVasx7wXcsK0rCPfSYixt5-J1pUegQIbA/avatars/eae8c3e0b9cc537041cd6899d5c3d54f.jpeg
2026-05-10 17:08:07 | 9s |   [UPLOAD] ↑ MS4wLjABAAAA2FYVN1jBWaTVasx7wXcsK0rCPfSYixt5-J1pUegQIbA/avatars/0c9062accde4923f30ff84f034c853ec.jpeg
2026-05-10 17:08:07 | 9s |   [UPLOAD] ↑ MS4wLjABAAAA2FYVN1jBWaTVasx7wXcsK0rCPfSYixt5-J1pUegQIbA/avatars/43e0a8a69b6ad7a359dcaffe99bf0a65.jpeg
2026-05-10 17:08:07 | 9s |   [UPLOAD] ↑ MS4wLjABAAAA2FYVN1jBWaTVasx7wXcsK0rCPfSYixt5-J1pUegQIbA/avatars/7904683185c0ec6e3f6ce149f9b14b90.jpeg
2026-05-10 17:08:07 | 9s |   [UPLOAD] ↑ MS4wLjABAAAA2FYVN1jBWaTVasx7wXcsK0rCPfSYixt5-J1pUegQIbA/avatars/5968fb4c09c177dfc49c2c52f6556d77.jpeg
2026-05-10 17:08:07 | 9s |   [UPLOAD] ↑ MS4wLjABAAAA2FYVN1jBWaTVasx7wXcsK0rCPfSYixt5-J1pUegQIbA/avatars/e80c715fdc1cb248207d16f03205a6b7.jpeg
2026-05-10 17:08:07 | 9s |   [UPLOAD] ↑ MS4wLjABAAAA2FYVN1jBWaTVasx7wXcsK0rCPfSYixt5-J1pUegQIbA/avatars/b96fd1f0810f70507c9049425ecf7901.jpeg
2026-05-10 17:08:07 | 9s |   [UPLOAD] ↑ MS4wLjABAAAA2FYVN1jBWaTVasx7wXcsK0rCPfSYixt5-J1pUegQIbA/avatars/d4b0bcbe9c1ea39a18eb719cb633dc65.jpeg
2026-05-10 17:08:07 | 9s |   [UPLOAD] ↑ MS4wLjABAAAA2FYVN1jBWaTVasx7wXcsK0rCPfSYixt5-J1pUegQIbA/avatars/b62b176ef2cff85438f973328137ed00.jpeg
2026-05-10 17:08:07 | 9s |   [UPLOAD] ↑ MS4wLjABAAAA2FYVN1jBWaTVasx7wXcsK0rCPfSYixt5-J1pUegQIbA/avatars/2f0c1d624595a7527daa35a19cf309de.jpeg
2026-05-10 17:08:07 | 9s |   [UPLOAD] ↑ MS4wLjABAAAA2FYVN1jBWaTVasx7wXcsK0rCPfSYixt5-J1pUegQIbA/avatars/ae32931581bd15f4c7667880e96ace29.jpeg
2026-05-10 17:08:07 | 9s |   [UPLOAD] ↑ MS4wLjABAAAA2FYVN1jBWaTVasx7wXcsK0rCPfSYixt5-J1pUegQIbA/avatars/572cd29dae79192b2e78f7f1d06b7ec3.jpeg
2026-05-10 17:08:07 | 9s |   [UPLOAD] ↑ MS4wLjABAAAA2FYVN1jBWaTVasx7wXcsK0rCPfSYixt5-J1pUegQIbA/avatars/30c6cceacdea1c5b697c41910b4c71af.jpeg
2026-05-10 17:08:07 | 9s |   [UPLOAD] ↑ MS4wLjABAAAA2FYVN1jBWaTVasx7wXcsK0rCPfSYixt5-J1pUegQIbA/avatars/86e777a67d8c0d5e4a82533459a6089b.jpeg
2026-05-10 17:08:07 | 9s |   [UPLOAD] ↑ MS4wLjABAAAA2FYVN1jBWaTVasx7wXcsK0rCPfSYixt5-J1pUegQIbA/avatars/b520e873f713a18a95c28ea0d704687f.jpeg
2026-05-10 17:08:07 | 9s |   [UPLOAD] ↑ MS4wLjABAAAA2FYVN1jBWaTVasx7wXcsK0rCPfSYixt5-J1pUegQIbA/stickers/59dcfcdf6dc74acd2120060d429bbf60.webp
2026-05-10 17:08:07 | 9s |   [UPLOAD] ↑ MS4wLjABAAAA2FYVN1jBWaTVasx7wXcsK0rCPfSYixt5-J1pUegQIbA/avatars/8af6911a728aea5a73e4e5c52bdb7484.jpeg
2026-05-10 17:08:07 | 9s |   [UPLOAD] ↑ MS4wLjABAAAA2FYVN1jBWaTVasx7wXcsK0rCPfSYixt5-J1pUegQIbA/avatars/3a435c76a8398f7f147c0d0e0ae1893b.jpeg
2026-05-10 17:08:07 | 9s |   [UPLOAD] ↑ MS4wLjABAAAA2FYVN1jBWaTVasx7wXcsK0rCPfSYixt5-J1pUegQIbA/avatars/fcd30477e56195edfae752d0f2b9b803.jpeg
2026-05-10 17:08:07 | 9s |   [UPLOAD] ↑ MS4wLjABAAAA2FYVN1jBWaTVasx7wXcsK0rCPfSYixt5-J1pUegQIbA/avatars/b3f4705ff3f1165870f28536972a681b.jpeg
2026-05-10 17:08:07 | 9s |   [UPLOAD] ↑ MS4wLjABAAAA2FYVN1jBWaTVasx7wXcsK0rCPfSYixt5-J1pUegQIbA/avatars/c1bd0ff422bc0e550196f916c9b84982.jpeg
2026-05-10 17:08:07 | 9s |   [UPLOAD] ↑ MS4wLjABAAAA2FYVN1jBWaTVasx7wXcsK0rCPfSYixt5-J1pUegQIbA/avatars/a0a82d652f62e81296059f2998623f35.jpeg
2026-05-10 17:08:07 | 9s |   [UPLOAD] ↑ MS4wLjABAAAA2FYVN1jBWaTVasx7wXcsK0rCPfSYixt5-J1pUegQIbA/avatars/36c0ebaa5d0b4e0d19187a0d204053da.jpeg
2026-05-10 17:08:07 | 9s |   [UPLOAD] ↑ MS4wLjABAAAA2FYVN1jBWaTVasx7wXcsK0rCPfSYixt5-J1pUegQIbA/avatars/4094eab278a70cb80e998365ccdb0298.jpeg
2026-05-10 17:08:07 | 9s |   [DB] 📝 待更新: 54 行
2026-05-10 17:08:07 | 9s |   [DB] ✅ commit 成功: 54 行已写入
2026-05-10 17:08:09 | 11s |   [DL] ⚠️  HTTP 403: https://p26-sign.douyinpic.com/obj/tos-cn-o-0812/o0cguteHAroyvOClx6QCAktcgDQdIAe...
2026-05-10 17:08:09 | 11s |   [DL] ❌ 下载失败，最后尝试的 URL: https://p26-sign.douyinpic.com/obj/tos-cn-o-0812/o0cguteHAroyvOClx6QCAktcgDQdIAelAHA8bn?lk3s=7b078dd2&x-expires=1776931200&x-signature=QKrJNCwSi5qhER7JuGxca4eE%2BkU%3D&from=2064092626&s=sticker_comment&se=false&sc=sticker_heif&biz_tag=aweme_comment&l=20260422155917D4AC69AC509C06719605
2026-05-10 17:08:09 | 11s |   [FAIL] 下载失败 | https://p26-sign.douyinpic.com/obj/tos-cn-o-0812/o0cguteHAroyvOClx6QCAktcgDQdIAelAHA8bn?lk3s=7b078dd | 原因=所有CDN均失败
2026-05-10 17:08:09 | 11s |   [FAIL] 下载失败 | comments.id=46997 api_type=comment_sticker | 表=comments | aweme=7456483966602841403 | 字段=sticker | 原因=下载失败
2026-05-10 17:08:09 | 12s |   [DL] ⚠️  HTTP 403: https://p26-sign.douyinpic.com/tos-cn-i-p14lwwcsbr/8021ec5dcc93470b9ff105110e288...
2026-05-10 17:08:10 | 12s |   [DL] ⚠️  HTTP 403: https://p3-sign.douyinpic.com/tos-cn-i-p14lwwcsbr/8021ec5dcc93470b9ff105110e288c...
2026-05-10 17:08:10 | 13s |   [DL] ⚠️  HTTP 403: https://p5-ex-gddgtc-sign.douyinpic.com/tos-cn-i-p14lwwcsbr/8021ec5dcc93470b9ff1...
2026-05-10 17:08:12 | 14s |   [DL] ⚠️  HTTP 403: https://p26-sign.douyinpic.com/tos-cn-i-p14lwwcsbr/8021ec5dcc93470b9ff105110e288...
2026-05-10 17:08:12 | 14s |   [DL] ❌ 下载失败，最后尝试的 URL: https://p26-sign.douyinpic.com/tos-cn-i-p14lwwcsbr/8021ec5dcc93470b9ff105110e288cd7~tplv-p14lwwcsbr-7.jpeg?lk3s=7b078dd2&x-expires=1776952800&x-signature=D0%2F%2FSdYFxQfL5G1DpuWnnoFVNZI%3D&from=2064092626&se=false&sc=image&biz_tag=aweme_comment&l=20260422213043620A31DAC0379774BAE8
2026-05-10 17:08:12 | 14s |   [FAIL] 下载失败 | https://p26-sign.douyinpic.com/tos-cn-i-p14lwwcsbr/8021ec5dcc93470b9ff105110e288cd7~tplv-p14lwwcsbr- | 原因=所有CDN均失败
2026-05-10 17:08:12 | 14s |   [FAIL] 下载失败 | replies.id=18126 api_type=reply_image | 表=replies | aweme=7560954743410675002 | 字段=image_list | 原因=下载失败
2026-05-10 17:08:15 | 17s |   [UPLOAD] ↑ MS4wLjABAAAA2FYVN1jBWaTVasx7wXcsK0rCPfSYixt5-J1pUegQIbA/avatars/6b1428a496e36f03f9727b60252d8bff.jpeg
2026-05-10 17:08:15 | 17s |   [UPLOAD] ↑ MS4wLjABAAAA2FYVN1jBWaTVasx7wXcsK0rCPfSYixt5-J1pUegQIbA/avatars/54a4fa70e5dc6516b1c3d3b5df7c37fa.jpeg
2026-05-10 17:08:15 | 17s |   [UPLOAD] ↑ MS4wLjABAAAA2FYVN1jBWaTVasx7wXcsK0rCPfSYixt5-J1pUegQIbA/avatars/02adf45110f9509ff6333765f8ecfb5c.jpeg
2026-05-10 17:08:15 | 17s |   [UPLOAD] ↑ MS4wLjABAAAA2FYVN1jBWaTVasx7wXcsK0rCPfSYixt5-J1pUegQIbA/avatars/cd63f10478442b643cd74e14ebb13461.jpeg
2026-05-10 17:08:15 | 17s |   [UPLOAD] ↑ MS4wLjABAAAA2FYVN1jBWaTVasx7wXcsK0rCPfSYixt5-J1pUegQIbA/avatars/9e945970d3b641698905c3ca0f3d724f.jpeg
2026-05-10 17:08:15 | 17s |   [UPLOAD] ↑ MS4wLjABAAAA2FYVN1jBWaTVasx7wXcsK0rCPfSYixt5-J1pUegQIbA/avatars/656388c6e15a31d1c44fc7b033a22316.jpeg
2026-05-10 17:08:15 | 17s |   [UPLOAD] ↑ MS4wLjABAAAA2FYVN1jBWaTVasx7wXcsK0rCPfSYixt5-J1pUegQIbA/avatars/74977f82bc4b9a4391c51b4e98a0b277.jpeg
2026-05-10 17:08:15 | 17s |   [UPLOAD] ↑ MS4wLjABAAAA2FYVN1jBWaTVasx7wXcsK0rCPfSYixt5-J1pUegQIbA/avatars/65395840fdc3a6333e675d64d3a99119.jpeg
2026-05-10 17:08:15 | 17s |   [UPLOAD] ↑ MS4wLjABAAAA2FYVN1jBWaTVasx7wXcsK0rCPfSYixt5-J1pUegQIbA/avatars/21a5f37188a75e14335c7b74a7a14975.jpeg
2026-05-10 17:08:15 | 17s |   [UPLOAD] ↑ MS4wLjABAAAA2FYVN1jBWaTVasx7wXcsK0rCPfSYixt5-J1pUegQIbA/avatars/e25c65697235fa674c5255983c62dc0c.jpeg
2026-05-10 17:08:15 | 17s |   [UPLOAD] ↑ MS4wLjABAAAA2FYVN1jBWaTVasx7wXcsK0rCPfSYixt5-J1pUegQIbA/stickers/e5efe97bd48a4a4a7eb164a7686e86a4.webp
2026-05-10 17:08:15 | 17s |   [UPLOAD] ↑ MS4wLjABAAAA2FYVN1jBWaTVasx7wXcsK0rCPfSYixt5-J1pUegQIbA/avatars/01ac8d993953098b64608513052e25a8.jpeg
2026-05-10 17:08:15 | 17s |   [UPLOAD] ↑ MS4wLjABAAAA2FYVN1jBWaTVasx7wXcsK0rCPfSYixt5-J1pUegQIbA/avatars/60236660632022f03f3492f8ba8f6efc.jpeg
2026-05-10 17:08:15 | 17s |   [UPLOAD] ↑ MS4wLjABAAAA2FYVN1jBWaTVasx7wXcsK0rCPfSYixt5-J1pUegQIbA/avatars/68af23cfa4fcf3d01d06dce0d9dd2d56.jpeg
2026-05-10 17:08:15 | 17s |   [UPLOAD] ↑ MS4wLjABAAAA2FYVN1jBWaTVasx7wXcsK0rCPfSYixt5-J1pUegQIbA/avatars/203b036910b72c867b4a55b1aa732f16.jpeg
2026-05-10 17:08:15 | 17s |   [UPLOAD] ↑ MS4wLjABAAAA2FYVN1jBWaTVasx7wXcsK0rCPfSYixt5-J1pUegQIbA/avatars/b4009b8e7cf4619346f9587a96868182.jpeg
2026-05-10 17:08:15 | 17s |   [UPLOAD] ↑ MS4wLjABAAAA2FYVN1jBWaTVasx7wXcsK0rCPfSYixt5-J1pUegQIbA/avatars/5bf28e9da76e280a4f7f0aa0794933a5.jpeg
2026-05-10 17:08:15 | 17s |   [UPLOAD] ↑ MS4wLjABAAAA2FYVN1jBWaTVasx7wXcsK0rCPfSYixt5-J1pUegQIbA/avatars/ffd4ef6ce33b30ca296e3ef4ae737c5f.jpeg
2026-05-10 17:08:15 | 17s |   [DB] 📝 待更新: 20 行
2026-05-10 17:08:15 | 17s |   [DB] ✅ commit 成功: 20 行已写入
2026-05-10 17:08:38 | 40s |   [DL] ⚠️  网络错误 (ReadTimeout): https://p3-sign.douyinpic.com/tos-cn-i-p14lwwcsbr/9283c202316d4c3c9c7956d7fc742a...
2026-05-10 17:08:40 | 42s |   [DL] ⚠️  网络错误 (RemoteProtocolError): https://p3-sign.douyinpic.com/tos-cn-i-p14lwwcsbr/9283c202316d4c3c9c7956d7fc742a...
2026-05-10 17:08:47 | 50s |   [UPLOAD] ↑ MS4wLjABAAAA2FYVN1jBWaTVasx7wXcsK0rCPfSYixt5-J1pUegQIbA/images/49f03de4090285ccdde3201a0aa38bf7.jpg
2026-05-10 17:08:47 | 50s |   [DB] 📝 待更新: 1 行
2026-05-10 17:08:47 | 50s |   [DB] ✅ commit 成功: 1 行已写入
2026-05-10 17:09:03 | 1m05s |   [UPLOAD] ↑ MS4wLjABAAAA2FYVN1jBWaTVasx7wXcsK0rCPfSYixt5-J1pUegQIbA/images/f5b673ec687bab0095e6be3d59089d41.jpg
2026-05-10 17:09:03 | 1m05s |   [DB] 📝 待更新: 1 行
2026-05-10 17:09:03 | 1m05s |   [DB] ✅ commit 成功: 1 行已写入
2026-05-10 17:09:03 | 1m05s |   [BATCH] ✅ 批次完成，已提交 78/78 个 URL，耗时 63.8s
2026-05-10 17:09:03 | 1m05s | 
  [OK] 作者完成: 上传 70，更新 76 行，HEIC 转换 0，失败 8
2026-05-10 17:09:03 | 1m05s | 
──────────────────────────────────────────────────────────────────────
2026-05-10 17:09:03 | 1m05s |   [SCAN] 📁 作者: MS4wLjABAAAAWKIRK91nF8hLjuza0KVRL50-lcfN...
2026-05-10 17:09:03 | 1m05s |   [SCAN] 📄 数据库: /home/runner/work/DouyinComment/DouyinComment/scripts/../data/MS4wLjABAAAAWKIRK91nF8hLjuza0KVRL50-lcfNlEPHocsF9hNYzCUag7n4BgIHQaERsfq_NiHR/sqlite.db
2026-05-10 17:09:03 | 1m05s | ──────────────────────────────────────────────────────────────────────
2026-05-10 17:09:03 | 1m05s |   [SCAN] 总 task 数: 2
2026-05-10 17:09:03 | 1m05s |     comment_avatar: 1
2026-05-10 17:09:03 | 1m05s |     comment_sticker: 1
2026-05-10 17:09:03 | 1m05s |   [SCAN] 唯一分组: 2，去重节省: 0 次下载
2026-05-10 17:09:03 | 1m05s |   [BATCH] aweme_id 数: 1，分 1 批处理
2026-05-10 17:09:03 | 1m05s | 
  [BATCH] 📦 批次 1/1: 1 个 aweme_id, 2 个 URL
2026-05-10 17:09:03 | 1m05s |   [BATCH] direct 模式: 直接使用原始 URL 2 个
2026-05-10 17:09:06 | 1m08s |   [UPLOAD] ↑ MS4wLjABAAAAWKIRK91nF8hLjuza0KVRL50-lcfNlEPHocsF9hNYzCUag7n4BgIHQaERsfq_NiHR/avatars/d19c15b009f173c8528cf0df737dabf8.jpeg
2026-05-10 17:09:06 | 1m08s |   [UPLOAD] ↑ MS4wLjABAAAAWKIRK91nF8hLjuza0KVRL50-lcfNlEPHocsF9hNYzCUag7n4BgIHQaERsfq_NiHR/stickers/76e089760bf82eff7a54d825063e4fcc.gif
2026-05-10 17:09:06 | 1m08s |   [DB] 📝 待更新: 2 行
2026-05-10 17:09:06 | 1m08s |   [DB] ✅ commit 成功: 2 行已写入
2026-05-10 17:09:06 | 1m08s |   [BATCH] ✅ 批次完成，已提交 2/2 个 URL，耗时 3.2s
2026-05-10 17:09:06 | 1m08s | 
  [OK] 作者完成: 上传 2，更新 2 行，HEIC 转换 0，失败 0
2026-05-10 17:09:06 | 1m08s | 
2026-05-10 17:09:06 | 1m08s | ======================================================================
2026-05-10 17:09:06 | 1m08s |   全部完成
2026-05-10 17:09:06 | 1m08s | ======================================================================
2026-05-10 17:09:06 | 1m08s |   作者数:        2
2026-05-10 17:09:06 | 1m08s |   总 task:       86
2026-05-10 17:09:06 | 1m08s |   上传成功:      72
2026-05-10 17:09:06 | 1m08s |   更新行数:      78
2026-05-10 17:09:06 | 1m08s |   HEIC 转换:     0
2026-05-10 17:09:06 | 1m08s |   失败:          8
2026-05-10 17:09:06 | 1m08s |   总耗时:        69s (1m08s)
2026-05-10 17:09:06 | 1m08s | ======================================================================
2026-05-10 17:09:06 | 1m08s | 
──────────────────────────────────────────────────────────────────────
2026-05-10 17:09:06 | 1m08s |   失败汇总 (共 16 项)
2026-05-10 17:09:06 | 1m08s | ──────────────────────────────────────────────────────────────────────
2026-05-10 17:09:06 | 1m08s |     下载失败: 16
2026-05-10 17:09:06 | 1m08s |     • 下载失败 | https://p5-ex-gddgtc-sign.douyinpic.com/obj/tos-cn-o-0812/osMbEYFxAgCM8ORMAADAIjDlxCpgaCAyAGEff0?lk3 | 所有CDN均失败
2026-05-10 17:09:06 | 1m08s |     • 下载失败 | comments.id=90723 api_type=comment_sticker | 下载失败
2026-05-10 17:09:06 | 1m08s |     • 下载失败 | https://p9-sign.douyinpic.com/obj/tos-cn-o-0812/okAuAfyyBAD0iA5Zadi8vNEj7BBIigGQyVYEkA?lk3s=7b078dd2 | 所有CDN均失败
2026-05-10 17:09:06 | 1m08s |     • 下载失败 | replies.id=21178 api_type=reply_sticker | 下载失败
2026-05-10 17:09:06 | 1m08s |     • 下载失败 | https://p3-sign.douyinpic.com/tos-cn-i-p14lwwcsbr/e2a2935810aa4b8b87c5d164afb7945e~tplv-p14lwwcsbr-7 | 所有CDN均失败
2026-05-10 17:09:06 | 1m08s |     • 下载失败 | comments.id=85119 api_type=comment_image | 下载失败
2026-05-10 17:09:06 | 1m08s |     • 下载失败 | https://p3-sign.douyinpic.com/tos-cn-i-p14lwwcsbr/76d17b1c6935419b88c5ecf2b492dc71~tplv-p14lwwcsbr-7 | 所有CDN均失败
2026-05-10 17:09:06 | 1m08s |     • 下载失败 | comments.id=36794 api_type=comment_image | 下载失败
2026-05-10 17:09:06 | 1m08s |     • 下载失败 | https://p5-ex-gddgtc-sign.douyinpic.com/obj/douyin-user-image-file/8c8844d242627c599d1e61a6c3f3f7a3? | 所有CDN均失败
2026-05-10 17:09:06 | 1m08s |     • 下载失败 | comments.id=85194 api_type=comment_sticker | 下载失败
2026-05-10 17:09:06 | 1m08s |     • 下载失败 | https://p26-sign.douyinpic.com/tos-cn-i-p14lwwcsbr/bd6e2809edac430686f01de210250cd4~tplv-p14lwwcsbr- | 所有CDN均失败
2026-05-10 17:09:06 | 1m08s |     • 下载失败 | comments.id=55094 api_type=comment_image | 下载失败
2026-05-10 17:09:06 | 1m08s |     • 下载失败 | https://p26-sign.douyinpic.com/obj/tos-cn-o-0812/o0cguteHAroyvOClx6QCAktcgDQdIAelAHA8bn?lk3s=7b078dd | 所有CDN均失败
2026-05-10 17:09:06 | 1m08s |     • 下载失败 | comments.id=46997 api_type=comment_sticker | 下载失败
2026-05-10 17:09:06 | 1m08s |     • 下载失败 | https://p26-sign.douyinpic.com/tos-cn-i-p14lwwcsbr/8021ec5dcc93470b9ff105110e288cd7~tplv-p14lwwcsbr- | 所有CDN均失败
2026-05-10 17:09:06 | 1m08s |     • 下载失败 | replies.id=18126 api_type=reply_image | 下载失败
2026-05-10 17:09:06 | 1m08s | ──────────────────────────────────────────────────────────────────────
