2026-05-11 18:05:28 | 0s | [INIT] 日志文件: /home/runner/work/DouyinComment/DouyinComment/scripts/../logs/migrate/migrate_20260511_180528.log
2026-05-11 18:05:28 | 0s | ======================================================================
2026-05-11 18:05:28 | 0s |   [INIT] 抖音资源 → HF Bucket 迁移（v3）
2026-05-11 18:05:28 | 0s |   [INIT] 数据目录:    /home/runner/work/DouyinComment/DouyinComment/scripts/../data
2026-05-11 18:05:28 | 0s |   [INIT] 日志目录:    /home/runner/work/DouyinComment/DouyinComment/scripts/../logs/migrate
2026-05-11 18:05:28 | 0s |   [INIT] 作者过滤:    all
2026-05-11 18:05:28 | 0s |   [INIT] 限制表:      全部
2026-05-11 18:05:28 | 0s |   [INIT] 限制字段:    全部
2026-05-11 18:05:28 | 0s |   [INIT] 最大任务数:  不限
2026-05-11 18:05:28 | 0s |   [INIT] 批次大小:    20
2026-05-11 18:05:28 | 0s |   [INIT] 并发数:      6
2026-05-11 18:05:28 | 0s |   [INIT] Dry-run:     否
2026-05-11 18:05:28 | 0s |   [INIT] Direct:      是
2026-05-11 18:05:28 | 0s | ======================================================================
2026-05-11 18:05:28 | 0s | 
  [SCAN] 已选择 2 个数据库:
2026-05-11 18:05:28 | 0s |   [SCAN] 📁 MS4wLjABAAAA2FYVN1jBWaTVasx7wXcsK0rCPfSY... (videos=405, comments=96891, replies=21146, 44.2 MB)
2026-05-11 18:05:28 | 0s |   [SCAN] 📁 MS4wLjABAAAAWKIRK91nF8hLjuza0KVRL50-lcfN... (videos=149, comments=8142, replies=1944, 4.0 MB)
2026-05-11 18:05:28 | 0s | 
--- HEIF 格式检测 ---
2026-05-11 18:05:28 | 0s | ✅ pillow-heif 已就绪
2026-05-11 18:05:28 | 0s | 
--- 验证 Cookie ---
2026-05-11 18:05:29 | 1s | ✅ Cookie 有效，用户: 万年
2026-05-11 18:05:29 | 1s | 
──────────────────────────────────────────────────────────────────────
2026-05-11 18:05:29 | 1s |   [SCAN] 📁 作者: MS4wLjABAAAA2FYVN1jBWaTVasx7wXcsK0rCPfSY...
2026-05-11 18:05:29 | 1s |   [SCAN] 📄 数据库: /home/runner/work/DouyinComment/DouyinComment/scripts/../data/MS4wLjABAAAA2FYVN1jBWaTVasx7wXcsK0rCPfSYixt5-J1pUegQIbA/sqlite.db
2026-05-11 18:05:29 | 1s | ──────────────────────────────────────────────────────────────────────
2026-05-11 18:05:29 | 1s |   [SCAN] 总 task 数: 70
2026-05-11 18:05:29 | 1s |     comment_avatar: 59
2026-05-11 18:05:29 | 1s |     comment_image: 3
2026-05-11 18:05:29 | 1s |     comment_sticker: 3
2026-05-11 18:05:29 | 1s |     reply_avatar: 3
2026-05-11 18:05:29 | 1s |     reply_image: 1
2026-05-11 18:05:29 | 1s |     reply_sticker: 1
2026-05-11 18:05:29 | 1s |   [SCAN] 唯一分组: 69，去重节省: 1 次下载
2026-05-11 18:05:29 | 1s |   [BATCH] aweme_id 数: 9，分 1 批处理
2026-05-11 18:05:29 | 1s | 
  [BATCH] 📦 批次 1/1: 9 个 aweme_id, 69 个 URL
2026-05-11 18:05:29 | 1s |   [BATCH] direct 模式: 直接使用原始 URL 70 个
2026-05-11 18:05:30 | 2s |   [DL] ⚠️  HTTP 403: https://p26-sign.douyinpic.com/obj/tos-cn-o-0812/o0cguteHAroyvOClx6QCAktcgDQdIAe...
2026-05-11 18:05:30 | 2s |   [DL] ❌ 下载失败，最后尝试的 URL: https://p26-sign.douyinpic.com/obj/tos-cn-o-0812/o0cguteHAroyvOClx6QCAktcgDQdIAelAHA8bn?lk3s=7b078dd2&x-expires=1776931200&x-signature=QKrJNCwSi5qhER7JuGxca4eE%2BkU%3D&from=2064092626&s=sticker_comment&se=false&sc=sticker_heif&biz_tag=aweme_comment&l=20260422155917D4AC69AC509C06719605
2026-05-11 18:05:30 | 2s |   [FAIL] 下载失败 | https://p26-sign.douyinpic.com/obj/tos-cn-o-0812/o0cguteHAroyvOClx6QCAktcgDQdIAelAHA8bn?lk3s=7b078dd | 原因=所有CDN均失败
2026-05-11 18:05:30 | 2s |   [FAIL] 下载失败 | comments.id=46997 api_type=comment_sticker | 表=comments | aweme=7456483966602841403 | 字段=sticker | 原因=下载失败
2026-05-11 18:05:31 | 3s |   [DL] ⚠️  HTTP 403: https://p3-sign.douyinpic.com/tos-cn-i-p14lwwcsbr/e2a2935810aa4b8b87c5d164afb794...
2026-05-11 18:05:32 | 4s |   [DL] ⚠️  HTTP 403: https://p5-ex-gddgtc-sign.douyinpic.com/tos-cn-i-p14lwwcsbr/e2a2935810aa4b8b87c5...
2026-05-11 18:05:33 | 5s |   [DL] ⚠️  HTTP 403: https://p26-sign.douyinpic.com/tos-cn-i-p14lwwcsbr/bd6e2809edac430686f01de210250...
2026-05-11 18:05:33 | 5s |   [DL] ⚠️  HTTP 403: https://p11-sign.douyinpic.com/tos-cn-i-p14lwwcsbr/e2a2935810aa4b8b87c5d164afb79...
2026-05-11 18:05:33 | 5s |   [DL] ⚠️  HTTP 403: https://p26-sign.douyinpic.com/tos-cn-i-p14lwwcsbr/8021ec5dcc93470b9ff105110e288...
2026-05-11 18:05:33 | 5s |   [DL] ⚠️  HTTP 403: https://p3-sign.douyinpic.com/tos-cn-i-p14lwwcsbr/8021ec5dcc93470b9ff105110e288c...
2026-05-11 18:05:33 | 5s |   [DL] ⚠️  HTTP 403: https://p3-sign.douyinpic.com/tos-cn-i-p14lwwcsbr/e2a2935810aa4b8b87c5d164afb794...
2026-05-11 18:05:33 | 5s |   [DL] ❌ 下载失败，最后尝试的 URL: https://p3-sign.douyinpic.com/tos-cn-i-p14lwwcsbr/e2a2935810aa4b8b87c5d164afb7945e~tplv-p14lwwcsbr-7.jpeg?lk3s=7b078dd2&x-expires=1776938400&x-signature=sJh8%2BJ1%2Bwp2D6rGewepcZnCJYjA%3D&from=2064092626&se=false&sc=image&biz_tag=aweme_comment&l=20260422172339C383647A97FC9F534DAE
2026-05-11 18:05:33 | 5s |   [FAIL] 下载失败 | https://p3-sign.douyinpic.com/tos-cn-i-p14lwwcsbr/e2a2935810aa4b8b87c5d164afb7945e~tplv-p14lwwcsbr-7 | 原因=所有CDN均失败
2026-05-11 18:05:33 | 5s |   [FAIL] 下载失败 | comments.id=85119 api_type=comment_image | 表=comments | aweme=7560954743410675002 | 字段=image_list | 原因=下载失败
2026-05-11 18:05:33 | 5s |   [DL] ⚠️  HTTP 403: https://p3-sign.douyinpic.com/tos-cn-i-p14lwwcsbr/bd6e2809edac430686f01de210250c...
2026-05-11 18:05:34 | 6s |   [DL] ⚠️  HTTP 403: https://p5-ex-gddgtc-sign.douyinpic.com/tos-cn-i-p14lwwcsbr/8021ec5dcc93470b9ff1...
2026-05-11 18:05:34 | 6s |   [DL] ⚠️  HTTP 403: https://p5-ex-gddgtc-sign.douyinpic.com/tos-cn-i-p14lwwcsbr/bd6e2809edac430686f0...
2026-05-11 18:05:34 | 6s |   [DL] ⚠️  HTTP 403: https://p9-sign.douyinpic.com/obj/tos-cn-o-0812/okAuAfyyBAD0iA5Zadi8vNEj7BBIigGQ...
2026-05-11 18:05:34 | 6s |   [DL] ❌ 下载失败，最后尝试的 URL: https://p9-sign.douyinpic.com/obj/tos-cn-o-0812/okAuAfyyBAD0iA5Zadi8vNEj7BBIigGQyVYEkA?lk3s=7b078dd2&x-expires=1776960000&x-signature=PGcNQ%2BFbEbGoPQbhPvr5GppjCr0%3D&from=2064092626&s=sticker_comment&se=false&sc=sticker_heif&biz_tag=aweme_comment&l=202604231846140F73B10722ECAAC2EAB9
2026-05-11 18:05:34 | 6s |   [FAIL] 下载失败 | https://p9-sign.douyinpic.com/obj/tos-cn-o-0812/okAuAfyyBAD0iA5Zadi8vNEj7BBIigGQyVYEkA?lk3s=7b078dd2 | 原因=所有CDN均失败
2026-05-11 18:05:34 | 6s |   [FAIL] 下载失败 | replies.id=21178 api_type=reply_sticker | 表=replies | aweme=7631634541144461489 | 字段=sticker | 原因=下载失败
2026-05-11 18:05:37 | 9s |   [UPLOAD] ↑ MS4wLjABAAAA2FYVN1jBWaTVasx7wXcsK0rCPfSYixt5-J1pUegQIbA/avatars/ef909a68ff11d43586734789018abcec.jpeg
2026-05-11 18:05:37 | 9s |   [UPLOAD] ↑ MS4wLjABAAAA2FYVN1jBWaTVasx7wXcsK0rCPfSYixt5-J1pUegQIbA/avatars/8b00812ed46a84be8c383b943650ee2e.jpeg
2026-05-11 18:05:37 | 9s |   [UPLOAD] ↑ MS4wLjABAAAA2FYVN1jBWaTVasx7wXcsK0rCPfSYixt5-J1pUegQIbA/avatars/46c8bcbae111f7da014f4a8bc8d46182.jpeg
2026-05-11 18:05:37 | 9s |   [UPLOAD] ↑ MS4wLjABAAAA2FYVN1jBWaTVasx7wXcsK0rCPfSYixt5-J1pUegQIbA/avatars/6d8d1585fad2c77081357b082a332998.jpeg
2026-05-11 18:05:37 | 9s |   [UPLOAD] ↑ MS4wLjABAAAA2FYVN1jBWaTVasx7wXcsK0rCPfSYixt5-J1pUegQIbA/avatars/a1f2cdcf5201203c16d5be09e6fe9164.jpeg
2026-05-11 18:05:37 | 9s |   [UPLOAD] ↑ MS4wLjABAAAA2FYVN1jBWaTVasx7wXcsK0rCPfSYixt5-J1pUegQIbA/avatars/00d4b7790ac1fe2b3907152095040b78.jpeg
2026-05-11 18:05:37 | 9s |   [UPLOAD] ↑ MS4wLjABAAAA2FYVN1jBWaTVasx7wXcsK0rCPfSYixt5-J1pUegQIbA/avatars/011601e9e79240a4392972698a09a87b.jpeg
2026-05-11 18:05:37 | 9s |   [UPLOAD] ↑ MS4wLjABAAAA2FYVN1jBWaTVasx7wXcsK0rCPfSYixt5-J1pUegQIbA/avatars/1c14b4c999358d4cd79e145715f3500f.jpeg
2026-05-11 18:05:37 | 9s |   [UPLOAD] ↑ MS4wLjABAAAA2FYVN1jBWaTVasx7wXcsK0rCPfSYixt5-J1pUegQIbA/avatars/ea8d1a4e26b727385a4ac47f12b2ecab.jpeg
2026-05-11 18:05:37 | 9s |   [UPLOAD] ↑ MS4wLjABAAAA2FYVN1jBWaTVasx7wXcsK0rCPfSYixt5-J1pUegQIbA/avatars/12454fc057149d94a91b5b1a90515067.jpeg
2026-05-11 18:05:37 | 9s |   [UPLOAD] ↑ MS4wLjABAAAA2FYVN1jBWaTVasx7wXcsK0rCPfSYixt5-J1pUegQIbA/avatars/5aa1ea08798d9f094c29bfdbc400d976.jpeg
2026-05-11 18:05:37 | 9s |   [UPLOAD] ↑ MS4wLjABAAAA2FYVN1jBWaTVasx7wXcsK0rCPfSYixt5-J1pUegQIbA/avatars/91efc0b8a10e4cb1137fb1ae2808d4a4.jpeg
2026-05-11 18:05:37 | 9s |   [UPLOAD] ↑ MS4wLjABAAAA2FYVN1jBWaTVasx7wXcsK0rCPfSYixt5-J1pUegQIbA/avatars/2654a770c3f166d26fd74d6a4a33a31a.jpeg
2026-05-11 18:05:37 | 9s |   [UPLOAD] ↑ MS4wLjABAAAA2FYVN1jBWaTVasx7wXcsK0rCPfSYixt5-J1pUegQIbA/avatars/3a5821a2f0bfa9086420b04f69418862.jpeg
2026-05-11 18:05:37 | 9s |   [UPLOAD] ↑ MS4wLjABAAAA2FYVN1jBWaTVasx7wXcsK0rCPfSYixt5-J1pUegQIbA/avatars/0ed2f39fcded12abdc3c595b87838727.jpeg
2026-05-11 18:05:37 | 9s |   [UPLOAD] ↑ MS4wLjABAAAA2FYVN1jBWaTVasx7wXcsK0rCPfSYixt5-J1pUegQIbA/avatars/ec1db5cd72dc48edde77f761b3847a30.jpeg
2026-05-11 18:05:37 | 9s |   [UPLOAD] ↑ MS4wLjABAAAA2FYVN1jBWaTVasx7wXcsK0rCPfSYixt5-J1pUegQIbA/avatars/8c2c6621e2cb861bf7169555347a7087.jpeg
2026-05-11 18:05:37 | 9s |   [UPLOAD] ↑ MS4wLjABAAAA2FYVN1jBWaTVasx7wXcsK0rCPfSYixt5-J1pUegQIbA/avatars/1137977f0fb42440161c972ad58a4170.jpeg
2026-05-11 18:05:37 | 9s |   [UPLOAD] ↑ MS4wLjABAAAA2FYVN1jBWaTVasx7wXcsK0rCPfSYixt5-J1pUegQIbA/avatars/fbe8b2cfb45c321d9cf52a98c33f80e2.jpeg
2026-05-11 18:05:37 | 9s |   [UPLOAD] ↑ MS4wLjABAAAA2FYVN1jBWaTVasx7wXcsK0rCPfSYixt5-J1pUegQIbA/avatars/ebbf090da2f5b326e32f9a56875816de.jpeg
2026-05-11 18:05:37 | 9s |   [UPLOAD] ↑ MS4wLjABAAAA2FYVN1jBWaTVasx7wXcsK0rCPfSYixt5-J1pUegQIbA/avatars/49af1c9cef2a9600876460a128000b4c.jpeg
2026-05-11 18:05:37 | 9s |   [UPLOAD] ↑ MS4wLjABAAAA2FYVN1jBWaTVasx7wXcsK0rCPfSYixt5-J1pUegQIbA/avatars/eefe816e4a0193262c3d3a33b75d3ac2.jpeg
2026-05-11 18:05:37 | 9s |   [UPLOAD] ↑ MS4wLjABAAAA2FYVN1jBWaTVasx7wXcsK0rCPfSYixt5-J1pUegQIbA/avatars/a50572f0f68af06cbe728efc96203161.jpeg
2026-05-11 18:05:37 | 9s |   [UPLOAD] ↑ MS4wLjABAAAA2FYVN1jBWaTVasx7wXcsK0rCPfSYixt5-J1pUegQIbA/avatars/94f0117f3e253a6aaeeb472858b4a36b.jpeg
2026-05-11 18:05:37 | 9s |   [UPLOAD] ↑ MS4wLjABAAAA2FYVN1jBWaTVasx7wXcsK0rCPfSYixt5-J1pUegQIbA/avatars/de8655157e6dbdbc6279efd2200cda93.jpeg
2026-05-11 18:05:37 | 9s |   [UPLOAD] ↑ MS4wLjABAAAA2FYVN1jBWaTVasx7wXcsK0rCPfSYixt5-J1pUegQIbA/avatars/4596a69771db3d42e376e1bdf1f088d3.jpeg
2026-05-11 18:05:37 | 9s |   [UPLOAD] ↑ MS4wLjABAAAA2FYVN1jBWaTVasx7wXcsK0rCPfSYixt5-J1pUegQIbA/avatars/ff92e60e948ff98983928e90c4e87e7a.jpeg
2026-05-11 18:05:37 | 9s |   [UPLOAD] ↑ MS4wLjABAAAA2FYVN1jBWaTVasx7wXcsK0rCPfSYixt5-J1pUegQIbA/avatars/6160ebf49e76b375e77667f8b329cb4e.jpeg
2026-05-11 18:05:37 | 9s |   [UPLOAD] ↑ MS4wLjABAAAA2FYVN1jBWaTVasx7wXcsK0rCPfSYixt5-J1pUegQIbA/avatars/c9efea3c7014e5f7ed1b61f88acf27ec.jpeg
2026-05-11 18:05:37 | 9s |   [UPLOAD] ↑ MS4wLjABAAAA2FYVN1jBWaTVasx7wXcsK0rCPfSYixt5-J1pUegQIbA/avatars/ea78d2549a9710c723d674645bd053ea.jpeg
2026-05-11 18:05:37 | 9s |   [UPLOAD] ↑ MS4wLjABAAAA2FYVN1jBWaTVasx7wXcsK0rCPfSYixt5-J1pUegQIbA/avatars/496f0de4e0de7940e2b8653ab31fc8d7.jpeg
2026-05-11 18:05:37 | 9s |   [UPLOAD] ↑ MS4wLjABAAAA2FYVN1jBWaTVasx7wXcsK0rCPfSYixt5-J1pUegQIbA/avatars/c65518ffc4b647066905fc5610f6e75e.jpeg
2026-05-11 18:05:37 | 9s |   [UPLOAD] ↑ MS4wLjABAAAA2FYVN1jBWaTVasx7wXcsK0rCPfSYixt5-J1pUegQIbA/avatars/56fbe8940647d0850fccfa15397eda35.jpeg
2026-05-11 18:05:37 | 9s |   [UPLOAD] ↑ MS4wLjABAAAA2FYVN1jBWaTVasx7wXcsK0rCPfSYixt5-J1pUegQIbA/avatars/bd44a760dcee619ada4116db03908211.jpeg
2026-05-11 18:05:37 | 9s |   [UPLOAD] ↑ MS4wLjABAAAA2FYVN1jBWaTVasx7wXcsK0rCPfSYixt5-J1pUegQIbA/avatars/1e8bcb39a52b2efce7e155e99c3b147c.jpeg
2026-05-11 18:05:37 | 9s |   [UPLOAD] ↑ MS4wLjABAAAA2FYVN1jBWaTVasx7wXcsK0rCPfSYixt5-J1pUegQIbA/avatars/dac7bbea2ed4d2789333362e57a5a6be.jpeg
2026-05-11 18:05:37 | 9s |   [UPLOAD] ↑ MS4wLjABAAAA2FYVN1jBWaTVasx7wXcsK0rCPfSYixt5-J1pUegQIbA/avatars/dcffbed5ecec32f3909759d37a7a54c4.jpeg
2026-05-11 18:05:37 | 9s |   [UPLOAD] ↑ MS4wLjABAAAA2FYVN1jBWaTVasx7wXcsK0rCPfSYixt5-J1pUegQIbA/avatars/acdcdb07f9f4ad7e98742bc59522f03e.jpeg
2026-05-11 18:05:37 | 9s |   [UPLOAD] ↑ MS4wLjABAAAA2FYVN1jBWaTVasx7wXcsK0rCPfSYixt5-J1pUegQIbA/avatars/e25fb425ebb99d84e5709033f7a82fb9.jpeg
2026-05-11 18:05:37 | 9s |   [UPLOAD] ↑ MS4wLjABAAAA2FYVN1jBWaTVasx7wXcsK0rCPfSYixt5-J1pUegQIbA/avatars/761f993ffdfeefda9f82293ce50d60d4.jpeg
2026-05-11 18:05:37 | 9s |   [UPLOAD] ↑ MS4wLjABAAAA2FYVN1jBWaTVasx7wXcsK0rCPfSYixt5-J1pUegQIbA/avatars/9bed2ea07ec748c680ed9b009c2d10b3.jpeg
2026-05-11 18:05:37 | 9s |   [UPLOAD] ↑ MS4wLjABAAAA2FYVN1jBWaTVasx7wXcsK0rCPfSYixt5-J1pUegQIbA/avatars/d88d40c497331b7dbad2fc5decd2809e.jpeg
2026-05-11 18:05:37 | 9s |   [UPLOAD] ↑ MS4wLjABAAAA2FYVN1jBWaTVasx7wXcsK0rCPfSYixt5-J1pUegQIbA/avatars/b7304f6e90f73a49106ae18590d16370.jpeg
2026-05-11 18:05:37 | 9s |   [UPLOAD] ↑ MS4wLjABAAAA2FYVN1jBWaTVasx7wXcsK0rCPfSYixt5-J1pUegQIbA/avatars/c6a066d95356d2007e58af41a8400aa4.jpeg
2026-05-11 18:05:37 | 9s |   [UPLOAD] ↑ MS4wLjABAAAA2FYVN1jBWaTVasx7wXcsK0rCPfSYixt5-J1pUegQIbA/avatars/9234a6ca76d0bf3007276ffc9b7e1cbb.jpeg
2026-05-11 18:05:37 | 9s |   [UPLOAD] ↑ MS4wLjABAAAA2FYVN1jBWaTVasx7wXcsK0rCPfSYixt5-J1pUegQIbA/avatars/15467147459612bc736eeaee641dabcb.jpeg
2026-05-11 18:05:37 | 9s |   [UPLOAD] ↑ MS4wLjABAAAA2FYVN1jBWaTVasx7wXcsK0rCPfSYixt5-J1pUegQIbA/avatars/a22595eaf8b940d0ac54435f3c7c69af.jpeg
2026-05-11 18:05:37 | 9s |   [UPLOAD] ↑ MS4wLjABAAAA2FYVN1jBWaTVasx7wXcsK0rCPfSYixt5-J1pUegQIbA/avatars/883af69cca0899161880a46cba5500fb.jpeg
2026-05-11 18:05:37 | 9s |   [UPLOAD] ↑ MS4wLjABAAAA2FYVN1jBWaTVasx7wXcsK0rCPfSYixt5-J1pUegQIbA/avatars/141efb99692c07c446a1f23aab76c028.jpeg
2026-05-11 18:05:37 | 9s |   [UPLOAD] ↑ MS4wLjABAAAA2FYVN1jBWaTVasx7wXcsK0rCPfSYixt5-J1pUegQIbA/avatars/0151c298268784ab8a6da50c6287c55b.jpeg
2026-05-11 18:05:37 | 9s |   [DB] 📝 待更新: 51 行
2026-05-11 18:05:37 | 9s |   [DB] ✅ commit 成功: 51 行已写入
2026-05-11 18:05:37 | 9s |   [DL] ⚠️  HTTP 403: https://p26-sign.douyinpic.com/tos-cn-i-p14lwwcsbr/bd6e2809edac430686f01de210250...
2026-05-11 18:05:37 | 9s |   [DL] ❌ 下载失败，最后尝试的 URL: https://p26-sign.douyinpic.com/tos-cn-i-p14lwwcsbr/bd6e2809edac430686f01de210250cd4~tplv-p14lwwcsbr-7.jpeg?lk3s=7b078dd2&x-expires=1776934800&x-signature=p%2Bv%2Bj6Fggg8zWPl3wQ3A17jcSSY%3D&from=2064092626&se=false&sc=image&biz_tag=aweme_comment&l=20260422160926C47854014D9E4955E272
2026-05-11 18:05:37 | 9s |   [FAIL] 下载失败 | https://p26-sign.douyinpic.com/tos-cn-i-p14lwwcsbr/bd6e2809edac430686f01de210250cd4~tplv-p14lwwcsbr- | 原因=所有CDN均失败
2026-05-11 18:05:37 | 9s |   [FAIL] 下载失败 | comments.id=55094 api_type=comment_image | 表=comments | aweme=7476411176209976636 | 字段=image_list | 原因=下载失败
2026-05-11 18:05:37 | 9s |   [DL] ⚠️  HTTP 403: https://p26-sign.douyinpic.com/tos-cn-i-p14lwwcsbr/8021ec5dcc93470b9ff105110e288...
2026-05-11 18:05:37 | 9s |   [DL] ❌ 下载失败，最后尝试的 URL: https://p26-sign.douyinpic.com/tos-cn-i-p14lwwcsbr/8021ec5dcc93470b9ff105110e288cd7~tplv-p14lwwcsbr-7.jpeg?lk3s=7b078dd2&x-expires=1776952800&x-signature=D0%2F%2FSdYFxQfL5G1DpuWnnoFVNZI%3D&from=2064092626&se=false&sc=image&biz_tag=aweme_comment&l=20260422213043620A31DAC0379774BAE8
2026-05-11 18:05:37 | 9s |   [FAIL] 下载失败 | https://p26-sign.douyinpic.com/tos-cn-i-p14lwwcsbr/8021ec5dcc93470b9ff105110e288cd7~tplv-p14lwwcsbr- | 原因=所有CDN均失败
2026-05-11 18:05:37 | 9s |   [FAIL] 下载失败 | replies.id=18126 api_type=reply_image | 表=replies | aweme=7560954743410675002 | 字段=image_list | 原因=下载失败
2026-05-11 18:05:37 | 9s |   [DL] ⚠️  HTTP 403: https://p5-ex-gddgtc-sign.douyinpic.com/obj/douyin-user-image-file/8c8844d242627...
2026-05-11 18:05:37 | 9s |   [DL] ❌ 下载失败，最后尝试的 URL: https://p5-ex-gddgtc-sign.douyinpic.com/obj/douyin-user-image-file/8c8844d242627c599d1e61a6c3f3f7a3?lk3s=7b078dd2&x-expires=1776938400&x-signature=3mPhXzM1XGYjiux88h2FMYLDAV0%3D&from=2064092626&s=sticker_comment&se=false&sc=sticker_heif&biz_tag=aweme_comment&l=20260422172351E72952BBBF2BB254ED0C
2026-05-11 18:05:37 | 9s |   [FAIL] 下载失败 | https://p5-ex-gddgtc-sign.douyinpic.com/obj/douyin-user-image-file/8c8844d242627c599d1e61a6c3f3f7a3? | 原因=所有CDN均失败
2026-05-11 18:05:37 | 9s |   [FAIL] 下载失败 | comments.id=85194 api_type=comment_sticker | 表=comments | aweme=7560954743410675002 | 字段=sticker | 原因=下载失败
2026-05-11 18:05:38 | 10s |   [DL] ⚠️  HTTP 403: https://p5-ex-gddgtc-sign.douyinpic.com/obj/tos-cn-o-0812/osMbEYFxAgCM8ORMAADAIj...
2026-05-11 18:05:38 | 10s |   [DL] ❌ 下载失败，最后尝试的 URL: https://p5-ex-gddgtc-sign.douyinpic.com/obj/tos-cn-o-0812/osMbEYFxAgCM8ORMAADAIjDlxCpgaCAyAGEff0?lk3s=7b078dd2&x-expires=1776938400&x-signature=a4s4ivW6IB1r42X4peH3NFRD5VE%3D&from=2064092626&s=sticker_comment&se=false&sc=sticker_heif&biz_tag=aweme_comment&l=202604221741241AE6C93B5D9DF35359FD
2026-05-11 18:05:38 | 10s |   [FAIL] 下载失败 | https://p5-ex-gddgtc-sign.douyinpic.com/obj/tos-cn-o-0812/osMbEYFxAgCM8ORMAADAIjDlxCpgaCAyAGEff0?lk3 | 原因=所有CDN均失败
2026-05-11 18:05:38 | 10s |   [FAIL] 下载失败 | comments.id=90723 api_type=comment_sticker | 表=comments | aweme=7575874445581119665 | 字段=sticker | 原因=下载失败
2026-05-11 18:05:40 | 11s |   [UPLOAD] ↑ MS4wLjABAAAA2FYVN1jBWaTVasx7wXcsK0rCPfSYixt5-J1pUegQIbA/avatars/ef5f9e0ace27f8702641b31f805a8492.jpeg
2026-05-11 18:05:40 | 11s |   [UPLOAD] ↑ MS4wLjABAAAA2FYVN1jBWaTVasx7wXcsK0rCPfSYixt5-J1pUegQIbA/avatars/3935b5da78a589f9152a6769e10da8b0.jpeg
2026-05-11 18:05:40 | 11s |   [UPLOAD] ↑ MS4wLjABAAAA2FYVN1jBWaTVasx7wXcsK0rCPfSYixt5-J1pUegQIbA/images/2d2e1ba8ecf7723c017b7d72818d7ead.jpg
2026-05-11 18:05:40 | 11s |   [UPLOAD] ↑ MS4wLjABAAAA2FYVN1jBWaTVasx7wXcsK0rCPfSYixt5-J1pUegQIbA/avatars/b590ec0f9811f338ffe489df35b57cd3.jpeg
2026-05-11 18:05:40 | 11s |   [UPLOAD] ↑ MS4wLjABAAAA2FYVN1jBWaTVasx7wXcsK0rCPfSYixt5-J1pUegQIbA/avatars/5f90138787495d32f9b9688020eeea9a.jpeg
2026-05-11 18:05:40 | 11s |   [UPLOAD] ↑ MS4wLjABAAAA2FYVN1jBWaTVasx7wXcsK0rCPfSYixt5-J1pUegQIbA/avatars/37fa8723283eacb678dc3109af4ab19d.jpeg
2026-05-11 18:05:40 | 11s |   [UPLOAD] ↑ MS4wLjABAAAA2FYVN1jBWaTVasx7wXcsK0rCPfSYixt5-J1pUegQIbA/avatars/ab42c901a2ef5c96335b67292911fe8a.jpeg
2026-05-11 18:05:40 | 11s |   [UPLOAD] ↑ MS4wLjABAAAA2FYVN1jBWaTVasx7wXcsK0rCPfSYixt5-J1pUegQIbA/avatars/e67a04043aa8d69478f328d976221e8d.jpeg
2026-05-11 18:05:40 | 11s |   [UPLOAD] ↑ MS4wLjABAAAA2FYVN1jBWaTVasx7wXcsK0rCPfSYixt5-J1pUegQIbA/avatars/c4b8edcf9412b42b49ee221cc0fc9deb.jpeg
2026-05-11 18:05:40 | 11s |   [UPLOAD] ↑ MS4wLjABAAAA2FYVN1jBWaTVasx7wXcsK0rCPfSYixt5-J1pUegQIbA/avatars/af29f8a93b70267e98880cf282983069.jpeg
2026-05-11 18:05:40 | 11s |   [UPLOAD] ↑ MS4wLjABAAAA2FYVN1jBWaTVasx7wXcsK0rCPfSYixt5-J1pUegQIbA/avatars/9211f16857ac487b0352b66d97f2a9a7.jpeg
2026-05-11 18:05:40 | 11s |   [UPLOAD] ↑ MS4wLjABAAAA2FYVN1jBWaTVasx7wXcsK0rCPfSYixt5-J1pUegQIbA/avatars/5ef9bb50985296d0a8aa8a277842f368.jpeg
2026-05-11 18:05:40 | 11s |   [DB] 📝 待更新: 12 行
2026-05-11 18:05:40 | 11s |   [DB] ✅ commit 成功: 12 行已写入
2026-05-11 18:05:40 | 11s |   [BATCH] ✅ 批次完成，已提交 69/69 个 URL，耗时 10.4s
2026-05-11 18:05:40 | 11s | 
  [OK] 作者完成: 上传 62，更新 63 行，HEIC 转换 0，失败 7
2026-05-11 18:05:40 | 11s | 
──────────────────────────────────────────────────────────────────────
2026-05-11 18:05:40 | 11s |   [SCAN] 📁 作者: MS4wLjABAAAAWKIRK91nF8hLjuza0KVRL50-lcfN...
2026-05-11 18:05:40 | 11s |   [SCAN] 📄 数据库: /home/runner/work/DouyinComment/DouyinComment/scripts/../data/MS4wLjABAAAAWKIRK91nF8hLjuza0KVRL50-lcfNlEPHocsF9hNYzCUag7n4BgIHQaERsfq_NiHR/sqlite.db
2026-05-11 18:05:40 | 11s | ──────────────────────────────────────────────────────────────────────
2026-05-11 18:05:40 | 11s |   [SCAN] 总 task 数: 1
2026-05-11 18:05:40 | 11s |     comment_avatar: 1
2026-05-11 18:05:40 | 11s |   [SCAN] 唯一分组: 1，去重节省: 0 次下载
2026-05-11 18:05:40 | 11s |   [BATCH] aweme_id 数: 1，分 1 批处理
2026-05-11 18:05:40 | 11s | 
  [BATCH] 📦 批次 1/1: 1 个 aweme_id, 1 个 URL
2026-05-11 18:05:40 | 11s |   [BATCH] direct 模式: 直接使用原始 URL 1 个
2026-05-11 18:05:41 | 13s |   [UPLOAD] ↑ MS4wLjABAAAAWKIRK91nF8hLjuza0KVRL50-lcfNlEPHocsF9hNYzCUag7n4BgIHQaERsfq_NiHR/avatars/6fb69f7a5187ed32cf1b1445116ba613.jpeg
2026-05-11 18:05:41 | 13s |   [DB] 📝 待更新: 1 行
2026-05-11 18:05:41 | 13s |   [DB] ✅ commit 成功: 1 行已写入
2026-05-11 18:05:41 | 13s |   [BATCH] ✅ 批次完成，已提交 1/1 个 URL，耗时 1.3s
2026-05-11 18:05:41 | 13s | 
  [OK] 作者完成: 上传 1，更新 1 行，HEIC 转换 0，失败 0
2026-05-11 18:05:41 | 13s | 
2026-05-11 18:05:41 | 13s | ======================================================================
2026-05-11 18:05:41 | 13s |   全部完成
2026-05-11 18:05:41 | 13s | ======================================================================
2026-05-11 18:05:41 | 13s |   作者数:        2
2026-05-11 18:05:41 | 13s |   总 task:       71
2026-05-11 18:05:41 | 13s |   上传成功:      63
2026-05-11 18:05:41 | 13s |   更新行数:      64
2026-05-11 18:05:41 | 13s |   HEIC 转换:     0
2026-05-11 18:05:41 | 13s |   失败:          7
2026-05-11 18:05:41 | 13s |   总耗时:        13s (13s)
2026-05-11 18:05:41 | 13s | ======================================================================
2026-05-11 18:05:41 | 13s | 
──────────────────────────────────────────────────────────────────────
2026-05-11 18:05:41 | 13s |   失败汇总 (共 14 项)
2026-05-11 18:05:41 | 13s | ──────────────────────────────────────────────────────────────────────
2026-05-11 18:05:41 | 13s |     下载失败: 14
2026-05-11 18:05:41 | 13s |     • 下载失败 | https://p26-sign.douyinpic.com/obj/tos-cn-o-0812/o0cguteHAroyvOClx6QCAktcgDQdIAelAHA8bn?lk3s=7b078dd | 所有CDN均失败
2026-05-11 18:05:41 | 13s |     • 下载失败 | comments.id=46997 api_type=comment_sticker | 下载失败
2026-05-11 18:05:41 | 13s |     • 下载失败 | https://p3-sign.douyinpic.com/tos-cn-i-p14lwwcsbr/e2a2935810aa4b8b87c5d164afb7945e~tplv-p14lwwcsbr-7 | 所有CDN均失败
2026-05-11 18:05:41 | 13s |     • 下载失败 | comments.id=85119 api_type=comment_image | 下载失败
2026-05-11 18:05:41 | 13s |     • 下载失败 | https://p9-sign.douyinpic.com/obj/tos-cn-o-0812/okAuAfyyBAD0iA5Zadi8vNEj7BBIigGQyVYEkA?lk3s=7b078dd2 | 所有CDN均失败
2026-05-11 18:05:41 | 13s |     • 下载失败 | replies.id=21178 api_type=reply_sticker | 下载失败
2026-05-11 18:05:41 | 13s |     • 下载失败 | https://p26-sign.douyinpic.com/tos-cn-i-p14lwwcsbr/bd6e2809edac430686f01de210250cd4~tplv-p14lwwcsbr- | 所有CDN均失败
2026-05-11 18:05:41 | 13s |     • 下载失败 | comments.id=55094 api_type=comment_image | 下载失败
2026-05-11 18:05:41 | 13s |     • 下载失败 | https://p26-sign.douyinpic.com/tos-cn-i-p14lwwcsbr/8021ec5dcc93470b9ff105110e288cd7~tplv-p14lwwcsbr- | 所有CDN均失败
2026-05-11 18:05:41 | 13s |     • 下载失败 | replies.id=18126 api_type=reply_image | 下载失败
2026-05-11 18:05:41 | 13s |     • 下载失败 | https://p5-ex-gddgtc-sign.douyinpic.com/obj/douyin-user-image-file/8c8844d242627c599d1e61a6c3f3f7a3? | 所有CDN均失败
2026-05-11 18:05:41 | 13s |     • 下载失败 | comments.id=85194 api_type=comment_sticker | 下载失败
2026-05-11 18:05:41 | 13s |     • 下载失败 | https://p5-ex-gddgtc-sign.douyinpic.com/obj/tos-cn-o-0812/osMbEYFxAgCM8ORMAADAIjDlxCpgaCAyAGEff0?lk3 | 所有CDN均失败
2026-05-11 18:05:41 | 13s |     • 下载失败 | comments.id=90723 api_type=comment_sticker | 下载失败
2026-05-11 18:05:41 | 13s | ──────────────────────────────────────────────────────────────────────
